Archive member included to satisfy reference by file (symbol)

libpicowi.a(picowi_pico.c.obj)
                              CMakeFiles/dns.dir/dns.c.obj (io_init)
libpicowi.a(picowi_init.c.obj)
                              CMakeFiles/dns.dir/dns.c.obj (wifi_set_led)
libpicowi.a(picowi_wifi.c.obj)
                              libpicowi.a(picowi_init.c.obj) (wifi_reg_read)
libpicowi.a(picowi_ioctl.c.obj)
                              libpicowi.a(picowi_init.c.obj) (ioctl_set_uint32)
libpicowi.a(picowi_event.c.obj)
                              CMakeFiles/dns.dir/dns.c.obj (add_event_handler)
libpicowi.a(picowi_join.c.obj)
                              CMakeFiles/dns.dir/dns.c.obj (join_event_handler)
libpicowi.a(picowi_ip.c.obj)  CMakeFiles/dns.dir/dns.c.obj (ip_init)
libpicowi.a(picowi_udp.c.obj)
                              CMakeFiles/dns.dir/dns.c.obj (udp_event_handler)
libpicowi.a(picowi_dhcp.c.obj)
                              CMakeFiles/dns.dir/dns.c.obj (dhcp_poll)
libpicowi.a(picowi_dns.c.obj)
                              CMakeFiles/dns.dir/dns.c.obj (dns_tx)
libpicowi.a(picowi_net.c.obj)
                              libpicowi.a(picowi_udp.c.obj) (net_sockets)
libpicowi.a(picowi_tcp.c.obj)
                              libpicowi.a(picowi_net.c.obj) (tcp_sock_unused)
libpicowi.a(picowi_web.c.obj)
                              libpicowi.a(picowi_tcp.c.obj) (web_page_rx)
libpicowi.a(fw_43439.c.obj)   libpicowi.a(picowi_init.c.obj) (fw_clm_len)
/usr/lib/gcc/arm-none-eabi/10.3.1/thumb/v6-m/nofp/libgcc.a(_dvmd_tls.o)
                              CMakeFiles/dns.dir/mnt/c/Users/siddk/Downloads/PicoPiFi/pico-sdk/src/rp2_common/pico_divider/divider.S.obj (__aeabi_idiv0)
/usr/lib/gcc/arm-none-eabi/10.3.1/../../../arm-none-eabi/lib/thumb/v6-m/nofp/libc.a(lib_a-atexit.o)
                              /usr/lib/gcc/arm-none-eabi/10.3.1/../../../arm-none-eabi/lib/thumb/v6-m/nofp/crt0.o (atexit)
/usr/lib/gcc/arm-none-eabi/10.3.1/../../../arm-none-eabi/lib/thumb/v6-m/nofp/libc.a(lib_a-calloc.o)
                              CMakeFiles/dns.dir/mnt/c/Users/siddk/Downloads/PicoPiFi/pico-sdk/src/rp2_common/pico_malloc/pico_malloc.c.obj (calloc)
/usr/lib/gcc/arm-none-eabi/10.3.1/../../../arm-none-eabi/lib/thumb/v6-m/nofp/libc.a(lib_a-callocr.o)
                              /usr/lib/gcc/arm-none-eabi/10.3.1/../../../arm-none-eabi/lib/thumb/v6-m/nofp/libc.a(lib_a-calloc.o) (_calloc_r)
/usr/lib/gcc/arm-none-eabi/10.3.1/../../../arm-none-eabi/lib/thumb/v6-m/nofp/libc.a(lib_a-fini.o)
                              /usr/lib/gcc/arm-none-eabi/10.3.1/../../../arm-none-eabi/lib/thumb/v6-m/nofp/crt0.o (__libc_fini_array)
/usr/lib/gcc/arm-none-eabi/10.3.1/../../../arm-none-eabi/lib/thumb/v6-m/nofp/libc.a(lib_a-impure.o)
                              /usr/lib/gcc/arm-none-eabi/10.3.1/../../../arm-none-eabi/lib/thumb/v6-m/nofp/libc.a(lib_a-calloc.o) (_impure_ptr)
/usr/lib/gcc/arm-none-eabi/10.3.1/../../../arm-none-eabi/lib/thumb/v6-m/nofp/libc.a(lib_a-init.o)
                              /usr/lib/gcc/arm-none-eabi/10.3.1/../../../arm-none-eabi/lib/thumb/v6-m/nofp/crt0.o (__libc_init_array)
/usr/lib/gcc/arm-none-eabi/10.3.1/../../../arm-none-eabi/lib/thumb/v6-m/nofp/libc.a(lib_a-malloc.o)
                              CMakeFiles/dns.dir/mnt/c/Users/siddk/Downloads/PicoPiFi/pico-sdk/src/rp2_common/pico_malloc/pico_malloc.c.obj (malloc)
/usr/lib/gcc/arm-none-eabi/10.3.1/../../../arm-none-eabi/lib/thumb/v6-m/nofp/libc.a(lib_a-mallocr.o)
                              /usr/lib/gcc/arm-none-eabi/10.3.1/../../../arm-none-eabi/lib/thumb/v6-m/nofp/libc.a(lib_a-callocr.o) (_malloc_r)
/usr/lib/gcc/arm-none-eabi/10.3.1/../../../arm-none-eabi/lib/thumb/v6-m/nofp/libc.a(lib_a-memcmp.o)
                              libpicowi.a(picowi_web.c.obj) (memcmp)
/usr/lib/gcc/arm-none-eabi/10.3.1/../../../arm-none-eabi/lib/thumb/v6-m/nofp/libc.a(lib_a-mlock.o)
                              /usr/lib/gcc/arm-none-eabi/10.3.1/../../../arm-none-eabi/lib/thumb/v6-m/nofp/libc.a(lib_a-mallocr.o) (__malloc_lock)
/usr/lib/gcc/arm-none-eabi/10.3.1/../../../arm-none-eabi/lib/thumb/v6-m/nofp/libc.a(lib_a-realloc.o)
                              CMakeFiles/dns.dir/mnt/c/Users/siddk/Downloads/PicoPiFi/pico-sdk/src/rp2_common/pico_malloc/pico_malloc.c.obj (realloc)
/usr/lib/gcc/arm-none-eabi/10.3.1/../../../arm-none-eabi/lib/thumb/v6-m/nofp/libc.a(lib_a-reallocr.o)
                              /usr/lib/gcc/arm-none-eabi/10.3.1/../../../arm-none-eabi/lib/thumb/v6-m/nofp/libc.a(lib_a-realloc.o) (_realloc_r)
/usr/lib/gcc/arm-none-eabi/10.3.1/../../../arm-none-eabi/lib/thumb/v6-m/nofp/libc.a(lib_a-sbrkr.o)
                              /usr/lib/gcc/arm-none-eabi/10.3.1/../../../arm-none-eabi/lib/thumb/v6-m/nofp/libc.a(lib_a-mallocr.o) (_sbrk_r)
/usr/lib/gcc/arm-none-eabi/10.3.1/../../../arm-none-eabi/lib/thumb/v6-m/nofp/libc.a(lib_a-strlen-stub.o)
[...]
Memory Configuration

Name             Origin             Length             Attributes
FLASH            0x0000000010000000 0x0000000000200000 xr
RAM              0x0000000020000000 0x0000000000040000 xrw
SCRATCH_X        0x0000000020040000 0x0000000000001000 xrw
SCRATCH_Y        0x0000000020041000 0x0000000000001000 xrw
*default*        0x0000000000000000 0xffffffffffffffff

Linker script and memory map

LOAD /usr/lib/gcc/arm-none-eabi/10.3.1/thumb/v6-m/nofp/crti.o
LOAD /usr/lib/gcc/arm-none-eabi/10.3.1/thumb/v6-m/nofp/crtbegin.o
LOAD /usr/lib/gcc/arm-none-eabi/10.3.1/../../../arm-none-eabi/lib/thumb/v6-m/nofp/crt0.o

.flash_begin    0x0000000010000000        0x0
                0x0000000010000000                __flash_binary_start = .

.boot2          0x0000000010000000      0x100
                0x0000000010000000                __boot2_start__ = .
 *(.boot2)
 .boot2         0x0000000010000000      0x100 /tmp/ccMBowhF.o
                0x0000000010000100                __boot2_end__ = .
                0x0000000000000001                ASSERT (((__boot2_end__ - __boot2_start__) == 0x100), ERROR: Pico second stage bootloader must be 256 bytes in size)

.text           0x0000000010000100     0x7e50
                0x0000000010000100                __logical_binary_start = .
 *(.vectors)
 .vectors       0x0000000010000100       0xd4 CMakeFiles/dns.dir/mnt/c/Users/siddk/Downloads/PicoPiFi/pico-sdk/src/rp2_common/pico_standard_link/crt0.S.obj
                0x0000000010000100                __vectors
                0x0000000010000100                __VECTOR_TABLE
                0x00000000100001c0                isr_invalid
                0x00000000100001c0                __default_isrs_start
                0x00000000100001c2                isr_nmi
                0x00000000100001c4                isr_hardfault
                0x00000000100001c6                isr_svcall
                0x00000000100001c8                isr_pendsv
                0x00000000100001ca                isr_systick
                0x00000000100001cc                isr_irq30
                0x00000000100001cc                __unhandled_user_irq
                0x00000000100001cc                isr_irq13
                0x00000000100001cc                isr_irq27
                0x00000000100001cc                isr_irq31
                0x00000000100001cc                isr_irq5
                0x00000000100001cc                isr_irq11
                0x00000000100001cc                isr_irq23
                0x00000000100001cc                isr_irq18
                0x00000000100001cc                isr_irq28
                0x00000000100001cc                isr_irq19
                0x00000000100001cc                isr_irq0
                0x00000000100001cc                isr_irq6
                0x00000000100001cc                isr_irq22
                0x00000000100001cc                isr_irq17
                0x00000000100001cc                isr_irq14
                0x00000000100001cc                isr_irq2
                0x00000000100001cc                isr_irq10
                0x00000000100001cc                isr_irq8
                0x00000000100001cc                isr_irq24
                0x00000000100001cc                isr_irq1
                0x00000000100001cc                isr_irq7
                0x00000000100001cc                isr_irq21
                0x00000000100001cc                isr_irq20
                0x00000000100001cc                isr_irq15
                0x00000000100001cc                isr_irq25
                0x00000000100001cc                isr_irq4
                0x00000000100001cc                isr_irq16
                0x00000000100001cc                isr_irq29
                0x00000000100001cc                isr_irq26
                0x00000000100001cc                __default_isrs_end
                0x00000000100001cc                isr_irq3
                0x00000000100001cc                isr_irq12
                0x00000000100001cc                isr_irq9
                0x00000000100001d2                unhandled_user_irq_num_in_r0
 *(.binary_info_header)
 .binary_info_header
                0x00000000100001d4       0x14 CMakeFiles/dns.dir/mnt/c/Users/siddk/Downloads/PicoPiFi/pico-sdk/src/rp2_common/pico_standard_link/crt0.S.obj
                0x00000000100001e8                __binary_info_header_end = .
 *(.reset)
 .reset         0x00000000100001e8       0xa0 CMakeFiles/dns.dir/mnt/c/Users/siddk/Downloads/PicoPiFi/pico-sdk/src/rp2_common/pico_standard_link/crt0.S.obj
                0x00000000100001e8                _entry_point
 .reset         0x0000000010000288       0x30 CMakeFiles/dns.dir/mnt/c/Users/siddk/Downloads/PicoPiFi/pico-sdk/src/rp2_common/pico_standard_link/binary_info.c.obj
 *(.init)
 .init          0x00000000100002b8        0x4 /usr/lib/gcc/arm-none-eabi/10.3.1/thumb/v6-m/nofp/crti.o
                0x00000000100002b8                _init
 *(EXCLUDE_FILE(*libm.a: *libc.a:*lib_a-mem*.o *libgcc.a:) .text*)
 .text          0x00000000100002bc       0x98 /usr/lib/gcc/arm-none-eabi/10.3.1/thumb/v6-m/nofp/crtbegin.o
 .text.startup.main
                0x0000000010000354      0x1f4 CMakeFiles/dns.dir/dns.c.obj
                0x0000000010000354                main
 .text.gpio_set_function
                0x0000000010000548       0x30 CMakeFiles/dns.dir/mnt/c/Users/siddk/Downloads/PicoPiFi/pico-sdk/src/rp2_common/hardware_gpio/gpio.c.obj
                0x0000000010000548                gpio_set_function
 .text.gpio_set_pulls
                0x0000000010000578       0x30 CMakeFiles/dns.dir/mnt/c/Users/siddk/Downloads/PicoPiFi/pico-sdk/src/rp2_common/hardware_gpio/gpio.c.obj
                0x0000000010000578                gpio_set_pulls
 .text.gpio_set_input_hysteresis_enabled
                0x00000000100005a8       0x28 CMakeFiles/dns.dir/mnt/c/Users/siddk/Downloads/PicoPiFi/pico-sdk/src/rp2_common/hardware_gpio/gpio.c.obj
                0x00000000100005a8                gpio_set_input_hysteresis_enabled
 .text.gpio_init
                0x00000000100005d0       0x3c CMakeFiles/dns.dir/mnt/c/Users/siddk/Downloads/PicoPiFi/pico-sdk/src/rp2_common/hardware_gpio/gpio.c.obj
                0x00000000100005d0                gpio_init
 .text.running_on_fpga
                0x000000001000060c       0x10 CMakeFiles/dns.dir/mnt/c/Users/siddk/Downloads/PicoPiFi/pico-sdk/src/rp2_common/pico_platform/platform.c.obj
                0x000000001000060c                running_on_fpga
 .text.hw_claim_lock
                0x000000001000061c       0x18 CMakeFiles/dns.dir/mnt/c/Users/siddk/Downloads/PicoPiFi/pico-sdk/src/rp2_common/hardware_claim/claim.c.obj
                0x000000001000061c                hw_claim_lock
 .text.hw_claim_unlock
                0x0000000010000634       0x14 CMakeFiles/dns.dir/mnt/c/Users/siddk/Downloads/PicoPiFi/pico-sdk/src/rp2_common/hardware_claim/claim.c.obj
                0x0000000010000634                hw_claim_unlock
 .text.hw_claim_or_assert
                0x0000000010000648       0x44 CMakeFiles/dns.dir/mnt/c/Users/siddk/Downloads/PicoPiFi/pico-sdk/src/rp2_common/hardware_claim/claim.c.obj
                0x0000000010000648                hw_claim_or_assert
 .text.hw_claim_unused_from_range
                0x000000001000068c       0x9c CMakeFiles/dns.dir/mnt/c/Users/siddk/Downloads/PicoPiFi/pico-sdk/src/rp2_common/hardware_claim/claim.c.obj
                0x000000001000068c                hw_claim_unused_from_range
 .text.spin_locks_reset
                0x0000000010000728       0x1c CMakeFiles/dns.dir/mnt/c/Users/siddk/Downloads/PicoPiFi/pico-sdk/src/rp2_common/hardware_sync/sync.c.obj
                0x0000000010000728                spin_locks_reset
 .text.next_striped_spin_lock_num
                0x0000000010000744       0x18 CMakeFiles/dns.dir/mnt/c/Users/siddk/Downloads/PicoPiFi/pico-sdk/src/rp2_common/hardware_sync/sync.c.obj
                0x0000000010000744                next_striped_spin_lock_num
 .text.irq_set_enabled
                0x000000001000075c       0x24 CMakeFiles/dns.dir/mnt/c/Users/siddk/Downloads/PicoPiFi/pico-sdk/src/rp2_common/hardware_irq/irq.c.obj
                0x000000001000075c                irq_set_enabled
 .text.irq_get_vtable_handler
                0x0000000010000780       0x10 CMakeFiles/dns.dir/mnt/c/Users/siddk/Downloads/PicoPiFi/pico-sdk/src/rp2_common/hardware_irq/irq.c.obj
                0x0000000010000780                irq_get_vtable_handler
 .text.irq_set_exclusive_handler
                0x0000000010000790       0x54 CMakeFiles/dns.dir/mnt/c/Users/siddk/Downloads/PicoPiFi/pico-sdk/src/rp2_common/hardware_irq/irq.c.obj
                0x0000000010000790                irq_set_exclusive_handler
 .text.irq_remove_handler
                0x00000000100007e4      0x1b0 CMakeFiles/dns.dir/mnt/c/Users/siddk/Downloads/PicoPiFi/pico-sdk/src/rp2_common/hardware_irq/irq.c.obj
                0x00000000100007e4                irq_remove_handler
 .text.irq_add_tail_to_free_list
                0x0000000010000994       0xb4 CMakeFiles/dns.dir/mnt/c/Users/siddk/Downloads/PicoPiFi/pico-sdk/src/rp2_common/hardware_irq/irq.c.obj
                0x0000000010000994                irq_add_tail_to_free_list
 .text.irq_init_priorities
                0x0000000010000a48       0x24 CMakeFiles/dns.dir/mnt/c/Users/siddk/Downloads/PicoPiFi/pico-sdk/src/rp2_common/hardware_irq/irq.c.obj
                0x0000000010000a48                irq_init_priorities
 .text.lock_init
                0x0000000010000a6c       0x10 CMakeFiles/dns.dir/mnt/c/Users/siddk/Downloads/PicoPiFi/pico-sdk/src/common/pico_sync/lock_core.c.obj
                0x0000000010000a6c                lock_init
 .text.mutex_init
                0x0000000010000a7c       0x1c CMakeFiles/dns.dir/mnt/c/Users/siddk/Downloads/PicoPiFi/pico-sdk/src/common/pico_sync/mutex.c.obj
                0x0000000010000a7c                mutex_init
 .text.recursive_mutex_init
                0x0000000010000a98       0x1c CMakeFiles/dns.dir/mnt/c/Users/siddk/Downloads/PicoPiFi/pico-sdk/src/common/pico_sync/mutex.c.obj
                0x0000000010000a98                recursive_mutex_init
 .text.timer_pool_entry_comparator
                0x0000000010000ab4       0x34 CMakeFiles/dns.dir/mnt/c/Users/siddk/Downloads/PicoPiFi/pico-sdk/src/common/pico_time/time.c.obj
                0x0000000010000ab4                timer_pool_entry_comparator
 .text.sleep_until_callback
                0x0000000010000ae8       0x30 CMakeFiles/dns.dir/mnt/c/Users/siddk/Downloads/PicoPiFi/pico-sdk/src/common/pico_time/time.c.obj
 .text.add_alarm_under_lock.isra.0
                0x0000000010000b18      0x100 CMakeFiles/dns.dir/mnt/c/Users/siddk/Downloads/PicoPiFi/pico-sdk/src/common/pico_time/time.c.obj
 .text.alarm_pool_alarm_callback
                0x0000000010000c18      0x1bc CMakeFiles/dns.dir/mnt/c/Users/siddk/Downloads/PicoPiFi/pico-sdk/src/common/pico_time/time.c.obj
 .text.alarm_pool_init_default
                0x0000000010000dd4       0x6c CMakeFiles/dns.dir/mnt/c/Users/siddk/Downloads/PicoPiFi/pico-sdk/src/common/pico_time/time.c.obj
                0x0000000010000dd4                alarm_pool_init_default
 .text.alarm_pool_add_alarm_at
                0x0000000010000e40      0x178 CMakeFiles/dns.dir/mnt/c/Users/siddk/Downloads/PicoPiFi/pico-sdk/src/common/pico_time/time.c.obj
                0x0000000010000e40                alarm_pool_add_alarm_at
 .text.best_effort_wfe_or_timeout
                0x0000000010000fb8       0xd4 CMakeFiles/dns.dir/mnt/c/Users/siddk/Downloads/PicoPiFi/pico-sdk/src/common/pico_time/time.c.obj
                0x0000000010000fb8                best_effort_wfe_or_timeout
 .text.hardware_alarm_irq_handler
                0x000000001000108c       0xbc CMakeFiles/dns.dir/mnt/c/Users/siddk/Downloads/PicoPiFi/pico-sdk/src/rp2_common/hardware_timer/timer.c.obj
 .text.hardware_alarm_claim
                0x0000000010001148       0x18 CMakeFiles/dns.dir/mnt/c/Users/siddk/Downloads/PicoPiFi/pico-sdk/src/rp2_common/hardware_timer/timer.c.obj
                0x0000000010001148                hardware_alarm_claim
 .text.time_us_64
                0x0000000010001160       0x14 CMakeFiles/dns.dir/mnt/c/Users/siddk/Downloads/PicoPiFi/pico-sdk/src/rp2_common/hardware_timer/timer.c.obj
                0x0000000010001160                time_us_64
 .text.busy_wait_us
                0x0000000010001174       0x54 CMakeFiles/dns.dir/mnt/c/Users/siddk/Downloads/PicoPiFi/pico-sdk/src/rp2_common/hardware_timer/timer.c.obj
                0x0000000010001174                busy_wait_us
 .text.hardware_alarm_set_callback
                0x00000000100011c8       0x8c CMakeFiles/dns.dir/mnt/c/Users/siddk/Downloads/PicoPiFi/pico-sdk/src/rp2_common/hardware_timer/timer.c.obj
                0x00000000100011c8                hardware_alarm_set_callback
 .text.hardware_alarm_set_target
                0x0000000010001254       0xd4 CMakeFiles/dns.dir/mnt/c/Users/siddk/Downloads/PicoPiFi/pico-sdk/src/rp2_common/hardware_timer/timer.c.obj
                0x0000000010001254                hardware_alarm_set_target
 .text.hardware_alarm_cancel
                0x0000000010001328       0x3c CMakeFiles/dns.dir/mnt/c/Users/siddk/Downloads/PicoPiFi/pico-sdk/src/rp2_common/hardware_timer/timer.c.obj
                0x0000000010001328                hardware_alarm_cancel
 .text.ph_merge_nodes
                0x0000000010001364       0x68 CMakeFiles/dns.dir/mnt/c/Users/siddk/Downloads/PicoPiFi/pico-sdk/src/common/pico_util/pheap.c.obj
 .text.ph_post_alloc_init
                0x00000000100013cc       0x3c CMakeFiles/dns.dir/mnt/c/Users/siddk/Downloads/PicoPiFi/pico-sdk/src/common/pico_util/pheap.c.obj
                0x00000000100013cc                ph_post_alloc_init
 .text.ph_merge_two_pass
                0x0000000010001408       0x90 CMakeFiles/dns.dir/mnt/c/Users/siddk/Downloads/PicoPiFi/pico-sdk/src/common/pico_util/pheap.c.obj
                0x0000000010001408                ph_merge_two_pass
 .text.ph_remove_any_head
                0x0000000010001498      0x100 CMakeFiles/dns.dir/mnt/c/Users/siddk/Downloads/PicoPiFi/pico-sdk/src/common/pico_util/pheap.c.obj
 .text.ph_remove_head
                0x0000000010001598      0x104 CMakeFiles/dns.dir/mnt/c/Users/siddk/Downloads/PicoPiFi/pico-sdk/src/common/pico_util/pheap.c.obj
                0x0000000010001598                ph_remove_head
 .text.ph_remove_and_free_node
                0x000000001000169c       0x7c CMakeFiles/dns.dir/mnt/c/Users/siddk/Downloads/PicoPiFi/pico-sdk/src/common/pico_util/pheap.c.obj
                0x000000001000169c                ph_remove_and_free_node
 .text.uart_init
                0x0000000010001718      0x188 CMakeFiles/dns.dir/mnt/c/Users/siddk/Downloads/PicoPiFi/pico-sdk/src/rp2_common/hardware_uart/uart.c.obj
                0x0000000010001718                uart_init
 .text.clocks_init
                0x00000000100018a0      0x2d0 CMakeFiles/dns.dir/mnt/c/Users/siddk/Downloads/PicoPiFi/pico-sdk/src/rp2_common/hardware_clocks/clocks.c.obj
                0x00000000100018a0                clocks_init
 .text.clock_get_hz
                0x0000000010001b70        0xc CMakeFiles/dns.dir/mnt/c/Users/siddk/Downloads/PicoPiFi/pico-sdk/src/rp2_common/hardware_clocks/clocks.c.obj
                0x0000000010001b70                clock_get_hz
 .text.pll_init
                0x0000000010001b7c       0xa0 CMakeFiles/dns.dir/mnt/c/Users/siddk/Downloads/PicoPiFi/pico-sdk/src/rp2_common/hardware_pll/pll.c.obj
                0x0000000010001b7c                pll_init
 .text.watchdog_start_tick
                0x0000000010001c1c       0x10 CMakeFiles/dns.dir/mnt/c/Users/siddk/Downloads/PicoPiFi/pico-sdk/src/rp2_common/hardware_watchdog/watchdog.c.obj
                0x0000000010001c1c                watchdog_start_tick
 .text.xosc_init
                0x0000000010001c2c       0x28 CMakeFiles/dns.dir/mnt/c/Users/siddk/Downloads/PicoPiFi/pico-sdk/src/rp2_common/hardware_xosc/xosc.c.obj
                0x0000000010001c2c                xosc_init
 .text.runtime_init
                0x0000000010001c54       0xf0 CMakeFiles/dns.dir/mnt/c/Users/siddk/Downloads/PicoPiFi/pico-sdk/src/rp2_common/pico_runtime/runtime.c.obj
                0x0000000010001c54                runtime_init
 .text._exit    0x0000000010001d44        0x4 CMakeFiles/dns.dir/mnt/c/Users/siddk/Downloads/PicoPiFi/pico-sdk/src/rp2_common/pico_runtime/runtime.c.obj
                0x0000000010001d44                _exit
 .text.exit     0x0000000010001d48        0x8 CMakeFiles/dns.dir/mnt/c/Users/siddk/Downloads/PicoPiFi/pico-sdk/src/rp2_common/pico_runtime/runtime.c.obj
                0x0000000010001d48                exit
 .text.panic    0x0000000010001d50       0x30 CMakeFiles/dns.dir/mnt/c/Users/siddk/Downloads/PicoPiFi/pico-sdk/src/rp2_common/pico_runtime/runtime.c.obj
                0x0000000010001d50                panic
 .text.hard_assertion_failure
                0x0000000010001d80        0xc CMakeFiles/dns.dir/mnt/c/Users/siddk/Downloads/PicoPiFi/pico-sdk/src/rp2_common/pico_runtime/runtime.c.obj
                0x0000000010001d80                hard_assertion_failure
 .text._out_buffer
                0x0000000010001d8c        0x8 CMakeFiles/dns.dir/mnt/c/Users/siddk/Downloads/PicoPiFi/pico-sdk/src/rp2_common/pico_printf/printf.c.obj
 .text._out_null
                0x0000000010001d94        0x4 CMakeFiles/dns.dir/mnt/c/Users/siddk/Downloads/PicoPiFi/pico-sdk/src/rp2_common/pico_printf/printf.c.obj
 .text._out_rev
                0x0000000010001d98       0x9c CMakeFiles/dns.dir/mnt/c/Users/siddk/Downloads/PicoPiFi/pico-sdk/src/rp2_common/pico_printf/printf.c.obj
 .text._ntoa_format
                0x0000000010001e34      0x1cc CMakeFiles/dns.dir/mnt/c/Users/siddk/Downloads/PicoPiFi/pico-sdk/src/rp2_common/pico_printf/printf.c.obj
 .text._out_char
                0x0000000010002000       0x10 CMakeFiles/dns.dir/mnt/c/Users/siddk/Downloads/PicoPiFi/pico-sdk/src/rp2_common/pico_printf/printf.c.obj
 .text._out_fct
                0x0000000010002010       0x10 CMakeFiles/dns.dir/mnt/c/Users/siddk/Downloads/PicoPiFi/pico-sdk/src/rp2_common/pico_printf/printf.c.obj
 .text._etoa    0x0000000010002020      0x44c CMakeFiles/dns.dir/mnt/c/Users/siddk/Downloads/PicoPiFi/pico-sdk/src/rp2_common/pico_printf/printf.c.obj
 .text._ftoa    0x000000001000246c      0x398 CMakeFiles/dns.dir/mnt/c/Users/siddk/Downloads/PicoPiFi/pico-sdk/src/rp2_common/pico_printf/printf.c.obj
 .text._vsnprintf
                0x0000000010002804      0xb04 CMakeFiles/dns.dir/mnt/c/Users/siddk/Downloads/PicoPiFi/pico-sdk/src/rp2_common/pico_printf/printf.c.obj
 .text.__wrap_sprintf
                0x0000000010003308       0x28 CMakeFiles/dns.dir/mnt/c/Users/siddk/Downloads/PicoPiFi/pico-sdk/src/rp2_common/pico_printf/printf.c.obj
                0x0000000010003308                __wrap_sprintf
 .text.vfctprintf
                0x0000000010003330       0x20 CMakeFiles/dns.dir/mnt/c/Users/siddk/Downloads/PicoPiFi/pico-sdk/src/rp2_common/pico_printf/printf.c.obj
                0x0000000010003330                vfctprintf
 .text.weak_raw_vprintf
                0x0000000010003350       0x30 CMakeFiles/dns.dir/mnt/c/Users/siddk/Downloads/PicoPiFi/pico-sdk/src/rp2_common/pico_printf/printf.c.obj
                0x0000000010003350                weak_raw_vprintf
 .text          0x0000000010003380       0x10 CMakeFiles/dns.dir/mnt/c/Users/siddk/Downloads/PicoPiFi/pico-sdk/src/rp2_common/pico_bit_ops/bit_ops_aeabi.S.obj
 .text.rom_func_lookup
                0x0000000010003390       0x10 CMakeFiles/dns.dir/mnt/c/Users/siddk/Downloads/PicoPiFi/pico-sdk/src/rp2_common/pico_bootrom/bootrom.c.obj
                0x0000000010003390                rom_func_lookup
 .text.rom_data_lookup
                0x00000000100033a0       0x10 CMakeFiles/dns.dir/mnt/c/Users/siddk/Downloads/PicoPiFi/pico-sdk/src/rp2_common/pico_bootrom/bootrom.c.obj
                0x00000000100033a0                rom_data_lookup
 .text.rom_funcs_lookup
                0x00000000100033b0       0x44 CMakeFiles/dns.dir/mnt/c/Users/siddk/Downloads/PicoPiFi/pico-sdk/src/rp2_common/pico_bootrom/bootrom.c.obj
                0x00000000100033b0                rom_funcs_lookup
 .text.__wrap___aeabi_idiv
                0x00000000100033f4       0x50 CMakeFiles/dns.dir/mnt/c/Users/siddk/Downloads/PicoPiFi/pico-sdk/src/rp2_common/pico_divider/divider.S.obj
                0x00000000100033f4                __wrap___aeabi_idivmod
                0x00000000100033f4                divmod_s32s32
                0x00000000100033f4                div_s32s32
                0x00000000100033f4                __wrap___aeabi_idiv
                0x00000000100033fc                divmod_s32s32_unsafe
                0x0000000010003428                divmod_s32s32_savestate
 .text.__wrap___aeabi_uidiv
                0x0000000010003444       0x4c CMakeFiles/dns.dir/mnt/c/Users/siddk/Downloads/PicoPiFi/pico-sdk/src/rp2_common/pico_divider/divider.S.obj
                0x0000000010003444                __wrap___aeabi_uidiv
                0x0000000010003444                __wrap___aeabi_uidivmod
                0x0000000010003444                div_u32u32
                0x0000000010003444                divmod_u32u32
                0x000000001000344c                divmod_u32u32_unsafe
                0x0000000010003474                divmod_u32u32_savestate
 .text.__wrap___aeabi_ldiv
                0x0000000010003490      0x424 CMakeFiles/dns.dir/mnt/c/Users/siddk/Downloads/PicoPiFi/pico-sdk/src/rp2_common/pico_divider/divider.S.obj
                0x0000000010003490                div_s64s64
                0x0000000010003490                divmod_s64s64
                0x0000000010003490                __wrap___aeabi_ldivmod
                0x00000000100034c0                div_u64u64
                0x00000000100034c0                divmod_u64u64
                0x00000000100034c0                __wrap___aeabi_uldivmod
                0x00000000100034d0                divmod_u64u64_savestate
                0x00000000100034f0                divmod_s64s64_unsafe
                0x0000000010003578                divmod_u64u64_unsafe
 .text.__wrap___aeabi_darithmetic
                0x00000000100038b4       0x80 CMakeFiles/dns.dir/mnt/c/Users/siddk/Downloads/PicoPiFi/pico-sdk/src/rp2_common/pico_double/double_aeabi.S.obj
                0x00000000100038b4                __wrap___aeabi_drsub
                0x00000000100038ba                __wrap___aeabi_dsub
                0x00000000100038cc                __wrap___aeabi_dadd
                0x00000000100038de                __wrap___aeabi_ddiv
                0x000000001000391a                __wrap___aeabi_dmul
 .text.__wrap___aeabi_cdcmple
                0x0000000010003934       0x6c CMakeFiles/dns.dir/mnt/c/Users/siddk/Downloads/PicoPiFi/pico-sdk/src/rp2_common/pico_double/double_aeabi.S.obj
                0x0000000010003934                __wrap___aeabi_cdrcmple
                0x0000000010003944                __wrap___aeabi_cdcmple
                0x0000000010003944                __wrap___aeabi_cdcmpeq
 .text.__wrap___aeabi_dcmplt
                0x00000000100039a0        0xc CMakeFiles/dns.dir/mnt/c/Users/siddk/Downloads/PicoPiFi/pico-sdk/src/rp2_common/pico_double/double_aeabi.S.obj
                0x00000000100039a0                __wrap___aeabi_dcmplt
 .text.__wrap___aeabi_dcmple
                0x00000000100039ac       0x10 CMakeFiles/dns.dir/mnt/c/Users/siddk/Downloads/PicoPiFi/pico-sdk/src/rp2_common/pico_double/double_aeabi.S.obj
                0x00000000100039ac                __wrap___aeabi_dcmple
 .text.__wrap___aeabi_dcmpge
                0x00000000100039bc       0x10 CMakeFiles/dns.dir/mnt/c/Users/siddk/Downloads/PicoPiFi/pico-sdk/src/rp2_common/pico_double/double_aeabi.S.obj
                0x00000000100039bc                __wrap___aeabi_dcmpge
 .text.__wrap___aeabi_dcmpgt
                0x00000000100039cc        0xa CMakeFiles/dns.dir/mnt/c/Users/siddk/Downloads/PicoPiFi/pico-sdk/src/rp2_common/pico_double/double_aeabi.S.obj
                0x00000000100039cc                __wrap___aeabi_dcmpgt
 .text.__wrap___aeabi_dcmpun
                0x00000000100039d6       0x1c CMakeFiles/dns.dir/mnt/c/Users/siddk/Downloads/PicoPiFi/pico-sdk/src/rp2_common/pico_double/double_aeabi.S.obj
                0x00000000100039d6                __wrap___aeabi_dcmpun
 *fill*         0x00000000100039f2        0x2 
 .text.__wrap___aeabi_i2d
                0x00000000100039f4       0x38 CMakeFiles/dns.dir/mnt/c/Users/siddk/Downloads/PicoPiFi/pico-sdk/src/rp2_common/pico_double/double_aeabi.S.obj
                0x00000000100039f4                __wrap___aeabi_ui2d
                0x00000000100039fc                __wrap___aeabi_i2d
 .text.__wrap___aeabi_d2iz
                0x0000000010003a2c       0x48 CMakeFiles/dns.dir/mnt/c/Users/siddk/Downloads/PicoPiFi/pico-sdk/src/rp2_common/pico_double/double_aeabi.S.obj
                0x0000000010003a2c                __wrap___aeabi_d2iz
                0x0000000010003a2c                double2int_z
 .text.__wrap___aeabi_d2uiz
                0x0000000010003a74       0x18 CMakeFiles/dns.dir/mnt/c/Users/siddk/Downloads/PicoPiFi/pico-sdk/src/rp2_common/pico_double/double_aeabi.S.obj
                0x0000000010003a74                double2uint
                0x0000000010003a74                __wrap___aeabi_d2uiz
 .text.__aeabi_double_init
                0x0000000010003a8c       0x94 CMakeFiles/dns.dir/mnt/c/Users/siddk/Downloads/PicoPiFi/pico-sdk/src/rp2_common/pico_double/double_init_rom.c.obj
                0x0000000010003a8c                __aeabi_double_init
 .text.double_table_shim_on_use_helper
                0x0000000010003b20       0x2c CMakeFiles/dns.dir/mnt/c/Users/siddk/Downloads/PicoPiFi/pico-sdk/src/rp2_common/pico_double/double_v1_rom_shim.S.obj
                0x0000000010003b20                double_table_shim_on_use_helper
 .text.__wrap___aeabi_dsub
                0x0000000010003b4c       0x10 CMakeFiles/dns.dir/mnt/c/Users/siddk/Downloads/PicoPiFi/pico-sdk/src/rp2_common/pico_double/double_v1_rom_shim.S.obj
                0x0000000010003b4c                drsub_shim
                0x0000000010003b52                dsub_shim
 .text.dadd_shim
                0x0000000010003b5c      0x15c CMakeFiles/dns.dir/mnt/c/Users/siddk/Downloads/PicoPiFi/pico-sdk/src/rp2_common/pico_double/double_v1_rom_shim.S.obj
                0x0000000010003b5c                dadd_shim
 .text.dmul_shim
                0x0000000010003cb8      0x15c CMakeFiles/dns.dir/mnt/c/Users/siddk/Downloads/PicoPiFi/pico-sdk/src/rp2_common/pico_double/double_v1_rom_shim.S.obj
                0x0000000010003cb8                dmul_shim
 .text.ddiv_shim
                0x0000000010003e14      0x1b0 CMakeFiles/dns.dir/mnt/c/Users/siddk/Downloads/PicoPiFi/pico-sdk/src/rp2_common/pico_double/double_v1_rom_shim.S.obj
                0x0000000010003e14                ddiv_shim
 .text.double2uint_shim
                0x0000000010003fc4        0xe CMakeFiles/dns.dir/mnt/c/Users/siddk/Downloads/PicoPiFi/pico-sdk/src/rp2_common/pico_double/double_v1_rom_shim.S.obj
                0x0000000010003fc4                double2uint_shim
                0x0000000010003fc6                double2ufix_shim
 *fill*         0x0000000010003fd2        0x2 
 .text.double2uint64_shim
                0x0000000010003fd4       0x70 CMakeFiles/dns.dir/mnt/c/Users/siddk/Downloads/PicoPiFi/pico-sdk/src/rp2_common/pico_double/double_v1_rom_shim.S.obj
                0x0000000010003fd4                double2uint64_shim
                0x0000000010003fd6                double2ufix64_shim
                0x0000000010003ff6                d2fix_a
 .text.dunpacks
                0x0000000010004044       0x3c CMakeFiles/dns.dir/mnt/c/Users/siddk/Downloads/PicoPiFi/pico-sdk/src/rp2_common/pico_double/double_v1_rom_shim.S.obj
                0x0000000010004044                dunpacks
 .text.__aeabi_float_init
                0x0000000010004080       0x64 CMakeFiles/dns.dir/mnt/c/Users/siddk/Downloads/PicoPiFi/pico-sdk/src/rp2_common/pico_float/float_init_rom.c.obj
                0x0000000010004080                __aeabi_float_init
 .text.float_table_shim_on_use_helper
                0x00000000100040e4       0x2c CMakeFiles/dns.dir/mnt/c/Users/siddk/Downloads/PicoPiFi/pico-sdk/src/rp2_common/pico_float/float_v1_rom_shim.S.obj
                0x00000000100040e4                float_table_shim_on_use_helper
 .text          0x0000000010004110       0x10 CMakeFiles/dns.dir/mnt/c/Users/siddk/Downloads/PicoPiFi/pico-sdk/src/rp2_common/pico_mem_ops/mem_ops_aeabi.S.obj
                0x0000000010004110                __aeabi_mem_init
 .text.memset   0x0000000010004120        0xc CMakeFiles/dns.dir/mnt/c/Users/siddk/Downloads/PicoPiFi/pico-sdk/src/rp2_common/pico_mem_ops/mem_ops_aeabi.S.obj
                0x0000000010004120                __wrap_memset
 .text.memcpy   0x000000001000412c        0xc CMakeFiles/dns.dir/mnt/c/Users/siddk/Downloads/PicoPiFi/pico-sdk/src/rp2_common/pico_mem_ops/mem_ops_aeabi.S.obj
                0x000000001000412c                __wrap___aeabi_memcpy
                0x000000001000412c                __wrap_memcpy
 .text.stdio_out_chars_no_crlf
                0x0000000010004138       0x10 CMakeFiles/dns.dir/mnt/c/Users/siddk/Downloads/PicoPiFi/pico-sdk/src/rp2_common/pico_stdio/stdio.c.obj
 .text.stdio_out_chars_crlf
                0x0000000010004148       0xb4 CMakeFiles/dns.dir/mnt/c/Users/siddk/Downloads/PicoPiFi/pico-sdk/src/rp2_common/pico_stdio/stdio.c.obj
 .text.stdio_buffered_printer
                0x00000000100041fc       0x64 CMakeFiles/dns.dir/mnt/c/Users/siddk/Downloads/PicoPiFi/pico-sdk/src/rp2_common/pico_stdio/stdio.c.obj
 .text.stdio_put_string.isra.0
                0x0000000010004260       0xfc CMakeFiles/dns.dir/mnt/c/Users/siddk/Downloads/PicoPiFi/pico-sdk/src/rp2_common/pico_stdio/stdio.c.obj
 .text.__wrap_putchar
                0x000000001000435c       0x98 CMakeFiles/dns.dir/mnt/c/Users/siddk/Downloads/PicoPiFi/pico-sdk/src/rp2_common/pico_stdio/stdio.c.obj
                0x000000001000435c                __wrap_putchar
 .text.__wrap_puts
                0x00000000100043f4       0x3c CMakeFiles/dns.dir/mnt/c/Users/siddk/Downloads/PicoPiFi/pico-sdk/src/rp2_common/pico_stdio/stdio.c.obj
                0x00000000100043f4                __wrap_puts
 .text.stdio_set_driver_enabled
                0x0000000010004430       0x30 CMakeFiles/dns.dir/mnt/c/Users/siddk/Downloads/PicoPiFi/pico-sdk/src/rp2_common/pico_stdio/stdio.c.obj
                0x0000000010004430                stdio_set_driver_enabled
 .text.__wrap_vprintf
                0x0000000010004460       0xd8 CMakeFiles/dns.dir/mnt/c/Users/siddk/Downloads/PicoPiFi/pico-sdk/src/rp2_common/pico_stdio/stdio.c.obj
                0x0000000010004460                __wrap_vprintf
 .text.__wrap_printf
                0x0000000010004538       0x18 CMakeFiles/dns.dir/mnt/c/Users/siddk/Downloads/PicoPiFi/pico-sdk/src/rp2_common/pico_stdio/stdio.c.obj
                0x0000000010004538                __wrap_printf
 .text.stdio_init_all
                0x0000000010004550        0xc CMakeFiles/dns.dir/mnt/c/Users/siddk/Downloads/PicoPiFi/pico-sdk/src/rp2_common/pico_stdio/stdio.c.obj
                0x0000000010004550                stdio_init_all
 .text.stdio_uart_out_chars
                0x000000001000455c       0x4c CMakeFiles/dns.dir/mnt/c/Users/siddk/Downloads/PicoPiFi/pico-sdk/src/rp2_common/pico_stdio_uart/stdio_uart.c.obj
 .text.stdio_uart_in_chars
                0x00000000100045a8       0x84 CMakeFiles/dns.dir/mnt/c/Users/siddk/Downloads/PicoPiFi/pico-sdk/src/rp2_common/pico_stdio_uart/stdio_uart.c.obj
                0x00000000100045a8                stdio_uart_in_chars
 .text.on_uart_rx
                0x000000001000462c       0x28 CMakeFiles/dns.dir/mnt/c/Users/siddk/Downloads/PicoPiFi/pico-sdk/src/rp2_common/pico_stdio_uart/stdio_uart.c.obj
 .text.stdio_uart_set_chars_available_callback
                0x0000000010004654       0x8c CMakeFiles/dns.dir/mnt/c/Users/siddk/Downloads/PicoPiFi/pico-sdk/src/rp2_common/pico_stdio_uart/stdio_uart.c.obj
 .text.stdio_uart_init
                0x00000000100046e0       0x48 CMakeFiles/dns.dir/mnt/c/Users/siddk/Downloads/PicoPiFi/pico-sdk/src/rp2_common/pico_stdio_uart/stdio_uart.c.obj
                0x00000000100046e0                stdio_uart_init
 .text.pio_claim_unused_sm
                0x0000000010004728       0x3c CMakeFiles/dns.dir/mnt/c/Users/siddk/Downloads/PicoPiFi/pico-sdk/src/rp2_common/hardware_pio/pio.c.obj
                0x0000000010004728                pio_claim_unused_sm
 .text.pio_add_program
                0x0000000010004764       0xc8 CMakeFiles/dns.dir/mnt/c/Users/siddk/Downloads/PicoPiFi/pico-sdk/src/rp2_common/hardware_pio/pio.c.obj
                0x0000000010004764                pio_add_program
 .text.pio_sm_set_consecutive_pindirs
                0x000000001000482c       0xb0 CMakeFiles/dns.dir/mnt/c/Users/siddk/Downloads/PicoPiFi/pico-sdk/src/rp2_common/hardware_pio/pio.c.obj
                0x000000001000482c                pio_sm_set_consecutive_pindirs
 .text.pio_sm_init
                0x00000000100048dc       0x8c CMakeFiles/dns.dir/mnt/c/Users/siddk/Downloads/PicoPiFi/pico-sdk/src/rp2_common/hardware_pio/pio.c.obj
                0x00000000100048dc                pio_sm_init
 .text.dma_claim_unused_channel
                0x0000000010004968       0x20 CMakeFiles/dns.dir/mnt/c/Users/siddk/Downloads/PicoPiFi/pico-sdk/src/rp2_common/hardware_dma/dma.c.obj
                0x0000000010004968                dma_claim_unused_channel
 .text.io_init  0x0000000010004988       0x10 libpicowi.a(picowi_pico.c.obj)
                0x0000000010004988                io_init
 .text.io_set   0x0000000010004998       0x4c libpicowi.a(picowi_pico.c.obj)
                0x0000000010004998                io_set
 .text.io_out   0x00000000100049e4       0x14 libpicowi.a(picowi_pico.c.obj)
                0x00000000100049e4                io_out
 .text.io_in    0x00000000100049f8       0x10 libpicowi.a(picowi_pico.c.obj)
                0x00000000100049f8                io_in
 .text.usdelay  0x0000000010004a08       0x18 libpicowi.a(picowi_pico.c.obj)
                0x0000000010004a08                usdelay
 .text.ustimeout
                0x0000000010004a20       0x24 libpicowi.a(picowi_pico.c.obj)
                0x0000000010004a20                ustimeout
 .text.wifi_core_reset
                0x0000000010004a44      0x110 libpicowi.a(picowi_init.c.obj)
                0x0000000010004a44                wifi_core_reset
 .text.wifi_data_load
                0x0000000010004b54       0xac libpicowi.a(picowi_init.c.obj)
                0x0000000010004b54                wifi_data_load
 .text.wifi_reg_val_wait
                0x0000000010004c00       0x48 libpicowi.a(picowi_init.c.obj)
                0x0000000010004c00                wifi_reg_val_wait
 .text.wifi_set_led
                0x0000000010004c48       0x80 libpicowi.a(picowi_init.c.obj)
                0x0000000010004c48                wifi_set_led
 .text.disp_bytes
                0x0000000010004cc8       0x30 libpicowi.a(picowi_init.c.obj)
                0x0000000010004cc8                disp_bytes
 .text.display  0x0000000010004cf8       0x28 libpicowi.a(picowi_init.c.obj)
                0x0000000010004cf8                display
 .text.wifi_init
                0x0000000010004d20      0x254 libpicowi.a(picowi_init.c.obj)
                0x0000000010004d20                wifi_init
 .text.set_display_mode
                0x0000000010004f74        0xc libpicowi.a(picowi_init.c.obj)
                0x0000000010004f74                set_display_mode
 .text.wifi_spi_write
                0x0000000010004f80       0xc4 libpicowi.a(picowi_wifi.c.obj)
                0x0000000010004f80                wifi_spi_write
 .text.wifi_data_read
                0x0000000010005044      0x188 libpicowi.a(picowi_wifi.c.obj)
                0x0000000010005044                wifi_data_read
 .text.wifi_reg_read
                0x00000000100051cc       0x90 libpicowi.a(picowi_wifi.c.obj)
                0x00000000100051cc                wifi_reg_read
 .text.wifi_data_write
                0x000000001000525c       0xb0 libpicowi.a(picowi_wifi.c.obj)
                0x000000001000525c                wifi_data_write
 .text.wifi_reg_write
                0x000000001000530c       0x90 libpicowi.a(picowi_wifi.c.obj)
                0x000000001000530c                wifi_reg_write
 .text.wifi_rx_event_wait
                0x000000001000539c       0x60 libpicowi.a(picowi_wifi.c.obj)
                0x000000001000539c                wifi_rx_event_wait
 .text.wifi_pio_dma_init
                0x00000000100053fc       0xb8 libpicowi.a(picowi_wifi.c.obj)
                0x00000000100053fc                wifi_pio_dma_init
 .text.wifi_pio_init
                0x00000000100054b4      0x110 libpicowi.a(picowi_wifi.c.obj)
                0x00000000100054b4                wifi_pio_init
 .text.wifi_start
                0x00000000100055c4      0x1c4 libpicowi.a(picowi_wifi.c.obj)
                0x00000000100055c4                wifi_start
 .text.wifi_setup
                0x0000000010005788       0x80 libpicowi.a(picowi_wifi.c.obj)
                0x0000000010005788                wifi_setup
 .text.wifi_get_irq
                0x0000000010005808       0x10 libpicowi.a(picowi_wifi.c.obj)
                0x0000000010005808                wifi_get_irq
 .text.ioctl_cmd
                0x0000000010005818      0x2bc libpicowi.a(picowi_ioctl.c.obj)
                0x0000000010005818                ioctl_cmd
 .text.ioctl_set_uint32
                0x0000000010005ad4       0x2c libpicowi.a(picowi_ioctl.c.obj)
                0x0000000010005ad4                ioctl_set_uint32
 .text.ioctl_set_data2
                0x0000000010005b00       0x24 libpicowi.a(picowi_ioctl.c.obj)
                0x0000000010005b00                ioctl_set_data2
 .text.ioctl_get_data
                0x0000000010005b24       0x2c libpicowi.a(picowi_ioctl.c.obj)
                0x0000000010005b24                ioctl_get_data
 .text.ioctl_set_data
                0x0000000010005b50       0x2c libpicowi.a(picowi_ioctl.c.obj)
                0x0000000010005b50                ioctl_set_data
 .text.ioctl_wr_int32
                0x0000000010005b7c       0x20 libpicowi.a(picowi_ioctl.c.obj)
                0x0000000010005b7c                ioctl_wr_int32
 .text.ioctl_wr_data
                0x0000000010005b9c       0x1c libpicowi.a(picowi_ioctl.c.obj)
                0x0000000010005b9c                ioctl_wr_data
 .text.ioctl_err_display
                0x0000000010005bb8       0x60 libpicowi.a(picowi_ioctl.c.obj)
                0x0000000010005bb8                ioctl_err_display
 .text.events_enable
                0x0000000010005c18       0x80 libpicowi.a(picowi_event.c.obj)
                0x0000000010005c18                events_enable
 .text.add_event_handler
                0x0000000010005c98       0x38 libpicowi.a(picowi_event.c.obj)
                0x0000000010005c98                add_event_handler
 .text.event_read
                0x0000000010005cd0      0x130 libpicowi.a(picowi_event.c.obj)
                0x0000000010005cd0                event_read
 .text.event_poll
                0x0000000010005e00      0x1b8 libpicowi.a(picowi_event.c.obj)
                0x0000000010005e00                event_poll
 .text.event_net_tx
                0x0000000010005fb8       0x98 libpicowi.a(picowi_event.c.obj)
                0x0000000010005fb8                event_net_tx
 .text.join_restart
                0x0000000010006050      0x1c4 libpicowi.a(picowi_join.c.obj)
                0x0000000010006050                join_restart
 .text.join_event_handler
                0x0000000010006214       0xa8 libpicowi.a(picowi_join.c.obj)
                0x0000000010006214                join_event_handler
 .text.join_state_poll
                0x00000000100062bc      0x12c libpicowi.a(picowi_join.c.obj)
                0x00000000100062bc                join_state_poll
 .text.join_start
                0x00000000100063e8      0x124 libpicowi.a(picowi_join.c.obj)
                0x00000000100063e8                join_start
 .text.link_check
                0x000000001000650c       0x24 libpicowi.a(picowi_join.c.obj)
                0x000000001000650c                link_check
 .text.ip_init  0x0000000010006530       0x1c libpicowi.a(picowi_ip.c.obj)
                0x0000000010006530                ip_init
 .text.ip_tx_eth
                0x000000001000654c       0x68 libpicowi.a(picowi_ip.c.obj)
                0x000000001000654c                ip_tx_eth
 .text.ip_add_eth
                0x00000000100065b4       0x28 libpicowi.a(picowi_ip.c.obj)
                0x00000000100065b4                ip_add_eth
 .text.ip_tx_arp
                0x00000000100065dc      0x184 libpicowi.a(picowi_ip.c.obj)
                0x00000000100065dc                ip_tx_arp
 .text.ip_rx_arp
                0x0000000010006760      0x174 libpicowi.a(picowi_ip.c.obj)
                0x0000000010006760                ip_rx_arp
 .text.arp_event_handler
                0x00000000100068d4       0xcc libpicowi.a(picowi_ip.c.obj)
                0x00000000100068d4                arp_event_handler
 .text.ip_find_arp
                0x00000000100069a0      0x394 libpicowi.a(picowi_ip.c.obj)
                0x00000000100069a0                ip_find_arp
 .text.ip_check_frame
                0x0000000010006d34       0xe0 libpicowi.a(picowi_ip.c.obj)
                0x0000000010006d34                ip_check_frame
 .text.ip_add_hdr
                0x0000000010006e14       0xd0 libpicowi.a(picowi_ip.c.obj)
                0x0000000010006e14                ip_add_hdr
 .text.ip_add_data
                0x0000000010006ee4       0x14 libpicowi.a(picowi_ip.c.obj)
                0x0000000010006ee4                ip_add_data
 .text.print_ip_addr
                0x0000000010006ef8       0x1c libpicowi.a(picowi_ip.c.obj)
                0x0000000010006ef8                print_ip_addr
 .text.ip_addr_str
                0x0000000010006f14       0x24 libpicowi.a(picowi_ip.c.obj)
                0x0000000010006f14                ip_addr_str
 .text.ip_cpy   0x0000000010006f38       0x14 libpicowi.a(picowi_ip.c.obj)
                0x0000000010006f38                ip_cpy
 .text.htons    0x0000000010006f4c        0x8 libpicowi.a(picowi_ip.c.obj)
                0x0000000010006f4c                htons
 .text.htonsp   0x0000000010006f54       0x10 libpicowi.a(picowi_ip.c.obj)
                0x0000000010006f54                htonsp
 .text.htonl    0x0000000010006f64        0x4 libpicowi.a(picowi_ip.c.obj)
                0x0000000010006f64                htonl
 .text.add_csum
                0x0000000010006f68       0x5c libpicowi.a(picowi_ip.c.obj)
                0x0000000010006f68                add_csum
 .text.udp_event_handler
                0x0000000010006fc4      0x26c libpicowi.a(picowi_udp.c.obj)
                0x0000000010006fc4                udp_event_handler
 .text.udp_sock_init
                0x0000000010007230      0x128 libpicowi.a(picowi_udp.c.obj)
                0x0000000010007230                udp_sock_init
 .text.udp_add_hdr_data
                0x0000000010007358       0x94 libpicowi.a(picowi_udp.c.obj)
                0x0000000010007358                udp_add_hdr_data
 .text.udp_print_hdr
                0x00000000100073ec       0x5c libpicowi.a(picowi_udp.c.obj)
                0x00000000100073ec                udp_print_hdr
 .text.dhcp_tx  0x0000000010007448      0x150 libpicowi.a(picowi_dhcp.c.obj)
                0x0000000010007448                dhcp_tx
 .text.dhcp_poll
                0x0000000010007598       0xa4 libpicowi.a(picowi_dhcp.c.obj)
                0x0000000010007598                dhcp_poll
 .text.dhcp_get_opt_data
                0x000000001000763c       0x58 libpicowi.a(picowi_dhcp.c.obj)
                0x000000001000763c                dhcp_get_opt_data
 .text.dhcp_rx  0x0000000010007694      0x1e4 libpicowi.a(picowi_dhcp.c.obj)
                0x0000000010007694                dhcp_rx
 .text.dhcp_event_handler
                0x0000000010007878       0xf8 libpicowi.a(picowi_dhcp.c.obj)
                0x0000000010007878                dhcp_event_handler
 .text.dns_add_hdr_data
                0x0000000010007970       0xa0 libpicowi.a(picowi_dns.c.obj)
                0x0000000010007970                dns_add_hdr_data
 .text.dns_name_str
                0x0000000010007a10      0x19c libpicowi.a(picowi_dns.c.obj)
                0x0000000010007a10                dns_name_str
 .text.dns_tx   0x0000000010007bac      0x148 libpicowi.a(picowi_dns.c.obj)
                0x0000000010007bac                dns_tx
 .text.udp_dns_handler
                0x0000000010007cf4      0x1bc libpicowi.a(picowi_dns.c.obj)
                0x0000000010007cf4                udp_dns_handler
 .text          0x0000000010007eb0       0x5c /usr/lib/gcc/arm-none-eabi/10.3.1/../../../arm-none-eabi/lib/thumb/v6-m/nofp/libc.a(lib_a-strlen-stub.o)
                0x0000000010007eb0                strlen
 *(.fini)
 .fini          0x0000000010007f0c        0x4 /usr/lib/gcc/arm-none-eabi/10.3.1/thumb/v6-m/nofp/crti.o
                0x0000000010007f0c                _fini
 .fini.__stub   0x0000000010007f10       0x40 linker stubs
 *crtbegin.o(.ctors)
 *crtbegin?.o(.ctors)
 *(EXCLUDE_FILE(*crtend.o *crtend?.o) .ctors)
 *(SORT_BY_NAME(.ctors.*))
 *(.ctors)
 *crtbegin.o(.dtors)
 *crtbegin?.o(.dtors)
 *(EXCLUDE_FILE(*crtend.o *crtend?.o) .dtors)
 *(SORT_BY_NAME(.dtors.*))
 *(.dtors)
 *(.eh_frame*)
 .eh_frame      0x0000000010007f50        0x0 /usr/lib/gcc/arm-none-eabi/10.3.1/thumb/v6-m/nofp/crtbegin.o
                0x0000000010007f50                . = ALIGN (0x4)

.glue_7         0x0000000010007f50        0x0
 .glue_7        0x0000000010007f50        0x0 linker stubs

.glue_7t        0x0000000010007f50        0x0
 .glue_7t       0x0000000010007f50        0x0 linker stubs

.vfp11_veneer   0x0000000010007f50        0x0
 .vfp11_veneer  0x0000000010007f50        0x0 linker stubs

.v4_bx          0x0000000010007f50        0x0
 .v4_bx         0x0000000010007f50        0x0 linker stubs

.iplt           0x0000000010007f50        0x0
 .iplt          0x0000000010007f50        0x0 /usr/lib/gcc/arm-none-eabi/10.3.1/thumb/v6-m/nofp/crtbegin.o

.rodata         0x0000000010007f50    0x37e60
 *(EXCLUDE_FILE(*libm.a: *libc.a:*lib_a-mem*.o *libgcc.a:) .rodata*)
 .rodata.main.str1.4
                0x0000000010007f50       0xdc CMakeFiles/dns.dir/dns.c.obj
 .rodata.hardware_alarm_claim.str1.4
                0x000000001000802c       0x22 CMakeFiles/dns.dir/mnt/c/Users/siddk/Downloads/PicoPiFi/pico-sdk/src/rp2_common/hardware_timer/timer.c.obj
 *fill*         0x000000001000804e        0x2 
 .rodata.panic.str1.4
                0x0000000010008050       0x12 CMakeFiles/dns.dir/mnt/c/Users/siddk/Downloads/PicoPiFi/pico-sdk/src/rp2_common/pico_runtime/runtime.c.obj
 *fill*         0x0000000010008062        0x2 
 .rodata.hard_assertion_failure.str1.4
                0x0000000010008064        0xc CMakeFiles/dns.dir/mnt/c/Users/siddk/Downloads/PicoPiFi/pico-sdk/src/rp2_common/pico_runtime/runtime.c.obj
 .rodata._ftoa.str1.4
                0x0000000010008070       0x15 CMakeFiles/dns.dir/mnt/c/Users/siddk/Downloads/PicoPiFi/pico-sdk/src/rp2_common/pico_printf/printf.c.obj
 *fill*         0x0000000010008085        0x3 
 .rodata._vsnprintf
                0x0000000010008088      0x1e0 CMakeFiles/dns.dir/mnt/c/Users/siddk/Downloads/PicoPiFi/pico-sdk/src/rp2_common/pico_printf/printf.c.obj
 .rodata.pow10.0
                0x0000000010008268       0x50 CMakeFiles/dns.dir/mnt/c/Users/siddk/Downloads/PicoPiFi/pico-sdk/src/rp2_common/pico_printf/printf.c.obj
 .rodata.str1.4
                0x00000000100082b8       0x38 CMakeFiles/dns.dir/mnt/c/Users/siddk/Downloads/PicoPiFi/pico-sdk/src/rp2_common/pico_standard_link/binary_info.c.obj
 .rodata.__bi_44
                0x00000000100082f0        0xc CMakeFiles/dns.dir/mnt/c/Users/siddk/Downloads/PicoPiFi/pico-sdk/src/rp2_common/pico_standard_link/binary_info.c.obj
 .rodata.__bi_75
                0x00000000100082fc        0xc CMakeFiles/dns.dir/mnt/c/Users/siddk/Downloads/PicoPiFi/pico-sdk/src/rp2_common/pico_standard_link/binary_info.c.obj
 .rodata.__bi_81
                0x0000000010008308        0xc CMakeFiles/dns.dir/mnt/c/Users/siddk/Downloads/PicoPiFi/pico-sdk/src/rp2_common/pico_standard_link/binary_info.c.obj
 .rodata.crlf_str.0
                0x0000000010008314        0x2 CMakeFiles/dns.dir/mnt/c/Users/siddk/Downloads/PicoPiFi/pico-sdk/src/rp2_common/pico_stdio/stdio.c.obj
 *fill*         0x0000000010008316        0x2 
 .rodata.str1.4
                0x0000000010008318       0x2c CMakeFiles/dns.dir/mnt/c/Users/siddk/Downloads/PicoPiFi/pico-sdk/src/rp2_common/pico_stdio_uart/stdio_uart.c.obj
 .rodata.__bi_33.4
                0x0000000010008344        0xc CMakeFiles/dns.dir/mnt/c/Users/siddk/Downloads/PicoPiFi/pico-sdk/src/rp2_common/pico_stdio_uart/stdio_uart.c.obj
 .rodata.__bi_34.5
                0x0000000010008350        0x8 CMakeFiles/dns.dir/mnt/c/Users/siddk/Downloads/PicoPiFi/pico-sdk/src/rp2_common/pico_stdio_uart/stdio_uart.c.obj
 .rodata.pio_claim_unused_sm.str1.4
                0x0000000010008358       0x24 CMakeFiles/dns.dir/mnt/c/Users/siddk/Downloads/PicoPiFi/pico-sdk/src/rp2_common/hardware_pio/pio.c.obj
 .rodata.pio_add_program.str1.4
                0x000000001000837c       0x11 CMakeFiles/dns.dir/mnt/c/Users/siddk/Downloads/PicoPiFi/pico-sdk/src/rp2_common/hardware_pio/pio.c.obj
 *fill*         0x000000001000838d        0x3 
 .rodata.dma_claim_unused_channel.str1.4
                0x0000000010008390       0x1e CMakeFiles/dns.dir/mnt/c/Users/siddk/Downloads/PicoPiFi/pico-sdk/src/rp2_common/hardware_dma/dma.c.obj
 *fill*         0x00000000100083ae        0x2 
 .rodata.wifi_clm_load.str1.4
                0x00000000100083b0        0x8 libpicowi.a(picowi_init.c.obj)
 .rodata.mac_addr_str.str1.4
                0x00000000100083b8       0x1e libpicowi.a(picowi_init.c.obj)
 *fill*         0x00000000100083d6        0x2 
 .rodata.disp_bytes.str1.4
                0x00000000100083d8        0x6 libpicowi.a(picowi_init.c.obj)
 *fill*         0x00000000100083de        0x2 
 .rodata.wifi_init.str1.4
                0x00000000100083e0       0x7c libpicowi.a(picowi_init.c.obj)
 .rodata.wifi_reg_read.str1.4
                0x000000001000845c       0x37 libpicowi.a(picowi_wifi.c.obj)
 *fill*         0x0000000010008493        0x1 
 .rodata.wifi_reg_write.str1.4
                0x0000000010008494       0x27 libpicowi.a(picowi_wifi.c.obj)
 *fill*         0x00000000100084bb        0x1 
 .rodata.wifi_start.str1.4
                0x00000000100084bc       0x53 libpicowi.a(picowi_wifi.c.obj)
 *fill*         0x000000001000850f        0x1 
 .rodata.picowi_pio_program
                0x0000000010008510        0x6 libpicowi.a(picowi_wifi.c.obj)
 *fill*         0x0000000010008516        0x2 
 .rodata.picowi_pio_program_instructions
                0x0000000010008518       0x32 libpicowi.a(picowi_wifi.c.obj)
 *fill*         0x000000001000854a        0x2 
 .rodata.ioctl_cmd.str1.4
                0x000000001000854c       0x73 libpicowi.a(picowi_ioctl.c.obj)
                                         0x7b (size before relaxing)
 *fill*         0x00000000100085bf        0x1 
 .rodata.ioctl_err_display.str1.4
                0x00000000100085c0       0x24 libpicowi.a(picowi_ioctl.c.obj)
 .rodata.events_enable.str1.4
                0x00000000100085e4       0x12 libpicowi.a(picowi_event.c.obj)
 *fill*         0x00000000100085f6        0x2 
 .rodata.event_read.str1.4
                0x00000000100085f8       0x55 libpicowi.a(picowi_event.c.obj)
 *fill*         0x000000001000864d        0x3 
 .rodata.event_poll.str1.4
                0x0000000010008650       0x4f libpicowi.a(picowi_event.c.obj)
                                         0x5c (size before relaxing)
 *fill*         0x000000001000869f        0x1 
 .rodata.event_net_tx.str1.4
                0x00000000100086a0       0x10 libpicowi.a(picowi_event.c.obj)
 .rodata.join_restart.str1.4
                0x00000000100086b0       0x73 libpicowi.a(picowi_join.c.obj)
 *fill*         0x0000000010008723        0x1 
 .rodata.join_state_poll.str1.4
                0x0000000010008724       0x4d libpicowi.a(picowi_join.c.obj)
 *fill*         0x0000000010008771        0x3 
 .rodata.join_start.str1.4
                0x0000000010008774       0x53 libpicowi.a(picowi_join.c.obj)
 *fill*         0x00000000100087c7        0x1 
 .rodata.str1.4
                0x00000000100087c8       0xaf libpicowi.a(picowi_join.c.obj)
                                         0xb3 (size before relaxing)
 *fill*         0x0000000010008877        0x1 
 .rodata        0x0000000010008878       0x21 libpicowi.a(picowi_join.c.obj)
 *fill*         0x0000000010008899        0x3 
 .rodata.country_data
                0x000000001000889c       0x14 libpicowi.a(picowi_join.c.obj)
                0x000000001000889c                country_data
 .rodata.join_evts
                0x00000000100088b0       0x60 libpicowi.a(picowi_join.c.obj)
                0x00000000100088b0                join_evts
 .rodata.mcast_addr
                0x0000000010008910       0x3c libpicowi.a(picowi_join.c.obj)
                0x0000000010008910                mcast_addr
 .rodata.ip_tx_eth.str1.4
                0x000000001000894c        0x3 libpicowi.a(picowi_ip.c.obj)
                                         0x23 (size before relaxing)
 *fill*         0x000000001000894f        0x1 
 .rodata.ip_make_arp.str1.4
                0x0000000010008950       0x29 libpicowi.a(picowi_ip.c.obj)
                                         0x2d (size before relaxing)
 *fill*         0x0000000010008979        0x3 
 .rodata.udp_event_handler.str1.4
                0x000000001000897c       0x2c libpicowi.a(picowi_udp.c.obj)
 .rodata.dhcp_add_hdr_data.str1.4
                0x00000000100089a8        0x5 libpicowi.a(picowi_dhcp.c.obj)
 *fill*         0x00000000100089ad        0x3 
 .rodata.dhcp_tx.str1.4
                0x00000000100089b0       0x10 libpicowi.a(picowi_dhcp.c.obj)
                                         0x14 (size before relaxing)
 .rodata.dhcp_rx.str1.4
                0x00000000100089c0       0x30 libpicowi.a(picowi_dhcp.c.obj)
                                         0x32 (size before relaxing)
 .rodata.dhcp_event_handler.str1.4
                0x00000000100089f0        0x4 libpicowi.a(picowi_dhcp.c.obj)
 .rodata.str1.4
                0x00000000100089f0       0x3b libpicowi.a(picowi_dhcp.c.obj)
 *fill*         0x0000000010008a2b        0x1 
 .rodata.dns_hdr_str.str1.4
                0x0000000010008a2c       0x39 libpicowi.a(picowi_dns.c.obj)
 *fill*         0x0000000010008a65        0x3 
 .rodata.dns_name_str.str1.4
                0x0000000010008a68       0x4e libpicowi.a(picowi_dns.c.obj)
                                         0x52 (size before relaxing)
 *fill*         0x0000000010008ab6        0x2 
 .rodata.dns_tx.str1.4
                0x0000000010008ab8        0x7 libpicowi.a(picowi_dns.c.obj)
                                         0x14 (size before relaxing)
 *fill*         0x0000000010008abf        0x1 
 .rodata.udp_dns_handler.str1.4
                0x0000000010008ac0        0x8 libpicowi.a(picowi_dns.c.obj)
 .rodata.fw_clm_data
                0x0000000010008ac8      0x3dc libpicowi.a(fw_43439.c.obj)
                0x0000000010008ac8                fw_clm_data
 .rodata.fw_clm_len
                0x0000000010008ea4        0x4 libpicowi.a(fw_43439.c.obj)
                0x0000000010008ea4                fw_clm_len
 .rodata.fw_firmware_data
                0x0000000010008ea8    0x36c00 libpicowi.a(fw_43439.c.obj)
                0x0000000010008ea8                fw_firmware_data
 .rodata.fw_firmware_len
                0x000000001003faa8        0x4 libpicowi.a(fw_43439.c.obj)
                0x000000001003faa8                fw_firmware_len
 .rodata.fw_nvram_data
                0x000000001003faac      0x300 libpicowi.a(fw_43439.c.obj)
                0x000000001003faac                fw_nvram_data
 .rodata.fw_nvram_len
                0x000000001003fdac        0x4 libpicowi.a(fw_43439.c.obj)
                0x000000001003fdac                fw_nvram_len
                0x000000001003fdb0                . = ALIGN (0x4)
 *(SORT_BY_ALIGNMENT(SORT_BY_NAME(.flashdata*)))
                0x000000001003fdb0                . = ALIGN (0x4)

.ARM.extab
 *(.ARM.extab* .gnu.linkonce.armextab.*)
                0x000000001003fdb0                __exidx_start = .

.ARM.exidx
 *(.ARM.exidx* .gnu.linkonce.armexidx.*)
                0x000000001003fdb0                __exidx_end = .
                0x000000001003fdb0                . = ALIGN (0x4)
                0x000000001003fdb0                __binary_info_start = .

.binary_info    0x000000001003fdb0       0x24
 *(.binary_info.keep.*)
 .binary_info.keep.__bi_ptr22
                0x000000001003fdb0        0x4 CMakeFiles/dns.dir/mnt/c/Users/siddk/Downloads/PicoPiFi/pico-sdk/src/rp2_common/pico_standard_link/binary_info.c.obj
 .binary_info.keep.__bi_ptr30
                0x000000001003fdb4        0x4 CMakeFiles/dns.dir/mnt/c/Users/siddk/Downloads/PicoPiFi/pico-sdk/src/rp2_common/pico_standard_link/binary_info.c.obj
 .binary_info.keep.__bi_ptr38
                0x000000001003fdb8        0x4 CMakeFiles/dns.dir/mnt/c/Users/siddk/Downloads/PicoPiFi/pico-sdk/src/rp2_common/pico_standard_link/binary_info.c.obj
 .binary_info.keep.__bi_ptr44
                0x000000001003fdbc        0x4 CMakeFiles/dns.dir/mnt/c/Users/siddk/Downloads/PicoPiFi/pico-sdk/src/rp2_common/pico_standard_link/binary_info.c.obj
 .binary_info.keep.__bi_ptr50
                0x000000001003fdc0        0x4 CMakeFiles/dns.dir/mnt/c/Users/siddk/Downloads/PicoPiFi/pico-sdk/src/rp2_common/pico_standard_link/binary_info.c.obj
 .binary_info.keep.__bi_ptr75
                0x000000001003fdc4        0x4 CMakeFiles/dns.dir/mnt/c/Users/siddk/Downloads/PicoPiFi/pico-sdk/src/rp2_common/pico_standard_link/binary_info.c.obj
 .binary_info.keep.__bi_ptr81
                0x000000001003fdc8        0x4 CMakeFiles/dns.dir/mnt/c/Users/siddk/Downloads/PicoPiFi/pico-sdk/src/rp2_common/pico_standard_link/binary_info.c.obj
 *(.binary_info.*)
 .binary_info.__bi_ptr33
                0x000000001003fdcc        0x4 CMakeFiles/dns.dir/mnt/c/Users/siddk/Downloads/PicoPiFi/pico-sdk/src/rp2_common/pico_stdio_uart/stdio_uart.c.obj
 .binary_info.__bi_ptr34
                0x000000001003fdd0        0x4 CMakeFiles/dns.dir/mnt/c/Users/siddk/Downloads/PicoPiFi/pico-sdk/src/rp2_common/pico_stdio_uart/stdio_uart.c.obj
                0x000000001003fdd4                __binary_info_end = .

.rel.dyn        0x000000001003fdd4        0x0
 .rel.iplt      0x000000001003fdd4        0x0 /usr/lib/gcc/arm-none-eabi/10.3.1/thumb/v6-m/nofp/crtbegin.o
                0x000000001003fdd4                . = ALIGN (0x4)

.ram_vector_table
                0x0000000020000000       0xc0
 *(.ram_vector_table)
 .ram_vector_table
                0x0000000020000000       0xc0 CMakeFiles/dns.dir/mnt/c/Users/siddk/Downloads/PicoPiFi/pico-sdk/src/rp2_common/pico_runtime/runtime.c.obj
                0x0000000020000000                ram_vector_table

.data           0x00000000200000c0      0x854 load address 0x000000001003fdd4
                0x00000000200000c0                __data_start__ = .
 *(vtable)
 *(.time_critical*)
 .time_critical.mutex_try_enter_block_until
                0x00000000200000c0       0x9c CMakeFiles/dns.dir/mnt/c/Users/siddk/Downloads/PicoPiFi/pico-sdk/src/common/pico_sync/mutex.c.obj
                0x00000000200000c0                mutex_try_enter_block_until
 .time_critical.mutex_exit
                0x000000002000015c       0x28 CMakeFiles/dns.dir/mnt/c/Users/siddk/Downloads/PicoPiFi/pico-sdk/src/common/pico_sync/mutex.c.obj
                0x000000002000015c                mutex_exit
 *(.text*)
 .text          0x0000000020000184        0x4 /usr/lib/gcc/arm-none-eabi/10.3.1/thumb/v6-m/nofp/libgcc.a(_dvmd_tls.o)
                0x0000000020000184                __aeabi_ldiv0
                0x0000000020000184                __aeabi_idiv0
 .text.__stub   0x0000000020000188       0x10 linker stubs
                0x0000000020000198                . = ALIGN (0x4)
 *(.rodata*)
                0x0000000020000198                . = ALIGN (0x4)
 *(.data*)
 .data.striped_spin_lock_num
                0x0000000020000198        0x1 CMakeFiles/dns.dir/mnt/c/Users/siddk/Downloads/PicoPiFi/pico-sdk/src/rp2_common/hardware_sync/sync.c.obj
 *fill*         0x0000000020000199        0x3 
 .data          0x000000002000019c       0x48 CMakeFiles/dns.dir/mnt/c/Users/siddk/Downloads/PicoPiFi/pico-sdk/src/rp2_common/hardware_irq/irq_handler_chain.S.obj
                0x000000002000019c                irq_handler_chain_slots
                0x00000000200001cc                irq_handler_chain_first_slot
                0x00000000200001d6                irq_handler_chain_remove_tail
 .data.default_alarm_pool
                0x00000000200001e4       0x18 CMakeFiles/dns.dir/mnt/c/Users/siddk/Downloads/PicoPiFi/pico-sdk/src/common/pico_time/time.c.obj
 .data.default_alarm_pool_heap
                0x00000000200001fc       0x10 CMakeFiles/dns.dir/mnt/c/Users/siddk/Downloads/PicoPiFi/pico-sdk/src/common/pico_time/time.c.obj
 *fill*         0x000000002000020c        0x4 
 .data.aeabi_bits_funcs
                0x0000000020000210       0x10 CMakeFiles/dns.dir/mnt/c/Users/siddk/Downloads/PicoPiFi/pico-sdk/src/rp2_common/pico_bit_ops/bit_ops_aeabi.S.obj
                0x0000000020000210                aeabi_bits_funcs
                0x0000000020000220                aeabi_bits_funcs_end
 .data.aeabi_mem_funcs
                0x0000000020000220       0x10 CMakeFiles/dns.dir/mnt/c/Users/siddk/Downloads/PicoPiFi/pico-sdk/src/rp2_common/pico_mem_ops/mem_ops_aeabi.S.obj
                0x0000000020000220                aeabi_mem_funcs
                0x0000000020000230                aeabi_mem_funcs_end
 .data.stdio_uart
                0x0000000020000230       0x18 CMakeFiles/dns.dir/mnt/c/Users/siddk/Downloads/PicoPiFi/pico-sdk/src/rp2_common/pico_stdio_uart/stdio_uart.c.obj
                0x0000000020000230                stdio_uart
 .data.wifi_pio
                0x0000000020000248        0x4 libpicowi.a(picowi_wifi.c.obj)
                0x0000000020000248                wifi_pio
 .data.ioctl_reqid
                0x000000002000024c        0x2 libpicowi.a(picowi_ioctl.c.obj)
                0x000000002000024c                ioctl_reqid
 .data.sd_tx_seq
                0x000000002000024e        0x1 libpicowi.a(picowi_ioctl.c.obj)
                0x000000002000024e                sd_tx_seq
 *fill*         0x000000002000024f        0x1 
 .data.tx_msg   0x0000000020000250      0x652 libpicowi.a(picowi_event.c.obj)
                0x0000000020000250                tx_msg
 *fill*         0x00000000200008a2        0x2 
 .data.p.1      0x00000000200008a4        0x4 libpicowi.a(picowi_join.c.obj)
 .data.s.2      0x00000000200008a8        0x4 libpicowi.a(picowi_join.c.obj)
 .data.bcast_ip
                0x00000000200008ac        0x4 libpicowi.a(picowi_ip.c.obj)
                0x00000000200008ac                bcast_ip
 .data.bcast_mac
                0x00000000200008b0        0x6 libpicowi.a(picowi_ip.c.obj)
                0x00000000200008b0                bcast_mac
 .data.ident.1  0x00000000200008b6        0x2 libpicowi.a(picowi_ip.c.obj)
 .data.dhcp_disco_opts
                0x00000000200008b8        0xa libpicowi.a(picowi_dhcp.c.obj)
                0x00000000200008b8                dhcp_disco_opts
 *fill*         0x00000000200008c2        0x2 
 .data.dhcp_req_opts
                0x00000000200008c4        0xa libpicowi.a(picowi_dhcp.c.obj)
                0x00000000200008c4                dhcp_req_opts
 *fill*         0x00000000200008ce        0x2 
 .data.dhcp_typestrs
                0x00000000200008d0       0x20 libpicowi.a(picowi_dhcp.c.obj)
                0x00000000200008d0                dhcp_typestrs
 .data.trans.1  0x00000000200008f0        0x4 libpicowi.a(picowi_dhcp.c.obj)
 .data.ident.0  0x00000000200008f4        0x4 libpicowi.a(picowi_dns.c.obj)
                0x00000000200008f8                . = ALIGN (0x4)
 *(.after_data.*)
                0x00000000200008f8                . = ALIGN (0x4)
                0x00000000200008f8                PROVIDE (__mutex_array_start = .)
 *(SORT_BY_NAME(.mutex_array.*))
 *(.mutex_array)
 .mutex_array   0x00000000200008f8        0x8 CMakeFiles/dns.dir/mnt/c/Users/siddk/Downloads/PicoPiFi/pico-sdk/src/rp2_common/pico_stdio/stdio.c.obj
                0x0000000020000900                PROVIDE (__mutex_array_end = .)
                0x0000000020000900                . = ALIGN (0x4)
                0x0000000020000900                PROVIDE (__preinit_array_start = .)
 *(SORT_BY_NAME(.preinit_array.*))
 .preinit_array.00001
                0x0000000020000900        0x4 CMakeFiles/dns.dir/mnt/c/Users/siddk/Downloads/PicoPiFi/pico-sdk/src/rp2_common/pico_mem_ops/mem_ops_aeabi.S.obj
 .preinit_array.00010
                0x0000000020000904        0x4 CMakeFiles/dns.dir/mnt/c/Users/siddk/Downloads/PicoPiFi/pico-sdk/src/rp2_common/pico_bit_ops/bit_ops_aeabi.S.obj
 .preinit_array.00020
                0x0000000020000908        0x4 CMakeFiles/dns.dir/mnt/c/Users/siddk/Downloads/PicoPiFi/pico-sdk/src/rp2_common/pico_double/double_aeabi.S.obj
 .preinit_array.00020
                0x000000002000090c        0x4 CMakeFiles/dns.dir/mnt/c/Users/siddk/Downloads/PicoPiFi/pico-sdk/src/rp2_common/pico_float/float_aeabi.S.obj
 *(.preinit_array)
                0x0000000020000910                PROVIDE (__preinit_array_end = .)
                0x0000000020000910                . = ALIGN (0x4)
                0x0000000020000910                PROVIDE (__init_array_start = .)
 *(SORT_BY_NAME(.init_array.*))
 *(.init_array)
 .init_array    0x0000000020000910        0x4 /usr/lib/gcc/arm-none-eabi/10.3.1/thumb/v6-m/nofp/crtbegin.o
                0x0000000020000914                PROVIDE (__init_array_end = .)
                0x0000000020000914                . = ALIGN (0x4)
                0x0000000020000914                PROVIDE (__fini_array_start = .)
 *(SORT_BY_NAME(.fini_array.*))
 *(.fini_array)
                0x0000000020000914                PROVIDE (__fini_array_end = .)
 *(.jcr)
                0x0000000020000914                . = ALIGN (0x4)
                0x0000000020000914                __data_end__ = .
                0x000000001003fdd4                __etext = LOADADDR (.data)

.tm_clone_table
                0x0000000020000914        0x0 load address 0x0000000010040628
 .tm_clone_table
                0x0000000020000914        0x0 /usr/lib/gcc/arm-none-eabi/10.3.1/thumb/v6-m/nofp/crtbegin.o
 .tm_clone_table
                0x0000000020000914        0x0 /usr/lib/gcc/arm-none-eabi/10.3.1/thumb/v6-m/nofp/crtend.o

.igot.plt       0x0000000020000914        0x0 load address 0x0000000010040628
 .igot.plt      0x0000000020000914        0x0 /usr/lib/gcc/arm-none-eabi/10.3.1/thumb/v6-m/nofp/crtbegin.o

.uninitialized_data
                0x0000000020000914        0x0 load address 0x0000000010040628
                0x0000000020000914                . = ALIGN (0x4)
 *(.uninitialized_data*)

.scratch_x      0x0000000020040000        0x0 load address 0x0000000010040628
                0x0000000020040000                __scratch_x_start__ = .
 *(.scratch_x.*)
                0x0000000020040000                . = ALIGN (0x4)
                0x0000000020040000                __scratch_x_end__ = .
                0x0000000010040628                __scratch_x_source__ = LOADADDR (.scratch_x)

.scratch_y      0x0000000020041000        0x0 load address 0x0000000010040628
                0x0000000020041000                __scratch_y_start__ = .
 *(.scratch_y.*)
                0x0000000020041000                . = ALIGN (0x4)
                0x0000000020041000                __scratch_y_end__ = .
                0x0000000010040628                __scratch_y_source__ = LOADADDR (.scratch_y)

.bss            0x0000000020000918     0x3dbc
                0x0000000020000918                . = ALIGN (0x4)
                0x0000000020000918                __bss_start__ = .
 *(SORT_BY_ALIGNMENT(SORT_BY_NAME(.bss*)))
 .bss.default_alarm_pool_entries
                0x0000000020000918      0x100 CMakeFiles/dns.dir/mnt/c/Users/siddk/Downloads/PicoPiFi/pico-sdk/src/common/pico_time/time.c.obj
 .bss.sd_table  0x0000000020000a18      0x100 CMakeFiles/dns.dir/mnt/c/Users/siddk/Downloads/PicoPiFi/pico-sdk/src/rp2_common/pico_double/double_init_rom.c.obj
                0x0000000020000a18                sd_table
 .bss.sf_table  0x0000000020000b18      0x100 CMakeFiles/dns.dir/mnt/c/Users/siddk/Downloads/PicoPiFi/pico-sdk/src/rp2_common/pico_float/float_init_rom.c.obj
                0x0000000020000b18                sf_table
 .bss           0x0000000020000c18       0x1c /usr/lib/gcc/arm-none-eabi/10.3.1/thumb/v6-m/nofp/crtbegin.o
 .bss._used_instruction_space
                0x0000000020000c34        0x8 CMakeFiles/dns.dir/mnt/c/Users/siddk/Downloads/PicoPiFi/pico-sdk/src/rp2_common/hardware_pio/pio.c.obj
 .bss.alarm_callbacks
                0x0000000020000c3c       0x10 CMakeFiles/dns.dir/mnt/c/Users/siddk/Downloads/PicoPiFi/pico-sdk/src/rp2_common/hardware_timer/timer.c.obj
 .bss.arp_entries
                0x0000000020000c4c       0x64 libpicowi.a(picowi_ip.c.obj)
                0x0000000020000c4c                arp_entries
 .bss.arp_idx   0x0000000020000cb0        0x4 libpicowi.a(picowi_ip.c.obj)
                0x0000000020000cb0                arp_idx
 .bss.chars_available_callback
                0x0000000020000cb4        0x4 CMakeFiles/dns.dir/mnt/c/Users/siddk/Downloads/PicoPiFi/pico-sdk/src/rp2_common/pico_stdio_uart/stdio_uart.c.obj
 .bss.chars_available_param
                0x0000000020000cb8        0x4 CMakeFiles/dns.dir/mnt/c/Users/siddk/Downloads/PicoPiFi/pico-sdk/src/rp2_common/pico_stdio_uart/stdio_uart.c.obj
 .bss.configured_freq
                0x0000000020000cbc       0x28 CMakeFiles/dns.dir/mnt/c/Users/siddk/Downloads/PicoPiFi/pico-sdk/src/rp2_common/hardware_clocks/clocks.c.obj
 .bss.current_evts
                0x0000000020000ce4        0x4 libpicowi.a(picowi_event.c.obj)
                0x0000000020000ce4                current_evts
 .bss.default_alarm_pool_entry_ids_high
                0x0000000020000ce8       0x10 CMakeFiles/dns.dir/mnt/c/Users/siddk/Downloads/PicoPiFi/pico-sdk/src/common/pico_time/time.c.obj
 .bss.default_alarm_pool_heap_nodes
                0x0000000020000cf8       0x30 CMakeFiles/dns.dir/mnt/c/Users/siddk/Downloads/PicoPiFi/pico-sdk/src/common/pico_time/time.c.obj
 .bss.dhcp_complete
                0x0000000020000d28        0x4 libpicowi.a(picowi_dhcp.c.obj)
                0x0000000020000d28                dhcp_complete
 .bss.dhcp_state
                0x0000000020000d2c        0x4 libpicowi.a(picowi_dhcp.c.obj)
                0x0000000020000d2c                dhcp_state
 .bss.dhcp_ticks.0
                0x0000000020000d30        0x4 libpicowi.a(picowi_dhcp.c.obj)
 .bss.display_mode
                0x0000000020000d34        0x4 libpicowi.a(picowi_init.c.obj)
                0x0000000020000d34                display_mode
 .bss.dns_ip    0x0000000020000d38        0x4 libpicowi.a(picowi_dhcp.c.obj)
                0x0000000020000d38                dns_ip
 .bss.drivers   0x0000000020000d3c        0x4 CMakeFiles/dns.dir/mnt/c/Users/siddk/Downloads/PicoPiFi/pico-sdk/src/rp2_common/pico_stdio/stdio.c.obj
 .bss.event_handlers
                0x0000000020000d40       0x50 libpicowi.a(picowi_event.c.obj)
                0x0000000020000d40                event_handlers
 .bss.event_info
                0x0000000020000d90       0x28 libpicowi.a(picowi_event.c.obj)
                0x0000000020000d90                event_info
 .bss.event_mask
                0x0000000020000db8       0x1a libpicowi.a(picowi_event.c.obj)
                0x0000000020000db8                event_mask
 *fill*         0x0000000020000dd2        0x2 
 .bss.event_ports
                0x0000000020000dd4       0x28 libpicowi.a(picowi_event.c.obj)
                0x0000000020000dd4                event_ports
 .bss.filter    0x0000000020000dfc        0x4 CMakeFiles/dns.dir/mnt/c/Users/siddk/Downloads/PicoPiFi/pico-sdk/src/rp2_common/pico_stdio/stdio.c.obj
 .bss.host_mac  0x0000000020000e00        0x6 libpicowi.a(picowi_dhcp.c.obj)
                0x0000000020000e00                host_mac
 *fill*         0x0000000020000e06        0x2 
 .bss.ioctl_rxmsg
                0x0000000020000e08      0x65c libpicowi.a(picowi_ioctl.c.obj)
                0x0000000020000e08                ioctl_rxmsg
 .bss.ioctl_txmsg
                0x0000000020001464      0x65c libpicowi.a(picowi_ioctl.c.obj)
                0x0000000020001464                ioctl_txmsg
 .bss.join_ticks.0
                0x0000000020001ac0        0x4 libpicowi.a(picowi_join.c.obj)
 .bss.lastaddr.1
                0x0000000020001ac4        0x4 libpicowi.a(picowi_init.c.obj)
 .bss.lazy_vsnprintf
                0x0000000020001ac8        0x4 CMakeFiles/dns.dir/mnt/c/Users/siddk/Downloads/PicoPiFi/pico-sdk/src/rp2_common/pico_printf/printf.c.obj
 .bss.my_ip     0x0000000020001acc        0x4 libpicowi.a(picowi_ip.c.obj)
                0x0000000020001acc                my_ip
 .bss.my_mac    0x0000000020001ad0        0x6 libpicowi.a(picowi_init.c.obj)
                0x0000000020001ad0                my_mac
 *fill*         0x0000000020001ad6        0x2 
 .bss.net_sockets
                0x0000000020001ad8     0x1f18 libpicowi.a(picowi_net.c.obj)
                0x0000000020001ad8                net_sockets
 .bss.num_handlers
                0x00000000200039f0        0x4 libpicowi.a(picowi_event.c.obj)
                0x00000000200039f0                num_handlers
 .bss.offered_ip
                0x00000000200039f4        0x4 libpicowi.a(picowi_dhcp.c.obj)
                0x00000000200039f4                offered_ip
 .bss.pools     0x00000000200039f8       0x10 CMakeFiles/dns.dir/mnt/c/Users/siddk/Downloads/PicoPiFi/pico-sdk/src/common/pico_time/time.c.obj
 .bss.router_ip
                0x0000000020003a08        0x4 libpicowi.a(picowi_dhcp.c.obj)
                0x0000000020003a08                router_ip
 .bss.rxdata    0x0000000020003a0c      0x640 libpicowi.a(picowi_event.c.obj)
                0x0000000020003a0c                rxdata
 .bss.sf_clz_func
                0x000000002000404c        0x4 CMakeFiles/dns.dir/mnt/c/Users/siddk/Downloads/PicoPiFi/pico-sdk/src/rp2_common/pico_double/double_init_rom.c.obj
                0x000000002000404c                sf_clz_func
 .bss.sleep_notifier
                0x0000000020004050        0x4 CMakeFiles/dns.dir/mnt/c/Users/siddk/Downloads/PicoPiFi/pico-sdk/src/common/pico_time/time.c.obj
 .bss.subnet_mask
                0x0000000020004054        0x4 libpicowi.a(picowi_dhcp.c.obj)
                0x0000000020004054                subnet_mask
 .bss.target_hi
                0x0000000020004058       0x10 CMakeFiles/dns.dir/mnt/c/Users/siddk/Downloads/PicoPiFi/pico-sdk/src/rp2_common/hardware_timer/timer.c.obj
 .bss.txbuff    0x0000000020004068      0x640 libpicowi.a(picowi_ip.c.obj)
                0x0000000020004068                txbuff
 .bss.uart_char_to_line_feed
                0x00000000200046a8        0x4 CMakeFiles/dns.dir/mnt/c/Users/siddk/Downloads/PicoPiFi/pico-sdk/src/rp2_common/hardware_uart/uart.c.obj
                0x00000000200046a8                uart_char_to_line_feed
 .bss.uart_instance
                0x00000000200046ac        0x4 CMakeFiles/dns.dir/mnt/c/Users/siddk/Downloads/PicoPiFi/pico-sdk/src/rp2_common/pico_stdio_uart/stdio_uart.c.obj
 .bss.wifi_rx_dma_chan
                0x00000000200046b0        0x4 libpicowi.a(picowi_wifi.c.obj)
                0x00000000200046b0                wifi_rx_dma_chan
 .bss.wifi_rx_dma_dreq
                0x00000000200046b4        0x4 libpicowi.a(picowi_wifi.c.obj)
                0x00000000200046b4                wifi_rx_dma_dreq
 .bss.wifi_sm   0x00000000200046b8        0x4 libpicowi.a(picowi_wifi.c.obj)
                0x00000000200046b8                wifi_sm
 .bss.wifi_tx_dma_chan
                0x00000000200046bc        0x4 libpicowi.a(picowi_wifi.c.obj)
                0x00000000200046bc                wifi_tx_dma_chan
 .bss.wifi_tx_dma_dreq
                0x00000000200046c0        0x4 libpicowi.a(picowi_wifi.c.obj)
                0x00000000200046c0                wifi_tx_dma_dreq
 .bss.wifi_txfifo
                0x00000000200046c4        0x4 libpicowi.a(picowi_wifi.c.obj)
                0x00000000200046c4                wifi_txfifo
 .bss.zero_ip   0x00000000200046c8        0x4 libpicowi.a(picowi_ip.c.obj)
                0x00000000200046c8                zero_ip
 .bss._claimed  0x00000000200046cc        0x2 CMakeFiles/dns.dir/mnt/c/Users/siddk/Downloads/PicoPiFi/pico-sdk/src/rp2_common/hardware_dma/dma.c.obj
 .bss.claimed   0x00000000200046ce        0x1 CMakeFiles/dns.dir/mnt/c/Users/siddk/Downloads/PicoPiFi/pico-sdk/src/rp2_common/hardware_timer/timer.c.obj
 .bss.claimed   0x00000000200046cf        0x1 CMakeFiles/dns.dir/mnt/c/Users/siddk/Downloads/PicoPiFi/pico-sdk/src/rp2_common/hardware_pio/pio.c.obj
 .bss.init.0    0x00000000200046d0        0x1 libpicowi.a(picowi_init.c.obj)
 .bss.irq_hander_chain_free_slot_head
                0x00000000200046d1        0x1 CMakeFiles/dns.dir/mnt/c/Users/siddk/Downloads/PicoPiFi/pico-sdk/src/rp2_common/hardware_irq/irq.c.obj
 .bss.timer_callbacks_pending
                0x00000000200046d2        0x1 CMakeFiles/dns.dir/mnt/c/Users/siddk/Downloads/PicoPiFi/pico-sdk/src/rp2_common/hardware_timer/timer.c.obj
 *(COMMON)
                0x00000000200046d4                . = ALIGN (0x4)
 *fill*         0x00000000200046d3        0x1 
                0x00000000200046d4                __bss_end__ = .

.heap           0x00000000200046d4      0x800
                0x00000000200046d4                __end__ = .
                0x00000000200046d4                end = __end__
 *(.heap*)
 .heap          0x00000000200046d4      0x800 CMakeFiles/dns.dir/mnt/c/Users/siddk/Downloads/PicoPiFi/pico-sdk/src/rp2_common/pico_standard_link/crt0.S.obj
                0x0000000020004ed4                __HeapLimit = .

.stack1_dummy   0x0000000020040000        0x0
 *(.stack1*)

.stack_dummy    0x0000000020041000      0x800
 *(.stack*)
 .stack         0x0000000020041000      0x800 CMakeFiles/dns.dir/mnt/c/Users/siddk/Downloads/PicoPiFi/pico-sdk/src/rp2_common/pico_standard_link/crt0.S.obj

.flash_end      0x0000000010040628        0x0
                0x0000000010040628                PROVIDE (__flash_binary_end = .)
                0x0000000020040000                __StackLimit = (ORIGIN (RAM) + LENGTH (RAM))
                0x0000000020041000                __StackOneTop = (ORIGIN (SCRATCH_X) + LENGTH (SCRATCH_X))
                0x0000000020042000                __StackTop = (ORIGIN (SCRATCH_Y) + LENGTH (SCRATCH_Y))
                0x0000000020041000                __StackOneBottom = (__StackOneTop - SIZEOF (.stack1_dummy))
                0x0000000020041800                __StackBottom = (__StackTop - SIZEOF (.stack_dummy))
                0x0000000020042000                PROVIDE (__stack = __StackTop)
                0x0000000000000001                ASSERT ((__StackLimit >= __HeapLimit), region RAM overflowed)
                0x0000000000000001                ASSERT (((__binary_info_header_end - __logical_binary_start) <= 0x100), Binary info must be in first 256 bytes of the binary)
LOAD CMakeFiles/dns.dir/dns.c.obj
LOAD CMakeFiles/dns.dir/mnt/c/Users/siddk/Downloads/PicoPiFi/pico-sdk/src/rp2_common/pico_stdlib/stdlib.c.obj
LOAD CMakeFiles/dns.dir/mnt/c/Users/siddk/Downloads/PicoPiFi/pico-sdk/src/rp2_common/hardware_gpio/gpio.c.obj
LOAD CMakeFiles/dns.dir/mnt/c/Users/siddk/Downloads/PicoPiFi/pico-sdk/src/rp2_common/pico_platform/platform.c.obj
LOAD CMakeFiles/dns.dir/mnt/c/Users/siddk/Downloads/PicoPiFi/pico-sdk/src/rp2_common/hardware_claim/claim.c.obj
LOAD CMakeFiles/dns.dir/mnt/c/Users/siddk/Downloads/PicoPiFi/pico-sdk/src/rp2_common/hardware_sync/sync.c.obj
LOAD CMakeFiles/dns.dir/mnt/c/Users/siddk/Downloads/PicoPiFi/pico-sdk/src/rp2_common/hardware_irq/irq.c.obj
LOAD CMakeFiles/dns.dir/mnt/c/Users/siddk/Downloads/PicoPiFi/pico-sdk/src/rp2_common/hardware_irq/irq_handler_chain.S.obj
LOAD CMakeFiles/dns.dir/mnt/c/Users/siddk/Downloads/PicoPiFi/pico-sdk/src/common/pico_sync/sem.c.obj
LOAD CMakeFiles/dns.dir/mnt/c/Users/siddk/Downloads/PicoPiFi/pico-sdk/src/common/pico_sync/lock_core.c.obj
LOAD CMakeFiles/dns.dir/mnt/c/Users/siddk/Downloads/PicoPiFi/pico-sdk/src/common/pico_sync/mutex.c.obj
LOAD CMakeFiles/dns.dir/mnt/c/Users/siddk/Downloads/PicoPiFi/pico-sdk/src/common/pico_sync/critical_section.c.obj
LOAD CMakeFiles/dns.dir/mnt/c/Users/siddk/Downloads/PicoPiFi/pico-sdk/src/common/pico_time/time.c.obj
LOAD CMakeFiles/dns.dir/mnt/c/Users/siddk/Downloads/PicoPiFi/pico-sdk/src/common/pico_time/timeout_helper.c.obj
LOAD CMakeFiles/dns.dir/mnt/c/Users/siddk/Downloads/PicoPiFi/pico-sdk/src/rp2_common/hardware_timer/timer.c.obj
LOAD CMakeFiles/dns.dir/mnt/c/Users/siddk/Downloads/PicoPiFi/pico-sdk/src/common/pico_util/datetime.c.obj
LOAD CMakeFiles/dns.dir/mnt/c/Users/siddk/Downloads/PicoPiFi/pico-sdk/src/common/pico_util/pheap.c.obj
LOAD CMakeFiles/dns.dir/mnt/c/Users/siddk/Downloads/PicoPiFi/pico-sdk/src/common/pico_util/queue.c.obj
LOAD CMakeFiles/dns.dir/mnt/c/Users/siddk/Downloads/PicoPiFi/pico-sdk/src/rp2_common/hardware_uart/uart.c.obj
LOAD CMakeFiles/dns.dir/mnt/c/Users/siddk/Downloads/PicoPiFi/pico-sdk/src/rp2_common/hardware_clocks/clocks.c.obj
LOAD CMakeFiles/dns.dir/mnt/c/Users/siddk/Downloads/PicoPiFi/pico-sdk/src/rp2_common/hardware_pll/pll.c.obj
LOAD CMakeFiles/dns.dir/mnt/c/Users/siddk/Downloads/PicoPiFi/pico-sdk/src/rp2_common/hardware_vreg/vreg.c.obj
LOAD CMakeFiles/dns.dir/mnt/c/Users/siddk/Downloads/PicoPiFi/pico-sdk/src/rp2_common/hardware_watchdog/watchdog.c.obj
LOAD CMakeFiles/dns.dir/mnt/c/Users/siddk/Downloads/PicoPiFi/pico-sdk/src/rp2_common/hardware_xosc/xosc.c.obj
LOAD CMakeFiles/dns.dir/mnt/c/Users/siddk/Downloads/PicoPiFi/pico-sdk/src/rp2_common/hardware_divider/divider.S.obj
LOAD CMakeFiles/dns.dir/mnt/c/Users/siddk/Downloads/PicoPiFi/pico-sdk/src/rp2_common/pico_runtime/runtime.c.obj
LOAD CMakeFiles/dns.dir/mnt/c/Users/siddk/Downloads/PicoPiFi/pico-sdk/src/rp2_common/pico_printf/printf.c.obj
LOAD CMakeFiles/dns.dir/mnt/c/Users/siddk/Downloads/PicoPiFi/pico-sdk/src/rp2_common/pico_bit_ops/bit_ops_aeabi.S.obj
LOAD CMakeFiles/dns.dir/mnt/c/Users/siddk/Downloads/PicoPiFi/pico-sdk/src/rp2_common/pico_bootrom/bootrom.c.obj
LOAD CMakeFiles/dns.dir/mnt/c/Users/siddk/Downloads/PicoPiFi/pico-sdk/src/rp2_common/pico_divider/divider.S.obj
LOAD CMakeFiles/dns.dir/mnt/c/Users/siddk/Downloads/PicoPiFi/pico-sdk/src/rp2_common/pico_double/double_aeabi.S.obj
LOAD CMakeFiles/dns.dir/mnt/c/Users/siddk/Downloads/PicoPiFi/pico-sdk/src/rp2_common/pico_double/double_init_rom.c.obj
LOAD CMakeFiles/dns.dir/mnt/c/Users/siddk/Downloads/PicoPiFi/pico-sdk/src/rp2_common/pico_double/double_math.c.obj
LOAD CMakeFiles/dns.dir/mnt/c/Users/siddk/Downloads/PicoPiFi/pico-sdk/src/rp2_common/pico_double/double_v1_rom_shim.S.obj
LOAD CMakeFiles/dns.dir/mnt/c/Users/siddk/Downloads/PicoPiFi/pico-sdk/src/rp2_common/pico_int64_ops/pico_int64_ops_aeabi.S.obj
LOAD CMakeFiles/dns.dir/mnt/c/Users/siddk/Downloads/PicoPiFi/pico-sdk/src/rp2_common/pico_float/float_aeabi.S.obj
LOAD CMakeFiles/dns.dir/mnt/c/Users/siddk/Downloads/PicoPiFi/pico-sdk/src/rp2_common/pico_float/float_init_rom.c.obj
LOAD CMakeFiles/dns.dir/mnt/c/Users/siddk/Downloads/PicoPiFi/pico-sdk/src/rp2_common/pico_float/float_math.c.obj
LOAD CMakeFiles/dns.dir/mnt/c/Users/siddk/Downloads/PicoPiFi/pico-sdk/src/rp2_common/pico_float/float_v1_rom_shim.S.obj
LOAD CMakeFiles/dns.dir/mnt/c/Users/siddk/Downloads/PicoPiFi/pico-sdk/src/rp2_common/pico_malloc/pico_malloc.c.obj
LOAD CMakeFiles/dns.dir/mnt/c/Users/siddk/Downloads/PicoPiFi/pico-sdk/src/rp2_common/pico_mem_ops/mem_ops_aeabi.S.obj
LOAD CMakeFiles/dns.dir/mnt/c/Users/siddk/Downloads/PicoPiFi/pico-sdk/src/rp2_common/pico_standard_link/crt0.S.obj
LOAD CMakeFiles/dns.dir/mnt/c/Users/siddk/Downloads/PicoPiFi/pico-sdk/src/rp2_common/pico_standard_link/new_delete.cpp.obj
LOAD CMakeFiles/dns.dir/mnt/c/Users/siddk/Downloads/PicoPiFi/pico-sdk/src/rp2_common/pico_standard_link/binary_info.c.obj
LOAD CMakeFiles/dns.dir/mnt/c/Users/siddk/Downloads/PicoPiFi/pico-sdk/src/rp2_common/pico_stdio/stdio.c.obj
LOAD CMakeFiles/dns.dir/mnt/c/Users/siddk/Downloads/PicoPiFi/pico-sdk/src/rp2_common/pico_stdio_uart/stdio_uart.c.obj
LOAD CMakeFiles/dns.dir/mnt/c/Users/siddk/Downloads/PicoPiFi/pico-sdk/src/rp2_common/hardware_pio/pio.c.obj
LOAD CMakeFiles/dns.dir/mnt/c/Users/siddk/Downloads/PicoPiFi/pico-sdk/src/rp2_common/hardware_dma/dma.c.obj
LOAD libpicowi.a
LOAD /tmp/ccMBowhF.o
LOAD /usr/lib/gcc/arm-none-eabi/10.3.1/../../../arm-none-eabi/lib/thumb/v6-m/nofp/libstdc++.a
LOAD /usr/lib/gcc/arm-none-eabi/10.3.1/../../../arm-none-eabi/lib/thumb/v6-m/nofp/libm.a
START GROUP
LOAD /usr/lib/gcc/arm-none-eabi/10.3.1/thumb/v6-m/nofp/libgcc.a
LOAD /usr/lib/gcc/arm-none-eabi/10.3.1/../../../arm-none-eabi/lib/thumb/v6-m/nofp/libc.a
END GROUP
START GROUP
LOAD /usr/lib/gcc/arm-none-eabi/10.3.1/thumb/v6-m/nofp/libgcc.a
LOAD /usr/lib/gcc/arm-none-eabi/10.3.1/../../../arm-none-eabi/lib/thumb/v6-m/nofp/libc.a
LOAD /usr/lib/gcc/arm-none-eabi/10.3.1/../../../arm-none-eabi/lib/thumb/v6-m/nofp/libnosys.a
END GROUP
LOAD /usr/lib/gcc/arm-none-eabi/10.3.1/thumb/v6-m/nofp/crtend.o
LOAD /usr/lib/gcc/arm-none-eabi/10.3.1/thumb/v6-m/nofp/crtn.o
OUTPUT(dns.elf elf32-littlearm)
LOAD linker stubs

.ARM.attributes
                0x0000000000000000       0x28
 .ARM.attributes
                0x0000000000000000       0x1e /usr/lib/gcc/arm-none-eabi/10.3.1/thumb/v6-m/nofp/crti.o
 .ARM.attributes
                0x000000000000001e       0x2c /usr/lib/gcc/arm-none-eabi/10.3.1/thumb/v6-m/nofp/crtbegin.o
 .ARM.attributes
                0x000000000000004a       0x2c CMakeFiles/dns.dir/dns.c.obj
 .ARM.attributes
                0x0000000000000076       0x2c CMakeFiles/dns.dir/mnt/c/Users/siddk/Downloads/PicoPiFi/pico-sdk/src/rp2_common/hardware_gpio/gpio.c.obj
 .ARM.attributes
                0x00000000000000a2       0x2c CMakeFiles/dns.dir/mnt/c/Users/siddk/Downloads/PicoPiFi/pico-sdk/src/rp2_common/pico_platform/platform.c.obj
 .ARM.attributes
                0x00000000000000ce       0x2c CMakeFiles/dns.dir/mnt/c/Users/siddk/Downloads/PicoPiFi/pico-sdk/src/rp2_common/hardware_claim/claim.c.obj
 .ARM.attributes
                0x00000000000000fa       0x2c CMakeFiles/dns.dir/mnt/c/Users/siddk/Downloads/PicoPiFi/pico-sdk/src/rp2_common/hardware_sync/sync.c.obj
 .ARM.attributes
                0x0000000000000126       0x2c CMakeFiles/dns.dir/mnt/c/Users/siddk/Downloads/PicoPiFi/pico-sdk/src/rp2_common/hardware_irq/irq.c.obj
 .ARM.attributes
                0x0000000000000152       0x22 CMakeFiles/dns.dir/mnt/c/Users/siddk/Downloads/PicoPiFi/pico-sdk/src/rp2_common/hardware_irq/irq_handler_chain.S.obj
 .ARM.attributes
                0x0000000000000174       0x2c CMakeFiles/dns.dir/mnt/c/Users/siddk/Downloads/PicoPiFi/pico-sdk/src/common/pico_sync/lock_core.c.obj
 .ARM.attributes
                0x00000000000001a0       0x2c CMakeFiles/dns.dir/mnt/c/Users/siddk/Downloads/PicoPiFi/pico-sdk/src/common/pico_sync/mutex.c.obj
 .ARM.attributes
                0x00000000000001cc       0x2c CMakeFiles/dns.dir/mnt/c/Users/siddk/Downloads/PicoPiFi/pico-sdk/src/common/pico_time/time.c.obj
 .ARM.attributes
                0x00000000000001f8       0x2c CMakeFiles/dns.dir/mnt/c/Users/siddk/Downloads/PicoPiFi/pico-sdk/src/rp2_common/hardware_timer/timer.c.obj
 .ARM.attributes
                0x0000000000000224       0x2c CMakeFiles/dns.dir/mnt/c/Users/siddk/Downloads/PicoPiFi/pico-sdk/src/common/pico_util/pheap.c.obj
 .ARM.attributes
                0x0000000000000250       0x2c CMakeFiles/dns.dir/mnt/c/Users/siddk/Downloads/PicoPiFi/pico-sdk/src/rp2_common/hardware_uart/uart.c.obj
 .ARM.attributes
                0x000000000000027c       0x2c CMakeFiles/dns.dir/mnt/c/Users/siddk/Downloads/PicoPiFi/pico-sdk/src/rp2_common/hardware_clocks/clocks.c.obj
 .ARM.attributes
                0x00000000000002a8       0x2c CMakeFiles/dns.dir/mnt/c/Users/siddk/Downloads/PicoPiFi/pico-sdk/src/rp2_common/hardware_pll/pll.c.obj
 .ARM.attributes
                0x00000000000002d4       0x2c CMakeFiles/dns.dir/mnt/c/Users/siddk/Downloads/PicoPiFi/pico-sdk/src/rp2_common/hardware_watchdog/watchdog.c.obj
 .ARM.attributes
                0x0000000000000300       0x2c CMakeFiles/dns.dir/mnt/c/Users/siddk/Downloads/PicoPiFi/pico-sdk/src/rp2_common/hardware_xosc/xosc.c.obj
 .ARM.attributes
                0x000000000000032c       0x2c CMakeFiles/dns.dir/mnt/c/Users/siddk/Downloads/PicoPiFi/pico-sdk/src/rp2_common/pico_runtime/runtime.c.obj
 .ARM.attributes
                0x0000000000000358       0x2c CMakeFiles/dns.dir/mnt/c/Users/siddk/Downloads/PicoPiFi/pico-sdk/src/rp2_common/pico_printf/printf.c.obj
 .ARM.attributes
                0x0000000000000384       0x22 CMakeFiles/dns.dir/mnt/c/Users/siddk/Downloads/PicoPiFi/pico-sdk/src/rp2_common/pico_bit_ops/bit_ops_aeabi.S.obj
 .ARM.attributes
                0x00000000000003a6       0x2c CMakeFiles/dns.dir/mnt/c/Users/siddk/Downloads/PicoPiFi/pico-sdk/src/rp2_common/pico_bootrom/bootrom.c.obj
 .ARM.attributes
                0x00000000000003d2       0x22 CMakeFiles/dns.dir/mnt/c/Users/siddk/Downloads/PicoPiFi/pico-sdk/src/rp2_common/pico_divider/divider.S.obj
 .ARM.attributes
                0x00000000000003f4       0x22 CMakeFiles/dns.dir/mnt/c/Users/siddk/Downloads/PicoPiFi/pico-sdk/src/rp2_common/pico_double/double_aeabi.S.obj
 .ARM.attributes
                0x0000000000000416       0x2c CMakeFiles/dns.dir/mnt/c/Users/siddk/Downloads/PicoPiFi/pico-sdk/src/rp2_common/pico_double/double_init_rom.c.obj
 .ARM.attributes
                0x0000000000000442       0x22 CMakeFiles/dns.dir/mnt/c/Users/siddk/Downloads/PicoPiFi/pico-sdk/src/rp2_common/pico_double/double_v1_rom_shim.S.obj
 .ARM.attributes
                0x0000000000000464       0x22 CMakeFiles/dns.dir/mnt/c/Users/siddk/Downloads/PicoPiFi/pico-sdk/src/rp2_common/pico_float/float_aeabi.S.obj
 .ARM.attributes
                0x0000000000000486       0x2c CMakeFiles/dns.dir/mnt/c/Users/siddk/Downloads/PicoPiFi/pico-sdk/src/rp2_common/pico_float/float_init_rom.c.obj
 .ARM.attributes
                0x00000000000004b2       0x22 CMakeFiles/dns.dir/mnt/c/Users/siddk/Downloads/PicoPiFi/pico-sdk/src/rp2_common/pico_float/float_v1_rom_shim.S.obj
 .ARM.attributes
                0x00000000000004d4       0x22 CMakeFiles/dns.dir/mnt/c/Users/siddk/Downloads/PicoPiFi/pico-sdk/src/rp2_common/pico_mem_ops/mem_ops_aeabi.S.obj
 .ARM.attributes
                0x00000000000004f6       0x22 CMakeFiles/dns.dir/mnt/c/Users/siddk/Downloads/PicoPiFi/pico-sdk/src/rp2_common/pico_standard_link/crt0.S.obj
 .ARM.attributes
                0x0000000000000518       0x32 CMakeFiles/dns.dir/mnt/c/Users/siddk/Downloads/PicoPiFi/pico-sdk/src/rp2_common/pico_standard_link/binary_info.c.obj
 .ARM.attributes
                0x000000000000054a       0x2c CMakeFiles/dns.dir/mnt/c/Users/siddk/Downloads/PicoPiFi/pico-sdk/src/rp2_common/pico_stdio/stdio.c.obj
 .ARM.attributes
                0x0000000000000576       0x2c CMakeFiles/dns.dir/mnt/c/Users/siddk/Downloads/PicoPiFi/pico-sdk/src/rp2_common/pico_stdio_uart/stdio_uart.c.obj
 .ARM.attributes
                0x00000000000005a2       0x2c CMakeFiles/dns.dir/mnt/c/Users/siddk/Downloads/PicoPiFi/pico-sdk/src/rp2_common/hardware_pio/pio.c.obj
 .ARM.attributes
                0x00000000000005ce       0x2c CMakeFiles/dns.dir/mnt/c/Users/siddk/Downloads/PicoPiFi/pico-sdk/src/rp2_common/hardware_dma/dma.c.obj
 .ARM.attributes
                0x00000000000005fa       0x2c libpicowi.a(picowi_pico.c.obj)
 .ARM.attributes
                0x0000000000000626       0x2c libpicowi.a(picowi_init.c.obj)
 .ARM.attributes
                0x0000000000000652       0x2c libpicowi.a(picowi_wifi.c.obj)
 .ARM.attributes
                0x000000000000067e       0x2c libpicowi.a(picowi_ioctl.c.obj)
 .ARM.attributes
                0x00000000000006aa       0x2c libpicowi.a(picowi_event.c.obj)
 .ARM.attributes
                0x00000000000006d6       0x2c libpicowi.a(picowi_join.c.obj)
 .ARM.attributes
                0x0000000000000702       0x2c libpicowi.a(picowi_ip.c.obj)
 .ARM.attributes
                0x000000000000072e       0x2c libpicowi.a(picowi_udp.c.obj)
 .ARM.attributes
                0x000000000000075a       0x2c libpicowi.a(picowi_dhcp.c.obj)
 .ARM.attributes
                0x0000000000000786       0x2c libpicowi.a(picowi_dns.c.obj)
 .ARM.attributes
                0x00000000000007b2       0x2c libpicowi.a(picowi_net.c.obj)
 .ARM.attributes
                0x00000000000007de       0x32 libpicowi.a(fw_43439.c.obj)
 .ARM.attributes
                0x0000000000000810       0x22 /tmp/ccMBowhF.o
 .ARM.attributes
                0x0000000000000832       0x1e /usr/lib/gcc/arm-none-eabi/10.3.1/thumb/v6-m/nofp/libgcc.a(_dvmd_tls.o)
 .ARM.attributes
                0x0000000000000850       0x2c /usr/lib/gcc/arm-none-eabi/10.3.1/../../../arm-none-eabi/lib/thumb/v6-m/nofp/libc.a(lib_a-strlen-stub.o)
 .ARM.attributes
                0x000000000000087c       0x2c /usr/lib/gcc/arm-none-eabi/10.3.1/thumb/v6-m/nofp/crtend.o

.comment        0x0000000000000000       0x33
 .comment       0x0000000000000000       0x33 /usr/lib/gcc/arm-none-eabi/10.3.1/thumb/v6-m/nofp/crtbegin.o
                                         0x34 (size before relaxing)
 .comment       0x0000000000000033       0x34 CMakeFiles/dns.dir/dns.c.obj
 .comment       0x0000000000000033       0x34 CMakeFiles/dns.dir/mnt/c/Users/siddk/Downloads/PicoPiFi/pico-sdk/src/rp2_common/hardware_gpio/gpio.c.obj
 .comment       0x0000000000000033       0x34 CMakeFiles/dns.dir/mnt/c/Users/siddk/Downloads/PicoPiFi/pico-sdk/src/rp2_common/pico_platform/platform.c.obj