Archive member included to satisfy reference by file (symbol)

libpicowi.a(picowi_pico.c.obj)
                              CMakeFiles/join.dir/join.c.obj (io_init)
libpicowi.a(picowi_init.c.obj)
                              CMakeFiles/join.dir/join.c.obj (wifi_set_led)
libpicowi.a(picowi_wifi.c.obj)
                              libpicowi.a(picowi_init.c.obj) (wifi_reg_read)
libpicowi.a(picowi_ioctl.c.obj)
                              libpicowi.a(picowi_init.c.obj) (ioctl_set_uint32)
libpicowi.a(picowi_event.c.obj)
                              CMakeFiles/join.dir/join.c.obj (add_event_handler)
libpicowi.a(picowi_join.c.obj)
                              CMakeFiles/join.dir/join.c.obj (join_event_handler)
libpicowi.a(fw_43439.c.obj)   libpicowi.a(picowi_init.c.obj) (fw_clm_len)
/usr/lib/gcc/arm-none-eabi/10.3.1/thumb/v6-m/nofp/libgcc.a(_dvmd_tls.o)
                              CMakeFiles/join.dir/mnt/c/Users/siddk/Downloads/PicoPiFi/pico-sdk/src/rp2_common/pico_divider/divider.S.obj (__aeabi_idiv0)
/usr/lib/gcc/arm-none-eabi/10.3.1/../../../arm-none-eabi/lib/thumb/v6-m/nofp/libc.a(lib_a-atexit.o)
                              /usr/lib/gcc/arm-none-eabi/10.3.1/../../../arm-none-eabi/lib/thumb/v6-m/nofp/crt0.o (atexit)
/usr/lib/gcc/arm-none-eabi/10.3.1/../../../arm-none-eabi/lib/thumb/v6-m/nofp/libc.a(lib_a-calloc.o)
                              CMakeFiles/join.dir/mnt/c/Users/siddk/Downloads/PicoPiFi/pico-sdk/src/rp2_common/pico_malloc/pico_malloc.c.obj (calloc)
/usr/lib/gcc/arm-none-eabi/10.3.1/../../../arm-none-eabi/lib/thumb/v6-m/nofp/libc.a(lib_a-callocr.o)
                              /usr/lib/gcc/arm-none-eabi/10.3.1/../../../arm-none-eabi/lib/thumb/v6-m/nofp/libc.a(lib_a-calloc.o) (_calloc_r)
/usr/lib/gcc/arm-none-eabi/10.3.1/../../../arm-none-eabi/lib/thumb/v6-m/nofp/libc.a(lib_a-fini.o)
                              /usr/lib/gcc/arm-none-eabi/10.3.1/../../../arm-none-eabi/lib/thumb/v6-m/nofp/crt0.o (__libc_fini_array)
/usr/lib/gcc/arm-none-eabi/10.3.1/../../../arm-none-eabi/lib/thumb/v6-m/nofp/libc.a(lib_a-impure.o)
                              /usr/lib/gcc/arm-none-eabi/10.3.1/../../../arm-none-eabi/lib/thumb/v6-m/nofp/libc.a(lib_a-calloc.o) (_impure_ptr)
/usr/lib/gcc/arm-none-eabi/10.3.1/../../../arm-none-eabi/lib/thumb/v6-m/nofp/libc.a(lib_a-init.o)
                              /usr/lib/gcc/arm-none-eabi/10.3.1/../../../arm-none-eabi/lib/thumb/v6-m/nofp/crt0.o (__libc_init_array)
/usr/lib/gcc/arm-none-eabi/10.3.1/../../../arm-none-eabi/lib/thumb/v6-m/nofp/libc.a(lib_a-malloc.o)
                              CMakeFiles/join.dir/mnt/c/Users/siddk/Downloads/PicoPiFi/pico-sdk/src/rp2_common/pico_malloc/pico_malloc.c.obj (malloc)
/usr/lib/gcc/arm-none-eabi/10.3.1/../../../arm-none-eabi/lib/thumb/v6-m/nofp/libc.a(lib_a-mallocr.o)
                              /usr/lib/gcc/arm-none-eabi/10.3.1/../../../arm-none-eabi/lib/thumb/v6-m/nofp/libc.a(lib_a-callocr.o) (_malloc_r)
/usr/lib/gcc/arm-none-eabi/10.3.1/../../../arm-none-eabi/lib/thumb/v6-m/nofp/libc.a(lib_a-mlock.o)
                              /usr/lib/gcc/arm-none-eabi/10.3.1/../../../arm-none-eabi/lib/thumb/v6-m/nofp/libc.a(lib_a-mallocr.o) (__malloc_lock)
/usr/lib/gcc/arm-none-eabi/10.3.1/../../../arm-none-eabi/lib/thumb/v6-m/nofp/libc.a(lib_a-realloc.o)
                              CMakeFiles/join.dir/mnt/c/Users/siddk/Downloads/PicoPiFi/pico-sdk/src/rp2_common/pico_malloc/pico_malloc.c.obj (realloc)
/usr/lib/gcc/arm-none-eabi/10.3.1/../../../arm-none-eabi/lib/thumb/v6-m/nofp/libc.a(lib_a-reallocr.o)
                              /usr/lib/gcc/arm-none-eabi/10.3.1/../../../arm-none-eabi/lib/thumb/v6-m/nofp/libc.a(lib_a-realloc.o) (_realloc_r)
/usr/lib/gcc/arm-none-eabi/10.3.1/../../../arm-none-eabi/lib/thumb/v6-m/nofp/libc.a(lib_a-sbrkr.o)
                              /usr/lib/gcc/arm-none-eabi/10.3.1/../../../arm-none-eabi/lib/thumb/v6-m/nofp/libc.a(lib_a-mallocr.o) (_sbrk_r)
/usr/lib/gcc/arm-none-eabi/10.3.1/../../../arm-none-eabi/lib/thumb/v6-m/nofp/libc.a(lib_a-strlen-stub.o)
                              CMakeFiles/join.dir/mnt/c/Users/siddk/Downloads/PicoPiFi/pico-sdk/src/rp2_common/pico_stdio/stdio.c.obj (strlen)
/usr/lib/gcc/arm-none-eabi/10.3.1/../../../arm-none-eabi/lib/thumb/v6-m/nofp/libc.a(lib_a-__atexit.o)
                              /usr/lib/gcc/arm-none-eabi/10.3.1/../../../arm-none-eabi/lib/thumb/v6-m/nofp/libc.a(lib_a-atexit.o) (__register_exitproc)
/usr/lib/gcc/arm-none-eabi/10.3.1/../../../arm-none-eabi/lib/thumb/v6-m/nofp/libc.a(lib_a-freer.o)
                              /usr/lib/gcc/arm-none-eabi/10.3.1/../../../arm-none-eabi/lib/thumb/v6-m/nofp/libc.a(lib_a-malloc.o) (_free_r)
/usr/lib/gcc/arm-none-eabi/10.3.1/../../../arm-none-eabi/lib/thumb/v6-m/nofp/libc.a(lib_a-memmove.o)
                              /usr/lib/gcc/arm-none-eabi/10.3.1/../../../arm-none-eabi/lib/thumb/v6-m/nofp/libc.a(lib_a-reallocr.o) (memmove)
[...]
Memory Configuration

Name             Origin             Length             Attributes
FLASH            0x0000000010000000 0x0000000000200000 xr
RAM              0x0000000020000000 0x0000000000040000 xrw
SCRATCH_X        0x0000000020040000 0x0000000000001000 xrw
SCRATCH_Y        0x0000000020041000 0x0000000000001000 xrw
*default*        0x0000000000000000 0xffffffffffffffff

Linker script and memory map

LOAD /usr/lib/gcc/arm-none-eabi/10.3.1/thumb/v6-m/nofp/crti.o
LOAD /usr/lib/gcc/arm-none-eabi/10.3.1/thumb/v6-m/nofp/crtbegin.o
LOAD /usr/lib/gcc/arm-none-eabi/10.3.1/../../../arm-none-eabi/lib/thumb/v6-m/nofp/crt0.o

.flash_begin    0x0000000010000000        0x0
                0x0000000010000000                __flash_binary_start = .

.boot2          0x0000000010000000      0x100
                0x0000000010000000                __boot2_start__ = .
 *(.boot2)
 .boot2         0x0000000010000000      0x100 /tmp/ccGFNfjt.o
                0x0000000010000100                __boot2_end__ = .
                0x0000000000000001                ASSERT (((__boot2_end__ - __boot2_start__) == 0x100), ERROR: Pico second stage bootloader must be 256 bytes in size)

.text           0x0000000010000100     0x62f8
                0x0000000010000100                __logical_binary_start = .
 *(.vectors)
 .vectors       0x0000000010000100       0xd4 CMakeFiles/join.dir/mnt/c/Users/siddk/Downloads/PicoPiFi/pico-sdk/src/rp2_common/pico_standard_link/crt0.S.obj
                0x0000000010000100                __vectors
                0x0000000010000100                __VECTOR_TABLE
                0x00000000100001c0                isr_invalid
                0x00000000100001c0                __default_isrs_start
                0x00000000100001c2                isr_nmi
                0x00000000100001c4                isr_hardfault
                0x00000000100001c6                isr_svcall
                0x00000000100001c8                isr_pendsv
                0x00000000100001ca                isr_systick
                0x00000000100001cc                isr_irq30
                0x00000000100001cc                __unhandled_user_irq
                0x00000000100001cc                isr_irq13
                0x00000000100001cc                isr_irq27
                0x00000000100001cc                isr_irq31
                0x00000000100001cc                isr_irq5
                0x00000000100001cc                isr_irq11
                0x00000000100001cc                isr_irq23
                0x00000000100001cc                isr_irq18
                0x00000000100001cc                isr_irq28
                0x00000000100001cc                isr_irq19
                0x00000000100001cc                isr_irq0
                0x00000000100001cc                isr_irq6
                0x00000000100001cc                isr_irq22
                0x00000000100001cc                isr_irq17
                0x00000000100001cc                isr_irq14
                0x00000000100001cc                isr_irq2
                0x00000000100001cc                isr_irq10
                0x00000000100001cc                isr_irq8
                0x00000000100001cc                isr_irq24
                0x00000000100001cc                isr_irq1
                0x00000000100001cc                isr_irq7
                0x00000000100001cc                isr_irq21
                0x00000000100001cc                isr_irq20
                0x00000000100001cc                isr_irq15
                0x00000000100001cc                isr_irq25
                0x00000000100001cc                isr_irq4
                0x00000000100001cc                isr_irq16
                0x00000000100001cc                isr_irq29
                0x00000000100001cc                isr_irq26
                0x00000000100001cc                __default_isrs_end
                0x00000000100001cc                isr_irq3
                0x00000000100001cc                isr_irq12
                0x00000000100001cc                isr_irq9
                0x00000000100001d2                unhandled_user_irq_num_in_r0
 *(.binary_info_header)
 .binary_info_header
                0x00000000100001d4       0x14 CMakeFiles/join.dir/mnt/c/Users/siddk/Downloads/PicoPiFi/pico-sdk/src/rp2_common/pico_standard_link/crt0.S.obj
                0x00000000100001e8                __binary_info_header_end = .
 *(.reset)
 .reset         0x00000000100001e8       0xa0 CMakeFiles/join.dir/mnt/c/Users/siddk/Downloads/PicoPiFi/pico-sdk/src/rp2_common/pico_standard_link/crt0.S.obj
                0x00000000100001e8                _entry_point
 .reset         0x0000000010000288       0x30 CMakeFiles/join.dir/mnt/c/Users/siddk/Downloads/PicoPiFi/pico-sdk/src/rp2_common/pico_standard_link/binary_info.c.obj
 *(.init)
 .init          0x00000000100002b8        0x4 /usr/lib/gcc/arm-none-eabi/10.3.1/thumb/v6-m/nofp/crti.o
                0x00000000100002b8                _init
 *(EXCLUDE_FILE(*libm.a: *libc.a:*lib_a-mem*.o *libgcc.a:) .text*)
 .text          0x00000000100002bc       0x98 /usr/lib/gcc/arm-none-eabi/10.3.1/thumb/v6-m/nofp/crtbegin.o
 .text.startup.main
                0x0000000010000354       0xf8 CMakeFiles/join.dir/join.c.obj
                0x0000000010000354                main
 .text.gpio_set_function
                0x000000001000044c       0x30 CMakeFiles/join.dir/mnt/c/Users/siddk/Downloads/PicoPiFi/pico-sdk/src/rp2_common/hardware_gpio/gpio.c.obj
                0x000000001000044c                gpio_set_function
 .text.gpio_set_pulls
                0x000000001000047c       0x30 CMakeFiles/join.dir/mnt/c/Users/siddk/Downloads/PicoPiFi/pico-sdk/src/rp2_common/hardware_gpio/gpio.c.obj
                0x000000001000047c                gpio_set_pulls
 .text.gpio_set_input_hysteresis_enabled
                0x00000000100004ac       0x28 CMakeFiles/join.dir/mnt/c/Users/siddk/Downloads/PicoPiFi/pico-sdk/src/rp2_common/hardware_gpio/gpio.c.obj
                0x00000000100004ac                gpio_set_input_hysteresis_enabled
 .text.gpio_init
                0x00000000100004d4       0x3c CMakeFiles/join.dir/mnt/c/Users/siddk/Downloads/PicoPiFi/pico-sdk/src/rp2_common/hardware_gpio/gpio.c.obj
                0x00000000100004d4                gpio_init
 .text.running_on_fpga
                0x0000000010000510       0x10 CMakeFiles/join.dir/mnt/c/Users/siddk/Downloads/PicoPiFi/pico-sdk/src/rp2_common/pico_platform/platform.c.obj
                0x0000000010000510                running_on_fpga
 .text.hw_claim_lock
                0x0000000010000520       0x18 CMakeFiles/join.dir/mnt/c/Users/siddk/Downloads/PicoPiFi/pico-sdk/src/rp2_common/hardware_claim/claim.c.obj
                0x0000000010000520                hw_claim_lock
 .text.hw_claim_unlock
                0x0000000010000538       0x14 CMakeFiles/join.dir/mnt/c/Users/siddk/Downloads/PicoPiFi/pico-sdk/src/rp2_common/hardware_claim/claim.c.obj
                0x0000000010000538                hw_claim_unlock
 .text.hw_claim_or_assert
                0x000000001000054c       0x44 CMakeFiles/join.dir/mnt/c/Users/siddk/Downloads/PicoPiFi/pico-sdk/src/rp2_common/hardware_claim/claim.c.obj
                0x000000001000054c                hw_claim_or_assert
 .text.hw_claim_unused_from_range
                0x0000000010000590       0x9c CMakeFiles/join.dir/mnt/c/Users/siddk/Downloads/PicoPiFi/pico-sdk/src/rp2_common/hardware_claim/claim.c.obj
                0x0000000010000590                hw_claim_unused_from_range
 .text.spin_locks_reset
                0x000000001000062c       0x1c CMakeFiles/join.dir/mnt/c/Users/siddk/Downloads/PicoPiFi/pico-sdk/src/rp2_common/hardware_sync/sync.c.obj
                0x000000001000062c                spin_locks_reset
 .text.next_striped_spin_lock_num
                0x0000000010000648       0x18 CMakeFiles/join.dir/mnt/c/Users/siddk/Downloads/PicoPiFi/pico-sdk/src/rp2_common/hardware_sync/sync.c.obj
                0x0000000010000648                next_striped_spin_lock_num
 .text.irq_set_enabled
                0x0000000010000660       0x24 CMakeFiles/join.dir/mnt/c/Users/siddk/Downloads/PicoPiFi/pico-sdk/src/rp2_common/hardware_irq/irq.c.obj
                0x0000000010000660                irq_set_enabled
 .text.irq_get_vtable_handler
                0x0000000010000684       0x10 CMakeFiles/join.dir/mnt/c/Users/siddk/Downloads/PicoPiFi/pico-sdk/src/rp2_common/hardware_irq/irq.c.obj
                0x0000000010000684                irq_get_vtable_handler
 .text.irq_set_exclusive_handler
                0x0000000010000694       0x54 CMakeFiles/join.dir/mnt/c/Users/siddk/Downloads/PicoPiFi/pico-sdk/src/rp2_common/hardware_irq/irq.c.obj
                0x0000000010000694                irq_set_exclusive_handler
 .text.irq_remove_handler
                0x00000000100006e8      0x1b0 CMakeFiles/join.dir/mnt/c/Users/siddk/Downloads/PicoPiFi/pico-sdk/src/rp2_common/hardware_irq/irq.c.obj
                0x00000000100006e8                irq_remove_handler
 .text.irq_add_tail_to_free_list
                0x0000000010000898       0xb4 CMakeFiles/join.dir/mnt/c/Users/siddk/Downloads/PicoPiFi/pico-sdk/src/rp2_common/hardware_irq/irq.c.obj
                0x0000000010000898                irq_add_tail_to_free_list
 .text.irq_init_priorities
                0x000000001000094c       0x24 CMakeFiles/join.dir/mnt/c/Users/siddk/Downloads/PicoPiFi/pico-sdk/src/rp2_common/hardware_irq/irq.c.obj
                0x000000001000094c                irq_init_priorities
 .text.lock_init
                0x0000000010000970       0x10 CMakeFiles/join.dir/mnt/c/Users/siddk/Downloads/PicoPiFi/pico-sdk/src/common/pico_sync/lock_core.c.obj
                0x0000000010000970                lock_init
 .text.mutex_init
                0x0000000010000980       0x1c CMakeFiles/join.dir/mnt/c/Users/siddk/Downloads/PicoPiFi/pico-sdk/src/common/pico_sync/mutex.c.obj
                0x0000000010000980                mutex_init
 .text.recursive_mutex_init
                0x000000001000099c       0x1c CMakeFiles/join.dir/mnt/c/Users/siddk/Downloads/PicoPiFi/pico-sdk/src/common/pico_sync/mutex.c.obj
                0x000000001000099c                recursive_mutex_init
 .text.timer_pool_entry_comparator
                0x00000000100009b8       0x34 CMakeFiles/join.dir/mnt/c/Users/siddk/Downloads/PicoPiFi/pico-sdk/src/common/pico_time/time.c.obj
                0x00000000100009b8                timer_pool_entry_comparator
 .text.sleep_until_callback
                0x00000000100009ec       0x30 CMakeFiles/join.dir/mnt/c/Users/siddk/Downloads/PicoPiFi/pico-sdk/src/common/pico_time/time.c.obj
 .text.add_alarm_under_lock.isra.0
                0x0000000010000a1c      0x100 CMakeFiles/join.dir/mnt/c/Users/siddk/Downloads/PicoPiFi/pico-sdk/src/common/pico_time/time.c.obj
 .text.alarm_pool_alarm_callback
                0x0000000010000b1c      0x1bc CMakeFiles/join.dir/mnt/c/Users/siddk/Downloads/PicoPiFi/pico-sdk/src/common/pico_time/time.c.obj
 .text.alarm_pool_init_default
                0x0000000010000cd8       0x6c CMakeFiles/join.dir/mnt/c/Users/siddk/Downloads/PicoPiFi/pico-sdk/src/common/pico_time/time.c.obj
                0x0000000010000cd8                alarm_pool_init_default
 .text.alarm_pool_add_alarm_at
                0x0000000010000d44      0x178 CMakeFiles/join.dir/mnt/c/Users/siddk/Downloads/PicoPiFi/pico-sdk/src/common/pico_time/time.c.obj
                0x0000000010000d44                alarm_pool_add_alarm_at
 .text.best_effort_wfe_or_timeout
                0x0000000010000ebc       0xd4 CMakeFiles/join.dir/mnt/c/Users/siddk/Downloads/PicoPiFi/pico-sdk/src/common/pico_time/time.c.obj
                0x0000000010000ebc                best_effort_wfe_or_timeout
 .text.hardware_alarm_irq_handler
                0x0000000010000f90       0xbc CMakeFiles/join.dir/mnt/c/Users/siddk/Downloads/PicoPiFi/pico-sdk/src/rp2_common/hardware_timer/timer.c.obj
 .text.hardware_alarm_claim
                0x000000001000104c       0x18 CMakeFiles/join.dir/mnt/c/Users/siddk/Downloads/PicoPiFi/pico-sdk/src/rp2_common/hardware_timer/timer.c.obj
                0x000000001000104c                hardware_alarm_claim
 .text.time_us_64
                0x0000000010001064       0x14 CMakeFiles/join.dir/mnt/c/Users/siddk/Downloads/PicoPiFi/pico-sdk/src/rp2_common/hardware_timer/timer.c.obj
                0x0000000010001064                time_us_64
 .text.busy_wait_us
                0x0000000010001078       0x54 CMakeFiles/join.dir/mnt/c/Users/siddk/Downloads/PicoPiFi/pico-sdk/src/rp2_common/hardware_timer/timer.c.obj
                0x0000000010001078                busy_wait_us
 .text.hardware_alarm_set_callback
                0x00000000100010cc       0x8c CMakeFiles/join.dir/mnt/c/Users/siddk/Downloads/PicoPiFi/pico-sdk/src/rp2_common/hardware_timer/timer.c.obj
                0x00000000100010cc                hardware_alarm_set_callback
 .text.hardware_alarm_set_target
                0x0000000010001158       0xd4 CMakeFiles/join.dir/mnt/c/Users/siddk/Downloads/PicoPiFi/pico-sdk/src/rp2_common/hardware_timer/timer.c.obj
                0x0000000010001158                hardware_alarm_set_target
 .text.hardware_alarm_cancel
                0x000000001000122c       0x3c CMakeFiles/join.dir/mnt/c/Users/siddk/Downloads/PicoPiFi/pico-sdk/src/rp2_common/hardware_timer/timer.c.obj
                0x000000001000122c                hardware_alarm_cancel
 .text.ph_merge_nodes
                0x0000000010001268       0x68 CMakeFiles/join.dir/mnt/c/Users/siddk/Downloads/PicoPiFi/pico-sdk/src/common/pico_util/pheap.c.obj
 .text.ph_post_alloc_init
                0x00000000100012d0       0x3c CMakeFiles/join.dir/mnt/c/Users/siddk/Downloads/PicoPiFi/pico-sdk/src/common/pico_util/pheap.c.obj
                0x00000000100012d0                ph_post_alloc_init
 .text.ph_merge_two_pass
                0x000000001000130c       0x90 CMakeFiles/join.dir/mnt/c/Users/siddk/Downloads/PicoPiFi/pico-sdk/src/common/pico_util/pheap.c.obj
                0x000000001000130c                ph_merge_two_pass
 .text.ph_remove_any_head
                0x000000001000139c      0x100 CMakeFiles/join.dir/mnt/c/Users/siddk/Downloads/PicoPiFi/pico-sdk/src/common/pico_util/pheap.c.obj
 .text.ph_remove_head
                0x000000001000149c      0x104 CMakeFiles/join.dir/mnt/c/Users/siddk/Downloads/PicoPiFi/pico-sdk/src/common/pico_util/pheap.c.obj
                0x000000001000149c                ph_remove_head
 .text.ph_remove_and_free_node
                0x00000000100015a0       0x7c CMakeFiles/join.dir/mnt/c/Users/siddk/Downloads/PicoPiFi/pico-sdk/src/common/pico_util/pheap.c.obj
                0x00000000100015a0                ph_remove_and_free_node
 .text.uart_init
                0x000000001000161c      0x188 CMakeFiles/join.dir/mnt/c/Users/siddk/Downloads/PicoPiFi/pico-sdk/src/rp2_common/hardware_uart/uart.c.obj
                0x000000001000161c                uart_init
 .text.clocks_init
                0x00000000100017a4      0x2d0 CMakeFiles/join.dir/mnt/c/Users/siddk/Downloads/PicoPiFi/pico-sdk/src/rp2_common/hardware_clocks/clocks.c.obj
                0x00000000100017a4                clocks_init
 .text.clock_get_hz
                0x0000000010001a74        0xc CMakeFiles/join.dir/mnt/c/Users/siddk/Downloads/PicoPiFi/pico-sdk/src/rp2_common/hardware_clocks/clocks.c.obj
                0x0000000010001a74                clock_get_hz
 .text.pll_init
                0x0000000010001a80       0xa0 CMakeFiles/join.dir/mnt/c/Users/siddk/Downloads/PicoPiFi/pico-sdk/src/rp2_common/hardware_pll/pll.c.obj
                0x0000000010001a80                pll_init
 .text.watchdog_start_tick
                0x0000000010001b20       0x10 CMakeFiles/join.dir/mnt/c/Users/siddk/Downloads/PicoPiFi/pico-sdk/src/rp2_common/hardware_watchdog/watchdog.c.obj
                0x0000000010001b20                watchdog_start_tick
 .text.xosc_init
                0x0000000010001b30       0x28 CMakeFiles/join.dir/mnt/c/Users/siddk/Downloads/PicoPiFi/pico-sdk/src/rp2_common/hardware_xosc/xosc.c.obj
                0x0000000010001b30                xosc_init
 .text.runtime_init
                0x0000000010001b58       0xf0 CMakeFiles/join.dir/mnt/c/Users/siddk/Downloads/PicoPiFi/pico-sdk/src/rp2_common/pico_runtime/runtime.c.obj
                0x0000000010001b58                runtime_init
 .text._exit    0x0000000010001c48        0x4 CMakeFiles/join.dir/mnt/c/Users/siddk/Downloads/PicoPiFi/pico-sdk/src/rp2_common/pico_runtime/runtime.c.obj
                0x0000000010001c48                _exit
 .text.exit     0x0000000010001c4c        0x8 CMakeFiles/join.dir/mnt/c/Users/siddk/Downloads/PicoPiFi/pico-sdk/src/rp2_common/pico_runtime/runtime.c.obj
                0x0000000010001c4c                exit
 .text.panic    0x0000000010001c54       0x30 CMakeFiles/join.dir/mnt/c/Users/siddk/Downloads/PicoPiFi/pico-sdk/src/rp2_common/pico_runtime/runtime.c.obj
                0x0000000010001c54                panic
 .text.hard_assertion_failure
                0x0000000010001c84        0xc CMakeFiles/join.dir/mnt/c/Users/siddk/Downloads/PicoPiFi/pico-sdk/src/rp2_common/pico_runtime/runtime.c.obj
                0x0000000010001c84                hard_assertion_failure
 .text._out_buffer
                0x0000000010001c90        0x8 CMakeFiles/join.dir/mnt/c/Users/siddk/Downloads/PicoPiFi/pico-sdk/src/rp2_common/pico_printf/printf.c.obj
 .text._out_null
                0x0000000010001c98        0x4 CMakeFiles/join.dir/mnt/c/Users/siddk/Downloads/PicoPiFi/pico-sdk/src/rp2_common/pico_printf/printf.c.obj
 .text._out_rev
                0x0000000010001c9c       0x9c CMakeFiles/join.dir/mnt/c/Users/siddk/Downloads/PicoPiFi/pico-sdk/src/rp2_common/pico_printf/printf.c.obj
 .text._ntoa_format
                0x0000000010001d38      0x1cc CMakeFiles/join.dir/mnt/c/Users/siddk/Downloads/PicoPiFi/pico-sdk/src/rp2_common/pico_printf/printf.c.obj
 .text._out_char
                0x0000000010001f04       0x10 CMakeFiles/join.dir/mnt/c/Users/siddk/Downloads/PicoPiFi/pico-sdk/src/rp2_common/pico_printf/printf.c.obj
 .text._out_fct
                0x0000000010001f14       0x10 CMakeFiles/join.dir/mnt/c/Users/siddk/Downloads/PicoPiFi/pico-sdk/src/rp2_common/pico_printf/printf.c.obj
 .text._etoa    0x0000000010001f24      0x44c CMakeFiles/join.dir/mnt/c/Users/siddk/Downloads/PicoPiFi/pico-sdk/src/rp2_common/pico_printf/printf.c.obj
 .text._ftoa    0x0000000010002370      0x398 CMakeFiles/join.dir/mnt/c/Users/siddk/Downloads/PicoPiFi/pico-sdk/src/rp2_common/pico_printf/printf.c.obj
 .text._vsnprintf
                0x0000000010002708      0xb04 CMakeFiles/join.dir/mnt/c/Users/siddk/Downloads/PicoPiFi/pico-sdk/src/rp2_common/pico_printf/printf.c.obj
 .text.__wrap_sprintf
                0x000000001000320c       0x28 CMakeFiles/join.dir/mnt/c/Users/siddk/Downloads/PicoPiFi/pico-sdk/src/rp2_common/pico_printf/printf.c.obj
                0x000000001000320c                __wrap_sprintf
 .text.vfctprintf
                0x0000000010003234       0x20 CMakeFiles/join.dir/mnt/c/Users/siddk/Downloads/PicoPiFi/pico-sdk/src/rp2_common/pico_printf/printf.c.obj
                0x0000000010003234                vfctprintf
 .text.weak_raw_vprintf
                0x0000000010003254       0x30 CMakeFiles/join.dir/mnt/c/Users/siddk/Downloads/PicoPiFi/pico-sdk/src/rp2_common/pico_printf/printf.c.obj
                0x0000000010003254                weak_raw_vprintf
 .text          0x0000000010003284       0x10 CMakeFiles/join.dir/mnt/c/Users/siddk/Downloads/PicoPiFi/pico-sdk/src/rp2_common/pico_bit_ops/bit_ops_aeabi.S.obj
 .text.rom_func_lookup
                0x0000000010003294       0x10 CMakeFiles/join.dir/mnt/c/Users/siddk/Downloads/PicoPiFi/pico-sdk/src/rp2_common/pico_bootrom/bootrom.c.obj
                0x0000000010003294                rom_func_lookup
 .text.rom_data_lookup
                0x00000000100032a4       0x10 CMakeFiles/join.dir/mnt/c/Users/siddk/Downloads/PicoPiFi/pico-sdk/src/rp2_common/pico_bootrom/bootrom.c.obj
                0x00000000100032a4                rom_data_lookup
 .text.rom_funcs_lookup
                0x00000000100032b4       0x44 CMakeFiles/join.dir/mnt/c/Users/siddk/Downloads/PicoPiFi/pico-sdk/src/rp2_common/pico_bootrom/bootrom.c.obj
                0x00000000100032b4                rom_funcs_lookup
 .text.__wrap___aeabi_idiv
                0x00000000100032f8       0x50 CMakeFiles/join.dir/mnt/c/Users/siddk/Downloads/PicoPiFi/pico-sdk/src/rp2_common/pico_divider/divider.S.obj
                0x00000000100032f8                __wrap___aeabi_idivmod
                0x00000000100032f8                divmod_s32s32
                0x00000000100032f8                div_s32s32
                0x00000000100032f8                __wrap___aeabi_idiv
                0x0000000010003300                divmod_s32s32_unsafe
                0x000000001000332c                divmod_s32s32_savestate
 .text.__wrap___aeabi_uidiv
                0x0000000010003348       0x4c CMakeFiles/join.dir/mnt/c/Users/siddk/Downloads/PicoPiFi/pico-sdk/src/rp2_common/pico_divider/divider.S.obj
                0x0000000010003348                __wrap___aeabi_uidiv
                0x0000000010003348                __wrap___aeabi_uidivmod
                0x0000000010003348                div_u32u32
                0x0000000010003348                divmod_u32u32
                0x0000000010003350                divmod_u32u32_unsafe
                0x0000000010003378                divmod_u32u32_savestate
 .text.__wrap___aeabi_ldiv
                0x0000000010003394      0x424 CMakeFiles/join.dir/mnt/c/Users/siddk/Downloads/PicoPiFi/pico-sdk/src/rp2_common/pico_divider/divider.S.obj
                0x0000000010003394                div_s64s64
                0x0000000010003394                divmod_s64s64
                0x0000000010003394                __wrap___aeabi_ldivmod
                0x00000000100033c4                div_u64u64
                0x00000000100033c4                divmod_u64u64
                0x00000000100033c4                __wrap___aeabi_uldivmod
                0x00000000100033d4                divmod_u64u64_savestate
                0x00000000100033f4                divmod_s64s64_unsafe
                0x000000001000347c                divmod_u64u64_unsafe
 .text.__wrap___aeabi_darithmetic
                0x00000000100037b8       0x80 CMakeFiles/join.dir/mnt/c/Users/siddk/Downloads/PicoPiFi/pico-sdk/src/rp2_common/pico_double/double_aeabi.S.obj
                0x00000000100037b8                __wrap___aeabi_drsub
                0x00000000100037be                __wrap___aeabi_dsub
                0x00000000100037d0                __wrap___aeabi_dadd
                0x00000000100037e2                __wrap___aeabi_ddiv
                0x000000001000381e                __wrap___aeabi_dmul
 .text.__wrap___aeabi_cdcmple
                0x0000000010003838       0x6c CMakeFiles/join.dir/mnt/c/Users/siddk/Downloads/PicoPiFi/pico-sdk/src/rp2_common/pico_double/double_aeabi.S.obj
                0x0000000010003838                __wrap___aeabi_cdrcmple
                0x0000000010003848                __wrap___aeabi_cdcmple
                0x0000000010003848                __wrap___aeabi_cdcmpeq
 .text.__wrap___aeabi_dcmplt
                0x00000000100038a4        0xc CMakeFiles/join.dir/mnt/c/Users/siddk/Downloads/PicoPiFi/pico-sdk/src/rp2_common/pico_double/double_aeabi.S.obj
                0x00000000100038a4                __wrap___aeabi_dcmplt
 .text.__wrap___aeabi_dcmple
                0x00000000100038b0       0x10 CMakeFiles/join.dir/mnt/c/Users/siddk/Downloads/PicoPiFi/pico-sdk/src/rp2_common/pico_double/double_aeabi.S.obj
                0x00000000100038b0                __wrap___aeabi_dcmple
 .text.__wrap___aeabi_dcmpge
                0x00000000100038c0       0x10 CMakeFiles/join.dir/mnt/c/Users/siddk/Downloads/PicoPiFi/pico-sdk/src/rp2_common/pico_double/double_aeabi.S.obj
                0x00000000100038c0                __wrap___aeabi_dcmpge
 .text.__wrap___aeabi_dcmpgt
                0x00000000100038d0        0xa CMakeFiles/join.dir/mnt/c/Users/siddk/Downloads/PicoPiFi/pico-sdk/src/rp2_common/pico_double/double_aeabi.S.obj
                0x00000000100038d0                __wrap___aeabi_dcmpgt
 .text.__wrap___aeabi_dcmpun
                0x00000000100038da       0x1c CMakeFiles/join.dir/mnt/c/Users/siddk/Downloads/PicoPiFi/pico-sdk/src/rp2_common/pico_double/double_aeabi.S.obj
                0x00000000100038da                __wrap___aeabi_dcmpun
 *fill*         0x00000000100038f6        0x2 
 .text.__wrap___aeabi_i2d
                0x00000000100038f8       0x38 CMakeFiles/join.dir/mnt/c/Users/siddk/Downloads/PicoPiFi/pico-sdk/src/rp2_common/pico_double/double_aeabi.S.obj
                0x00000000100038f8                __wrap___aeabi_ui2d
                0x0000000010003900                __wrap___aeabi_i2d
 .text.__wrap___aeabi_d2iz
                0x0000000010003930       0x48 CMakeFiles/join.dir/mnt/c/Users/siddk/Downloads/PicoPiFi/pico-sdk/src/rp2_common/pico_double/double_aeabi.S.obj
                0x0000000010003930                __wrap___aeabi_d2iz
                0x0000000010003930                double2int_z
 .text.__wrap___aeabi_d2uiz
                0x0000000010003978       0x18 CMakeFiles/join.dir/mnt/c/Users/siddk/Downloads/PicoPiFi/pico-sdk/src/rp2_common/pico_double/double_aeabi.S.obj
                0x0000000010003978                double2uint
                0x0000000010003978                __wrap___aeabi_d2uiz
 .text.__aeabi_double_init
                0x0000000010003990       0x94 CMakeFiles/join.dir/mnt/c/Users/siddk/Downloads/PicoPiFi/pico-sdk/src/rp2_common/pico_double/double_init_rom.c.obj
                0x0000000010003990                __aeabi_double_init
 .text.double_table_shim_on_use_helper
                0x0000000010003a24       0x2c CMakeFiles/join.dir/mnt/c/Users/siddk/Downloads/PicoPiFi/pico-sdk/src/rp2_common/pico_double/double_v1_rom_shim.S.obj
                0x0000000010003a24                double_table_shim_on_use_helper
 .text.__wrap___aeabi_dsub
                0x0000000010003a50       0x10 CMakeFiles/join.dir/mnt/c/Users/siddk/Downloads/PicoPiFi/pico-sdk/src/rp2_common/pico_double/double_v1_rom_shim.S.obj
                0x0000000010003a50                drsub_shim
                0x0000000010003a56                dsub_shim
 .text.dadd_shim
                0x0000000010003a60      0x15c CMakeFiles/join.dir/mnt/c/Users/siddk/Downloads/PicoPiFi/pico-sdk/src/rp2_common/pico_double/double_v1_rom_shim.S.obj
                0x0000000010003a60                dadd_shim
 .text.dmul_shim
                0x0000000010003bbc      0x15c CMakeFiles/join.dir/mnt/c/Users/siddk/Downloads/PicoPiFi/pico-sdk/src/rp2_common/pico_double/double_v1_rom_shim.S.obj
                0x0000000010003bbc                dmul_shim
 .text.ddiv_shim
                0x0000000010003d18      0x1b0 CMakeFiles/join.dir/mnt/c/Users/siddk/Downloads/PicoPiFi/pico-sdk/src/rp2_common/pico_double/double_v1_rom_shim.S.obj
                0x0000000010003d18                ddiv_shim
 .text.double2uint_shim
                0x0000000010003ec8        0xe CMakeFiles/join.dir/mnt/c/Users/siddk/Downloads/PicoPiFi/pico-sdk/src/rp2_common/pico_double/double_v1_rom_shim.S.obj
                0x0000000010003ec8                double2uint_shim
                0x0000000010003eca                double2ufix_shim
 *fill*         0x0000000010003ed6        0x2 
 .text.double2uint64_shim
                0x0000000010003ed8       0x70 CMakeFiles/join.dir/mnt/c/Users/siddk/Downloads/PicoPiFi/pico-sdk/src/rp2_common/pico_double/double_v1_rom_shim.S.obj
                0x0000000010003ed8                double2uint64_shim
                0x0000000010003eda                double2ufix64_shim
                0x0000000010003efa                d2fix_a
 .text.dunpacks
                0x0000000010003f48       0x3c CMakeFiles/join.dir/mnt/c/Users/siddk/Downloads/PicoPiFi/pico-sdk/src/rp2_common/pico_double/double_v1_rom_shim.S.obj
                0x0000000010003f48                dunpacks
 .text.__aeabi_float_init
                0x0000000010003f84       0x64 CMakeFiles/join.dir/mnt/c/Users/siddk/Downloads/PicoPiFi/pico-sdk/src/rp2_common/pico_float/float_init_rom.c.obj
                0x0000000010003f84                __aeabi_float_init
 .text.float_table_shim_on_use_helper
                0x0000000010003fe8       0x2c CMakeFiles/join.dir/mnt/c/Users/siddk/Downloads/PicoPiFi/pico-sdk/src/rp2_common/pico_float/float_v1_rom_shim.S.obj
                0x0000000010003fe8                float_table_shim_on_use_helper
 .text          0x0000000010004014       0x10 CMakeFiles/join.dir/mnt/c/Users/siddk/Downloads/PicoPiFi/pico-sdk/src/rp2_common/pico_mem_ops/mem_ops_aeabi.S.obj
                0x0000000010004014                __aeabi_mem_init
 .text.memset   0x0000000010004024        0xc CMakeFiles/join.dir/mnt/c/Users/siddk/Downloads/PicoPiFi/pico-sdk/src/rp2_common/pico_mem_ops/mem_ops_aeabi.S.obj
                0x0000000010004024                __wrap_memset
 .text.memcpy   0x0000000010004030        0xc CMakeFiles/join.dir/mnt/c/Users/siddk/Downloads/PicoPiFi/pico-sdk/src/rp2_common/pico_mem_ops/mem_ops_aeabi.S.obj
                0x0000000010004030                __wrap___aeabi_memcpy
                0x0000000010004030                __wrap_memcpy
 .text.stdio_out_chars_no_crlf
                0x000000001000403c       0x10 CMakeFiles/join.dir/mnt/c/Users/siddk/Downloads/PicoPiFi/pico-sdk/src/rp2_common/pico_stdio/stdio.c.obj
 .text.stdio_out_chars_crlf
                0x000000001000404c       0xb4 CMakeFiles/join.dir/mnt/c/Users/siddk/Downloads/PicoPiFi/pico-sdk/src/rp2_common/pico_stdio/stdio.c.obj
 .text.stdio_buffered_printer
                0x0000000010004100       0x64 CMakeFiles/join.dir/mnt/c/Users/siddk/Downloads/PicoPiFi/pico-sdk/src/rp2_common/pico_stdio/stdio.c.obj
 .text.stdio_put_string.isra.0
                0x0000000010004164       0xfc CMakeFiles/join.dir/mnt/c/Users/siddk/Downloads/PicoPiFi/pico-sdk/src/rp2_common/pico_stdio/stdio.c.obj
 .text.__wrap_putchar
                0x0000000010004260       0x98 CMakeFiles/join.dir/mnt/c/Users/siddk/Downloads/PicoPiFi/pico-sdk/src/rp2_common/pico_stdio/stdio.c.obj
                0x0000000010004260                __wrap_putchar
 .text.__wrap_puts
                0x00000000100042f8       0x3c CMakeFiles/join.dir/mnt/c/Users/siddk/Downloads/PicoPiFi/pico-sdk/src/rp2_common/pico_stdio/stdio.c.obj
                0x00000000100042f8                __wrap_puts
 .text.stdio_set_driver_enabled
                0x0000000010004334       0x30 CMakeFiles/join.dir/mnt/c/Users/siddk/Downloads/PicoPiFi/pico-sdk/src/rp2_common/pico_stdio/stdio.c.obj
                0x0000000010004334                stdio_set_driver_enabled
 .text.__wrap_vprintf
                0x0000000010004364       0xd8 CMakeFiles/join.dir/mnt/c/Users/siddk/Downloads/PicoPiFi/pico-sdk/src/rp2_common/pico_stdio/stdio.c.obj
                0x0000000010004364                __wrap_vprintf
 .text.__wrap_printf
                0x000000001000443c       0x18 CMakeFiles/join.dir/mnt/c/Users/siddk/Downloads/PicoPiFi/pico-sdk/src/rp2_common/pico_stdio/stdio.c.obj
                0x000000001000443c                __wrap_printf
 .text.stdio_init_all
                0x0000000010004454        0xc CMakeFiles/join.dir/mnt/c/Users/siddk/Downloads/PicoPiFi/pico-sdk/src/rp2_common/pico_stdio/stdio.c.obj
                0x0000000010004454                stdio_init_all
 .text.stdio_uart_out_chars
                0x0000000010004460       0x4c CMakeFiles/join.dir/mnt/c/Users/siddk/Downloads/PicoPiFi/pico-sdk/src/rp2_common/pico_stdio_uart/stdio_uart.c.obj
 .text.stdio_uart_in_chars
                0x00000000100044ac       0x84 CMakeFiles/join.dir/mnt/c/Users/siddk/Downloads/PicoPiFi/pico-sdk/src/rp2_common/pico_stdio_uart/stdio_uart.c.obj
                0x00000000100044ac                stdio_uart_in_chars
 .text.on_uart_rx
                0x0000000010004530       0x28 CMakeFiles/join.dir/mnt/c/Users/siddk/Downloads/PicoPiFi/pico-sdk/src/rp2_common/pico_stdio_uart/stdio_uart.c.obj
 .text.stdio_uart_set_chars_available_callback
                0x0000000010004558       0x8c CMakeFiles/join.dir/mnt/c/Users/siddk/Downloads/PicoPiFi/pico-sdk/src/rp2_common/pico_stdio_uart/stdio_uart.c.obj
 .text.stdio_uart_init
                0x00000000100045e4       0x48 CMakeFiles/join.dir/mnt/c/Users/siddk/Downloads/PicoPiFi/pico-sdk/src/rp2_common/pico_stdio_uart/stdio_uart.c.obj
                0x00000000100045e4                stdio_uart_init
 .text.pio_claim_unused_sm
                0x000000001000462c       0x3c CMakeFiles/join.dir/mnt/c/Users/siddk/Downloads/PicoPiFi/pico-sdk/src/rp2_common/hardware_pio/pio.c.obj
                0x000000001000462c                pio_claim_unused_sm
 .text.pio_add_program
                0x0000000010004668       0xc8 CMakeFiles/join.dir/mnt/c/Users/siddk/Downloads/PicoPiFi/pico-sdk/src/rp2_common/hardware_pio/pio.c.obj
                0x0000000010004668                pio_add_program
 .text.pio_sm_set_consecutive_pindirs
                0x0000000010004730       0xb0 CMakeFiles/join.dir/mnt/c/Users/siddk/Downloads/PicoPiFi/pico-sdk/src/rp2_common/hardware_pio/pio.c.obj
                0x0000000010004730                pio_sm_set_consecutive_pindirs
 .text.pio_sm_init
                0x00000000100047e0       0x8c CMakeFiles/join.dir/mnt/c/Users/siddk/Downloads/PicoPiFi/pico-sdk/src/rp2_common/hardware_pio/pio.c.obj
                0x00000000100047e0                pio_sm_init
 .text.dma_claim_unused_channel
                0x000000001000486c       0x20 CMakeFiles/join.dir/mnt/c/Users/siddk/Downloads/PicoPiFi/pico-sdk/src/rp2_common/hardware_dma/dma.c.obj
                0x000000001000486c                dma_claim_unused_channel
 .text.io_init  0x000000001000488c       0x10 libpicowi.a(picowi_pico.c.obj)
                0x000000001000488c                io_init
 .text.io_set   0x000000001000489c       0x4c libpicowi.a(picowi_pico.c.obj)
                0x000000001000489c                io_set
 .text.io_out   0x00000000100048e8       0x14 libpicowi.a(picowi_pico.c.obj)
                0x00000000100048e8                io_out
 .text.io_in    0x00000000100048fc       0x10 libpicowi.a(picowi_pico.c.obj)
                0x00000000100048fc                io_in
 .text.usdelay  0x000000001000490c       0x18 libpicowi.a(picowi_pico.c.obj)
                0x000000001000490c                usdelay
 .text.ustimeout
                0x0000000010004924       0x24 libpicowi.a(picowi_pico.c.obj)
                0x0000000010004924                ustimeout
 .text.wifi_core_reset
                0x0000000010004948      0x110 libpicowi.a(picowi_init.c.obj)
                0x0000000010004948                wifi_core_reset
 .text.wifi_data_load
                0x0000000010004a58       0xac libpicowi.a(picowi_init.c.obj)
                0x0000000010004a58                wifi_data_load
 .text.wifi_set_led
                0x0000000010004b04       0x80 libpicowi.a(picowi_init.c.obj)
                0x0000000010004b04                wifi_set_led
 .text.disp_bytes
                0x0000000010004b84       0x30 libpicowi.a(picowi_init.c.obj)
                0x0000000010004b84                disp_bytes
 .text.display  0x0000000010004bb4       0x28 libpicowi.a(picowi_init.c.obj)
                0x0000000010004bb4                display
 .text.wifi_init
                0x0000000010004bdc      0x254 libpicowi.a(picowi_init.c.obj)
                0x0000000010004bdc                wifi_init
 .text.set_display_mode
                0x0000000010004e30        0xc libpicowi.a(picowi_init.c.obj)
                0x0000000010004e30                set_display_mode
 .text.wifi_spi_write
                0x0000000010004e3c       0xc4 libpicowi.a(picowi_wifi.c.obj)
                0x0000000010004e3c                wifi_spi_write
 .text.wifi_data_read
                0x0000000010004f00      0x188 libpicowi.a(picowi_wifi.c.obj)
                0x0000000010004f00                wifi_data_read
 .text.wifi_reg_read
                0x0000000010005088       0x90 libpicowi.a(picowi_wifi.c.obj)
                0x0000000010005088                wifi_reg_read
 .text.wifi_data_write
                0x0000000010005118       0xb0 libpicowi.a(picowi_wifi.c.obj)
                0x0000000010005118                wifi_data_write
 .text.wifi_reg_write
                0x00000000100051c8       0x90 libpicowi.a(picowi_wifi.c.obj)
                0x00000000100051c8                wifi_reg_write
 .text.wifi_rx_event_wait
                0x0000000010005258       0x60 libpicowi.a(picowi_wifi.c.obj)
                0x0000000010005258                wifi_rx_event_wait
 .text.wifi_pio_dma_init
                0x00000000100052b8       0xb8 libpicowi.a(picowi_wifi.c.obj)
                0x00000000100052b8                wifi_pio_dma_init
 .text.wifi_pio_init
                0x0000000010005370      0x110 libpicowi.a(picowi_wifi.c.obj)
                0x0000000010005370                wifi_pio_init
 .text.wifi_start
                0x0000000010005480      0x1c4 libpicowi.a(picowi_wifi.c.obj)
                0x0000000010005480                wifi_start
 .text.wifi_setup
                0x0000000010005644       0x80 libpicowi.a(picowi_wifi.c.obj)
                0x0000000010005644                wifi_setup
 .text.wifi_get_irq
                0x00000000100056c4       0x10 libpicowi.a(picowi_wifi.c.obj)
                0x00000000100056c4                wifi_get_irq
 .text.ioctl_cmd
                0x00000000100056d4      0x2bc libpicowi.a(picowi_ioctl.c.obj)
                0x00000000100056d4                ioctl_cmd
 .text.ioctl_set_uint32
                0x0000000010005990       0x2c libpicowi.a(picowi_ioctl.c.obj)
                0x0000000010005990                ioctl_set_uint32
 .text.ioctl_set_data2
                0x00000000100059bc       0x24 libpicowi.a(picowi_ioctl.c.obj)
                0x00000000100059bc                ioctl_set_data2
 .text.ioctl_get_data
                0x00000000100059e0       0x2c libpicowi.a(picowi_ioctl.c.obj)
                0x00000000100059e0                ioctl_get_data
 .text.ioctl_set_data
                0x0000000010005a0c       0x2c libpicowi.a(picowi_ioctl.c.obj)
                0x0000000010005a0c                ioctl_set_data
 .text.ioctl_wr_int32
                0x0000000010005a38       0x20 libpicowi.a(picowi_ioctl.c.obj)
                0x0000000010005a38                ioctl_wr_int32
 .text.ioctl_wr_data
                0x0000000010005a58       0x1c libpicowi.a(picowi_ioctl.c.obj)
                0x0000000010005a58                ioctl_wr_data
 .text.ioctl_err_display
                0x0000000010005a74       0x60 libpicowi.a(picowi_ioctl.c.obj)
                0x0000000010005a74                ioctl_err_display
 .text.events_enable
                0x0000000010005ad4       0x80 libpicowi.a(picowi_event.c.obj)
                0x0000000010005ad4                events_enable
 .text.add_event_handler
                0x0000000010005b54       0x38 libpicowi.a(picowi_event.c.obj)
                0x0000000010005b54                add_event_handler
 .text.event_read
                0x0000000010005b8c      0x130 libpicowi.a(picowi_event.c.obj)
                0x0000000010005b8c                event_read
 .text.event_poll
                0x0000000010005cbc      0x1b8 libpicowi.a(picowi_event.c.obj)
                0x0000000010005cbc                event_poll
 .text.join_restart
                0x0000000010005e74      0x1c4 libpicowi.a(picowi_join.c.obj)
                0x0000000010005e74                join_restart
 .text.join_event_handler
                0x0000000010006038       0xa8 libpicowi.a(picowi_join.c.obj)
                0x0000000010006038                join_event_handler
 .text.join_state_poll
                0x00000000100060e0      0x12c libpicowi.a(picowi_join.c.obj)
                0x00000000100060e0                join_state_poll
 .text.join_start
                0x000000001000620c      0x124 libpicowi.a(picowi_join.c.obj)
                0x000000001000620c                join_start
 .text.link_check
                0x0000000010006330       0x24 libpicowi.a(picowi_join.c.obj)
                0x0000000010006330                link_check
 .text          0x0000000010006354       0x5c /usr/lib/gcc/arm-none-eabi/10.3.1/../../../arm-none-eabi/lib/thumb/v6-m/nofp/libc.a(lib_a-strlen-stub.o)
                0x0000000010006354                strlen
 *(.fini)
 .fini          0x00000000100063b0        0x4 /usr/lib/gcc/arm-none-eabi/10.3.1/thumb/v6-m/nofp/crti.o
                0x00000000100063b0                _fini
 *fill*         0x00000000100063b4        0x4 
 .fini.__stub   0x00000000100063b8       0x40 linker stubs
 *crtbegin.o(.ctors)
 *crtbegin?.o(.ctors)
 *(EXCLUDE_FILE(*crtend.o *crtend?.o) .ctors)
 *(SORT_BY_NAME(.ctors.*))
 *(.ctors)
 *crtbegin.o(.dtors)
 *crtbegin?.o(.dtors)
 *(EXCLUDE_FILE(*crtend.o *crtend?.o) .dtors)
 *(SORT_BY_NAME(.dtors.*))
 *(.dtors)
 *(.eh_frame*)
 .eh_frame      0x00000000100063f8        0x0 /usr/lib/gcc/arm-none-eabi/10.3.1/thumb/v6-m/nofp/crtbegin.o
                0x00000000100063f8                . = ALIGN (0x4)

.glue_7         0x00000000100063f8        0x0
 .glue_7        0x00000000100063f8        0x0 linker stubs

.glue_7t        0x00000000100063f8        0x0
 .glue_7t       0x00000000100063f8        0x0 linker stubs

.vfp11_veneer   0x00000000100063f8        0x0
 .vfp11_veneer  0x00000000100063f8        0x0 linker stubs

.v4_bx          0x00000000100063f8        0x0
 .v4_bx         0x00000000100063f8        0x0 linker stubs

.iplt           0x00000000100063f8        0x0
 .iplt          0x00000000100063f8        0x0 /usr/lib/gcc/arm-none-eabi/10.3.1/thumb/v6-m/nofp/crtbegin.o

.rodata         0x00000000100063f8    0x37c88
 *(EXCLUDE_FILE(*libm.a: *libc.a:*lib_a-mem*.o *libgcc.a:) .rodata*)
 .rodata.main.str1.4
                0x00000000100063f8       0x84 CMakeFiles/join.dir/join.c.obj
 .rodata.hardware_alarm_claim.str1.4
                0x000000001000647c       0x22 CMakeFiles/join.dir/mnt/c/Users/siddk/Downloads/PicoPiFi/pico-sdk/src/rp2_common/hardware_timer/timer.c.obj
 *fill*         0x000000001000649e        0x2 
 .rodata.panic.str1.4
                0x00000000100064a0       0x12 CMakeFiles/join.dir/mnt/c/Users/siddk/Downloads/PicoPiFi/pico-sdk/src/rp2_common/pico_runtime/runtime.c.obj
 *fill*         0x00000000100064b2        0x2 
 .rodata.hard_assertion_failure.str1.4
                0x00000000100064b4        0xc CMakeFiles/join.dir/mnt/c/Users/siddk/Downloads/PicoPiFi/pico-sdk/src/rp2_common/pico_runtime/runtime.c.obj
 .rodata._ftoa.str1.4
                0x00000000100064c0       0x15 CMakeFiles/join.dir/mnt/c/Users/siddk/Downloads/PicoPiFi/pico-sdk/src/rp2_common/pico_printf/printf.c.obj
 *fill*         0x00000000100064d5        0x3 
 .rodata._vsnprintf
                0x00000000100064d8      0x1e0 CMakeFiles/join.dir/mnt/c/Users/siddk/Downloads/PicoPiFi/pico-sdk/src/rp2_common/pico_printf/printf.c.obj
 .rodata.pow10.0
                0x00000000100066b8       0x50 CMakeFiles/join.dir/mnt/c/Users/siddk/Downloads/PicoPiFi/pico-sdk/src/rp2_common/pico_printf/printf.c.obj
 .rodata.str1.4
                0x0000000010006708       0x3c CMakeFiles/join.dir/mnt/c/Users/siddk/Downloads/PicoPiFi/pico-sdk/src/rp2_common/pico_standard_link/binary_info.c.obj
 .rodata.__bi_44
                0x0000000010006744        0xc CMakeFiles/join.dir/mnt/c/Users/siddk/Downloads/PicoPiFi/pico-sdk/src/rp2_common/pico_standard_link/binary_info.c.obj
 .rodata.__bi_75
                0x0000000010006750        0xc CMakeFiles/join.dir/mnt/c/Users/siddk/Downloads/PicoPiFi/pico-sdk/src/rp2_common/pico_standard_link/binary_info.c.obj
 .rodata.__bi_81
                0x000000001000675c        0xc CMakeFiles/join.dir/mnt/c/Users/siddk/Downloads/PicoPiFi/pico-sdk/src/rp2_common/pico_standard_link/binary_info.c.obj
 .rodata.crlf_str.0
                0x0000000010006768        0x2 CMakeFiles/join.dir/mnt/c/Users/siddk/Downloads/PicoPiFi/pico-sdk/src/rp2_common/pico_stdio/stdio.c.obj
 *fill*         0x000000001000676a        0x2 
 .rodata.str1.4
                0x000000001000676c       0x2c CMakeFiles/join.dir/mnt/c/Users/siddk/Downloads/PicoPiFi/pico-sdk/src/rp2_common/pico_stdio_uart/stdio_uart.c.obj
 .rodata.__bi_33.4
                0x0000000010006798        0xc CMakeFiles/join.dir/mnt/c/Users/siddk/Downloads/PicoPiFi/pico-sdk/src/rp2_common/pico_stdio_uart/stdio_uart.c.obj
 .rodata.__bi_34.5
                0x00000000100067a4        0x8 CMakeFiles/join.dir/mnt/c/Users/siddk/Downloads/PicoPiFi/pico-sdk/src/rp2_common/pico_stdio_uart/stdio_uart.c.obj
 .rodata.pio_claim_unused_sm.str1.4
                0x00000000100067ac       0x24 CMakeFiles/join.dir/mnt/c/Users/siddk/Downloads/PicoPiFi/pico-sdk/src/rp2_common/hardware_pio/pio.c.obj
 .rodata.pio_add_program.str1.4
                0x00000000100067d0       0x11 CMakeFiles/join.dir/mnt/c/Users/siddk/Downloads/PicoPiFi/pico-sdk/src/rp2_common/hardware_pio/pio.c.obj
 *fill*         0x00000000100067e1        0x3 
 .rodata.dma_claim_unused_channel.str1.4
                0x00000000100067e4       0x1e CMakeFiles/join.dir/mnt/c/Users/siddk/Downloads/PicoPiFi/pico-sdk/src/rp2_common/hardware_dma/dma.c.obj
 *fill*         0x0000000010006802        0x2 
 .rodata.wifi_clm_load.str1.4
                0x0000000010006804        0x8 libpicowi.a(picowi_init.c.obj)
 .rodata.mac_addr_str.str1.4
                0x000000001000680c       0x1e libpicowi.a(picowi_init.c.obj)
 *fill*         0x000000001000682a        0x2 
 .rodata.disp_bytes.str1.4
                0x000000001000682c        0x6 libpicowi.a(picowi_init.c.obj)
 *fill*         0x0000000010006832        0x2 
 .rodata.wifi_init.str1.4
                0x0000000010006834       0x7c libpicowi.a(picowi_init.c.obj)
 .rodata.wifi_reg_read.str1.4
                0x00000000100068b0       0x37 libpicowi.a(picowi_wifi.c.obj)
 *fill*         0x00000000100068e7        0x1 
 .rodata.wifi_reg_write.str1.4
                0x00000000100068e8       0x27 libpicowi.a(picowi_wifi.c.obj)
 *fill*         0x000000001000690f        0x1 
 .rodata.wifi_start.str1.4
                0x0000000010006910       0x53 libpicowi.a(picowi_wifi.c.obj)
 *fill*         0x0000000010006963        0x1 
 .rodata.picowi_pio_program
                0x0000000010006964        0x6 libpicowi.a(picowi_wifi.c.obj)
 *fill*         0x000000001000696a        0x2 
 .rodata.picowi_pio_program_instructions
                0x000000001000696c       0x32 libpicowi.a(picowi_wifi.c.obj)
 *fill*         0x000000001000699e        0x2 
 .rodata.ioctl_cmd.str1.4
                0x00000000100069a0       0x73 libpicowi.a(picowi_ioctl.c.obj)
                                         0x7b (size before relaxing)
 *fill*         0x0000000010006a13        0x1 
 .rodata.ioctl_err_display.str1.4
                0x0000000010006a14       0x24 libpicowi.a(picowi_ioctl.c.obj)
 .rodata.events_enable.str1.4
                0x0000000010006a38       0x12 libpicowi.a(picowi_event.c.obj)
 *fill*         0x0000000010006a4a        0x2 
 .rodata.event_read.str1.4
                0x0000000010006a4c       0x55 libpicowi.a(picowi_event.c.obj)
 *fill*         0x0000000010006aa1        0x3 
 .rodata.event_poll.str1.4
                0x0000000010006aa4       0x58 libpicowi.a(picowi_event.c.obj)
                                         0x5c (size before relaxing)
 .rodata.join_restart.str1.4
                0x0000000010006afc       0x73 libpicowi.a(picowi_join.c.obj)
 *fill*         0x0000000010006b6f        0x1 
 .rodata.join_state_poll.str1.4
                0x0000000010006b70       0x4d libpicowi.a(picowi_join.c.obj)
 *fill*         0x0000000010006bbd        0x3 
 .rodata.join_start.str1.4
                0x0000000010006bc0       0x53 libpicowi.a(picowi_join.c.obj)
 *fill*         0x0000000010006c13        0x1 
 .rodata.str1.4
                0x0000000010006c14       0xaf libpicowi.a(picowi_join.c.obj)
                                         0xb3 (size before relaxing)
 *fill*         0x0000000010006cc3        0x1 
 .rodata        0x0000000010006cc4       0x21 libpicowi.a(picowi_join.c.obj)
 *fill*         0x0000000010006ce5        0x3 
 .rodata.country_data
                0x0000000010006ce8       0x14 libpicowi.a(picowi_join.c.obj)
                0x0000000010006ce8                country_data
 .rodata.join_evts
                0x0000000010006cfc       0x60 libpicowi.a(picowi_join.c.obj)
                0x0000000010006cfc                join_evts
 .rodata.mcast_addr
                0x0000000010006d5c       0x3c libpicowi.a(picowi_join.c.obj)
                0x0000000010006d5c                mcast_addr
 .rodata.fw_clm_data
                0x0000000010006d98      0x3dc libpicowi.a(fw_43439.c.obj)
                0x0000000010006d98                fw_clm_data
 .rodata.fw_clm_len
                0x0000000010007174        0x4 libpicowi.a(fw_43439.c.obj)
                0x0000000010007174                fw_clm_len
 .rodata.fw_firmware_data
                0x0000000010007178    0x36c00 libpicowi.a(fw_43439.c.obj)
                0x0000000010007178                fw_firmware_data
 .rodata.fw_firmware_len
                0x000000001003dd78        0x4 libpicowi.a(fw_43439.c.obj)
                0x000000001003dd78                fw_firmware_len
 .rodata.fw_nvram_data
                0x000000001003dd7c      0x300 libpicowi.a(fw_43439.c.obj)
                0x000000001003dd7c                fw_nvram_data
 .rodata.fw_nvram_len
                0x000000001003e07c        0x4 libpicowi.a(fw_43439.c.obj)
                0x000000001003e07c                fw_nvram_len
                0x000000001003e080                . = ALIGN (0x4)
 *(SORT_BY_ALIGNMENT(SORT_BY_NAME(.flashdata*)))
                0x000000001003e080                . = ALIGN (0x4)

.ARM.extab
 *(.ARM.extab* .gnu.linkonce.armextab.*)
                0x000000001003e080                __exidx_start = .

.ARM.exidx
 *(.ARM.exidx* .gnu.linkonce.armexidx.*)
                0x000000001003e080                __exidx_end = .
                0x000000001003e080                . = ALIGN (0x4)
                0x000000001003e080                __binary_info_start = .

.binary_info    0x000000001003e080       0x24
 *(.binary_info.keep.*)
 .binary_info.keep.__bi_ptr22
                0x000000001003e080        0x4 CMakeFiles/join.dir/mnt/c/Users/siddk/Downloads/PicoPiFi/pico-sdk/src/rp2_common/pico_standard_link/binary_info.c.obj
 .binary_info.keep.__bi_ptr30
                0x000000001003e084        0x4 CMakeFiles/join.dir/mnt/c/Users/siddk/Downloads/PicoPiFi/pico-sdk/src/rp2_common/pico_standard_link/binary_info.c.obj
 .binary_info.keep.__bi_ptr38
                0x000000001003e088        0x4 CMakeFiles/join.dir/mnt/c/Users/siddk/Downloads/PicoPiFi/pico-sdk/src/rp2_common/pico_standard_link/binary_info.c.obj
 .binary_info.keep.__bi_ptr44
                0x000000001003e08c        0x4 CMakeFiles/join.dir/mnt/c/Users/siddk/Downloads/PicoPiFi/pico-sdk/src/rp2_common/pico_standard_link/binary_info.c.obj
 .binary_info.keep.__bi_ptr50
                0x000000001003e090        0x4 CMakeFiles/join.dir/mnt/c/Users/siddk/Downloads/PicoPiFi/pico-sdk/src/rp2_common/pico_standard_link/binary_info.c.obj
 .binary_info.keep.__bi_ptr75
                0x000000001003e094        0x4 CMakeFiles/join.dir/mnt/c/Users/siddk/Downloads/PicoPiFi/pico-sdk/src/rp2_common/pico_standard_link/binary_info.c.obj
 .binary_info.keep.__bi_ptr81
                0x000000001003e098        0x4 CMakeFiles/join.dir/mnt/c/Users/siddk/Downloads/PicoPiFi/pico-sdk/src/rp2_common/pico_standard_link/binary_info.c.obj
 *(.binary_info.*)
 .binary_info.__bi_ptr33
                0x000000001003e09c        0x4 CMakeFiles/join.dir/mnt/c/Users/siddk/Downloads/PicoPiFi/pico-sdk/src/rp2_common/pico_stdio_uart/stdio_uart.c.obj
 .binary_info.__bi_ptr34
                0x000000001003e0a0        0x4 CMakeFiles/join.dir/mnt/c/Users/siddk/Downloads/PicoPiFi/pico-sdk/src/rp2_common/pico_stdio_uart/stdio_uart.c.obj
                0x000000001003e0a4                __binary_info_end = .

.rel.dyn        0x000000001003e0a4        0x0
 .rel.iplt      0x000000001003e0a4        0x0 /usr/lib/gcc/arm-none-eabi/10.3.1/thumb/v6-m/nofp/crtbegin.o
                0x000000001003e0a4                . = ALIGN (0x4)

.ram_vector_table
                0x0000000020000000       0xc0
 *(.ram_vector_table)
 .ram_vector_table
                0x0000000020000000       0xc0 CMakeFiles/join.dir/mnt/c/Users/siddk/Downloads/PicoPiFi/pico-sdk/src/rp2_common/pico_runtime/runtime.c.obj
                0x0000000020000000                ram_vector_table

.data           0x00000000200000c0      0x1b4 load address 0x000000001003e0a4
                0x00000000200000c0                __data_start__ = .
 *(vtable)
 *(.time_critical*)
 .time_critical.mutex_try_enter_block_until
                0x00000000200000c0       0x9c CMakeFiles/join.dir/mnt/c/Users/siddk/Downloads/PicoPiFi/pico-sdk/src/common/pico_sync/mutex.c.obj
                0x00000000200000c0                mutex_try_enter_block_until
 .time_critical.mutex_exit
                0x000000002000015c       0x28 CMakeFiles/join.dir/mnt/c/Users/siddk/Downloads/PicoPiFi/pico-sdk/src/common/pico_sync/mutex.c.obj
                0x000000002000015c                mutex_exit
 *(.text*)
 .text          0x0000000020000184        0x4 /usr/lib/gcc/arm-none-eabi/10.3.1/thumb/v6-m/nofp/libgcc.a(_dvmd_tls.o)
                0x0000000020000184                __aeabi_ldiv0
                0x0000000020000184                __aeabi_idiv0
 .text.__stub   0x0000000020000188       0x10 linker stubs
                0x0000000020000198                . = ALIGN (0x4)
 *(.rodata*)
                0x0000000020000198                . = ALIGN (0x4)
 *(.data*)
 .data.striped_spin_lock_num
                0x0000000020000198        0x1 CMakeFiles/join.dir/mnt/c/Users/siddk/Downloads/PicoPiFi/pico-sdk/src/rp2_common/hardware_sync/sync.c.obj
 *fill*         0x0000000020000199        0x3 
 .data          0x000000002000019c       0x48 CMakeFiles/join.dir/mnt/c/Users/siddk/Downloads/PicoPiFi/pico-sdk/src/rp2_common/hardware_irq/irq_handler_chain.S.obj
                0x000000002000019c                irq_handler_chain_slots
                0x00000000200001cc                irq_handler_chain_first_slot
                0x00000000200001d6                irq_handler_chain_remove_tail
 .data.default_alarm_pool
                0x00000000200001e4       0x18 CMakeFiles/join.dir/mnt/c/Users/siddk/Downloads/PicoPiFi/pico-sdk/src/common/pico_time/time.c.obj
 .data.default_alarm_pool_heap
                0x00000000200001fc       0x10 CMakeFiles/join.dir/mnt/c/Users/siddk/Downloads/PicoPiFi/pico-sdk/src/common/pico_time/time.c.obj
 *fill*         0x000000002000020c        0x4 
 .data.aeabi_bits_funcs
                0x0000000020000210       0x10 CMakeFiles/join.dir/mnt/c/Users/siddk/Downloads/PicoPiFi/pico-sdk/src/rp2_common/pico_bit_ops/bit_ops_aeabi.S.obj
                0x0000000020000210                aeabi_bits_funcs
                0x0000000020000220                aeabi_bits_funcs_end
 .data.aeabi_mem_funcs
                0x0000000020000220       0x10 CMakeFiles/join.dir/mnt/c/Users/siddk/Downloads/PicoPiFi/pico-sdk/src/rp2_common/pico_mem_ops/mem_ops_aeabi.S.obj
                0x0000000020000220                aeabi_mem_funcs
                0x0000000020000230                aeabi_mem_funcs_end
 .data.stdio_uart
                0x0000000020000230       0x18 CMakeFiles/join.dir/mnt/c/Users/siddk/Downloads/PicoPiFi/pico-sdk/src/rp2_common/pico_stdio_uart/stdio_uart.c.obj
                0x0000000020000230                stdio_uart
 .data.wifi_pio
                0x0000000020000248        0x4 libpicowi.a(picowi_wifi.c.obj)
                0x0000000020000248                wifi_pio
 .data.ioctl_reqid
                0x000000002000024c        0x2 libpicowi.a(picowi_ioctl.c.obj)
                0x000000002000024c                ioctl_reqid
 .data.sd_tx_seq
                0x000000002000024e        0x1 libpicowi.a(picowi_ioctl.c.obj)
                0x000000002000024e                sd_tx_seq
 *fill*         0x000000002000024f        0x1 
 .data.p.1      0x0000000020000250        0x4 libpicowi.a(picowi_join.c.obj)
 .data.s.2      0x0000000020000254        0x4 libpicowi.a(picowi_join.c.obj)
                0x0000000020000258                . = ALIGN (0x4)
 *(.after_data.*)
                0x0000000020000258                . = ALIGN (0x4)
                0x0000000020000258                PROVIDE (__mutex_array_start = .)
 *(SORT_BY_NAME(.mutex_array.*))
 *(.mutex_array)
 .mutex_array   0x0000000020000258        0x8 CMakeFiles/join.dir/mnt/c/Users/siddk/Downloads/PicoPiFi/pico-sdk/src/rp2_common/pico_stdio/stdio.c.obj
                0x0000000020000260                PROVIDE (__mutex_array_end = .)
                0x0000000020000260                . = ALIGN (0x4)
                0x0000000020000260                PROVIDE (__preinit_array_start = .)
 *(SORT_BY_NAME(.preinit_array.*))
 .preinit_array.00001
                0x0000000020000260        0x4 CMakeFiles/join.dir/mnt/c/Users/siddk/Downloads/PicoPiFi/pico-sdk/src/rp2_common/pico_mem_ops/mem_ops_aeabi.S.obj
 .preinit_array.00010
                0x0000000020000264        0x4 CMakeFiles/join.dir/mnt/c/Users/siddk/Downloads/PicoPiFi/pico-sdk/src/rp2_common/pico_bit_ops/bit_ops_aeabi.S.obj
 .preinit_array.00020
                0x0000000020000268        0x4 CMakeFiles/join.dir/mnt/c/Users/siddk/Downloads/PicoPiFi/pico-sdk/src/rp2_common/pico_double/double_aeabi.S.obj
 .preinit_array.00020
                0x000000002000026c        0x4 CMakeFiles/join.dir/mnt/c/Users/siddk/Downloads/PicoPiFi/pico-sdk/src/rp2_common/pico_float/float_aeabi.S.obj
 *(.preinit_array)
                0x0000000020000270                PROVIDE (__preinit_array_end = .)
                0x0000000020000270                . = ALIGN (0x4)
                0x0000000020000270                PROVIDE (__init_array_start = .)
 *(SORT_BY_NAME(.init_array.*))
 *(.init_array)
 .init_array    0x0000000020000270        0x4 /usr/lib/gcc/arm-none-eabi/10.3.1/thumb/v6-m/nofp/crtbegin.o
                0x0000000020000274                PROVIDE (__init_array_end = .)
                0x0000000020000274                . = ALIGN (0x4)
                0x0000000020000274                PROVIDE (__fini_array_start = .)
 *(SORT_BY_NAME(.fini_array.*))
 *(.fini_array)
                0x0000000020000274                PROVIDE (__fini_array_end = .)
 *(.jcr)
                0x0000000020000274                . = ALIGN (0x4)
                0x0000000020000274                __data_end__ = .
                0x000000001003e0a4                __etext = LOADADDR (.data)

.tm_clone_table
                0x0000000020000274        0x0 load address 0x000000001003e258
 .tm_clone_table
                0x0000000020000274        0x0 /usr/lib/gcc/arm-none-eabi/10.3.1/thumb/v6-m/nofp/crtbegin.o
 .tm_clone_table
                0x0000000020000274        0x0 /usr/lib/gcc/arm-none-eabi/10.3.1/thumb/v6-m/nofp/crtend.o

.igot.plt       0x0000000020000274        0x0 load address 0x000000001003e258
 .igot.plt      0x0000000020000274        0x0 /usr/lib/gcc/arm-none-eabi/10.3.1/thumb/v6-m/nofp/crtbegin.o

.uninitialized_data
                0x0000000020000274        0x0 load address 0x000000001003e258
                0x0000000020000274                . = ALIGN (0x4)
 *(.uninitialized_data*)

.scratch_x      0x0000000020040000        0x0 load address 0x000000001003e258
                0x0000000020040000                __scratch_x_start__ = .
 *(.scratch_x.*)
                0x0000000020040000                . = ALIGN (0x4)
                0x0000000020040000                __scratch_x_end__ = .
                0x000000001003e258                __scratch_x_source__ = LOADADDR (.scratch_x)

.scratch_y      0x0000000020041000        0x0 load address 0x000000001003e258
                0x0000000020041000                __scratch_y_start__ = .
 *(.scratch_y.*)
                0x0000000020041000                . = ALIGN (0x4)
                0x0000000020041000                __scratch_y_end__ = .
                0x000000001003e258                __scratch_y_source__ = LOADADDR (.scratch_y)

.bss            0x0000000020000278     0x17d0
                0x0000000020000278                . = ALIGN (0x4)
                0x0000000020000278                __bss_start__ = .
 *(SORT_BY_ALIGNMENT(SORT_BY_NAME(.bss*)))
 .bss.default_alarm_pool_entries
                0x0000000020000278      0x100 CMakeFiles/join.dir/mnt/c/Users/siddk/Downloads/PicoPiFi/pico-sdk/src/common/pico_time/time.c.obj
 .bss.sd_table  0x0000000020000378      0x100 CMakeFiles/join.dir/mnt/c/Users/siddk/Downloads/PicoPiFi/pico-sdk/src/rp2_common/pico_double/double_init_rom.c.obj
                0x0000000020000378                sd_table
 .bss.sf_table  0x0000000020000478      0x100 CMakeFiles/join.dir/mnt/c/Users/siddk/Downloads/PicoPiFi/pico-sdk/src/rp2_common/pico_float/float_init_rom.c.obj
                0x0000000020000478                sf_table
 .bss           0x0000000020000578       0x1c /usr/lib/gcc/arm-none-eabi/10.3.1/thumb/v6-m/nofp/crtbegin.o
 .bss._used_instruction_space
                0x0000000020000594        0x8 CMakeFiles/join.dir/mnt/c/Users/siddk/Downloads/PicoPiFi/pico-sdk/src/rp2_common/hardware_pio/pio.c.obj
 .bss.alarm_callbacks
                0x000000002000059c       0x10 CMakeFiles/join.dir/mnt/c/Users/siddk/Downloads/PicoPiFi/pico-sdk/src/rp2_common/hardware_timer/timer.c.obj
 .bss.chars_available_callback
                0x00000000200005ac        0x4 CMakeFiles/join.dir/mnt/c/Users/siddk/Downloads/PicoPiFi/pico-sdk/src/rp2_common/pico_stdio_uart/stdio_uart.c.obj
 .bss.chars_available_param
                0x00000000200005b0        0x4 CMakeFiles/join.dir/mnt/c/Users/siddk/Downloads/PicoPiFi/pico-sdk/src/rp2_common/pico_stdio_uart/stdio_uart.c.obj
 .bss.configured_freq
                0x00000000200005b4       0x28 CMakeFiles/join.dir/mnt/c/Users/siddk/Downloads/PicoPiFi/pico-sdk/src/rp2_common/hardware_clocks/clocks.c.obj
 .bss.current_evts
                0x00000000200005dc        0x4 libpicowi.a(picowi_event.c.obj)
                0x00000000200005dc                current_evts
 .bss.default_alarm_pool_entry_ids_high
                0x00000000200005e0       0x10 CMakeFiles/join.dir/mnt/c/Users/siddk/Downloads/PicoPiFi/pico-sdk/src/common/pico_time/time.c.obj
 .bss.default_alarm_pool_heap_nodes
                0x00000000200005f0       0x30 CMakeFiles/join.dir/mnt/c/Users/siddk/Downloads/PicoPiFi/pico-sdk/src/common/pico_time/time.c.obj
 .bss.display_mode
                0x0000000020000620        0x4 libpicowi.a(picowi_init.c.obj)
                0x0000000020000620                display_mode
 .bss.drivers   0x0000000020000624        0x4 CMakeFiles/join.dir/mnt/c/Users/siddk/Downloads/PicoPiFi/pico-sdk/src/rp2_common/pico_stdio/stdio.c.obj
 .bss.event_handlers
                0x0000000020000628       0x50 libpicowi.a(picowi_event.c.obj)
                0x0000000020000628                event_handlers
 .bss.event_info
                0x0000000020000678       0x28 libpicowi.a(picowi_event.c.obj)
                0x0000000020000678                event_info
 .bss.event_mask
                0x00000000200006a0       0x1a libpicowi.a(picowi_event.c.obj)
                0x00000000200006a0                event_mask
 *fill*         0x00000000200006ba        0x2 
 .bss.event_ports
                0x00000000200006bc       0x28 libpicowi.a(picowi_event.c.obj)
                0x00000000200006bc                event_ports
 .bss.filter    0x00000000200006e4        0x4 CMakeFiles/join.dir/mnt/c/Users/siddk/Downloads/PicoPiFi/pico-sdk/src/rp2_common/pico_stdio/stdio.c.obj
 .bss.ioctl_rxmsg
                0x00000000200006e8      0x65c libpicowi.a(picowi_ioctl.c.obj)
                0x00000000200006e8                ioctl_rxmsg
 .bss.ioctl_txmsg
                0x0000000020000d44      0x65c libpicowi.a(picowi_ioctl.c.obj)
                0x0000000020000d44                ioctl_txmsg
 .bss.join_ticks.0
                0x00000000200013a0        0x4 libpicowi.a(picowi_join.c.obj)
 .bss.lastaddr.1
                0x00000000200013a4        0x4 libpicowi.a(picowi_init.c.obj)
 .bss.lazy_vsnprintf
                0x00000000200013a8        0x4 CMakeFiles/join.dir/mnt/c/Users/siddk/Downloads/PicoPiFi/pico-sdk/src/rp2_common/pico_printf/printf.c.obj
 .bss.my_mac    0x00000000200013ac        0x6 libpicowi.a(picowi_init.c.obj)
                0x00000000200013ac                my_mac
 *fill*         0x00000000200013b2        0x2 
 .bss.num_handlers
                0x00000000200013b4        0x4 libpicowi.a(picowi_event.c.obj)
                0x00000000200013b4                num_handlers
 .bss.pools     0x00000000200013b8       0x10 CMakeFiles/join.dir/mnt/c/Users/siddk/Downloads/PicoPiFi/pico-sdk/src/common/pico_time/time.c.obj
 .bss.rxdata    0x00000000200013c8      0x640 libpicowi.a(picowi_event.c.obj)
                0x00000000200013c8                rxdata
 .bss.sf_clz_func
                0x0000000020001a08        0x4 CMakeFiles/join.dir/mnt/c/Users/siddk/Downloads/PicoPiFi/pico-sdk/src/rp2_common/pico_double/double_init_rom.c.obj
                0x0000000020001a08                sf_clz_func
 .bss.sleep_notifier
                0x0000000020001a0c        0x4 CMakeFiles/join.dir/mnt/c/Users/siddk/Downloads/PicoPiFi/pico-sdk/src/common/pico_time/time.c.obj
 .bss.target_hi
                0x0000000020001a10       0x10 CMakeFiles/join.dir/mnt/c/Users/siddk/Downloads/PicoPiFi/pico-sdk/src/rp2_common/hardware_timer/timer.c.obj
 .bss.uart_char_to_line_feed
                0x0000000020001a20        0x4 CMakeFiles/join.dir/mnt/c/Users/siddk/Downloads/PicoPiFi/pico-sdk/src/rp2_common/hardware_uart/uart.c.obj
                0x0000000020001a20                uart_char_to_line_feed
 .bss.uart_instance
                0x0000000020001a24        0x4 CMakeFiles/join.dir/mnt/c/Users/siddk/Downloads/PicoPiFi/pico-sdk/src/rp2_common/pico_stdio_uart/stdio_uart.c.obj
 .bss.wifi_rx_dma_chan
                0x0000000020001a28        0x4 libpicowi.a(picowi_wifi.c.obj)
                0x0000000020001a28                wifi_rx_dma_chan
 .bss.wifi_rx_dma_dreq
                0x0000000020001a2c        0x4 libpicowi.a(picowi_wifi.c.obj)
                0x0000000020001a2c                wifi_rx_dma_dreq
 .bss.wifi_sm   0x0000000020001a30        0x4 libpicowi.a(picowi_wifi.c.obj)
                0x0000000020001a30                wifi_sm
 .bss.wifi_tx_dma_chan
                0x0000000020001a34        0x4 libpicowi.a(picowi_wifi.c.obj)
                0x0000000020001a34                wifi_tx_dma_chan
 .bss.wifi_tx_dma_dreq
                0x0000000020001a38        0x4 libpicowi.a(picowi_wifi.c.obj)
                0x0000000020001a38                wifi_tx_dma_dreq
 .bss.wifi_txfifo
                0x0000000020001a3c        0x4 libpicowi.a(picowi_wifi.c.obj)
                0x0000000020001a3c                wifi_txfifo
 .bss._claimed  0x0000000020001a40        0x2 CMakeFiles/join.dir/mnt/c/Users/siddk/Downloads/PicoPiFi/pico-sdk/src/rp2_common/hardware_dma/dma.c.obj
 .bss.claimed   0x0000000020001a42        0x1 CMakeFiles/join.dir/mnt/c/Users/siddk/Downloads/PicoPiFi/pico-sdk/src/rp2_common/hardware_timer/timer.c.obj
 .bss.claimed   0x0000000020001a43        0x1 CMakeFiles/join.dir/mnt/c/Users/siddk/Downloads/PicoPiFi/pico-sdk/src/rp2_common/hardware_pio/pio.c.obj
 .bss.init.0    0x0000000020001a44        0x1 libpicowi.a(picowi_init.c.obj)
 .bss.irq_hander_chain_free_slot_head
                0x0000000020001a45        0x1 CMakeFiles/join.dir/mnt/c/Users/siddk/Downloads/PicoPiFi/pico-sdk/src/rp2_common/hardware_irq/irq.c.obj
 .bss.timer_callbacks_pending
                0x0000000020001a46        0x1 CMakeFiles/join.dir/mnt/c/Users/siddk/Downloads/PicoPiFi/pico-sdk/src/rp2_common/hardware_timer/timer.c.obj
 *(COMMON)
                0x0000000020001a48                . = ALIGN (0x4)
 *fill*         0x0000000020001a47        0x1 
                0x0000000020001a48                __bss_end__ = .

.heap           0x0000000020001a48      0x800
                0x0000000020001a48                __end__ = .
                0x0000000020001a48                end = __end__
 *(.heap*)
 .heap          0x0000000020001a48      0x800 CMakeFiles/join.dir/mnt/c/Users/siddk/Downloads/PicoPiFi/pico-sdk/src/rp2_common/pico_standard_link/crt0.S.obj
                0x0000000020002248                __HeapLimit = .

.stack1_dummy   0x0000000020040000        0x0
 *(.stack1*)

.stack_dummy    0x0000000020041000      0x800
 *(.stack*)
 .stack         0x0000000020041000      0x800 CMakeFiles/join.dir/mnt/c/Users/siddk/Downloads/PicoPiFi/pico-sdk/src/rp2_common/pico_standard_link/crt0.S.obj

.flash_end      0x000000001003e258        0x0
                0x000000001003e258                PROVIDE (__flash_binary_end = .)
                0x0000000020040000                __StackLimit = (ORIGIN (RAM) + LENGTH (RAM))
                0x0000000020041000                __StackOneTop = (ORIGIN (SCRATCH_X) + LENGTH (SCRATCH_X))
                0x0000000020042000                __StackTop = (ORIGIN (SCRATCH_Y) + LENGTH (SCRATCH_Y))
                0x0000000020041000                __StackOneBottom = (__StackOneTop - SIZEOF (.stack1_dummy))
                0x0000000020041800                __StackBottom = (__StackTop - SIZEOF (.stack_dummy))
                0x0000000020042000                PROVIDE (__stack = __StackTop)
                0x0000000000000001                ASSERT ((__StackLimit >= __HeapLimit), region RAM overflowed)
                0x0000000000000001                ASSERT (((__binary_info_header_end - __logical_binary_start) <= 0x100), Binary info must be in first 256 bytes of the binary)
LOAD CMakeFiles/join.dir/join.c.obj
LOAD CMakeFiles/join.dir/mnt/c/Users/siddk/Downloads/PicoPiFi/pico-sdk/src/rp2_common/pico_stdlib/stdlib.c.obj
LOAD CMakeFiles/join.dir/mnt/c/Users/siddk/Downloads/PicoPiFi/pico-sdk/src/rp2_common/hardware_gpio/gpio.c.obj
LOAD CMakeFiles/join.dir/mnt/c/Users/siddk/Downloads/PicoPiFi/pico-sdk/src/rp2_common/pico_platform/platform.c.obj
LOAD CMakeFiles/join.dir/mnt/c/Users/siddk/Downloads/PicoPiFi/pico-sdk/src/rp2_common/hardware_claim/claim.c.obj
LOAD CMakeFiles/join.dir/mnt/c/Users/siddk/Downloads/PicoPiFi/pico-sdk/src/rp2_common/hardware_sync/sync.c.obj
LOAD CMakeFiles/join.dir/mnt/c/Users/siddk/Downloads/PicoPiFi/pico-sdk/src/rp2_common/hardware_irq/irq.c.obj
LOAD CMakeFiles/join.dir/mnt/c/Users/siddk/Downloads/PicoPiFi/pico-sdk/src/rp2_common/hardware_irq/irq_handler_chain.S.obj
LOAD CMakeFiles/join.dir/mnt/c/Users/siddk/Downloads/PicoPiFi/pico-sdk/src/common/pico_sync/sem.c.obj
LOAD CMakeFiles/join.dir/mnt/c/Users/siddk/Downloads/PicoPiFi/pico-sdk/src/common/pico_sync/lock_core.c.obj
LOAD CMakeFiles/join.dir/mnt/c/Users/siddk/Downloads/PicoPiFi/pico-sdk/src/common/pico_sync/mutex.c.obj
LOAD CMakeFiles/join.dir/mnt/c/Users/siddk/Downloads/PicoPiFi/pico-sdk/src/common/pico_sync/critical_section.c.obj
LOAD CMakeFiles/join.dir/mnt/c/Users/siddk/Downloads/PicoPiFi/pico-sdk/src/common/pico_time/time.c.obj
LOAD CMakeFiles/join.dir/mnt/c/Users/siddk/Downloads/PicoPiFi/pico-sdk/src/common/pico_time/timeout_helper.c.obj
LOAD CMakeFiles/join.dir/mnt/c/Users/siddk/Downloads/PicoPiFi/pico-sdk/src/rp2_common/hardware_timer/timer.c.obj
LOAD CMakeFiles/join.dir/mnt/c/Users/siddk/Downloads/PicoPiFi/pico-sdk/src/common/pico_util/datetime.c.obj
LOAD CMakeFiles/join.dir/mnt/c/Users/siddk/Downloads/PicoPiFi/pico-sdk/src/common/pico_util/pheap.c.obj
LOAD CMakeFiles/join.dir/mnt/c/Users/siddk/Downloads/PicoPiFi/pico-sdk/src/common/pico_util/queue.c.obj
LOAD CMakeFiles/join.dir/mnt/c/Users/siddk/Downloads/PicoPiFi/pico-sdk/src/rp2_common/hardware_uart/uart.c.obj
LOAD CMakeFiles/join.dir/mnt/c/Users/siddk/Downloads/PicoPiFi/pico-sdk/src/rp2_common/hardware_clocks/clocks.c.obj
LOAD CMakeFiles/join.dir/mnt/c/Users/siddk/Downloads/PicoPiFi/pico-sdk/src/rp2_common/hardware_pll/pll.c.obj
LOAD CMakeFiles/join.dir/mnt/c/Users/siddk/Downloads/PicoPiFi/pico-sdk/src/rp2_common/hardware_vreg/vreg.c.obj
LOAD CMakeFiles/join.dir/mnt/c/Users/siddk/Downloads/PicoPiFi/pico-sdk/src/rp2_common/hardware_watchdog/watchdog.c.obj
LOAD CMakeFiles/join.dir/mnt/c/Users/siddk/Downloads/PicoPiFi/pico-sdk/src/rp2_common/hardware_xosc/xosc.c.obj
LOAD CMakeFiles/join.dir/mnt/c/Users/siddk/Downloads/PicoPiFi/pico-sdk/src/rp2_common/hardware_divider/divider.S.obj
LOAD CMakeFiles/join.dir/mnt/c/Users/siddk/Downloads/PicoPiFi/pico-sdk/src/rp2_common/pico_runtime/runtime.c.obj
LOAD CMakeFiles/join.dir/mnt/c/Users/siddk/Downloads/PicoPiFi/pico-sdk/src/rp2_common/pico_printf/printf.c.obj
LOAD CMakeFiles/join.dir/mnt/c/Users/siddk/Downloads/PicoPiFi/pico-sdk/src/rp2_common/pico_bit_ops/bit_ops_aeabi.S.obj
LOAD CMakeFiles/join.dir/mnt/c/Users/siddk/Downloads/PicoPiFi/pico-sdk/src/rp2_common/pico_bootrom/bootrom.c.obj
LOAD CMakeFiles/join.dir/mnt/c/Users/siddk/Downloads/PicoPiFi/pico-sdk/src/rp2_common/pico_divider/divider.S.obj
LOAD CMakeFiles/join.dir/mnt/c/Users/siddk/Downloads/PicoPiFi/pico-sdk/src/rp2_common/pico_double/double_aeabi.S.obj
LOAD CMakeFiles/join.dir/mnt/c/Users/siddk/Downloads/PicoPiFi/pico-sdk/src/rp2_common/pico_double/double_init_rom.c.obj
LOAD CMakeFiles/join.dir/mnt/c/Users/siddk/Downloads/PicoPiFi/pico-sdk/src/rp2_common/pico_double/double_math.c.obj
LOAD CMakeFiles/join.dir/mnt/c/Users/siddk/Downloads/PicoPiFi/pico-sdk/src/rp2_common/pico_double/double_v1_rom_shim.S.obj
LOAD CMakeFiles/join.dir/mnt/c/Users/siddk/Downloads/PicoPiFi/pico-sdk/src/rp2_common/pico_int64_ops/pico_int64_ops_aeabi.S.obj
LOAD CMakeFiles/join.dir/mnt/c/Users/siddk/Downloads/PicoPiFi/pico-sdk/src/rp2_common/pico_float/float_aeabi.S.obj
LOAD CMakeFiles/join.dir/mnt/c/Users/siddk/Downloads/PicoPiFi/pico-sdk/src/rp2_common/pico_float/float_init_rom.c.obj
LOAD CMakeFiles/join.dir/mnt/c/Users/siddk/Downloads/PicoPiFi/pico-sdk/src/rp2_common/pico_float/float_math.c.obj
LOAD CMakeFiles/join.dir/mnt/c/Users/siddk/Downloads/PicoPiFi/pico-sdk/src/rp2_common/pico_float/float_v1_rom_shim.S.obj
LOAD CMakeFiles/join.dir/mnt/c/Users/siddk/Downloads/PicoPiFi/pico-sdk/src/rp2_common/pico_malloc/pico_malloc.c.obj
LOAD CMakeFiles/join.dir/mnt/c/Users/siddk/Downloads/PicoPiFi/pico-sdk/src/rp2_common/pico_mem_ops/mem_ops_aeabi.S.obj
LOAD CMakeFiles/join.dir/mnt/c/Users/siddk/Downloads/PicoPiFi/pico-sdk/src/rp2_common/pico_standard_link/crt0.S.obj
LOAD CMakeFiles/join.dir/mnt/c/Users/siddk/Downloads/PicoPiFi/pico-sdk/src/rp2_common/pico_standard_link/new_delete.cpp.obj
LOAD CMakeFiles/join.dir/mnt/c/Users/siddk/Downloads/PicoPiFi/pico-sdk/src/rp2_common/pico_standard_link/binary_info.c.obj
LOAD CMakeFiles/join.dir/mnt/c/Users/siddk/Downloads/PicoPiFi/pico-sdk/src/rp2_common/pico_stdio/stdio.c.obj
LOAD CMakeFiles/join.dir/mnt/c/Users/siddk/Downloads/PicoPiFi/pico-sdk/src/rp2_common/pico_stdio_uart/stdio_uart.c.obj
LOAD CMakeFiles/join.dir/mnt/c/Users/siddk/Downloads/PicoPiFi/pico-sdk/src/rp2_common/hardware_pio/pio.c.obj
LOAD CMakeFiles/join.dir/mnt/c/Users/siddk/Downloads/PicoPiFi/pico-sdk/src/rp2_common/hardware_dma/dma.c.obj
LOAD libpicowi.a
LOAD /tmp/ccGFNfjt.o
LOAD /usr/lib/gcc/arm-none-eabi/10.3.1/../../../arm-none-eabi/lib/thumb/v6-m/nofp/libstdc++.a
LOAD /usr/lib/gcc/arm-none-eabi/10.3.1/../../../arm-none-eabi/lib/thumb/v6-m/nofp/libm.a
START GROUP
LOAD /usr/lib/gcc/arm-none-eabi/10.3.1/thumb/v6-m/nofp/libgcc.a
LOAD /usr/lib/gcc/arm-none-eabi/10.3.1/../../../arm-none-eabi/lib/thumb/v6-m/nofp/libc.a
END GROUP
START GROUP
LOAD /usr/lib/gcc/arm-none-eabi/10.3.1/thumb/v6-m/nofp/libgcc.a
LOAD /usr/lib/gcc/arm-none-eabi/10.3.1/../../../arm-none-eabi/lib/thumb/v6-m/nofp/libc.a
LOAD /usr/lib/gcc/arm-none-eabi/10.3.1/../../../arm-none-eabi/lib/thumb/v6-m/nofp/libnosys.a
END GROUP
LOAD /usr/lib/gcc/arm-none-eabi/10.3.1/thumb/v6-m/nofp/crtend.o
LOAD /usr/lib/gcc/arm-none-eabi/10.3.1/thumb/v6-m/nofp/crtn.o
OUTPUT(join.elf elf32-littlearm)
LOAD linker stubs

.ARM.attributes
                0x0000000000000000       0x28
 .ARM.attributes
                0x0000000000000000       0x1e /usr/lib/gcc/arm-none-eabi/10.3.1/thumb/v6-m/nofp/crti.o
 .ARM.attributes
                0x000000000000001e       0x2c /usr/lib/gcc/arm-none-eabi/10.3.1/thumb/v6-m/nofp/crtbegin.o
 .ARM.attributes
                0x000000000000004a       0x2c CMakeFiles/join.dir/join.c.obj
 .ARM.attributes
                0x0000000000000076       0x2c CMakeFiles/join.dir/mnt/c/Users/siddk/Downloads/PicoPiFi/pico-sdk/src/rp2_common/hardware_gpio/gpio.c.obj
 .ARM.attributes
                0x00000000000000a2       0x2c CMakeFiles/join.dir/mnt/c/Users/siddk/Downloads/PicoPiFi/pico-sdk/src/rp2_common/pico_platform/platform.c.obj
 .ARM.attributes
                0x00000000000000ce       0x2c CMakeFiles/join.dir/mnt/c/Users/siddk/Downloads/PicoPiFi/pico-sdk/src/rp2_common/hardware_claim/claim.c.obj
 .ARM.attributes
                0x00000000000000fa       0x2c CMakeFiles/join.dir/mnt/c/Users/siddk/Downloads/PicoPiFi/pico-sdk/src/rp2_common/hardware_sync/sync.c.obj
 .ARM.attributes
                0x0000000000000126       0x2c CMakeFiles/join.dir/mnt/c/Users/siddk/Downloads/PicoPiFi/pico-sdk/src/rp2_common/hardware_irq/irq.c.obj
 .ARM.attributes
                0x0000000000000152       0x22 CMakeFiles/join.dir/mnt/c/Users/siddk/Downloads/PicoPiFi/pico-sdk/src/rp2_common/hardware_irq/irq_handler_chain.S.obj
 .ARM.attributes
                0x0000000000000174       0x2c CMakeFiles/join.dir/mnt/c/Users/siddk/Downloads/PicoPiFi/pico-sdk/src/common/pico_sync/lock_core.c.obj
 .ARM.attributes
                0x00000000000001a0       0x2c CMakeFiles/join.dir/mnt/c/Users/siddk/Downloads/PicoPiFi/pico-sdk/src/common/pico_sync/mutex.c.obj
 .ARM.attributes
                0x00000000000001cc       0x2c CMakeFiles/join.dir/mnt/c/Users/siddk/Downloads/PicoPiFi/pico-sdk/src/common/pico_time/time.c.obj
 .ARM.attributes
                0x00000000000001f8       0x2c CMakeFiles/join.dir/mnt/c/Users/siddk/Downloads/PicoPiFi/pico-sdk/src/rp2_common/hardware_timer/timer.c.obj
 .ARM.attributes
                0x0000000000000224       0x2c CMakeFiles/join.dir/mnt/c/Users/siddk/Downloads/PicoPiFi/pico-sdk/src/common/pico_util/pheap.c.obj
 .ARM.attributes
                0x0000000000000250       0x2c CMakeFiles/join.dir/mnt/c/Users/siddk/Downloads/PicoPiFi/pico-sdk/src/rp2_common/hardware_uart/uart.c.obj
 .ARM.attributes
                0x000000000000027c       0x2c CMakeFiles/join.dir/mnt/c/Users/siddk/Downloads/PicoPiFi/pico-sdk/src/rp2_common/hardware_clocks/clocks.c.obj
 .ARM.attributes
                0x00000000000002a8       0x2c CMakeFiles/join.dir/mnt/c/Users/siddk/Downloads/PicoPiFi/pico-sdk/src/rp2_common/hardware_pll/pll.c.obj
 .ARM.attributes
                0x00000000000002d4       0x2c CMakeFiles/join.dir/mnt/c/Users/siddk/Downloads/PicoPiFi/pico-sdk/src/rp2_common/hardware_watchdog/watchdog.c.obj
 .ARM.attributes
                0x0000000000000300       0x2c CMakeFiles/join.dir/mnt/c/Users/siddk/Downloads/PicoPiFi/pico-sdk/src/rp2_common/hardware_xosc/xosc.c.obj
 .ARM.attributes
                0x000000000000032c       0x2c CMakeFiles/join.dir/mnt/c/Users/siddk/Downloads/PicoPiFi/pico-sdk/src/rp2_common/pico_runtime/runtime.c.obj
 .ARM.attributes
                0x0000000000000358       0x2c CMakeFiles/join.dir/mnt/c/Users/siddk/Downloads/PicoPiFi/pico-sdk/src/rp2_common/pico_printf/printf.c.obj
 .ARM.attributes
                0x0000000000000384       0x22 CMakeFiles/join.dir/mnt/c/Users/siddk/Downloads/PicoPiFi/pico-sdk/src/rp2_common/pico_bit_ops/bit_ops_aeabi.S.obj
 .ARM.attributes
                0x00000000000003a6       0x2c CMakeFiles/join.dir/mnt/c/Users/siddk/Downloads/PicoPiFi/pico-sdk/src/rp2_common/pico_bootrom/bootrom.c.obj
 .ARM.attributes
                0x00000000000003d2       0x22 CMakeFiles/join.dir/mnt/c/Users/siddk/Downloads/PicoPiFi/pico-sdk/src/rp2_common/pico_divider/divider.S.obj
 .ARM.attributes
                0x00000000000003f4       0x22 CMakeFiles/join.dir/mnt/c/Users/siddk/Downloads/PicoPiFi/pico-sdk/src/rp2_common/pico_double/double_aeabi.S.obj
 .ARM.attributes
                0x0000000000000416       0x2c CMakeFiles/join.dir/mnt/c/Users/siddk/Downloads/PicoPiFi/pico-sdk/src/rp2_common/pico_double/double_init_rom.c.obj
 .ARM.attributes
                0x0000000000000442       0x22 CMakeFiles/join.dir/mnt/c/Users/siddk/Downloads/PicoPiFi/pico-sdk/src/rp2_common/pico_double/double_v1_rom_shim.S.obj
 .ARM.attributes
                0x0000000000000464       0x22 CMakeFiles/join.dir/mnt/c/Users/siddk/Downloads/PicoPiFi/pico-sdk/src/rp2_common/pico_float/float_aeabi.S.obj
 .ARM.attributes
                0x0000000000000486       0x2c CMakeFiles/join.dir/mnt/c/Users/siddk/Downloads/PicoPiFi/pico-sdk/src/rp2_common/pico_float/float_init_rom.c.obj
 .ARM.attributes
                0x00000000000004b2       0x22 CMakeFiles/join.dir/mnt/c/Users/siddk/Downloads/PicoPiFi/pico-sdk/src/rp2_common/pico_float/float_v1_rom_shim.S.obj
 .ARM.attributes
                0x00000000000004d4       0x22 CMakeFiles/join.dir/mnt/c/Users/siddk/Downloads/PicoPiFi/pico-sdk/src/rp2_common/pico_mem_ops/mem_ops_aeabi.S.obj
 .ARM.attributes
                0x00000000000004f6       0x22 CMakeFiles/join.dir/mnt/c/Users/siddk/Downloads/PicoPiFi/pico-sdk/src/rp2_common/pico_standard_link/crt0.S.obj
 .ARM.attributes
                0x0000000000000518       0x32 CMakeFiles/join.dir/mnt/c/Users/siddk/Downloads/PicoPiFi/pico-sdk/src/rp2_common/pico_standard_link/binary_info.c.obj
 .ARM.attributes
                0x000000000000054a       0x2c CMakeFiles/join.dir/mnt/c/Users/siddk/Downloads/PicoPiFi/pico-sdk/src/rp2_common/pico_stdio/stdio.c.obj
 .ARM.attributes
                0x0000000000000576       0x2c CMakeFiles/join.dir/mnt/c/Users/siddk/Downloads/PicoPiFi/pico-sdk/src/rp2_common/pico_stdio_uart/stdio_uart.c.obj
 .ARM.attributes
                0x00000000000005a2       0x2c CMakeFiles/join.dir/mnt/c/Users/siddk/Downloads/PicoPiFi/pico-sdk/src/rp2_common/hardware_pio/pio.c.obj
 .ARM.attributes
                0x00000000000005ce       0x2c CMakeFiles/join.dir/mnt/c/Users/siddk/Downloads/PicoPiFi/pico-sdk/src/rp2_common/hardware_dma/dma.c.obj
 .ARM.attributes
                0x00000000000005fa       0x2c libpicowi.a(picowi_pico.c.obj)
 .ARM.attributes
                0x0000000000000626       0x2c libpicowi.a(picowi_init.c.obj)
 .ARM.attributes
                0x0000000000000652       0x2c libpicowi.a(picowi_wifi.c.obj)
 .ARM.attributes
                0x000000000000067e       0x2c libpicowi.a(picowi_ioctl.c.obj)
 .ARM.attributes
                0x00000000000006aa       0x2c libpicowi.a(picowi_event.c.obj)
 .ARM.attributes
                0x00000000000006d6       0x2c libpicowi.a(picowi_join.c.obj)
 .ARM.attributes
                0x0000000000000702       0x32 libpicowi.a(fw_43439.c.obj)
 .ARM.attributes
                0x0000000000000734       0x22 /tmp/ccGFNfjt.o
 .ARM.attributes
                0x0000000000000756       0x1e /usr/lib/gcc/arm-none-eabi/10.3.1/thumb/v6-m/nofp/libgcc.a(_dvmd_tls.o)
 .ARM.attributes
                0x0000000000000774       0x2c /usr/lib/gcc/arm-none-eabi/10.3.1/../../../arm-none-eabi/lib/thumb/v6-m/nofp/libc.a(lib_a-strlen-stub.o)
 .ARM.attributes
                0x00000000000007a0       0x2c /usr/lib/gcc/arm-none-eabi/10.3.1/thumb/v6-m/nofp/crtend.o

.comment        0x0000000000000000       0x33
 .comment       0x0000000000000000       0x33 /usr/lib/gcc/arm-none-eabi/10.3.1/thumb/v6-m/nofp/crtbegin.o
                                         0x34 (size before relaxing)
 .comment       0x0000000000000033       0x34 CMakeFiles/join.dir/join.c.obj
 .comment       0x0000000000000033       0x34 CMakeFiles/join.dir/mnt/c/Users/siddk/Downloads/PicoPiFi/pico-sdk/src/rp2_common/hardware_gpio/gpio.c.obj
 .comment       0x0000000000000033       0x34 CMakeFiles/join.dir/mnt/c/Users/siddk/Downloads/PicoPiFi/pico-sdk/src/rp2_common/pico_platform/platform.c.obj
 .comment       0x0000000000000033       0x34 CMakeFiles/join.dir/mnt/c/Users/siddk/Downloads/PicoPiFi/pico-sdk/src/rp2_common/hardware_claim/claim.c.obj
 .comment       0x0000000000000033       0x34 CMakeFiles/join.dir/mnt/c/Users/siddk/Downloads/PicoPiFi/pico-sdk/src/rp2_common/hardware_sync/sync.c.obj
 .comment       0x0000000000000033       0x34 CMakeFiles/join.dir/mnt/c/Users/siddk/Downloads/PicoPiFi/pico-sdk/src/rp2_common/hardware_irq/irq.c.obj
 .comment       0x0000000000000033       0x34 CMakeFiles/join.dir/mnt/c/Users/siddk/Downloads/PicoPiFi/pico-sdk/src/common/pico_sync/lock_core.c.obj
 .comment       0x0000000000000033       0x34 CMakeFiles/join.dir/mnt/c/Users/siddk/Downloads/PicoPiFi/pico-sdk/src/common/pico_sync/mutex.c.obj
 .comment       0x0000000000000033       0x34 CMakeFiles/join.dir/mnt/c/Users/siddk/Downloads/PicoPiFi/pico-sdk/src/common/pico_time/time.c.obj
 .comment       0x0000000000000033       0x34 CMakeFiles/join.dir/mnt/c/Users/siddk/Downloads/PicoPiFi/pico-sdk/src/rp2_common/hardware_timer/timer.c.obj
 .comment       0x0000000000000033       0x34 CMakeFiles/join.dir/mnt/c/Users/siddk/Downloads/PicoPiFi/pico-sdk/src/common/pico_util/pheap.c.obj
 .comment       0x0000000000000033       0x34 CMakeFiles/join.dir/mnt/c/Users/siddk/Downloads/PicoPiFi/pico-sdk/src/rp2_common/hardware_uart/uart.c.obj
 .comment       0x0000000000000033       0x34 CMakeFiles/join.dir/mnt/c/Users/siddk/Downloads/PicoPiFi/pico-sdk/src/rp2_common/hardware_clocks/clocks.c.obj
 .comment       0x0000000000000033       0x34 CMakeFiles/join.dir/mnt/c/Users/siddk/Downloads/PicoPiFi/pico-sdk/src/rp2_common/hardware_pll/pll.c.obj
 .comment       0x0000000000000033       0x34 CMakeFiles/join.dir/mnt/c/Users/siddk/Downloads/PicoPiFi/pico-sdk/src/rp2_common/hardware_watchdog/watchdog.c.obj
 .comment       0x0000000000000033       0x34 CMakeFiles/join.dir/mnt/c/Users/siddk/Downloads/PicoPiFi/pico-sdk/src/rp2_common/hardware_xosc/xosc.c.obj
 .comment       0x0000000000000033       0x34 CMakeFiles/join.dir/mnt/c/Users/siddk/Downloads/PicoPiFi/pico-sdk/src/rp2_common/pico_runtime/runtime.c.obj
 .comment       0x0000000000000033       0x34 CMakeFiles/join.dir/mnt/c/Users/siddk/Downloads/PicoPiFi/pico-sdk/src/rp2_common/pico_printf/printf.c.obj
 .comment       0x0000000000000033       0x34 CMakeFiles/join.dir/mnt/c/Users/siddk/Downloads/PicoPiFi/pico-sdk/src/rp2_common/pico_bootrom/bootrom.c.obj
 .comment       0x0000000000000033       0x34 CMakeFiles/join.dir/mnt/c/Users/siddk/Downloads/PicoPiFi/pico-sdk/src/rp2_common/pico_double/double_init_rom.c.obj
 .comment       0x0000000000000033       0x34 CMakeFiles/join.dir/mnt/c/Users/siddk/Downloads/PicoPiFi/pico-sdk/src/rp2_common/pico_float/float_init_rom.c.obj
 .comment       0x0000000000000033       0x34 CMakeFiles/join.dir/mnt/c/Users/siddk/Downloads/PicoPiFi/pico-sdk/src/rp2_common/pico_standard_link/binary_info.c.obj
 .comment       0x0000000000000033       0x34 CMakeFiles/join.dir/mnt/c/Users/siddk/Downloads/PicoPiFi/pico-sdk/src/rp2_common/pico_stdio/stdio.c.obj
 .comment       0x0000000000000033       0x34 CMakeFiles/join.dir/mnt/c/Users/siddk/Downloads/PicoPiFi/pico-sdk/src/rp2_common/pico_stdio_uart/stdio_uart.c.obj
 .comment       0x0000000000000033       0x34 CMakeFiles/join.dir/mnt/c/Users/siddk/Downloads/PicoPiFi/pico-sdk/src/rp2_common/hardware_pio/pio.c.obj
 .comment       0x0000000000000033       0x34 CMakeFiles/join.dir/mnt/c/Users/siddk/Downloads/PicoPiFi/pico-sdk/src/rp2_common/hardware_dma/dma.c.obj
 .comment       0x0000000000000033       0x34 libpicowi.a(picowi_pico.c.obj)
 .comment       0x0000000000000033       0x34 libpicowi.a(picowi_init.c.obj)
 .comment       0x0000000000000033       0x34 libpicowi.a(picowi_wifi.c.obj)
 .comment       0x0000000000000033       0x34 libpicowi.a(picowi_ioctl.c.obj)
 .comment       0x0000000000000033       0x34 libpicowi.a(picowi_event.c.obj)
 .comment       0x0000000000000033       0x34 libpicowi.a(picowi_join.c.obj)
 .comment       0x0000000000000033       0x34 libpicowi.a(fw_43439.c.obj)
 .comment       0x0000000000000033       0x34 /usr/lib/gcc/arm-none-eabi/10.3.1/../../../arm-none-eabi/lib/thumb/v6-m/nofp/libc.a(lib_a-strlen-stub.o)
 .comment       0x0000000000000033       0x34 /usr/lib/gcc/arm-none-eabi/10.3.1/thumb/v6-m/nofp/crtend.o

.debug_line     0x0000000000000000      0x1d2
 .debug_line    0x0000000000000000       0x60 /usr/lib/gcc/arm-none-eabi/10.3.1/thumb/v6-m/nofp/libgcc.a(_dvmd_tls.o)
 .debug_line    0x0000000000000060      0x172 /usr/lib/gcc/arm-none-eabi/10.3.1/../../../arm-none-eabi/lib/thumb/v6-m/nofp/libc.a(lib_a-strlen-stub.o)

.debug_info     0x0000000000000000      0x114
 .debug_info    0x0000000000000000       0x26 /usr/lib/gcc/arm-none-eabi/10.3.1/thumb/v6-m/nofp/libgcc.a(_dvmd_tls.o)
 .debug_info    0x0000000000000026       0xee /usr/lib/gcc/arm-none-eabi/10.3.1/../../../arm-none-eabi/lib/thumb/v6-m/nofp/libc.a(lib_a-strlen-stub.o)

.debug_abbrev   0x0000000000000000       0xa3
 .debug_abbrev  0x0000000000000000       0x14 /usr/lib/gcc/arm-none-eabi/10.3.1/thumb/v6-m/nofp/libgcc.a(_dvmd_tls.o)
 .debug_abbrev  0x0000000000000014       0x8f /usr/lib/gcc/arm-none-eabi/10.3.1/../../../arm-none-eabi/lib/thumb/v6-m/nofp/libc.a(lib_a-strlen-stub.o)

.debug_aranges  0x0000000000000000       0x40
 .debug_aranges
                0x0000000000000000       0x20 /usr/lib/gcc/arm-none-eabi/10.3.1/thumb/v6-m/nofp/libgcc.a(_dvmd_tls.o)
 .debug_aranges
                0x0000000000000020       0x20 /usr/lib/gcc/arm-none-eabi/10.3.1/../../../arm-none-eabi/lib/thumb/v6-m/nofp/libc.a(lib_a-strlen-stub.o)

.debug_str      0x0000000000000000      0x232
 .debug_str     0x0000000000000000       0xa6 /usr/lib/gcc/arm-none-eabi/10.3.1/thumb/v6-m/nofp/libgcc.a(_dvmd_tls.o)
 .debug_str     0x00000000000000a6      0x18c /usr/lib/gcc/arm-none-eabi/10.3.1/../../../arm-none-eabi/lib/thumb/v6-m/nofp/libc.a(lib_a-strlen-stub.o)
                                        0x1c5 (size before relaxing)

.debug_loc      0x0000000000000000       0x90
 .debug_loc     0x0000000000000000       0x90 /usr/lib/gcc/arm-none-eabi/10.3.1/../../../arm-none-eabi/lib/thumb/v6-m/nofp/libc.a(lib_a-strlen-stub.o)

.debug_frame    0x0000000000000000       0x28
 .debug_frame   0x0000000000000000       0x28 /usr/lib/gcc/arm-none-eabi/10.3.1/../../../arm-none-eabi/lib/thumb/v6-m/nofp/libc.a(lib_a-strlen-stub.o)
