Archive member included to satisfy reference by file (symbol)

libpicowi.a(picowi_pico.c.obj)
                              CMakeFiles/join_usb_rndis.dir/join_usb_rndis.c.obj (io_init)
libpicowi.a(picowi_init.c.obj)
                              CMakeFiles/join_usb_rndis.dir/join_usb_rndis.c.obj (wifi_set_led)
libpicowi.a(picowi_wifi.c.obj)
                              libpicowi.a(picowi_init.c.obj) (wifi_reg_read)
libpicowi.a(picowi_ioctl.c.obj)
                              libpicowi.a(picowi_init.c.obj) (ioctl_set_uint32)
libpicowi.a(picowi_event.c.obj)
                              CMakeFiles/join_usb_rndis.dir/join_usb_rndis.c.obj (add_event_handler)
libpicowi.a(picowi_join.c.obj)
                              CMakeFiles/join_usb_rndis.dir/join_usb_rndis.c.obj (join_event_handler)
libpicowi.a(fw_43439.c.obj)   libpicowi.a(picowi_init.c.obj) (fw_clm_len)
libcherryusblib.a(usb_dc_rp2040.c.obj)
                              CMakeFiles/join_usb_rndis.dir/src/cdc_rndis_device.c.obj (usbd_ep_start_write)
libcherryusblib.a(usbd_cdc.c.obj)
                              CMakeFiles/join_usb_rndis.dir/src/cdc_rndis_device.c.obj (usbd_cdc_acm_init_intf)
libcherryusblib.a(usbd_rndis.c.obj)
                              CMakeFiles/join_usb_rndis.dir/join_usb_rndis.c.obj (usbd_rndis_eth_rx)
libcherryusblib.a(usbd_core.c.obj)
                              libcherryusblib.a(usb_dc_rp2040.c.obj) (usbd_event_reset_handler)
/usr/lib/gcc/arm-none-eabi/10.3.1/thumb/v6-m/nofp/libgcc.a(_dvmd_tls.o)
                              CMakeFiles/join_usb_rndis.dir/mnt/c/Users/siddk/Downloads/PicoPiFi/pico-sdk/src/rp2_common/pico_divider/divider.S.obj (__aeabi_idiv0)
/usr/lib/gcc/arm-none-eabi/10.3.1/../../../arm-none-eabi/lib/thumb/v6-m/nofp/libc.a(lib_a-atexit.o)
                              /usr/lib/gcc/arm-none-eabi/10.3.1/../../../arm-none-eabi/lib/thumb/v6-m/nofp/crt0.o (atexit)
/usr/lib/gcc/arm-none-eabi/10.3.1/../../../arm-none-eabi/lib/thumb/v6-m/nofp/libc.a(lib_a-calloc.o)
                              CMakeFiles/join_usb_rndis.dir/mnt/c/Users/siddk/Downloads/PicoPiFi/pico-sdk/src/rp2_common/pico_malloc/pico_malloc.c.obj (calloc)
/usr/lib/gcc/arm-none-eabi/10.3.1/../../../arm-none-eabi/lib/thumb/v6-m/nofp/libc.a(lib_a-callocr.o)
                              /usr/lib/gcc/arm-none-eabi/10.3.1/../../../arm-none-eabi/lib/thumb/v6-m/nofp/libc.a(lib_a-calloc.o) (_calloc_r)
/usr/lib/gcc/arm-none-eabi/10.3.1/../../../arm-none-eabi/lib/thumb/v6-m/nofp/libc.a(lib_a-fini.o)
                              /usr/lib/gcc/arm-none-eabi/10.3.1/../../../arm-none-eabi/lib/thumb/v6-m/nofp/crt0.o (__libc_fini_array)
/usr/lib/gcc/arm-none-eabi/10.3.1/../../../arm-none-eabi/lib/thumb/v6-m/nofp/libc.a(lib_a-impure.o)
                              /usr/lib/gcc/arm-none-eabi/10.3.1/../../../arm-none-eabi/lib/thumb/v6-m/nofp/libc.a(lib_a-calloc.o) (_impure_ptr)
/usr/lib/gcc/arm-none-eabi/10.3.1/../../../arm-none-eabi/lib/thumb/v6-m/nofp/libc.a(lib_a-init.o)
                              /usr/lib/gcc/arm-none-eabi/10.3.1/../../../arm-none-eabi/lib/thumb/v6-m/nofp/crt0.o (__libc_init_array)
/usr/lib/gcc/arm-none-eabi/10.3.1/../../../arm-none-eabi/lib/thumb/v6-m/nofp/libc.a(lib_a-malloc.o)
                              CMakeFiles/join_usb_rndis.dir/mnt/c/Users/siddk/Downloads/PicoPiFi/pico-sdk/src/rp2_common/pico_malloc/pico_malloc.c.obj (malloc)
/usr/lib/gcc/arm-none-eabi/10.3.1/../../../arm-none-eabi/lib/thumb/v6-m/nofp/libc.a(lib_a-mallocr.o)
                              /usr/lib/gcc/arm-none-eabi/10.3.1/../../../arm-none-eabi/lib/thumb/v6-m/nofp/libc.a(lib_a-callocr.o) (_malloc_r)
/usr/lib/gcc/arm-none-eabi/10.3.1/../../../arm-none-eabi/lib/thumb/v6-m/nofp/libc.a(lib_a-mlock.o)
                              /usr/lib/gcc/arm-none-eabi/10.3.1/../../../arm-none-eabi/lib/thumb/v6-m/nofp/libc.a(lib_a-mallocr.o) (__malloc_lock)
/usr/lib/gcc/arm-none-eabi/10.3.1/../../../arm-none-eabi/lib/thumb/v6-m/nofp/libc.a(lib_a-realloc.o)
                              CMakeFiles/join_usb_rndis.dir/mnt/c/Users/siddk/Downloads/PicoPiFi/pico-sdk/src/rp2_common/pico_malloc/pico_malloc.c.obj (realloc)
/usr/lib/gcc/arm-none-eabi/10.3.1/../../../arm-none-eabi/lib/thumb/v6-m/nofp/libc.a(lib_a-reallocr.o)
                              /usr/lib/gcc/arm-none-eabi/10.3.1/../../../arm-none-eabi/lib/thumb/v6-m/nofp/libc.a(lib_a-realloc.o) (_realloc_r)
/usr/lib/gcc/arm-none-eabi/10.3.1/../../../arm-none-eabi/lib/thumb/v6-m/nofp/libc.a(lib_a-sbrkr.o)
                              /usr/lib/gcc/arm-none-eabi/10.3.1/../../../arm-none-eabi/lib/thumb/v6-m/nofp/libc.a(lib_a-mallocr.o) (_sbrk_r)
/usr/lib/gcc/arm-none-eabi/10.3.1/../../../arm-none-eabi/lib/thumb/v6-m/nofp/libc.a(lib_a-strlen-stub.o)
                              CMakeFiles/join_usb_rndis.dir/mnt/c/Users/siddk/Downloads/PicoPiFi/pico-sdk/lib/lwip/src/core/pbuf.c.obj (strlen)
/usr/lib/gcc/arm-none-eabi/10.3.1/../../../arm-none-eabi/lib/thumb/v6-m/nofp/libc.a(lib_a-__atexit.o)
[...]
Memory Configuration

Name             Origin             Length             Attributes
FLASH            0x0000000010000000 0x0000000000200000 xr
RAM              0x0000000020000000 0x0000000000040000 xrw
SCRATCH_X        0x0000000020040000 0x0000000000001000 xrw
SCRATCH_Y        0x0000000020041000 0x0000000000001000 xrw
*default*        0x0000000000000000 0xffffffffffffffff

Linker script and memory map

LOAD /usr/lib/gcc/arm-none-eabi/10.3.1/thumb/v6-m/nofp/crti.o
LOAD /usr/lib/gcc/arm-none-eabi/10.3.1/thumb/v6-m/nofp/crtbegin.o
LOAD /usr/lib/gcc/arm-none-eabi/10.3.1/../../../arm-none-eabi/lib/thumb/v6-m/nofp/crt0.o

.flash_begin    0x0000000010000000        0x0
                0x0000000010000000                __flash_binary_start = .

.boot2          0x0000000010000000      0x100
                0x0000000010000000                __boot2_start__ = .
 *(.boot2)
 .boot2         0x0000000010000000      0x100 /tmp/cc5puHKU.o
                0x0000000010000100                __boot2_end__ = .
                0x0000000000000001                ASSERT (((__boot2_end__ - __boot2_start__) == 0x100), ERROR: Pico second stage bootloader must be 256 bytes in size)

.text           0x0000000010000100     0x9690
                0x0000000010000100                __logical_binary_start = .
 *(.vectors)
 .vectors       0x0000000010000100       0xd4 CMakeFiles/join_usb_rndis.dir/mnt/c/Users/siddk/Downloads/PicoPiFi/pico-sdk/src/rp2_common/pico_standard_link/crt0.S.obj
                0x0000000010000100                __vectors
                0x0000000010000100                __VECTOR_TABLE
                0x00000000100001c0                isr_invalid
                0x00000000100001c0                __default_isrs_start
                0x00000000100001c2                isr_nmi
                0x00000000100001c4                isr_hardfault
                0x00000000100001c6                isr_svcall
                0x00000000100001c8                isr_pendsv
                0x00000000100001ca                isr_systick
                0x00000000100001cc                isr_irq30
                0x00000000100001cc                __unhandled_user_irq
                0x00000000100001cc                isr_irq13
                0x00000000100001cc                isr_irq27
                0x00000000100001cc                isr_irq31
                0x00000000100001cc                isr_irq11
                0x00000000100001cc                isr_irq23
                0x00000000100001cc                isr_irq18
                0x00000000100001cc                isr_irq28
                0x00000000100001cc                isr_irq19
                0x00000000100001cc                isr_irq0
                0x00000000100001cc                isr_irq6
                0x00000000100001cc                isr_irq22
                0x00000000100001cc                isr_irq17
                0x00000000100001cc                isr_irq14
                0x00000000100001cc                isr_irq2
                0x00000000100001cc                isr_irq10
                0x00000000100001cc                isr_irq8
                0x00000000100001cc                isr_irq24
                0x00000000100001cc                isr_irq1
                0x00000000100001cc                isr_irq7
                0x00000000100001cc                isr_irq21
                0x00000000100001cc                isr_irq20
                0x00000000100001cc                isr_irq15
                0x00000000100001cc                isr_irq25
                0x00000000100001cc                isr_irq4
                0x00000000100001cc                isr_irq16
                0x00000000100001cc                isr_irq29
                0x00000000100001cc                isr_irq26
                0x00000000100001cc                __default_isrs_end
                0x00000000100001cc                isr_irq3
                0x00000000100001cc                isr_irq12
                0x00000000100001cc                isr_irq9
                0x00000000100001d2                unhandled_user_irq_num_in_r0
 *(.binary_info_header)
 .binary_info_header
                0x00000000100001d4       0x14 CMakeFiles/join_usb_rndis.dir/mnt/c/Users/siddk/Downloads/PicoPiFi/pico-sdk/src/rp2_common/pico_standard_link/crt0.S.obj
                0x00000000100001e8                __binary_info_header_end = .
 *(.reset)
 .reset         0x00000000100001e8       0xa0 CMakeFiles/join_usb_rndis.dir/mnt/c/Users/siddk/Downloads/PicoPiFi/pico-sdk/src/rp2_common/pico_standard_link/crt0.S.obj
                0x00000000100001e8                _entry_point
 .reset         0x0000000010000288       0x30 CMakeFiles/join_usb_rndis.dir/mnt/c/Users/siddk/Downloads/PicoPiFi/pico-sdk/src/rp2_common/pico_standard_link/binary_info.c.obj
 *(.init)
 .init          0x00000000100002b8        0x4 /usr/lib/gcc/arm-none-eabi/10.3.1/thumb/v6-m/nofp/crti.o
                0x00000000100002b8                _init
 *(EXCLUDE_FILE(*libm.a: *libc.a:*lib_a-mem*.o *libgcc.a:) .text*)
 .text          0x00000000100002bc       0x98 /usr/lib/gcc/arm-none-eabi/10.3.1/thumb/v6-m/nofp/crtbegin.o
 .text.simple_eth_event_handler
                0x0000000010000354       0x64 CMakeFiles/join_usb_rndis.dir/join_usb_rndis.c.obj
                0x0000000010000354                simple_eth_event_handler
 .text.startup.main
                0x00000000100003b8      0x15c CMakeFiles/join_usb_rndis.dir/join_usb_rndis.c.obj
                0x00000000100003b8                main
 .text.usbd_cdc_acm_bulk_out
                0x0000000010000514       0xfc CMakeFiles/join_usb_rndis.dir/src/cdc_rndis_device.c.obj
                0x0000000010000514                usbd_cdc_acm_bulk_out
 .text.usbd_event_handler
                0x0000000010000610       0x40 CMakeFiles/join_usb_rndis.dir/src/cdc_rndis_device.c.obj
                0x0000000010000610                usbd_event_handler
 .text.usbd_cdc_acm_bulk_in
                0x0000000010000650       0x24 CMakeFiles/join_usb_rndis.dir/src/cdc_rndis_device.c.obj
                0x0000000010000650                usbd_cdc_acm_bulk_in
 .text.usbd_rndis_data_recv_done
                0x0000000010000674        0x4 CMakeFiles/join_usb_rndis.dir/src/cdc_rndis_device.c.obj
                0x0000000010000674                usbd_rndis_data_recv_done
 .text.cdc_rndis_init
                0x0000000010000678      0x11c CMakeFiles/join_usb_rndis.dir/src/cdc_rndis_device.c.obj
                0x0000000010000678                cdc_rndis_init
 .text.usbd_cdc_acm_set_dtr
                0x0000000010000794       0x14 CMakeFiles/join_usb_rndis.dir/src/cdc_rndis_device.c.obj
                0x0000000010000794                usbd_cdc_acm_set_dtr
 .text.pbuf_free.part.0
                0x00000000100007a8       0xb0 CMakeFiles/join_usb_rndis.dir/mnt/c/Users/siddk/Downloads/PicoPiFi/pico-sdk/lib/lwip/src/core/pbuf.c.obj
 .text.pbuf_alloc
                0x0000000010000858      0x124 CMakeFiles/join_usb_rndis.dir/mnt/c/Users/siddk/Downloads/PicoPiFi/pico-sdk/lib/lwip/src/core/pbuf.c.obj
                0x0000000010000858                pbuf_alloc
 .text.pbuf_free
                0x000000001000097c       0x1c CMakeFiles/join_usb_rndis.dir/mnt/c/Users/siddk/Downloads/PicoPiFi/pico-sdk/lib/lwip/src/core/pbuf.c.obj
                0x000000001000097c                pbuf_free
 .text.pbuf_take
                0x0000000010000998       0x80 CMakeFiles/join_usb_rndis.dir/mnt/c/Users/siddk/Downloads/PicoPiFi/pico-sdk/lib/lwip/src/core/pbuf.c.obj
                0x0000000010000998                pbuf_take
 .text.mem_free
                0x0000000010000a18      0x15c CMakeFiles/join_usb_rndis.dir/mnt/c/Users/siddk/Downloads/PicoPiFi/pico-sdk/lib/lwip/src/core/mem.c.obj
                0x0000000010000a18                mem_free
 .text.mem_malloc
                0x0000000010000b74      0x19c CMakeFiles/join_usb_rndis.dir/mnt/c/Users/siddk/Downloads/PicoPiFi/pico-sdk/lib/lwip/src/core/mem.c.obj
                0x0000000010000b74                mem_malloc
 .text.memp_malloc
                0x0000000010000d10       0x50 CMakeFiles/join_usb_rndis.dir/mnt/c/Users/siddk/Downloads/PicoPiFi/pico-sdk/lib/lwip/src/core/memp.c.obj
                0x0000000010000d10                memp_malloc
 .text.memp_free
                0x0000000010000d60       0x38 CMakeFiles/join_usb_rndis.dir/mnt/c/Users/siddk/Downloads/PicoPiFi/pico-sdk/lib/lwip/src/core/memp.c.obj
                0x0000000010000d60                memp_free
 .text.set_sys_clock_pll
                0x0000000010000d98       0x78 CMakeFiles/join_usb_rndis.dir/mnt/c/Users/siddk/Downloads/PicoPiFi/pico-sdk/src/rp2_common/pico_stdlib/stdlib.c.obj
                0x0000000010000d98                set_sys_clock_pll
 .text.check_sys_clock_khz
                0x0000000010000e10      0x17c CMakeFiles/join_usb_rndis.dir/mnt/c/Users/siddk/Downloads/PicoPiFi/pico-sdk/src/rp2_common/pico_stdlib/stdlib.c.obj
                0x0000000010000e10                check_sys_clock_khz
 .text.gpio_set_function
                0x0000000010000f8c       0x30 CMakeFiles/join_usb_rndis.dir/mnt/c/Users/siddk/Downloads/PicoPiFi/pico-sdk/src/rp2_common/hardware_gpio/gpio.c.obj
                0x0000000010000f8c                gpio_set_function
 .text.gpio_set_pulls
                0x0000000010000fbc       0x30 CMakeFiles/join_usb_rndis.dir/mnt/c/Users/siddk/Downloads/PicoPiFi/pico-sdk/src/rp2_common/hardware_gpio/gpio.c.obj
                0x0000000010000fbc                gpio_set_pulls
 .text.gpio_set_input_hysteresis_enabled
                0x0000000010000fec       0x28 CMakeFiles/join_usb_rndis.dir/mnt/c/Users/siddk/Downloads/PicoPiFi/pico-sdk/src/rp2_common/hardware_gpio/gpio.c.obj
                0x0000000010000fec                gpio_set_input_hysteresis_enabled
 .text.gpio_init
                0x0000000010001014       0x3c CMakeFiles/join_usb_rndis.dir/mnt/c/Users/siddk/Downloads/PicoPiFi/pico-sdk/src/rp2_common/hardware_gpio/gpio.c.obj
                0x0000000010001014                gpio_init
 .text.running_on_fpga
                0x0000000010001050       0x10 CMakeFiles/join_usb_rndis.dir/mnt/c/Users/siddk/Downloads/PicoPiFi/pico-sdk/src/rp2_common/pico_platform/platform.c.obj
                0x0000000010001050                running_on_fpga
 .text.hw_claim_lock
                0x0000000010001060       0x18 CMakeFiles/join_usb_rndis.dir/mnt/c/Users/siddk/Downloads/PicoPiFi/pico-sdk/src/rp2_common/hardware_claim/claim.c.obj
                0x0000000010001060                hw_claim_lock
 .text.hw_claim_unlock
                0x0000000010001078       0x14 CMakeFiles/join_usb_rndis.dir/mnt/c/Users/siddk/Downloads/PicoPiFi/pico-sdk/src/rp2_common/hardware_claim/claim.c.obj
                0x0000000010001078                hw_claim_unlock
 .text.hw_claim_or_assert
                0x000000001000108c       0x44 CMakeFiles/join_usb_rndis.dir/mnt/c/Users/siddk/Downloads/PicoPiFi/pico-sdk/src/rp2_common/hardware_claim/claim.c.obj
                0x000000001000108c                hw_claim_or_assert
 .text.hw_claim_unused_from_range
                0x00000000100010d0       0x9c CMakeFiles/join_usb_rndis.dir/mnt/c/Users/siddk/Downloads/PicoPiFi/pico-sdk/src/rp2_common/hardware_claim/claim.c.obj
                0x00000000100010d0                hw_claim_unused_from_range
 .text.spin_locks_reset
                0x000000001000116c       0x1c CMakeFiles/join_usb_rndis.dir/mnt/c/Users/siddk/Downloads/PicoPiFi/pico-sdk/src/rp2_common/hardware_sync/sync.c.obj
                0x000000001000116c                spin_locks_reset
 .text.next_striped_spin_lock_num
                0x0000000010001188       0x18 CMakeFiles/join_usb_rndis.dir/mnt/c/Users/siddk/Downloads/PicoPiFi/pico-sdk/src/rp2_common/hardware_sync/sync.c.obj
                0x0000000010001188                next_striped_spin_lock_num
 .text.irq_set_enabled
                0x00000000100011a0       0x24 CMakeFiles/join_usb_rndis.dir/mnt/c/Users/siddk/Downloads/PicoPiFi/pico-sdk/src/rp2_common/hardware_irq/irq.c.obj
                0x00000000100011a0                irq_set_enabled
 .text.irq_get_vtable_handler
                0x00000000100011c4       0x10 CMakeFiles/join_usb_rndis.dir/mnt/c/Users/siddk/Downloads/PicoPiFi/pico-sdk/src/rp2_common/hardware_irq/irq.c.obj
                0x00000000100011c4                irq_get_vtable_handler
 .text.irq_set_exclusive_handler
                0x00000000100011d4       0x54 CMakeFiles/join_usb_rndis.dir/mnt/c/Users/siddk/Downloads/PicoPiFi/pico-sdk/src/rp2_common/hardware_irq/irq.c.obj
                0x00000000100011d4                irq_set_exclusive_handler
 .text.irq_remove_handler
                0x0000000010001228      0x1b0 CMakeFiles/join_usb_rndis.dir/mnt/c/Users/siddk/Downloads/PicoPiFi/pico-sdk/src/rp2_common/hardware_irq/irq.c.obj
                0x0000000010001228                irq_remove_handler
 .text.irq_add_tail_to_free_list
                0x00000000100013d8       0xb4 CMakeFiles/join_usb_rndis.dir/mnt/c/Users/siddk/Downloads/PicoPiFi/pico-sdk/src/rp2_common/hardware_irq/irq.c.obj
                0x00000000100013d8                irq_add_tail_to_free_list
 .text.irq_init_priorities
                0x000000001000148c       0x24 CMakeFiles/join_usb_rndis.dir/mnt/c/Users/siddk/Downloads/PicoPiFi/pico-sdk/src/rp2_common/hardware_irq/irq.c.obj
                0x000000001000148c                irq_init_priorities
 .text.lock_init
                0x00000000100014b0       0x10 CMakeFiles/join_usb_rndis.dir/mnt/c/Users/siddk/Downloads/PicoPiFi/pico-sdk/src/common/pico_sync/lock_core.c.obj
                0x00000000100014b0                lock_init
 .text.mutex_init
                0x00000000100014c0       0x1c CMakeFiles/join_usb_rndis.dir/mnt/c/Users/siddk/Downloads/PicoPiFi/pico-sdk/src/common/pico_sync/mutex.c.obj
                0x00000000100014c0                mutex_init
 .text.recursive_mutex_init
                0x00000000100014dc       0x1c CMakeFiles/join_usb_rndis.dir/mnt/c/Users/siddk/Downloads/PicoPiFi/pico-sdk/src/common/pico_sync/mutex.c.obj
                0x00000000100014dc                recursive_mutex_init
 .text.timer_pool_entry_comparator
                0x00000000100014f8       0x34 CMakeFiles/join_usb_rndis.dir/mnt/c/Users/siddk/Downloads/PicoPiFi/pico-sdk/src/common/pico_time/time.c.obj
                0x00000000100014f8                timer_pool_entry_comparator
 .text.sleep_until_callback
                0x000000001000152c       0x30 CMakeFiles/join_usb_rndis.dir/mnt/c/Users/siddk/Downloads/PicoPiFi/pico-sdk/src/common/pico_time/time.c.obj
 .text.add_alarm_under_lock.isra.0
                0x000000001000155c      0x100 CMakeFiles/join_usb_rndis.dir/mnt/c/Users/siddk/Downloads/PicoPiFi/pico-sdk/src/common/pico_time/time.c.obj
 .text.alarm_pool_alarm_callback
                0x000000001000165c      0x1bc CMakeFiles/join_usb_rndis.dir/mnt/c/Users/siddk/Downloads/PicoPiFi/pico-sdk/src/common/pico_time/time.c.obj
 .text.alarm_pool_init_default
                0x0000000010001818       0x6c CMakeFiles/join_usb_rndis.dir/mnt/c/Users/siddk/Downloads/PicoPiFi/pico-sdk/src/common/pico_time/time.c.obj
                0x0000000010001818                alarm_pool_init_default
 .text.alarm_pool_add_alarm_at
                0x0000000010001884      0x178 CMakeFiles/join_usb_rndis.dir/mnt/c/Users/siddk/Downloads/PicoPiFi/pico-sdk/src/common/pico_time/time.c.obj
                0x0000000010001884                alarm_pool_add_alarm_at
 .text.best_effort_wfe_or_timeout
                0x00000000100019fc       0xd4 CMakeFiles/join_usb_rndis.dir/mnt/c/Users/siddk/Downloads/PicoPiFi/pico-sdk/src/common/pico_time/time.c.obj
                0x00000000100019fc                best_effort_wfe_or_timeout
 .text.hardware_alarm_irq_handler
                0x0000000010001ad0       0xbc CMakeFiles/join_usb_rndis.dir/mnt/c/Users/siddk/Downloads/PicoPiFi/pico-sdk/src/rp2_common/hardware_timer/timer.c.obj
 .text.hardware_alarm_claim
                0x0000000010001b8c       0x18 CMakeFiles/join_usb_rndis.dir/mnt/c/Users/siddk/Downloads/PicoPiFi/pico-sdk/src/rp2_common/hardware_timer/timer.c.obj
                0x0000000010001b8c                hardware_alarm_claim
 .text.time_us_64
                0x0000000010001ba4       0x14 CMakeFiles/join_usb_rndis.dir/mnt/c/Users/siddk/Downloads/PicoPiFi/pico-sdk/src/rp2_common/hardware_timer/timer.c.obj
                0x0000000010001ba4                time_us_64
 .text.busy_wait_us
                0x0000000010001bb8       0x54 CMakeFiles/join_usb_rndis.dir/mnt/c/Users/siddk/Downloads/PicoPiFi/pico-sdk/src/rp2_common/hardware_timer/timer.c.obj
                0x0000000010001bb8                busy_wait_us
 .text.hardware_alarm_set_callback
                0x0000000010001c0c       0x8c CMakeFiles/join_usb_rndis.dir/mnt/c/Users/siddk/Downloads/PicoPiFi/pico-sdk/src/rp2_common/hardware_timer/timer.c.obj
                0x0000000010001c0c                hardware_alarm_set_callback
 .text.hardware_alarm_set_target
                0x0000000010001c98       0xd4 CMakeFiles/join_usb_rndis.dir/mnt/c/Users/siddk/Downloads/PicoPiFi/pico-sdk/src/rp2_common/hardware_timer/timer.c.obj
                0x0000000010001c98                hardware_alarm_set_target
 .text.hardware_alarm_cancel
                0x0000000010001d6c       0x3c CMakeFiles/join_usb_rndis.dir/mnt/c/Users/siddk/Downloads/PicoPiFi/pico-sdk/src/rp2_common/hardware_timer/timer.c.obj
                0x0000000010001d6c                hardware_alarm_cancel
 .text.ph_merge_nodes
                0x0000000010001da8       0x68 CMakeFiles/join_usb_rndis.dir/mnt/c/Users/siddk/Downloads/PicoPiFi/pico-sdk/src/common/pico_util/pheap.c.obj
 .text.ph_post_alloc_init
                0x0000000010001e10       0x3c CMakeFiles/join_usb_rndis.dir/mnt/c/Users/siddk/Downloads/PicoPiFi/pico-sdk/src/common/pico_util/pheap.c.obj
                0x0000000010001e10                ph_post_alloc_init
 .text.ph_merge_two_pass
                0x0000000010001e4c       0x90 CMakeFiles/join_usb_rndis.dir/mnt/c/Users/siddk/Downloads/PicoPiFi/pico-sdk/src/common/pico_util/pheap.c.obj
                0x0000000010001e4c                ph_merge_two_pass
 .text.ph_remove_any_head
                0x0000000010001edc      0x100 CMakeFiles/join_usb_rndis.dir/mnt/c/Users/siddk/Downloads/PicoPiFi/pico-sdk/src/common/pico_util/pheap.c.obj
 .text.ph_remove_head
                0x0000000010001fdc      0x104 CMakeFiles/join_usb_rndis.dir/mnt/c/Users/siddk/Downloads/PicoPiFi/pico-sdk/src/common/pico_util/pheap.c.obj
                0x0000000010001fdc                ph_remove_head
 .text.ph_remove_and_free_node
                0x00000000100020e0       0x7c CMakeFiles/join_usb_rndis.dir/mnt/c/Users/siddk/Downloads/PicoPiFi/pico-sdk/src/common/pico_util/pheap.c.obj
                0x00000000100020e0                ph_remove_and_free_node
 .text.uart_init
                0x000000001000215c      0x188 CMakeFiles/join_usb_rndis.dir/mnt/c/Users/siddk/Downloads/PicoPiFi/pico-sdk/src/rp2_common/hardware_uart/uart.c.obj
                0x000000001000215c                uart_init
 .text.clock_configure
                0x00000000100022e4      0x118 CMakeFiles/join_usb_rndis.dir/mnt/c/Users/siddk/Downloads/PicoPiFi/pico-sdk/src/rp2_common/hardware_clocks/clocks.c.obj
                0x00000000100022e4                clock_configure
 .text.clocks_init
                0x00000000100023fc      0x2d0 CMakeFiles/join_usb_rndis.dir/mnt/c/Users/siddk/Downloads/PicoPiFi/pico-sdk/src/rp2_common/hardware_clocks/clocks.c.obj
                0x00000000100023fc                clocks_init
 .text.clock_get_hz
                0x00000000100026cc        0xc CMakeFiles/join_usb_rndis.dir/mnt/c/Users/siddk/Downloads/PicoPiFi/pico-sdk/src/rp2_common/hardware_clocks/clocks.c.obj
                0x00000000100026cc                clock_get_hz
 .text.pll_init
                0x00000000100026d8       0xa0 CMakeFiles/join_usb_rndis.dir/mnt/c/Users/siddk/Downloads/PicoPiFi/pico-sdk/src/rp2_common/hardware_pll/pll.c.obj
                0x00000000100026d8                pll_init
 .text.watchdog_start_tick
                0x0000000010002778       0x10 CMakeFiles/join_usb_rndis.dir/mnt/c/Users/siddk/Downloads/PicoPiFi/pico-sdk/src/rp2_common/hardware_watchdog/watchdog.c.obj
                0x0000000010002778                watchdog_start_tick
 .text.xosc_init
                0x0000000010002788       0x28 CMakeFiles/join_usb_rndis.dir/mnt/c/Users/siddk/Downloads/PicoPiFi/pico-sdk/src/rp2_common/hardware_xosc/xosc.c.obj
                0x0000000010002788                xosc_init
 .text.runtime_init
                0x00000000100027b0       0xf0 CMakeFiles/join_usb_rndis.dir/mnt/c/Users/siddk/Downloads/PicoPiFi/pico-sdk/src/rp2_common/pico_runtime/runtime.c.obj
                0x00000000100027b0                runtime_init
 .text._exit    0x00000000100028a0        0x4 CMakeFiles/join_usb_rndis.dir/mnt/c/Users/siddk/Downloads/PicoPiFi/pico-sdk/src/rp2_common/pico_runtime/runtime.c.obj
                0x00000000100028a0                _exit
 .text.exit     0x00000000100028a4        0x8 CMakeFiles/join_usb_rndis.dir/mnt/c/Users/siddk/Downloads/PicoPiFi/pico-sdk/src/rp2_common/pico_runtime/runtime.c.obj
                0x00000000100028a4                exit
 .text.panic    0x00000000100028ac       0x30 CMakeFiles/join_usb_rndis.dir/mnt/c/Users/siddk/Downloads/PicoPiFi/pico-sdk/src/rp2_common/pico_runtime/runtime.c.obj
                0x00000000100028ac                panic
 .text.hard_assertion_failure
                0x00000000100028dc        0xc CMakeFiles/join_usb_rndis.dir/mnt/c/Users/siddk/Downloads/PicoPiFi/pico-sdk/src/rp2_common/pico_runtime/runtime.c.obj
                0x00000000100028dc                hard_assertion_failure
 .text._out_buffer
                0x00000000100028e8        0x8 CMakeFiles/join_usb_rndis.dir/mnt/c/Users/siddk/Downloads/PicoPiFi/pico-sdk/src/rp2_common/pico_printf/printf.c.obj
 .text._out_null
                0x00000000100028f0        0x4 CMakeFiles/join_usb_rndis.dir/mnt/c/Users/siddk/Downloads/PicoPiFi/pico-sdk/src/rp2_common/pico_printf/printf.c.obj
 .text._out_rev
                0x00000000100028f4       0x9c CMakeFiles/join_usb_rndis.dir/mnt/c/Users/siddk/Downloads/PicoPiFi/pico-sdk/src/rp2_common/pico_printf/printf.c.obj
 .text._ntoa_format
                0x0000000010002990      0x1cc CMakeFiles/join_usb_rndis.dir/mnt/c/Users/siddk/Downloads/PicoPiFi/pico-sdk/src/rp2_common/pico_printf/printf.c.obj
 .text._out_char
                0x0000000010002b5c       0x10 CMakeFiles/join_usb_rndis.dir/mnt/c/Users/siddk/Downloads/PicoPiFi/pico-sdk/src/rp2_common/pico_printf/printf.c.obj
 .text._out_fct
                0x0000000010002b6c       0x10 CMakeFiles/join_usb_rndis.dir/mnt/c/Users/siddk/Downloads/PicoPiFi/pico-sdk/src/rp2_common/pico_printf/printf.c.obj
 .text._etoa    0x0000000010002b7c      0x44c CMakeFiles/join_usb_rndis.dir/mnt/c/Users/siddk/Downloads/PicoPiFi/pico-sdk/src/rp2_common/pico_printf/printf.c.obj
 .text._ftoa    0x0000000010002fc8      0x398 CMakeFiles/join_usb_rndis.dir/mnt/c/Users/siddk/Downloads/PicoPiFi/pico-sdk/src/rp2_common/pico_printf/printf.c.obj
 .text._vsnprintf
                0x0000000010003360      0xb04 CMakeFiles/join_usb_rndis.dir/mnt/c/Users/siddk/Downloads/PicoPiFi/pico-sdk/src/rp2_common/pico_printf/printf.c.obj
 .text.__wrap_sprintf
                0x0000000010003e64       0x28 CMakeFiles/join_usb_rndis.dir/mnt/c/Users/siddk/Downloads/PicoPiFi/pico-sdk/src/rp2_common/pico_printf/printf.c.obj
                0x0000000010003e64                __wrap_sprintf
 .text.vfctprintf
                0x0000000010003e8c       0x20 CMakeFiles/join_usb_rndis.dir/mnt/c/Users/siddk/Downloads/PicoPiFi/pico-sdk/src/rp2_common/pico_printf/printf.c.obj
                0x0000000010003e8c                vfctprintf
 .text.weak_raw_vprintf
                0x0000000010003eac       0x30 CMakeFiles/join_usb_rndis.dir/mnt/c/Users/siddk/Downloads/PicoPiFi/pico-sdk/src/rp2_common/pico_printf/printf.c.obj
                0x0000000010003eac                weak_raw_vprintf
 .text          0x0000000010003edc       0x10 CMakeFiles/join_usb_rndis.dir/mnt/c/Users/siddk/Downloads/PicoPiFi/pico-sdk/src/rp2_common/pico_bit_ops/bit_ops_aeabi.S.obj
 .text.rom_func_lookup
                0x0000000010003eec       0x10 CMakeFiles/join_usb_rndis.dir/mnt/c/Users/siddk/Downloads/PicoPiFi/pico-sdk/src/rp2_common/pico_bootrom/bootrom.c.obj
                0x0000000010003eec                rom_func_lookup
 .text.rom_data_lookup
                0x0000000010003efc       0x10 CMakeFiles/join_usb_rndis.dir/mnt/c/Users/siddk/Downloads/PicoPiFi/pico-sdk/src/rp2_common/pico_bootrom/bootrom.c.obj
                0x0000000010003efc                rom_data_lookup
 .text.rom_funcs_lookup
                0x0000000010003f0c       0x44 CMakeFiles/join_usb_rndis.dir/mnt/c/Users/siddk/Downloads/PicoPiFi/pico-sdk/src/rp2_common/pico_bootrom/bootrom.c.obj
                0x0000000010003f0c                rom_funcs_lookup
 .text.__wrap___aeabi_idiv
                0x0000000010003f50       0x50 CMakeFiles/join_usb_rndis.dir/mnt/c/Users/siddk/Downloads/PicoPiFi/pico-sdk/src/rp2_common/pico_divider/divider.S.obj
                0x0000000010003f50                __wrap___aeabi_idivmod
                0x0000000010003f50                divmod_s32s32
                0x0000000010003f50                div_s32s32
                0x0000000010003f50                __wrap___aeabi_idiv
                0x0000000010003f58                divmod_s32s32_unsafe
                0x0000000010003f84                divmod_s32s32_savestate
 .text.__wrap___aeabi_uidiv
                0x0000000010003fa0       0x4c CMakeFiles/join_usb_rndis.dir/mnt/c/Users/siddk/Downloads/PicoPiFi/pico-sdk/src/rp2_common/pico_divider/divider.S.obj
                0x0000000010003fa0                __wrap___aeabi_uidiv
                0x0000000010003fa0                __wrap___aeabi_uidivmod
                0x0000000010003fa0                div_u32u32
                0x0000000010003fa0                divmod_u32u32
                0x0000000010003fa8                divmod_u32u32_unsafe
                0x0000000010003fd0                divmod_u32u32_savestate
 .text.__wrap___aeabi_ldiv
                0x0000000010003fec      0x424 CMakeFiles/join_usb_rndis.dir/mnt/c/Users/siddk/Downloads/PicoPiFi/pico-sdk/src/rp2_common/pico_divider/divider.S.obj
                0x0000000010003fec                div_s64s64
                0x0000000010003fec                divmod_s64s64
                0x0000000010003fec                __wrap___aeabi_ldivmod
                0x000000001000401c                div_u64u64
                0x000000001000401c                divmod_u64u64
                0x000000001000401c                __wrap___aeabi_uldivmod
                0x000000001000402c                divmod_u64u64_savestate
                0x000000001000404c                divmod_s64s64_unsafe
                0x00000000100040d4                divmod_u64u64_unsafe
 .text.__wrap___aeabi_darithmetic
                0x0000000010004410       0x80 CMakeFiles/join_usb_rndis.dir/mnt/c/Users/siddk/Downloads/PicoPiFi/pico-sdk/src/rp2_common/pico_double/double_aeabi.S.obj
                0x0000000010004410                __wrap___aeabi_drsub
                0x0000000010004416                __wrap___aeabi_dsub
                0x0000000010004428                __wrap___aeabi_dadd
                0x000000001000443a                __wrap___aeabi_ddiv
                0x0000000010004476                __wrap___aeabi_dmul
 .text.__wrap___aeabi_cdcmple
                0x0000000010004490       0x6c CMakeFiles/join_usb_rndis.dir/mnt/c/Users/siddk/Downloads/PicoPiFi/pico-sdk/src/rp2_common/pico_double/double_aeabi.S.obj
                0x0000000010004490                __wrap___aeabi_cdrcmple
                0x00000000100044a0                __wrap___aeabi_cdcmple
                0x00000000100044a0                __wrap___aeabi_cdcmpeq
 .text.__wrap___aeabi_dcmplt
                0x00000000100044fc        0xc CMakeFiles/join_usb_rndis.dir/mnt/c/Users/siddk/Downloads/PicoPiFi/pico-sdk/src/rp2_common/pico_double/double_aeabi.S.obj
                0x00000000100044fc                __wrap___aeabi_dcmplt
 .text.__wrap___aeabi_dcmple
                0x0000000010004508       0x10 CMakeFiles/join_usb_rndis.dir/mnt/c/Users/siddk/Downloads/PicoPiFi/pico-sdk/src/rp2_common/pico_double/double_aeabi.S.obj
                0x0000000010004508                __wrap___aeabi_dcmple
 .text.__wrap___aeabi_dcmpge
                0x0000000010004518       0x10 CMakeFiles/join_usb_rndis.dir/mnt/c/Users/siddk/Downloads/PicoPiFi/pico-sdk/src/rp2_common/pico_double/double_aeabi.S.obj
                0x0000000010004518                __wrap___aeabi_dcmpge
 .text.__wrap___aeabi_dcmpgt
                0x0000000010004528        0xa CMakeFiles/join_usb_rndis.dir/mnt/c/Users/siddk/Downloads/PicoPiFi/pico-sdk/src/rp2_common/pico_double/double_aeabi.S.obj
                0x0000000010004528                __wrap___aeabi_dcmpgt
 .text.__wrap___aeabi_dcmpun
                0x0000000010004532       0x1c CMakeFiles/join_usb_rndis.dir/mnt/c/Users/siddk/Downloads/PicoPiFi/pico-sdk/src/rp2_common/pico_double/double_aeabi.S.obj
                0x0000000010004532                __wrap___aeabi_dcmpun
 *fill*         0x000000001000454e        0x2 
 .text.__wrap___aeabi_i2d
                0x0000000010004550       0x38 CMakeFiles/join_usb_rndis.dir/mnt/c/Users/siddk/Downloads/PicoPiFi/pico-sdk/src/rp2_common/pico_double/double_aeabi.S.obj
                0x0000000010004550                __wrap___aeabi_ui2d
                0x0000000010004558                __wrap___aeabi_i2d
 .text.__wrap___aeabi_d2iz
                0x0000000010004588       0x48 CMakeFiles/join_usb_rndis.dir/mnt/c/Users/siddk/Downloads/PicoPiFi/pico-sdk/src/rp2_common/pico_double/double_aeabi.S.obj
                0x0000000010004588                __wrap___aeabi_d2iz
                0x0000000010004588                double2int_z
 .text.__wrap___aeabi_d2uiz
                0x00000000100045d0       0x18 CMakeFiles/join_usb_rndis.dir/mnt/c/Users/siddk/Downloads/PicoPiFi/pico-sdk/src/rp2_common/pico_double/double_aeabi.S.obj
                0x00000000100045d0                double2uint
                0x00000000100045d0                __wrap___aeabi_d2uiz
 .text.__aeabi_double_init
                0x00000000100045e8       0x94 CMakeFiles/join_usb_rndis.dir/mnt/c/Users/siddk/Downloads/PicoPiFi/pico-sdk/src/rp2_common/pico_double/double_init_rom.c.obj
                0x00000000100045e8                __aeabi_double_init
 .text.double_table_shim_on_use_helper
                0x000000001000467c       0x2c CMakeFiles/join_usb_rndis.dir/mnt/c/Users/siddk/Downloads/PicoPiFi/pico-sdk/src/rp2_common/pico_double/double_v1_rom_shim.S.obj
                0x000000001000467c                double_table_shim_on_use_helper
 .text.__wrap___aeabi_dsub
                0x00000000100046a8       0x10 CMakeFiles/join_usb_rndis.dir/mnt/c/Users/siddk/Downloads/PicoPiFi/pico-sdk/src/rp2_common/pico_double/double_v1_rom_shim.S.obj
                0x00000000100046a8                drsub_shim
                0x00000000100046ae                dsub_shim
 .text.dadd_shim
                0x00000000100046b8      0x15c CMakeFiles/join_usb_rndis.dir/mnt/c/Users/siddk/Downloads/PicoPiFi/pico-sdk/src/rp2_common/pico_double/double_v1_rom_shim.S.obj
                0x00000000100046b8                dadd_shim
 .text.dmul_shim
                0x0000000010004814      0x15c CMakeFiles/join_usb_rndis.dir/mnt/c/Users/siddk/Downloads/PicoPiFi/pico-sdk/src/rp2_common/pico_double/double_v1_rom_shim.S.obj
                0x0000000010004814                dmul_shim
 .text.ddiv_shim
                0x0000000010004970      0x1b0 CMakeFiles/join_usb_rndis.dir/mnt/c/Users/siddk/Downloads/PicoPiFi/pico-sdk/src/rp2_common/pico_double/double_v1_rom_shim.S.obj
                0x0000000010004970                ddiv_shim
 .text.double2uint_shim
                0x0000000010004b20        0xe CMakeFiles/join_usb_rndis.dir/mnt/c/Users/siddk/Downloads/PicoPiFi/pico-sdk/src/rp2_common/pico_double/double_v1_rom_shim.S.obj
                0x0000000010004b20                double2uint_shim
                0x0000000010004b22                double2ufix_shim
 *fill*         0x0000000010004b2e        0x2 
 .text.double2uint64_shim
                0x0000000010004b30       0x70 CMakeFiles/join_usb_rndis.dir/mnt/c/Users/siddk/Downloads/PicoPiFi/pico-sdk/src/rp2_common/pico_double/double_v1_rom_shim.S.obj
                0x0000000010004b30                double2uint64_shim
                0x0000000010004b32                double2ufix64_shim
                0x0000000010004b52                d2fix_a
 .text.dunpacks
                0x0000000010004ba0       0x3c CMakeFiles/join_usb_rndis.dir/mnt/c/Users/siddk/Downloads/PicoPiFi/pico-sdk/src/rp2_common/pico_double/double_v1_rom_shim.S.obj
                0x0000000010004ba0                dunpacks
 .text.__aeabi_float_init
                0x0000000010004bdc       0x64 CMakeFiles/join_usb_rndis.dir/mnt/c/Users/siddk/Downloads/PicoPiFi/pico-sdk/src/rp2_common/pico_float/float_init_rom.c.obj
                0x0000000010004bdc                __aeabi_float_init
 .text.float_table_shim_on_use_helper
                0x0000000010004c40       0x2c CMakeFiles/join_usb_rndis.dir/mnt/c/Users/siddk/Downloads/PicoPiFi/pico-sdk/src/rp2_common/pico_float/float_v1_rom_shim.S.obj
                0x0000000010004c40                float_table_shim_on_use_helper
 .text          0x0000000010004c6c       0x10 CMakeFiles/join_usb_rndis.dir/mnt/c/Users/siddk/Downloads/PicoPiFi/pico-sdk/src/rp2_common/pico_mem_ops/mem_ops_aeabi.S.obj
                0x0000000010004c6c                __aeabi_mem_init
 .text.memset   0x0000000010004c7c        0xc CMakeFiles/join_usb_rndis.dir/mnt/c/Users/siddk/Downloads/PicoPiFi/pico-sdk/src/rp2_common/pico_mem_ops/mem_ops_aeabi.S.obj
                0x0000000010004c7c                __wrap_memset
 .text.memcpy   0x0000000010004c88        0xc CMakeFiles/join_usb_rndis.dir/mnt/c/Users/siddk/Downloads/PicoPiFi/pico-sdk/src/rp2_common/pico_mem_ops/mem_ops_aeabi.S.obj
                0x0000000010004c88                __wrap___aeabi_memcpy
                0x0000000010004c88                __wrap_memcpy
 .text.stdio_out_chars_no_crlf
                0x0000000010004c94       0x10 CMakeFiles/join_usb_rndis.dir/mnt/c/Users/siddk/Downloads/PicoPiFi/pico-sdk/src/rp2_common/pico_stdio/stdio.c.obj
 .text.stdio_out_chars_crlf
                0x0000000010004ca4       0xb4 CMakeFiles/join_usb_rndis.dir/mnt/c/Users/siddk/Downloads/PicoPiFi/pico-sdk/src/rp2_common/pico_stdio/stdio.c.obj
 .text.stdio_buffered_printer
                0x0000000010004d58       0x64 CMakeFiles/join_usb_rndis.dir/mnt/c/Users/siddk/Downloads/PicoPiFi/pico-sdk/src/rp2_common/pico_stdio/stdio.c.obj
 .text.stdio_put_string.isra.0
                0x0000000010004dbc       0xfc CMakeFiles/join_usb_rndis.dir/mnt/c/Users/siddk/Downloads/PicoPiFi/pico-sdk/src/rp2_common/pico_stdio/stdio.c.obj
 .text.__wrap_putchar
                0x0000000010004eb8       0x98 CMakeFiles/join_usb_rndis.dir/mnt/c/Users/siddk/Downloads/PicoPiFi/pico-sdk/src/rp2_common/pico_stdio/stdio.c.obj
                0x0000000010004eb8                __wrap_putchar
 .text.__wrap_puts
                0x0000000010004f50       0x3c CMakeFiles/join_usb_rndis.dir/mnt/c/Users/siddk/Downloads/PicoPiFi/pico-sdk/src/rp2_common/pico_stdio/stdio.c.obj
                0x0000000010004f50                __wrap_puts
 .text.stdio_set_driver_enabled
                0x0000000010004f8c       0x30 CMakeFiles/join_usb_rndis.dir/mnt/c/Users/siddk/Downloads/PicoPiFi/pico-sdk/src/rp2_common/pico_stdio/stdio.c.obj
                0x0000000010004f8c                stdio_set_driver_enabled
 .text.__wrap_vprintf
                0x0000000010004fbc       0xd8 CMakeFiles/join_usb_rndis.dir/mnt/c/Users/siddk/Downloads/PicoPiFi/pico-sdk/src/rp2_common/pico_stdio/stdio.c.obj
                0x0000000010004fbc                __wrap_vprintf
 .text.__wrap_printf
                0x0000000010005094       0x18 CMakeFiles/join_usb_rndis.dir/mnt/c/Users/siddk/Downloads/PicoPiFi/pico-sdk/src/rp2_common/pico_stdio/stdio.c.obj
                0x0000000010005094                __wrap_printf
 .text.stdio_init_all
                0x00000000100050ac        0xc CMakeFiles/join_usb_rndis.dir/mnt/c/Users/siddk/Downloads/PicoPiFi/pico-sdk/src/rp2_common/pico_stdio/stdio.c.obj
                0x00000000100050ac                stdio_init_all
 .text.stdio_uart_out_chars
                0x00000000100050b8       0x4c CMakeFiles/join_usb_rndis.dir/mnt/c/Users/siddk/Downloads/PicoPiFi/pico-sdk/src/rp2_common/pico_stdio_uart/stdio_uart.c.obj
 .text.stdio_uart_in_chars
                0x0000000010005104       0x84 CMakeFiles/join_usb_rndis.dir/mnt/c/Users/siddk/Downloads/PicoPiFi/pico-sdk/src/rp2_common/pico_stdio_uart/stdio_uart.c.obj
                0x0000000010005104                stdio_uart_in_chars
 .text.on_uart_rx
                0x0000000010005188       0x28 CMakeFiles/join_usb_rndis.dir/mnt/c/Users/siddk/Downloads/PicoPiFi/pico-sdk/src/rp2_common/pico_stdio_uart/stdio_uart.c.obj
 .text.stdio_uart_set_chars_available_callback
                0x00000000100051b0       0x8c CMakeFiles/join_usb_rndis.dir/mnt/c/Users/siddk/Downloads/PicoPiFi/pico-sdk/src/rp2_common/pico_stdio_uart/stdio_uart.c.obj
 .text.stdio_uart_init
                0x000000001000523c       0x48 CMakeFiles/join_usb_rndis.dir/mnt/c/Users/siddk/Downloads/PicoPiFi/pico-sdk/src/rp2_common/pico_stdio_uart/stdio_uart.c.obj
                0x000000001000523c                stdio_uart_init
 .text.pio_claim_unused_sm
                0x0000000010005284       0x3c CMakeFiles/join_usb_rndis.dir/mnt/c/Users/siddk/Downloads/PicoPiFi/pico-sdk/src/rp2_common/hardware_pio/pio.c.obj
                0x0000000010005284                pio_claim_unused_sm
 .text.pio_add_program
                0x00000000100052c0       0xc8 CMakeFiles/join_usb_rndis.dir/mnt/c/Users/siddk/Downloads/PicoPiFi/pico-sdk/src/rp2_common/hardware_pio/pio.c.obj
                0x00000000100052c0                pio_add_program
 .text.pio_sm_set_consecutive_pindirs
                0x0000000010005388       0xb0 CMakeFiles/join_usb_rndis.dir/mnt/c/Users/siddk/Downloads/PicoPiFi/pico-sdk/src/rp2_common/hardware_pio/pio.c.obj
                0x0000000010005388                pio_sm_set_consecutive_pindirs
 .text.pio_sm_init
                0x0000000010005438       0x8c CMakeFiles/join_usb_rndis.dir/mnt/c/Users/siddk/Downloads/PicoPiFi/pico-sdk/src/rp2_common/hardware_pio/pio.c.obj
                0x0000000010005438                pio_sm_init
 .text.dma_claim_unused_channel
                0x00000000100054c4       0x20 CMakeFiles/join_usb_rndis.dir/mnt/c/Users/siddk/Downloads/PicoPiFi/pico-sdk/src/rp2_common/hardware_dma/dma.c.obj
                0x00000000100054c4                dma_claim_unused_channel
 .text.io_init  0x00000000100054e4       0x10 libpicowi.a(picowi_pico.c.obj)
                0x00000000100054e4                io_init
 .text.io_set   0x00000000100054f4       0x4c libpicowi.a(picowi_pico.c.obj)
                0x00000000100054f4                io_set
 .text.io_out   0x0000000010005540       0x14 libpicowi.a(picowi_pico.c.obj)
                0x0000000010005540                io_out
 .text.io_in    0x0000000010005554       0x10 libpicowi.a(picowi_pico.c.obj)
                0x0000000010005554                io_in
 .text.usdelay  0x0000000010005564       0x18 libpicowi.a(picowi_pico.c.obj)
                0x0000000010005564                usdelay
 .text.ustimeout
                0x000000001000557c       0x24 libpicowi.a(picowi_pico.c.obj)
                0x000000001000557c                ustimeout
 .text.wifi_core_reset
                0x00000000100055a0      0x110 libpicowi.a(picowi_init.c.obj)
                0x00000000100055a0                wifi_core_reset
 .text.wifi_data_load
                0x00000000100056b0       0xac libpicowi.a(picowi_init.c.obj)
                0x00000000100056b0                wifi_data_load
 .text.wifi_reg_val_wait
                0x000000001000575c       0x48 libpicowi.a(picowi_init.c.obj)
                0x000000001000575c                wifi_reg_val_wait
 .text.wifi_set_led
                0x00000000100057a4       0x80 libpicowi.a(picowi_init.c.obj)
                0x00000000100057a4                wifi_set_led
 .text.disp_bytes
                0x0000000010005824       0x30 libpicowi.a(picowi_init.c.obj)
                0x0000000010005824                disp_bytes
 .text.display  0x0000000010005854       0x28 libpicowi.a(picowi_init.c.obj)
                0x0000000010005854                display
 .text.wifi_init
                0x000000001000587c      0x254 libpicowi.a(picowi_init.c.obj)
                0x000000001000587c                wifi_init
 .text.set_display_mode
                0x0000000010005ad0        0xc libpicowi.a(picowi_init.c.obj)
                0x0000000010005ad0                set_display_mode
 .text.wifi_spi_write
                0x0000000010005adc       0xc4 libpicowi.a(picowi_wifi.c.obj)
                0x0000000010005adc                wifi_spi_write
 .text.wifi_data_read
                0x0000000010005ba0      0x188 libpicowi.a(picowi_wifi.c.obj)
                0x0000000010005ba0                wifi_data_read
 .text.wifi_reg_read
                0x0000000010005d28       0x90 libpicowi.a(picowi_wifi.c.obj)
                0x0000000010005d28                wifi_reg_read
 .text.wifi_data_write
                0x0000000010005db8       0xb0 libpicowi.a(picowi_wifi.c.obj)
                0x0000000010005db8                wifi_data_write
 .text.wifi_reg_write
                0x0000000010005e68       0x90 libpicowi.a(picowi_wifi.c.obj)
                0x0000000010005e68                wifi_reg_write
 .text.wifi_rx_event_wait
                0x0000000010005ef8       0x60 libpicowi.a(picowi_wifi.c.obj)
                0x0000000010005ef8                wifi_rx_event_wait
 .text.wifi_pio_dma_init
                0x0000000010005f58       0xb8 libpicowi.a(picowi_wifi.c.obj)
                0x0000000010005f58                wifi_pio_dma_init
 .text.wifi_pio_init
                0x0000000010006010      0x110 libpicowi.a(picowi_wifi.c.obj)
                0x0000000010006010                wifi_pio_init
 .text.wifi_start
                0x0000000010006120      0x1c4 libpicowi.a(picowi_wifi.c.obj)
                0x0000000010006120                wifi_start
 .text.wifi_setup
                0x00000000100062e4       0x80 libpicowi.a(picowi_wifi.c.obj)
                0x00000000100062e4                wifi_setup
 .text.wifi_get_irq
                0x0000000010006364       0x10 libpicowi.a(picowi_wifi.c.obj)
                0x0000000010006364                wifi_get_irq
 .text.ioctl_cmd
                0x0000000010006374      0x2bc libpicowi.a(picowi_ioctl.c.obj)
                0x0000000010006374                ioctl_cmd
 .text.ioctl_set_uint32
                0x0000000010006630       0x2c libpicowi.a(picowi_ioctl.c.obj)
                0x0000000010006630                ioctl_set_uint32
 .text.ioctl_set_data2
                0x000000001000665c       0x24 libpicowi.a(picowi_ioctl.c.obj)
                0x000000001000665c                ioctl_set_data2
 .text.ioctl_get_data
                0x0000000010006680       0x2c libpicowi.a(picowi_ioctl.c.obj)
                0x0000000010006680                ioctl_get_data
 .text.ioctl_set_data
                0x00000000100066ac       0x2c libpicowi.a(picowi_ioctl.c.obj)
                0x00000000100066ac                ioctl_set_data
 .text.ioctl_wr_int32
                0x00000000100066d8       0x20 libpicowi.a(picowi_ioctl.c.obj)
                0x00000000100066d8                ioctl_wr_int32
 .text.ioctl_wr_data
                0x00000000100066f8       0x1c libpicowi.a(picowi_ioctl.c.obj)
                0x00000000100066f8                ioctl_wr_data
 .text.ioctl_err_display
                0x0000000010006714       0x60 libpicowi.a(picowi_ioctl.c.obj)
                0x0000000010006714                ioctl_err_display
 .text.events_enable
                0x0000000010006774       0x80 libpicowi.a(picowi_event.c.obj)
                0x0000000010006774                events_enable
 .text.add_event_handler
                0x00000000100067f4       0x38 libpicowi.a(picowi_event.c.obj)
                0x00000000100067f4                add_event_handler
 .text.event_read
                0x000000001000682c      0x130 libpicowi.a(picowi_event.c.obj)
                0x000000001000682c                event_read
 .text.event_poll
                0x000000001000695c      0x1b8 libpicowi.a(picowi_event.c.obj)
                0x000000001000695c                event_poll
 .text.event_net_tx
                0x0000000010006b14       0x98 libpicowi.a(picowi_event.c.obj)
                0x0000000010006b14                event_net_tx
 .text.join_restart
                0x0000000010006bac      0x1c4 libpicowi.a(picowi_join.c.obj)
                0x0000000010006bac                join_restart
 .text.join_event_handler
                0x0000000010006d70       0xa8 libpicowi.a(picowi_join.c.obj)
                0x0000000010006d70                join_event_handler
 .text.join_state_poll
                0x0000000010006e18      0x12c libpicowi.a(picowi_join.c.obj)
                0x0000000010006e18                join_state_poll
 .text.join_start
                0x0000000010006f44      0x124 libpicowi.a(picowi_join.c.obj)
                0x0000000010006f44                join_start
 .text.link_check
                0x0000000010007068       0x24 libpicowi.a(picowi_join.c.obj)
                0x0000000010007068                link_check
 .text          0x000000001000708c      0xb28 libcherryusblib.a(usb_dc_rp2040.c.obj)
                0x00000000100073d8                usb_dc_init
                0x000000001000746c                usb_dc_deinit
                0x0000000010007470                usbd_set_address
                0x0000000010007480                usbd_get_port_speed
                0x0000000010007484                usbd_ep_open
                0x00000000100075a0                usbd_ep_close
                0x0000000010007624                usbd_ep_set_stall
                0x0000000010007678                usbd_ep_clear_stall
                0x00000000100076d8                usbd_ep_is_stalled
                0x00000000100076dc                usbd_ep_start_write
                0x0000000010007844                usbd_ep_start_read
                0x00000000100079dc                isr_irq5
 .text          0x0000000010007bb4       0xfc libcherryusblib.a(usbd_cdc.c.obj)
                0x0000000010007bb4                usbd_cdc_acm_init_intf
                0x0000000010007bc8                usbd_cdc_acm_set_line_coding
                0x0000000010007bcc                usbd_cdc_acm_get_line_coding
                0x0000000010007bec                usbd_cdc_acm_set_rts
                0x0000000010007bf0                usbd_cdc_acm_send_break
 .text          0x0000000010007cb0      0xae4 libcherryusblib.a(usbd_rndis.c.obj)
                0x0000000010007cb0                rndis_int_in
                0x0000000010007cec                rndis_bulk_out
                0x0000000010007d30                rndis_bulk_in
                0x0000000010008160                usbd_rndis_eth_rx
                0x0000000010008424                usbd_rndis_eth_tx
                0x0000000010008710                usbd_rndis_init_intf
 .text          0x0000000010008794      0xf5c libcherryusblib.a(usbd_core.c.obj)
                0x0000000010008794                usbd_event_ep0_in_complete_handler
                0x00000000100090c4                usbd_event_ep0_out_complete_handler
                0x000000001000912c                usbd_event_connect_handler
                0x0000000010009150                usbd_event_disconnect_handler
                0x0000000010009174                usbd_event_resume_handler
                0x0000000010009198                usbd_event_suspend_handler
                0x00000000100091bc                usbd_event_reset_handler
                0x0000000010009280                usbd_event_ep0_setup_complete_handler
                0x0000000010009390                usbd_event_ep_in_complete_handler
                0x00000000100093c0                usbd_event_ep_out_complete_handler
                0x00000000100093f0                usbd_desc_register
                0x0000000010009438                usbd_msosv1_desc_register
                0x000000001000944c                usbd_msosv2_desc_register
                0x0000000010009460                usbd_bos_desc_register
                0x0000000010009474                usbd_add_interface
                0x00000000100094b4                usbd_add_endpoint
                0x0000000010009510                usbd_get_ep_mps
                0x0000000010009560                usbd_get_ep_mult
                0x00000000100095b0                usb_device_is_configured
                0x00000000100095d4                usbd_initialize
                0x000000001000965c                usbd_deinitialize
 .text          0x00000000100096f0       0x5c /usr/lib/gcc/arm-none-eabi/10.3.1/../../../arm-none-eabi/lib/thumb/v6-m/nofp/libc.a(lib_a-strlen-stub.o)
                0x00000000100096f0                strlen
 *(.fini)
 .fini          0x000000001000974c        0x4 /usr/lib/gcc/arm-none-eabi/10.3.1/thumb/v6-m/nofp/crti.o
                0x000000001000974c                _fini
 .fini.__stub   0x0000000010009750       0x40 linker stubs
 *crtbegin.o(.ctors)
 *crtbegin?.o(.ctors)
 *(EXCLUDE_FILE(*crtend.o *crtend?.o) .ctors)
 *(SORT_BY_NAME(.ctors.*))
 *(.ctors)
 *crtbegin.o(.dtors)
 *crtbegin?.o(.dtors)
 *(EXCLUDE_FILE(*crtend.o *crtend?.o) .dtors)
 *(SORT_BY_NAME(.dtors.*))
 *(.dtors)
 *(.eh_frame*)
 .eh_frame      0x0000000010009790        0x0 /usr/lib/gcc/arm-none-eabi/10.3.1/thumb/v6-m/nofp/crtbegin.o
                0x0000000010009790                . = ALIGN (0x4)

.glue_7         0x0000000010009790        0x0
 .glue_7        0x0000000010009790        0x0 linker stubs

.glue_7t        0x0000000010009790        0x0
 .glue_7t       0x0000000010009790        0x0 linker stubs

.vfp11_veneer   0x0000000010009790        0x0
 .vfp11_veneer  0x0000000010009790        0x0 linker stubs

.v4_bx          0x0000000010009790        0x0
 .v4_bx         0x0000000010009790        0x0 linker stubs

.iplt           0x0000000010009790        0x0
 .iplt          0x0000000010009790        0x0 /usr/lib/gcc/arm-none-eabi/10.3.1/thumb/v6-m/nofp/crtbegin.o

.rodata         0x0000000010009790    0x385ac
 *(EXCLUDE_FILE(*libm.a: *libc.a:*lib_a-mem*.o *libgcc.a:) .rodata*)
 .rodata.main.str1.4
                0x0000000010009790       0xb8 CMakeFiles/join_usb_rndis.dir/join_usb_rndis.c.obj
 .rodata.cdc_descriptor
                0x0000000010009848      0x19a CMakeFiles/join_usb_rndis.dir/src/cdc_rndis_device.c.obj
 *fill*         0x00000000100099e2        0x2 
 .rodata.pbuf_free.part.0.str1.4
                0x00000000100099e4       0x4e CMakeFiles/join_usb_rndis.dir/mnt/c/Users/siddk/Downloads/PicoPiFi/pico-sdk/lib/lwip/src/core/pbuf.c.obj
 *fill*         0x0000000010009a32        0x2 
 .rodata.pbuf_alloc.str1.4
                0x0000000010009a34       0x1b CMakeFiles/join_usb_rndis.dir/mnt/c/Users/siddk/Downloads/PicoPiFi/pico-sdk/lib/lwip/src/core/pbuf.c.obj
 *fill*         0x0000000010009a4f        0x1 
 .rodata.pbuf_add_header.str1.4
                0x0000000010009a50        0xa CMakeFiles/join_usb_rndis.dir/mnt/c/Users/siddk/Downloads/PicoPiFi/pico-sdk/lib/lwip/src/core/pbuf.c.obj
 *fill*         0x0000000010009a5a        0x2 
 .rodata.pbuf_take.str1.4
                0x0000000010009a5c       0x2e CMakeFiles/join_usb_rndis.dir/mnt/c/Users/siddk/Downloads/PicoPiFi/pico-sdk/lib/lwip/src/core/pbuf.c.obj
 *fill*         0x0000000010009a8a        0x2 
 .rodata.mem_free.str1.4
                0x0000000010009a8c       0xfe CMakeFiles/join_usb_rndis.dir/mnt/c/Users/siddk/Downloads/PicoPiFi/pico-sdk/lib/lwip/src/core/mem.c.obj
 *fill*         0x0000000010009b8a        0x2 
 .rodata.mem_trim.str1.4
                0x0000000010009b8c       0x49 CMakeFiles/join_usb_rndis.dir/mnt/c/Users/siddk/Downloads/PicoPiFi/pico-sdk/lib/lwip/src/core/mem.c.obj
 *fill*         0x0000000010009bd5        0x3 
 .rodata.mem_malloc.str1.4
                0x0000000010009bd8       0x83 CMakeFiles/join_usb_rndis.dir/mnt/c/Users/siddk/Downloads/PicoPiFi/pico-sdk/lib/lwip/src/core/mem.c.obj
 *fill*         0x0000000010009c5b        0x1 
 .rodata.memp_malloc_pool.str1.4
                0x0000000010009c5c       0x37 CMakeFiles/join_usb_rndis.dir/mnt/c/Users/siddk/Downloads/PicoPiFi/pico-sdk/lib/lwip/src/core/memp.c.obj
 *fill*         0x0000000010009c93        0x1 
 .rodata.memp_free_pool.str1.4
                0x0000000010009c94       0x20 CMakeFiles/join_usb_rndis.dir/mnt/c/Users/siddk/Downloads/PicoPiFi/pico-sdk/lib/lwip/src/core/memp.c.obj
 .rodata.memp_FRAG_PBUF
                0x0000000010009cb4       0x10 CMakeFiles/join_usb_rndis.dir/mnt/c/Users/siddk/Downloads/PicoPiFi/pico-sdk/lib/lwip/src/core/memp.c.obj
                0x0000000010009cb4                memp_FRAG_PBUF
 .rodata.memp_PBUF
                0x0000000010009cc4       0x10 CMakeFiles/join_usb_rndis.dir/mnt/c/Users/siddk/Downloads/PicoPiFi/pico-sdk/lib/lwip/src/core/memp.c.obj
                0x0000000010009cc4                memp_PBUF
 .rodata.memp_PBUF_POOL
                0x0000000010009cd4       0x10 CMakeFiles/join_usb_rndis.dir/mnt/c/Users/siddk/Downloads/PicoPiFi/pico-sdk/lib/lwip/src/core/memp.c.obj
                0x0000000010009cd4                memp_PBUF_POOL
 .rodata.memp_REASSDATA
                0x0000000010009ce4       0x10 CMakeFiles/join_usb_rndis.dir/mnt/c/Users/siddk/Downloads/PicoPiFi/pico-sdk/lib/lwip/src/core/memp.c.obj
                0x0000000010009ce4                memp_REASSDATA
 .rodata.memp_SYS_TIMEOUT
                0x0000000010009cf4       0x10 CMakeFiles/join_usb_rndis.dir/mnt/c/Users/siddk/Downloads/PicoPiFi/pico-sdk/lib/lwip/src/core/memp.c.obj
                0x0000000010009cf4                memp_SYS_TIMEOUT
 .rodata.memp_UDP_PCB
                0x0000000010009d04       0x10 CMakeFiles/join_usb_rndis.dir/mnt/c/Users/siddk/Downloads/PicoPiFi/pico-sdk/lib/lwip/src/core/memp.c.obj
                0x0000000010009d04                memp_UDP_PCB
 .rodata.memp_pools
                0x0000000010009d14       0x18 CMakeFiles/join_usb_rndis.dir/mnt/c/Users/siddk/Downloads/PicoPiFi/pico-sdk/lib/lwip/src/core/memp.c.obj
                0x0000000010009d14                memp_pools
 .rodata.hardware_alarm_claim.str1.4
                0x0000000010009d2c       0x22 CMakeFiles/join_usb_rndis.dir/mnt/c/Users/siddk/Downloads/PicoPiFi/pico-sdk/src/rp2_common/hardware_timer/timer.c.obj
 *fill*         0x0000000010009d4e        0x2 
 .rodata.panic.str1.4
                0x0000000010009d50       0x10 CMakeFiles/join_usb_rndis.dir/mnt/c/Users/siddk/Downloads/PicoPiFi/pico-sdk/src/rp2_common/pico_runtime/runtime.c.obj
                                         0x12 (size before relaxing)
 .rodata.hard_assertion_failure.str1.4
                0x0000000010009d60        0xc CMakeFiles/join_usb_rndis.dir/mnt/c/Users/siddk/Downloads/PicoPiFi/pico-sdk/src/rp2_common/pico_runtime/runtime.c.obj
 .rodata._ftoa.str1.4
                0x0000000010009d6c       0x15 CMakeFiles/join_usb_rndis.dir/mnt/c/Users/siddk/Downloads/PicoPiFi/pico-sdk/src/rp2_common/pico_printf/printf.c.obj
 *fill*         0x0000000010009d81        0x3 
 .rodata._vsnprintf
                0x0000000010009d84      0x1e0 CMakeFiles/join_usb_rndis.dir/mnt/c/Users/siddk/Downloads/PicoPiFi/pico-sdk/src/rp2_common/pico_printf/printf.c.obj
 *fill*         0x0000000010009f64        0x4 
 .rodata.pow10.0
                0x0000000010009f68       0x50 CMakeFiles/join_usb_rndis.dir/mnt/c/Users/siddk/Downloads/PicoPiFi/pico-sdk/src/rp2_common/pico_printf/printf.c.obj
 .rodata.str1.4
                0x0000000010009fb8       0x44 CMakeFiles/join_usb_rndis.dir/mnt/c/Users/siddk/Downloads/PicoPiFi/pico-sdk/src/rp2_common/pico_standard_link/binary_info.c.obj
 .rodata.__bi_44
                0x0000000010009ffc        0xc CMakeFiles/join_usb_rndis.dir/mnt/c/Users/siddk/Downloads/PicoPiFi/pico-sdk/src/rp2_common/pico_standard_link/binary_info.c.obj
 .rodata.__bi_75
                0x000000001000a008        0xc CMakeFiles/join_usb_rndis.dir/mnt/c/Users/siddk/Downloads/PicoPiFi/pico-sdk/src/rp2_common/pico_standard_link/binary_info.c.obj
 .rodata.__bi_81
                0x000000001000a014        0xc CMakeFiles/join_usb_rndis.dir/mnt/c/Users/siddk/Downloads/PicoPiFi/pico-sdk/src/rp2_common/pico_standard_link/binary_info.c.obj
 .rodata.crlf_str.0
                0x000000001000a020        0x2 CMakeFiles/join_usb_rndis.dir/mnt/c/Users/siddk/Downloads/PicoPiFi/pico-sdk/src/rp2_common/pico_stdio/stdio.c.obj
 *fill*         0x000000001000a022        0x2 
 .rodata.str1.4
                0x000000001000a024       0x2c CMakeFiles/join_usb_rndis.dir/mnt/c/Users/siddk/Downloads/PicoPiFi/pico-sdk/src/rp2_common/pico_stdio_uart/stdio_uart.c.obj
 .rodata.__bi_33.4
                0x000000001000a050        0xc CMakeFiles/join_usb_rndis.dir/mnt/c/Users/siddk/Downloads/PicoPiFi/pico-sdk/src/rp2_common/pico_stdio_uart/stdio_uart.c.obj
 .rodata.__bi_34.5
                0x000000001000a05c        0x8 CMakeFiles/join_usb_rndis.dir/mnt/c/Users/siddk/Downloads/PicoPiFi/pico-sdk/src/rp2_common/pico_stdio_uart/stdio_uart.c.obj
 .rodata.pio_claim_unused_sm.str1.4
                0x000000001000a064       0x24 CMakeFiles/join_usb_rndis.dir/mnt/c/Users/siddk/Downloads/PicoPiFi/pico-sdk/src/rp2_common/hardware_pio/pio.c.obj
 .rodata.pio_add_program.str1.4
                0x000000001000a088       0x11 CMakeFiles/join_usb_rndis.dir/mnt/c/Users/siddk/Downloads/PicoPiFi/pico-sdk/src/rp2_common/hardware_pio/pio.c.obj
 *fill*         0x000000001000a099        0x3 
 .rodata.dma_claim_unused_channel.str1.4
                0x000000001000a09c       0x1e CMakeFiles/join_usb_rndis.dir/mnt/c/Users/siddk/Downloads/PicoPiFi/pico-sdk/src/rp2_common/hardware_dma/dma.c.obj
 *fill*         0x000000001000a0ba        0x2 
 .rodata.wifi_clm_load.str1.4
                0x000000001000a0bc        0x8 libpicowi.a(picowi_init.c.obj)
 .rodata.mac_addr_str.str1.4
                0x000000001000a0c4       0x1e libpicowi.a(picowi_init.c.obj)
 *fill*         0x000000001000a0e2        0x2 
 .rodata.disp_bytes.str1.4
                0x000000001000a0e4        0x6 libpicowi.a(picowi_init.c.obj)
 *fill*         0x000000001000a0ea        0x2 
 .rodata.wifi_init.str1.4
                0x000000001000a0ec       0x7c libpicowi.a(picowi_init.c.obj)
 .rodata.wifi_reg_read.str1.4
                0x000000001000a168       0x37 libpicowi.a(picowi_wifi.c.obj)
 *fill*         0x000000001000a19f        0x1 
 .rodata.wifi_reg_write.str1.4
                0x000000001000a1a0       0x27 libpicowi.a(picowi_wifi.c.obj)
 *fill*         0x000000001000a1c7        0x1 
 .rodata.wifi_start.str1.4
                0x000000001000a1c8       0x53 libpicowi.a(picowi_wifi.c.obj)
 *fill*         0x000000001000a21b        0x1 
 .rodata.picowi_pio_program
                0x000000001000a21c        0x6 libpicowi.a(picowi_wifi.c.obj)
 *fill*         0x000000001000a222        0x2 
 .rodata.picowi_pio_program_instructions
                0x000000001000a224       0x32 libpicowi.a(picowi_wifi.c.obj)
 *fill*         0x000000001000a256        0x2 
 .rodata.ioctl_cmd.str1.4
                0x000000001000a258       0x73 libpicowi.a(picowi_ioctl.c.obj)
                                         0x7b (size before relaxing)
 *fill*         0x000000001000a2cb        0x1 
 .rodata.ioctl_err_display.str1.4
                0x000000001000a2cc       0x24 libpicowi.a(picowi_ioctl.c.obj)
 .rodata.events_enable.str1.4
                0x000000001000a2f0       0x12 libpicowi.a(picowi_event.c.obj)
 *fill*         0x000000001000a302        0x2 
 .rodata.event_read.str1.4
                0x000000001000a304       0x55 libpicowi.a(picowi_event.c.obj)
 *fill*         0x000000001000a359        0x3 
 .rodata.event_poll.str1.4
                0x000000001000a35c       0x4f libpicowi.a(picowi_event.c.obj)
                                         0x5c (size before relaxing)
 *fill*         0x000000001000a3ab        0x1 
 .rodata.event_net_tx.str1.4
                0x000000001000a3ac       0x10 libpicowi.a(picowi_event.c.obj)
 .rodata.join_restart.str1.4
                0x000000001000a3bc       0x73 libpicowi.a(picowi_join.c.obj)
 *fill*         0x000000001000a42f        0x1 
 .rodata.join_state_poll.str1.4
                0x000000001000a430       0x4d libpicowi.a(picowi_join.c.obj)
 *fill*         0x000000001000a47d        0x3 
 .rodata.join_start.str1.4
                0x000000001000a480       0x53 libpicowi.a(picowi_join.c.obj)
 *fill*         0x000000001000a4d3        0x1 
 .rodata.str1.4
                0x000000001000a4d4       0xaf libpicowi.a(picowi_join.c.obj)
                                         0xb3 (size before relaxing)
 *fill*         0x000000001000a583        0x1 
 .rodata        0x000000001000a584       0x21 libpicowi.a(picowi_join.c.obj)
 *fill*         0x000000001000a5a5        0x3 
 .rodata.country_data
                0x000000001000a5a8       0x14 libpicowi.a(picowi_join.c.obj)
                0x000000001000a5a8                country_data
 .rodata.join_evts
                0x000000001000a5bc       0x60 libpicowi.a(picowi_join.c.obj)
                0x000000001000a5bc                join_evts
 .rodata.mcast_addr
                0x000000001000a61c       0x3c libpicowi.a(picowi_join.c.obj)
                0x000000001000a61c                mcast_addr
 .rodata.fw_clm_data
                0x000000001000a658      0x3dc libpicowi.a(fw_43439.c.obj)
                0x000000001000a658                fw_clm_data
 .rodata.fw_clm_len
                0x000000001000aa34        0x4 libpicowi.a(fw_43439.c.obj)
                0x000000001000aa34                fw_clm_len
 .rodata.fw_firmware_data
                0x000000001000aa38    0x36c00 libpicowi.a(fw_43439.c.obj)
                0x000000001000aa38                fw_firmware_data
 .rodata.fw_firmware_len
                0x0000000010041638        0x4 libpicowi.a(fw_43439.c.obj)
                0x0000000010041638                fw_firmware_len
 .rodata.fw_nvram_data
                0x000000001004163c      0x300 libpicowi.a(fw_43439.c.obj)
                0x000000001004163c                fw_nvram_data
 .rodata.fw_nvram_len
                0x000000001004193c        0x4 libpicowi.a(fw_43439.c.obj)
                0x000000001004193c                fw_nvram_len
 .rodata.str1.4
                0x0000000010041940       0xbc libcherryusblib.a(usb_dc_rp2040.c.obj)
 .rodata.str1.4
                0x00000000100419fc       0x42 libcherryusblib.a(usbd_cdc.c.obj)
                                         0x5e (size before relaxing)
 *fill*         0x0000000010041a3e        0x2 
 .rodata.str1.4
                0x0000000010041a40       0x88 libcherryusblib.a(usbd_rndis.c.obj)
                                         0xa0 (size before relaxing)
 .rodata        0x0000000010041ac8      0x100 libcherryusblib.a(usbd_rndis.c.obj)
                0x0000000010041b54                oid_supported_list
 .rodata.str1.4
                0x0000000010041bc8      0x14a libcherryusblib.a(usbd_core.c.obj)
                                        0x172 (size before relaxing)
 *fill*         0x0000000010041d12        0x2 
 .rodata        0x0000000010041d14       0x28 libcherryusblib.a(usbd_core.c.obj)
                0x0000000010041d3c                . = ALIGN (0x4)
 *(SORT_BY_ALIGNMENT(SORT_BY_NAME(.flashdata*)))
                0x0000000010041d3c                . = ALIGN (0x4)

.ARM.extab
 *(.ARM.extab* .gnu.linkonce.armextab.*)
                0x0000000010041d3c                __exidx_start = .

.ARM.exidx
 *(.ARM.exidx* .gnu.linkonce.armexidx.*)
                0x0000000010041d3c                __exidx_end = .
                0x0000000010041d3c                . = ALIGN (0x4)
                0x0000000010041d3c                __binary_info_start = .

.binary_info    0x0000000010041d3c       0x24
 *(.binary_info.keep.*)
 .binary_info.keep.__bi_ptr22
                0x0000000010041d3c        0x4 CMakeFiles/join_usb_rndis.dir/mnt/c/Users/siddk/Downloads/PicoPiFi/pico-sdk/src/rp2_common/pico_standard_link/binary_info.c.obj
 .binary_info.keep.__bi_ptr30
                0x0000000010041d40        0x4 CMakeFiles/join_usb_rndis.dir/mnt/c/Users/siddk/Downloads/PicoPiFi/pico-sdk/src/rp2_common/pico_standard_link/binary_info.c.obj
 .binary_info.keep.__bi_ptr38
                0x0000000010041d44        0x4 CMakeFiles/join_usb_rndis.dir/mnt/c/Users/siddk/Downloads/PicoPiFi/pico-sdk/src/rp2_common/pico_standard_link/binary_info.c.obj
 .binary_info.keep.__bi_ptr44
                0x0000000010041d48        0x4 CMakeFiles/join_usb_rndis.dir/mnt/c/Users/siddk/Downloads/PicoPiFi/pico-sdk/src/rp2_common/pico_standard_link/binary_info.c.obj
 .binary_info.keep.__bi_ptr50
                0x0000000010041d4c        0x4 CMakeFiles/join_usb_rndis.dir/mnt/c/Users/siddk/Downloads/PicoPiFi/pico-sdk/src/rp2_common/pico_standard_link/binary_info.c.obj
 .binary_info.keep.__bi_ptr75
                0x0000000010041d50        0x4 CMakeFiles/join_usb_rndis.dir/mnt/c/Users/siddk/Downloads/PicoPiFi/pico-sdk/src/rp2_common/pico_standard_link/binary_info.c.obj
 .binary_info.keep.__bi_ptr81
                0x0000000010041d54        0x4 CMakeFiles/join_usb_rndis.dir/mnt/c/Users/siddk/Downloads/PicoPiFi/pico-sdk/src/rp2_common/pico_standard_link/binary_info.c.obj
 *(.binary_info.*)
 .binary_info.__bi_ptr33
                0x0000000010041d58        0x4 CMakeFiles/join_usb_rndis.dir/mnt/c/Users/siddk/Downloads/PicoPiFi/pico-sdk/src/rp2_common/pico_stdio_uart/stdio_uart.c.obj
 .binary_info.__bi_ptr34
                0x0000000010041d5c        0x4 CMakeFiles/join_usb_rndis.dir/mnt/c/Users/siddk/Downloads/PicoPiFi/pico-sdk/src/rp2_common/pico_stdio_uart/stdio_uart.c.obj
                0x0000000010041d60                __binary_info_end = .

.rel.dyn        0x0000000010041d60        0x0
 .rel.iplt      0x0000000010041d60        0x0 /usr/lib/gcc/arm-none-eabi/10.3.1/thumb/v6-m/nofp/crtbegin.o
                0x0000000010041d60                . = ALIGN (0x4)

.ram_vector_table
                0x0000000020000000       0xc0
 *(.ram_vector_table)
 .ram_vector_table
                0x0000000020000000       0xc0 CMakeFiles/join_usb_rndis.dir/mnt/c/Users/siddk/Downloads/PicoPiFi/pico-sdk/src/rp2_common/pico_runtime/runtime.c.obj
                0x0000000020000000                ram_vector_table

.data           0x00000000200000c0      0x838 load address 0x0000000010041d60
                0x00000000200000c0                __data_start__ = .
 *(vtable)
 *(.time_critical*)
 .time_critical.mutex_try_enter_block_until
                0x00000000200000c0       0x9c CMakeFiles/join_usb_rndis.dir/mnt/c/Users/siddk/Downloads/PicoPiFi/pico-sdk/src/common/pico_sync/mutex.c.obj
                0x00000000200000c0                mutex_try_enter_block_until
 .time_critical.mutex_exit
                0x000000002000015c       0x28 CMakeFiles/join_usb_rndis.dir/mnt/c/Users/siddk/Downloads/PicoPiFi/pico-sdk/src/common/pico_sync/mutex.c.obj
                0x000000002000015c                mutex_exit
 *(.text*)
 .text          0x0000000020000184        0x4 /usr/lib/gcc/arm-none-eabi/10.3.1/thumb/v6-m/nofp/libgcc.a(_dvmd_tls.o)
                0x0000000020000184                __aeabi_ldiv0
                0x0000000020000184                __aeabi_idiv0
 .text.__stub   0x0000000020000188       0x10 linker stubs
                0x0000000020000198                . = ALIGN (0x4)
 *(.rodata*)
                0x0000000020000198                . = ALIGN (0x4)
 *(.data*)
 .data.cdc_in_ep2
                0x0000000020000198        0x8 CMakeFiles/join_usb_rndis.dir/src/cdc_rndis_device.c.obj
                0x0000000020000198                cdc_in_ep2
 .data.cdc_in_ep3
                0x00000000200001a0        0x8 CMakeFiles/join_usb_rndis.dir/src/cdc_rndis_device.c.obj
                0x00000000200001a0                cdc_in_ep3
 .data.cdc_in_ep4
                0x00000000200001a8        0x8 CMakeFiles/join_usb_rndis.dir/src/cdc_rndis_device.c.obj
                0x00000000200001a8                cdc_in_ep4
 .data.cdc_out_ep2
                0x00000000200001b0        0x8 CMakeFiles/join_usb_rndis.dir/src/cdc_rndis_device.c.obj
                0x00000000200001b0                cdc_out_ep2
 .data.cdc_out_ep3
                0x00000000200001b8        0x8 CMakeFiles/join_usb_rndis.dir/src/cdc_rndis_device.c.obj
                0x00000000200001b8                cdc_out_ep3
 .data.cdc_out_ep4
                0x00000000200001c0        0x8 CMakeFiles/join_usb_rndis.dir/src/cdc_rndis_device.c.obj
                0x00000000200001c0                cdc_out_ep4
 .data.striped_spin_lock_num
                0x00000000200001c8        0x1 CMakeFiles/join_usb_rndis.dir/mnt/c/Users/siddk/Downloads/PicoPiFi/pico-sdk/src/rp2_common/hardware_sync/sync.c.obj
 *fill*         0x00000000200001c9        0x3 
 .data          0x00000000200001cc       0x48 CMakeFiles/join_usb_rndis.dir/mnt/c/Users/siddk/Downloads/PicoPiFi/pico-sdk/src/rp2_common/hardware_irq/irq_handler_chain.S.obj
                0x00000000200001cc                irq_handler_chain_slots
                0x00000000200001fc                irq_handler_chain_first_slot
                0x0000000020000206                irq_handler_chain_remove_tail
 .data.default_alarm_pool
                0x0000000020000214       0x18 CMakeFiles/join_usb_rndis.dir/mnt/c/Users/siddk/Downloads/PicoPiFi/pico-sdk/src/common/pico_time/time.c.obj
 .data.default_alarm_pool_heap
                0x000000002000022c       0x10 CMakeFiles/join_usb_rndis.dir/mnt/c/Users/siddk/Downloads/PicoPiFi/pico-sdk/src/common/pico_time/time.c.obj
 *fill*         0x000000002000023c        0x4 
 .data.aeabi_bits_funcs
                0x0000000020000240       0x10 CMakeFiles/join_usb_rndis.dir/mnt/c/Users/siddk/Downloads/PicoPiFi/pico-sdk/src/rp2_common/pico_bit_ops/bit_ops_aeabi.S.obj
                0x0000000020000240                aeabi_bits_funcs
                0x0000000020000250                aeabi_bits_funcs_end
 .data.aeabi_mem_funcs
                0x0000000020000250       0x10 CMakeFiles/join_usb_rndis.dir/mnt/c/Users/siddk/Downloads/PicoPiFi/pico-sdk/src/rp2_common/pico_mem_ops/mem_ops_aeabi.S.obj
                0x0000000020000250                aeabi_mem_funcs
                0x0000000020000260                aeabi_mem_funcs_end
 .data.stdio_uart
                0x0000000020000260       0x18 CMakeFiles/join_usb_rndis.dir/mnt/c/Users/siddk/Downloads/PicoPiFi/pico-sdk/src/rp2_common/pico_stdio_uart/stdio_uart.c.obj
                0x0000000020000260                stdio_uart
 .data.wifi_pio
                0x0000000020000278        0x4 libpicowi.a(picowi_wifi.c.obj)
                0x0000000020000278                wifi_pio
 .data.ioctl_reqid
                0x000000002000027c        0x2 libpicowi.a(picowi_ioctl.c.obj)
                0x000000002000027c                ioctl_reqid
 .data.sd_tx_seq
                0x000000002000027e        0x1 libpicowi.a(picowi_ioctl.c.obj)
                0x000000002000027e                sd_tx_seq
 *fill*         0x000000002000027f        0x1 
 .data.tx_msg   0x0000000020000280      0x652 libpicowi.a(picowi_event.c.obj)
                0x0000000020000280                tx_msg
 *fill*         0x00000000200008d2        0x2 
 .data.p.1      0x00000000200008d4        0x4 libpicowi.a(picowi_join.c.obj)
 .data.s.2      0x00000000200008d8        0x4 libpicowi.a(picowi_join.c.obj)
                0x00000000200008dc                . = ALIGN (0x4)
 *(.after_data.*)
                0x00000000200008dc                . = ALIGN (0x4)
                0x00000000200008dc                PROVIDE (__mutex_array_start = .)
 *(SORT_BY_NAME(.mutex_array.*))
 *(.mutex_array)
 .mutex_array   0x00000000200008dc        0x8 CMakeFiles/join_usb_rndis.dir/mnt/c/Users/siddk/Downloads/PicoPiFi/pico-sdk/src/rp2_common/pico_stdio/stdio.c.obj
                0x00000000200008e4                PROVIDE (__mutex_array_end = .)
                0x00000000200008e4                . = ALIGN (0x4)
                0x00000000200008e4                PROVIDE (__preinit_array_start = .)
 *(SORT_BY_NAME(.preinit_array.*))
 .preinit_array.00001
                0x00000000200008e4        0x4 CMakeFiles/join_usb_rndis.dir/mnt/c/Users/siddk/Downloads/PicoPiFi/pico-sdk/src/rp2_common/pico_mem_ops/mem_ops_aeabi.S.obj
 .preinit_array.00010
                0x00000000200008e8        0x4 CMakeFiles/join_usb_rndis.dir/mnt/c/Users/siddk/Downloads/PicoPiFi/pico-sdk/src/rp2_common/pico_bit_ops/bit_ops_aeabi.S.obj
 .preinit_array.00020
                0x00000000200008ec        0x4 CMakeFiles/join_usb_rndis.dir/mnt/c/Users/siddk/Downloads/PicoPiFi/pico-sdk/src/rp2_common/pico_double/double_aeabi.S.obj
 .preinit_array.00020
                0x00000000200008f0        0x4 CMakeFiles/join_usb_rndis.dir/mnt/c/Users/siddk/Downloads/PicoPiFi/pico-sdk/src/rp2_common/pico_float/float_aeabi.S.obj
 *(.preinit_array)
                0x00000000200008f4                PROVIDE (__preinit_array_end = .)
                0x00000000200008f4                . = ALIGN (0x4)
                0x00000000200008f4                PROVIDE (__init_array_start = .)
 *(SORT_BY_NAME(.init_array.*))
 *(.init_array)
 .init_array    0x00000000200008f4        0x4 /usr/lib/gcc/arm-none-eabi/10.3.1/thumb/v6-m/nofp/crtbegin.o
                0x00000000200008f8                PROVIDE (__init_array_end = .)
                0x00000000200008f8                . = ALIGN (0x4)
                0x00000000200008f8                PROVIDE (__fini_array_start = .)
 *(SORT_BY_NAME(.fini_array.*))
 *(.fini_array)
                0x00000000200008f8                PROVIDE (__fini_array_end = .)
 *(.jcr)
                0x00000000200008f8                . = ALIGN (0x4)
                0x00000000200008f8                __data_end__ = .
                0x0000000010041d60                __etext = LOADADDR (.data)

.tm_clone_table
                0x00000000200008f8        0x0 load address 0x0000000010042598
 .tm_clone_table
                0x00000000200008f8        0x0 /usr/lib/gcc/arm-none-eabi/10.3.1/thumb/v6-m/nofp/crtbegin.o
 .tm_clone_table
                0x00000000200008f8        0x0 /usr/lib/gcc/arm-none-eabi/10.3.1/thumb/v6-m/nofp/crtend.o

.igot.plt       0x00000000200008f8        0x0 load address 0x0000000010042598
 .igot.plt      0x00000000200008f8        0x0 /usr/lib/gcc/arm-none-eabi/10.3.1/thumb/v6-m/nofp/crtbegin.o

.uninitialized_data
                0x00000000200008f8        0x0 load address 0x0000000010042598
                0x00000000200008f8                . = ALIGN (0x4)
 *(.uninitialized_data*)

.scratch_x      0x0000000020040000        0x0 load address 0x0000000010042598
                0x0000000020040000                __scratch_x_start__ = .
 *(.scratch_x.*)
                0x0000000020040000                . = ALIGN (0x4)
                0x0000000020040000                __scratch_x_end__ = .
                0x0000000010042598                __scratch_x_source__ = LOADADDR (.scratch_x)

.scratch_y      0x0000000020041000        0x0 load address 0x0000000010042598
                0x0000000020041000                __scratch_y_start__ = .
 *(.scratch_y.*)
                0x0000000020041000                . = ALIGN (0x4)
                0x0000000020041000                __scratch_y_end__ = .
                0x0000000010042598                __scratch_y_source__ = LOADADDR (.scratch_y)

.bss            0x00000000200008f8     0xc474
                0x00000000200008f8                . = ALIGN (0x4)
                0x00000000200008f8                __bss_start__ = .
 *(SORT_BY_ALIGNMENT(SORT_BY_NAME(.bss*)))
 .bss           0x00000000200008f8      0xd44 libcherryusblib.a(usbd_rndis.c.obj)
                0x00000000200008f8                g_usbd_rndis
                0x000000002000091c                g_rndis_rx_data_length
                0x0000000020000920                g_rndis_tx_data_length
                0x000000002000093c                g_rndis_rx_data_buffer
                0x0000000020000940                NOTIFY_RESPONSE_AVAILABLE
                0x0000000020000948                rndis_encapsulated_resp_buffer
 *fill*         0x000000002000163c        0x4 
 .bss.default_alarm_pool_entries
                0x0000000020001640      0x100 CMakeFiles/join_usb_rndis.dir/mnt/c/Users/siddk/Downloads/PicoPiFi/pico-sdk/src/common/pico_time/time.c.obj
 .bss.sd_table  0x0000000020001740      0x100 CMakeFiles/join_usb_rndis.dir/mnt/c/Users/siddk/Downloads/PicoPiFi/pico-sdk/src/rp2_common/pico_double/double_init_rom.c.obj
                0x0000000020001740                sd_table
 .bss.sf_table  0x0000000020001840      0x100 CMakeFiles/join_usb_rndis.dir/mnt/c/Users/siddk/Downloads/PicoPiFi/pico-sdk/src/rp2_common/pico_float/float_init_rom.c.obj
                0x0000000020001840                sf_table
 .bss           0x0000000020001940       0x1c /usr/lib/gcc/arm-none-eabi/10.3.1/thumb/v6-m/nofp/crtbegin.o
 .bss           0x000000002000195c      0x490 libcherryusblib.a(usb_dc_rp2040.c.obj)
                0x0000000020001960                g_rp2040_udc
 .bss           0x0000000020001dec      0x53c libcherryusblib.a(usbd_core.c.obj)
                0x0000000020001dec                g_usbdev_bus
                0x0000000020001df4                g_usbd_core
 .bss._used_instruction_space
                0x0000000020002328        0x8 CMakeFiles/join_usb_rndis.dir/mnt/c/Users/siddk/Downloads/PicoPiFi/pico-sdk/src/rp2_common/hardware_pio/pio.c.obj
 .bss.alarm_callbacks
                0x0000000020002330       0x10 CMakeFiles/join_usb_rndis.dir/mnt/c/Users/siddk/Downloads/PicoPiFi/pico-sdk/src/rp2_common/hardware_timer/timer.c.obj
 .bss.chars_available_callback
                0x0000000020002340        0x4 CMakeFiles/join_usb_rndis.dir/mnt/c/Users/siddk/Downloads/PicoPiFi/pico-sdk/src/rp2_common/pico_stdio_uart/stdio_uart.c.obj
 .bss.chars_available_param
                0x0000000020002344        0x4 CMakeFiles/join_usb_rndis.dir/mnt/c/Users/siddk/Downloads/PicoPiFi/pico-sdk/src/rp2_common/pico_stdio_uart/stdio_uart.c.obj
 .bss.configured_freq
                0x0000000020002348       0x28 CMakeFiles/join_usb_rndis.dir/mnt/c/Users/siddk/Downloads/PicoPiFi/pico-sdk/src/rp2_common/hardware_clocks/clocks.c.obj
 .bss.current_evts
                0x0000000020002370        0x4 libpicowi.a(picowi_event.c.obj)
                0x0000000020002370                current_evts
 .bss.default_alarm_pool_entry_ids_high
                0x0000000020002374       0x10 CMakeFiles/join_usb_rndis.dir/mnt/c/Users/siddk/Downloads/PicoPiFi/pico-sdk/src/common/pico_time/time.c.obj
 .bss.default_alarm_pool_heap_nodes
                0x0000000020002384       0x30 CMakeFiles/join_usb_rndis.dir/mnt/c/Users/siddk/Downloads/PicoPiFi/pico-sdk/src/common/pico_time/time.c.obj
 .bss.display_mode
                0x00000000200023b4        0x4 libpicowi.a(picowi_init.c.obj)
                0x00000000200023b4                display_mode
 .bss.drivers   0x00000000200023b8        0x4 CMakeFiles/join_usb_rndis.dir/mnt/c/Users/siddk/Downloads/PicoPiFi/pico-sdk/src/rp2_common/pico_stdio/stdio.c.obj
 .bss.event_handlers
                0x00000000200023bc       0x50 libpicowi.a(picowi_event.c.obj)
                0x00000000200023bc                event_handlers
 .bss.event_info
                0x000000002000240c       0x28 libpicowi.a(picowi_event.c.obj)
                0x000000002000240c                event_info
 .bss.event_mask
                0x0000000020002434       0x1a libpicowi.a(picowi_event.c.obj)
                0x0000000020002434                event_mask
 *fill*         0x000000002000244e        0x2 
 .bss.event_ports
                0x0000000020002450       0x28 libpicowi.a(picowi_event.c.obj)
                0x0000000020002450                event_ports
 .bss.filter    0x0000000020002478        0x4 CMakeFiles/join_usb_rndis.dir/mnt/c/Users/siddk/Downloads/PicoPiFi/pico-sdk/src/rp2_common/pico_stdio/stdio.c.obj
 .bss.intf0     0x000000002000247c       0x1c CMakeFiles/join_usb_rndis.dir/src/cdc_rndis_device.c.obj
                0x000000002000247c                intf0
 .bss.intf1     0x0000000020002498       0x1c CMakeFiles/join_usb_rndis.dir/src/cdc_rndis_device.c.obj
                0x0000000020002498                intf1
 .bss.intf2     0x00000000200024b4       0x1c CMakeFiles/join_usb_rndis.dir/src/cdc_rndis_device.c.obj
                0x00000000200024b4                intf2
 .bss.intf3     0x00000000200024d0       0x1c CMakeFiles/join_usb_rndis.dir/src/cdc_rndis_device.c.obj
                0x00000000200024d0                intf3
 .bss.intf4     0x00000000200024ec       0x1c CMakeFiles/join_usb_rndis.dir/src/cdc_rndis_device.c.obj
                0x00000000200024ec                intf4
 .bss.intf5     0x0000000020002508       0x1c CMakeFiles/join_usb_rndis.dir/src/cdc_rndis_device.c.obj
                0x0000000020002508                intf5
 .bss.intf6     0x0000000020002524       0x1c CMakeFiles/join_usb_rndis.dir/src/cdc_rndis_device.c.obj
                0x0000000020002524                intf6
 .bss.intf7     0x0000000020002540       0x1c CMakeFiles/join_usb_rndis.dir/src/cdc_rndis_device.c.obj
                0x0000000020002540                intf7
 .bss.ioctl_rxmsg
                0x000000002000255c      0x65c libpicowi.a(picowi_ioctl.c.obj)
                0x000000002000255c                ioctl_rxmsg
 .bss.ioctl_txmsg
                0x0000000020002bb8      0x65c libpicowi.a(picowi_ioctl.c.obj)
                0x0000000020002bb8                ioctl_txmsg
 .bss.join_ticks.0
                0x0000000020003214        0x4 libpicowi.a(picowi_join.c.obj)
 .bss.lastaddr.1
                0x0000000020003218        0x4 libpicowi.a(picowi_init.c.obj)
 .bss.lazy_vsnprintf
                0x000000002000321c        0x4 CMakeFiles/join_usb_rndis.dir/mnt/c/Users/siddk/Downloads/PicoPiFi/pico-sdk/src/rp2_common/pico_printf/printf.c.obj
 .bss.lfree     0x0000000020003220        0x4 CMakeFiles/join_usb_rndis.dir/mnt/c/Users/siddk/Downloads/PicoPiFi/pico-sdk/lib/lwip/src/core/mem.c.obj
 .bss.lwip_stats
                0x0000000020003224       0xb4 CMakeFiles/join_usb_rndis.dir/mnt/c/Users/siddk/Downloads/PicoPiFi/pico-sdk/lib/lwip/src/core/stats.c.obj
                0x0000000020003224                lwip_stats
 .bss.memp_memory_FRAG_PBUF_base
                0x00000000200032d8      0x16b CMakeFiles/join_usb_rndis.dir/mnt/c/Users/siddk/Downloads/PicoPiFi/pico-sdk/lib/lwip/src/core/memp.c.obj
                0x00000000200032d8                memp_memory_FRAG_PBUF_base
 *fill*         0x0000000020003443        0x1 
 .bss.memp_memory_PBUF_POOL_base
                0x0000000020003444     0x5fc3 CMakeFiles/join_usb_rndis.dir/mnt/c/Users/siddk/Downloads/PicoPiFi/pico-sdk/lib/lwip/src/core/memp.c.obj
                0x0000000020003444                memp_memory_PBUF_POOL_base
 *fill*         0x0000000020009407        0x1 
 .bss.memp_memory_PBUF_base
                0x0000000020009408      0x103 CMakeFiles/join_usb_rndis.dir/mnt/c/Users/siddk/Downloads/PicoPiFi/pico-sdk/lib/lwip/src/core/memp.c.obj
                0x0000000020009408                memp_memory_PBUF_base
 *fill*         0x000000002000950b        0x1 
 .bss.memp_memory_REASSDATA_base
                0x000000002000950c       0xa3 CMakeFiles/join_usb_rndis.dir/mnt/c/Users/siddk/Downloads/PicoPiFi/pico-sdk/lib/lwip/src/core/memp.c.obj
                0x000000002000950c                memp_memory_REASSDATA_base
 *fill*         0x00000000200095af        0x1 
 .bss.memp_memory_SYS_TIMEOUT_base
                0x00000000200095b0       0x23 CMakeFiles/join_usb_rndis.dir/mnt/c/Users/siddk/Downloads/PicoPiFi/pico-sdk/lib/lwip/src/core/memp.c.obj
                0x00000000200095b0                memp_memory_SYS_TIMEOUT_base
 *fill*         0x00000000200095d3        0x1 
 .bss.memp_memory_UDP_PCB_base
                0x00000000200095d4       0x83 CMakeFiles/join_usb_rndis.dir/mnt/c/Users/siddk/Downloads/PicoPiFi/pico-sdk/lib/lwip/src/core/memp.c.obj
                0x00000000200095d4                memp_memory_UDP_PCB_base
 *fill*         0x0000000020009657        0x1 
 .bss.memp_stats_FRAG_PBUF
                0x0000000020009658        0xa CMakeFiles/join_usb_rndis.dir/mnt/c/Users/siddk/Downloads/PicoPiFi/pico-sdk/lib/lwip/src/core/memp.c.obj
 *fill*         0x0000000020009662        0x2 
 .bss.memp_stats_PBUF
                0x0000000020009664        0xa CMakeFiles/join_usb_rndis.dir/mnt/c/Users/siddk/Downloads/PicoPiFi/pico-sdk/lib/lwip/src/core/memp.c.obj
 *fill*         0x000000002000966e        0x2 
 .bss.memp_stats_PBUF_POOL
                0x0000000020009670        0xa CMakeFiles/join_usb_rndis.dir/mnt/c/Users/siddk/Downloads/PicoPiFi/pico-sdk/lib/lwip/src/core/memp.c.obj
 *fill*         0x000000002000967a        0x2 
 .bss.memp_stats_REASSDATA
                0x000000002000967c        0xa CMakeFiles/join_usb_rndis.dir/mnt/c/Users/siddk/Downloads/PicoPiFi/pico-sdk/lib/lwip/src/core/memp.c.obj
 *fill*         0x0000000020009686        0x2 
 .bss.memp_stats_SYS_TIMEOUT
                0x0000000020009688        0xa CMakeFiles/join_usb_rndis.dir/mnt/c/Users/siddk/Downloads/PicoPiFi/pico-sdk/lib/lwip/src/core/memp.c.obj
 *fill*         0x0000000020009692        0x2 
 .bss.memp_stats_UDP_PCB
                0x0000000020009694        0xa CMakeFiles/join_usb_rndis.dir/mnt/c/Users/siddk/Downloads/PicoPiFi/pico-sdk/lib/lwip/src/core/memp.c.obj
 *fill*         0x000000002000969e        0x2 
 .bss.memp_tab_FRAG_PBUF
                0x00000000200096a0        0x4 CMakeFiles/join_usb_rndis.dir/mnt/c/Users/siddk/Downloads/PicoPiFi/pico-sdk/lib/lwip/src/core/memp.c.obj
 .bss.memp_tab_PBUF
                0x00000000200096a4        0x4 CMakeFiles/join_usb_rndis.dir/mnt/c/Users/siddk/Downloads/PicoPiFi/pico-sdk/lib/lwip/src/core/memp.c.obj
 .bss.memp_tab_PBUF_POOL
                0x00000000200096a8        0x4 CMakeFiles/join_usb_rndis.dir/mnt/c/Users/siddk/Downloads/PicoPiFi/pico-sdk/lib/lwip/src/core/memp.c.obj
 .bss.memp_tab_REASSDATA
                0x00000000200096ac        0x4 CMakeFiles/join_usb_rndis.dir/mnt/c/Users/siddk/Downloads/PicoPiFi/pico-sdk/lib/lwip/src/core/memp.c.obj
 .bss.memp_tab_SYS_TIMEOUT
                0x00000000200096b0        0x4 CMakeFiles/join_usb_rndis.dir/mnt/c/Users/siddk/Downloads/PicoPiFi/pico-sdk/lib/lwip/src/core/memp.c.obj
 .bss.memp_tab_UDP_PCB
                0x00000000200096b4        0x4 CMakeFiles/join_usb_rndis.dir/mnt/c/Users/siddk/Downloads/PicoPiFi/pico-sdk/lib/lwip/src/core/memp.c.obj
 .bss.my_mac    0x00000000200096b8        0x6 libpicowi.a(picowi_init.c.obj)
                0x00000000200096b8                my_mac
 *fill*         0x00000000200096be        0x2 
 .bss.num_handlers
                0x00000000200096c0        0x4 libpicowi.a(picowi_event.c.obj)
                0x00000000200096c0                num_handlers
 .bss.pools     0x00000000200096c4       0x10 CMakeFiles/join_usb_rndis.dir/mnt/c/Users/siddk/Downloads/PicoPiFi/pico-sdk/src/common/pico_time/time.c.obj
 .bss.ram       0x00000000200096d4        0x4 CMakeFiles/join_usb_rndis.dir/mnt/c/Users/siddk/Downloads/PicoPiFi/pico-sdk/lib/lwip/src/core/mem.c.obj
 .bss.ram_end   0x00000000200096d8        0x4 CMakeFiles/join_usb_rndis.dir/mnt/c/Users/siddk/Downloads/PicoPiFi/pico-sdk/lib/lwip/src/core/mem.c.obj
 .bss.read_buffer
                0x00000000200096dc     0x1800 CMakeFiles/join_usb_rndis.dir/src/cdc_rndis_device.c.obj
                0x00000000200096dc                read_buffer
 .bss.read_queue
                0x000000002000aedc     0x180c CMakeFiles/join_usb_rndis.dir/src/cdc_rndis_device.c.obj
                0x000000002000aedc                read_queue
 .bss.rxdata    0x000000002000c6e8      0x640 libpicowi.a(picowi_event.c.obj)
                0x000000002000c6e8                rxdata
 .bss.sf_clz_func
                0x000000002000cd28        0x4 CMakeFiles/join_usb_rndis.dir/mnt/c/Users/siddk/Downloads/PicoPiFi/pico-sdk/src/rp2_common/pico_double/double_init_rom.c.obj
                0x000000002000cd28                sf_clz_func
 .bss.sleep_notifier
                0x000000002000cd2c        0x4 CMakeFiles/join_usb_rndis.dir/mnt/c/Users/siddk/Downloads/PicoPiFi/pico-sdk/src/common/pico_time/time.c.obj
 .bss.target_hi
                0x000000002000cd30       0x10 CMakeFiles/join_usb_rndis.dir/mnt/c/Users/siddk/Downloads/PicoPiFi/pico-sdk/src/rp2_common/hardware_timer/timer.c.obj
 .bss.uart_char_to_line_feed
                0x000000002000cd40        0x4 CMakeFiles/join_usb_rndis.dir/mnt/c/Users/siddk/Downloads/PicoPiFi/pico-sdk/src/rp2_common/hardware_uart/uart.c.obj
                0x000000002000cd40                uart_char_to_line_feed
 .bss.uart_instance
                0x000000002000cd44        0x4 CMakeFiles/join_usb_rndis.dir/mnt/c/Users/siddk/Downloads/PicoPiFi/pico-sdk/src/rp2_common/pico_stdio_uart/stdio_uart.c.obj
 .bss.wifi_rx_dma_chan
                0x000000002000cd48        0x4 libpicowi.a(picowi_wifi.c.obj)
                0x000000002000cd48                wifi_rx_dma_chan
 .bss.wifi_rx_dma_dreq
                0x000000002000cd4c        0x4 libpicowi.a(picowi_wifi.c.obj)
                0x000000002000cd4c                wifi_rx_dma_dreq
 .bss.wifi_sm   0x000000002000cd50        0x4 libpicowi.a(picowi_wifi.c.obj)
                0x000000002000cd50                wifi_sm
 .bss.wifi_tx_dma_chan
                0x000000002000cd54        0x4 libpicowi.a(picowi_wifi.c.obj)
                0x000000002000cd54                wifi_tx_dma_chan
 .bss.wifi_tx_dma_dreq
                0x000000002000cd58        0x4 libpicowi.a(picowi_wifi.c.obj)
                0x000000002000cd58                wifi_tx_dma_dreq
 .bss.wifi_txfifo
                0x000000002000cd5c        0x4 libpicowi.a(picowi_wifi.c.obj)
                0x000000002000cd5c                wifi_txfifo
 .bss._claimed  0x000000002000cd60        0x2 CMakeFiles/join_usb_rndis.dir/mnt/c/Users/siddk/Downloads/PicoPiFi/pico-sdk/src/rp2_common/hardware_dma/dma.c.obj
 .bss.claimed   0x000000002000cd62        0x1 CMakeFiles/join_usb_rndis.dir/mnt/c/Users/siddk/Downloads/PicoPiFi/pico-sdk/src/rp2_common/hardware_timer/timer.c.obj
 .bss.claimed   0x000000002000cd63        0x1 CMakeFiles/join_usb_rndis.dir/mnt/c/Users/siddk/Downloads/PicoPiFi/pico-sdk/src/rp2_common/hardware_pio/pio.c.obj
 .bss.dtr_enable
                0x000000002000cd64        0x1 CMakeFiles/join_usb_rndis.dir/src/cdc_rndis_device.c.obj
                0x000000002000cd64                dtr_enable
 .bss.ep_tx_busy_flag
                0x000000002000cd65        0x1 CMakeFiles/join_usb_rndis.dir/src/cdc_rndis_device.c.obj
                0x000000002000cd65                ep_tx_busy_flag
 .bss.init.0    0x000000002000cd66        0x1 libpicowi.a(picowi_init.c.obj)
 .bss.irq_hander_chain_free_slot_head
                0x000000002000cd67        0x1 CMakeFiles/join_usb_rndis.dir/mnt/c/Users/siddk/Downloads/PicoPiFi/pico-sdk/src/rp2_common/hardware_irq/irq.c.obj
 .bss.timer_callbacks_pending
                0x000000002000cd68        0x1 CMakeFiles/join_usb_rndis.dir/mnt/c/Users/siddk/Downloads/PicoPiFi/pico-sdk/src/rp2_common/hardware_timer/timer.c.obj
 *(COMMON)
                0x000000002000cd6c                . = ALIGN (0x4)
 *fill*         0x000000002000cd69        0x3 
                0x000000002000cd6c                __bss_end__ = .

.heap           0x000000002000cd6c      0x800
                0x000000002000cd6c                __end__ = .
                0x000000002000cd6c                end = __end__
 *(.heap*)
 .heap          0x000000002000cd6c      0x800 CMakeFiles/join_usb_rndis.dir/mnt/c/Users/siddk/Downloads/PicoPiFi/pico-sdk/src/rp2_common/pico_standard_link/crt0.S.obj
                0x000000002000d56c                __HeapLimit = .

.stack1_dummy   0x0000000020040000        0x0
 *(.stack1*)

.stack_dummy    0x0000000020041000      0x800
 *(.stack*)
 .stack         0x0000000020041000      0x800 CMakeFiles/join_usb_rndis.dir/mnt/c/Users/siddk/Downloads/PicoPiFi/pico-sdk/src/rp2_common/pico_standard_link/crt0.S.obj

.flash_end      0x0000000010042598        0x0
                0x0000000010042598                PROVIDE (__flash_binary_end = .)
                0x0000000020040000                __StackLimit = (ORIGIN (RAM) + LENGTH (RAM))
                0x0000000020041000                __StackOneTop = (ORIGIN (SCRATCH_X) + LENGTH (SCRATCH_X))
                0x0000000020042000                __StackTop = (ORIGIN (SCRATCH_Y) + LENGTH (SCRATCH_Y))
                0x0000000020041000                __StackOneBottom = (__StackOneTop - SIZEOF (.stack1_dummy))
                0x0000000020041800                __StackBottom = (__StackTop - SIZEOF (.stack_dummy))
                0x0000000020042000                PROVIDE (__stack = __StackTop)
                0x0000000000000001                ASSERT ((__StackLimit >= __HeapLimit), region RAM overflowed)
                0x0000000000000001                ASSERT (((__binary_info_header_end - __logical_binary_start) <= 0x100), Binary info must be in first 256 bytes of the binary)
LOAD CMakeFiles/join_usb_rndis.dir/join_usb_rndis.c.obj
LOAD CMakeFiles/join_usb_rndis.dir/src/cdc_rndis_device.c.obj
LOAD CMakeFiles/join_usb_rndis.dir/src/lwip.c.obj
LOAD CMakeFiles/join_usb_rndis.dir/mnt/c/Users/siddk/Downloads/PicoPiFi/pico-sdk/lib/lwip/src/core/pbuf.c.obj
LOAD CMakeFiles/join_usb_rndis.dir/mnt/c/Users/siddk/Downloads/PicoPiFi/pico-sdk/lib/lwip/src/core/mem.c.obj
LOAD CMakeFiles/join_usb_rndis.dir/mnt/c/Users/siddk/Downloads/PicoPiFi/pico-sdk/lib/lwip/src/core/memp.c.obj
LOAD CMakeFiles/join_usb_rndis.dir/mnt/c/Users/siddk/Downloads/PicoPiFi/pico-sdk/lib/lwip/src/core/stats.c.obj
LOAD CMakeFiles/join_usb_rndis.dir/mnt/c/Users/siddk/Downloads/PicoPiFi/pico-sdk/src/rp2_common/pico_stdlib/stdlib.c.obj
LOAD CMakeFiles/join_usb_rndis.dir/mnt/c/Users/siddk/Downloads/PicoPiFi/pico-sdk/src/rp2_common/hardware_gpio/gpio.c.obj
LOAD CMakeFiles/join_usb_rndis.dir/mnt/c/Users/siddk/Downloads/PicoPiFi/pico-sdk/src/rp2_common/pico_platform/platform.c.obj
LOAD CMakeFiles/join_usb_rndis.dir/mnt/c/Users/siddk/Downloads/PicoPiFi/pico-sdk/src/rp2_common/hardware_claim/claim.c.obj