Archive member included to satisfy reference by file (symbol)

libpicowi.a(picowi_pico.c.obj)
                              CMakeFiles/ping.dir/ping.c.obj (io_init)
libpicowi.a(picowi_init.c.obj)
                              CMakeFiles/ping.dir/ping.c.obj (wifi_set_led)
libpicowi.a(picowi_wifi.c.obj)
                              libpicowi.a(picowi_init.c.obj) (wifi_reg_read)
libpicowi.a(picowi_ioctl.c.obj)
                              libpicowi.a(picowi_init.c.obj) (ioctl_set_uint32)
libpicowi.a(picowi_event.c.obj)
                              CMakeFiles/ping.dir/ping.c.obj (add_event_handler)
libpicowi.a(picowi_join.c.obj)
                              CMakeFiles/ping.dir/ping.c.obj (join_event_handler)
libpicowi.a(picowi_ip.c.obj)  CMakeFiles/ping.dir/ping.c.obj (ip_init)
libpicowi.a(fw_43439.c.obj)   libpicowi.a(picowi_init.c.obj) (fw_clm_len)
/usr/lib/gcc/arm-none-eabi/10.3.1/thumb/v6-m/nofp/libgcc.a(_dvmd_tls.o)
                              CMakeFiles/ping.dir/mnt/c/Users/siddk/Downloads/PicoPiFi/pico-sdk/src/rp2_common/pico_divider/divider.S.obj (__aeabi_idiv0)
/usr/lib/gcc/arm-none-eabi/10.3.1/../../../arm-none-eabi/lib/thumb/v6-m/nofp/libc.a(lib_a-atexit.o)
                              /usr/lib/gcc/arm-none-eabi/10.3.1/../../../arm-none-eabi/lib/thumb/v6-m/nofp/crt0.o (atexit)
/usr/lib/gcc/arm-none-eabi/10.3.1/../../../arm-none-eabi/lib/thumb/v6-m/nofp/libc.a(lib_a-calloc.o)
                              CMakeFiles/ping.dir/mnt/c/Users/siddk/Downloads/PicoPiFi/pico-sdk/src/rp2_common/pico_malloc/pico_malloc.c.obj (calloc)
/usr/lib/gcc/arm-none-eabi/10.3.1/../../../arm-none-eabi/lib/thumb/v6-m/nofp/libc.a(lib_a-callocr.o)
                              /usr/lib/gcc/arm-none-eabi/10.3.1/../../../arm-none-eabi/lib/thumb/v6-m/nofp/libc.a(lib_a-calloc.o) (_calloc_r)
/usr/lib/gcc/arm-none-eabi/10.3.1/../../../arm-none-eabi/lib/thumb/v6-m/nofp/libc.a(lib_a-fini.o)
                              /usr/lib/gcc/arm-none-eabi/10.3.1/../../../arm-none-eabi/lib/thumb/v6-m/nofp/crt0.o (__libc_fini_array)
/usr/lib/gcc/arm-none-eabi/10.3.1/../../../arm-none-eabi/lib/thumb/v6-m/nofp/libc.a(lib_a-impure.o)
                              /usr/lib/gcc/arm-none-eabi/10.3.1/../../../arm-none-eabi/lib/thumb/v6-m/nofp/libc.a(lib_a-calloc.o) (_impure_ptr)
/usr/lib/gcc/arm-none-eabi/10.3.1/../../../arm-none-eabi/lib/thumb/v6-m/nofp/libc.a(lib_a-init.o)
                              /usr/lib/gcc/arm-none-eabi/10.3.1/../../../arm-none-eabi/lib/thumb/v6-m/nofp/crt0.o (__libc_init_array)
/usr/lib/gcc/arm-none-eabi/10.3.1/../../../arm-none-eabi/lib/thumb/v6-m/nofp/libc.a(lib_a-malloc.o)
                              CMakeFiles/ping.dir/mnt/c/Users/siddk/Downloads/PicoPiFi/pico-sdk/src/rp2_common/pico_malloc/pico_malloc.c.obj (malloc)
/usr/lib/gcc/arm-none-eabi/10.3.1/../../../arm-none-eabi/lib/thumb/v6-m/nofp/libc.a(lib_a-mallocr.o)
                              /usr/lib/gcc/arm-none-eabi/10.3.1/../../../arm-none-eabi/lib/thumb/v6-m/nofp/libc.a(lib_a-callocr.o) (_malloc_r)
/usr/lib/gcc/arm-none-eabi/10.3.1/../../../arm-none-eabi/lib/thumb/v6-m/nofp/libc.a(lib_a-mlock.o)
                              /usr/lib/gcc/arm-none-eabi/10.3.1/../../../arm-none-eabi/lib/thumb/v6-m/nofp/libc.a(lib_a-mallocr.o) (__malloc_lock)
/usr/lib/gcc/arm-none-eabi/10.3.1/../../../arm-none-eabi/lib/thumb/v6-m/nofp/libc.a(lib_a-realloc.o)
                              CMakeFiles/ping.dir/mnt/c/Users/siddk/Downloads/PicoPiFi/pico-sdk/src/rp2_common/pico_malloc/pico_malloc.c.obj (realloc)
/usr/lib/gcc/arm-none-eabi/10.3.1/../../../arm-none-eabi/lib/thumb/v6-m/nofp/libc.a(lib_a-reallocr.o)
                              /usr/lib/gcc/arm-none-eabi/10.3.1/../../../arm-none-eabi/lib/thumb/v6-m/nofp/libc.a(lib_a-realloc.o) (_realloc_r)
/usr/lib/gcc/arm-none-eabi/10.3.1/../../../arm-none-eabi/lib/thumb/v6-m/nofp/libc.a(lib_a-sbrkr.o)
                              /usr/lib/gcc/arm-none-eabi/10.3.1/../../../arm-none-eabi/lib/thumb/v6-m/nofp/libc.a(lib_a-mallocr.o) (_sbrk_r)
/usr/lib/gcc/arm-none-eabi/10.3.1/../../../arm-none-eabi/lib/thumb/v6-m/nofp/libc.a(lib_a-strlen-stub.o)
                              CMakeFiles/ping.dir/mnt/c/Users/siddk/Downloads/PicoPiFi/pico-sdk/src/rp2_common/pico_stdio/stdio.c.obj (strlen)
/usr/lib/gcc/arm-none-eabi/10.3.1/../../../arm-none-eabi/lib/thumb/v6-m/nofp/libc.a(lib_a-__atexit.o)
                              /usr/lib/gcc/arm-none-eabi/10.3.1/../../../arm-none-eabi/lib/thumb/v6-m/nofp/libc.a(lib_a-atexit.o) (__register_exitproc)
/usr/lib/gcc/arm-none-eabi/10.3.1/../../../arm-none-eabi/lib/thumb/v6-m/nofp/libc.a(lib_a-freer.o)
                              /usr/lib/gcc/arm-none-eabi/10.3.1/../../../arm-none-eabi/lib/thumb/v6-m/nofp/libc.a(lib_a-malloc.o) (_free_r)
/usr/lib/gcc/arm-none-eabi/10.3.1/../../../arm-none-eabi/lib/thumb/v6-m/nofp/libc.a(lib_a-memmove.o)
                              /usr/lib/gcc/arm-none-eabi/10.3.1/../../../arm-none-eabi/lib/thumb/v6-m/nofp/libc.a(lib_a-reallocr.o) (memmove)
[...]
Memory Configuration

Name             Origin             Length             Attributes
FLASH            0x0000000010000000 0x0000000000200000 xr
RAM              0x0000000020000000 0x0000000000040000 xrw
SCRATCH_X        0x0000000020040000 0x0000000000001000 xrw
SCRATCH_Y        0x0000000020041000 0x0000000000001000 xrw
*default*        0x0000000000000000 0xffffffffffffffff

Linker script and memory map

LOAD /usr/lib/gcc/arm-none-eabi/10.3.1/thumb/v6-m/nofp/crti.o
LOAD /usr/lib/gcc/arm-none-eabi/10.3.1/thumb/v6-m/nofp/crtbegin.o
LOAD /usr/lib/gcc/arm-none-eabi/10.3.1/../../../arm-none-eabi/lib/thumb/v6-m/nofp/crt0.o

.flash_begin    0x0000000010000000        0x0
                0x0000000010000000                __flash_binary_start = .

.boot2          0x0000000010000000      0x100
                0x0000000010000000                __boot2_start__ = .
 *(.boot2)
 .boot2         0x0000000010000000      0x100 /tmp/ccl8dKTS.o
                0x0000000010000100                __boot2_end__ = .
                0x0000000000000001                ASSERT (((__boot2_end__ - __boot2_start__) == 0x100), ERROR: Pico second stage bootloader must be 256 bytes in size)

.text           0x0000000010000100     0x7298
                0x0000000010000100                __logical_binary_start = .
 *(.vectors)
 .vectors       0x0000000010000100       0xd4 CMakeFiles/ping.dir/mnt/c/Users/siddk/Downloads/PicoPiFi/pico-sdk/src/rp2_common/pico_standard_link/crt0.S.obj
                0x0000000010000100                __vectors
                0x0000000010000100                __VECTOR_TABLE
                0x00000000100001c0                isr_invalid
                0x00000000100001c0                __default_isrs_start
                0x00000000100001c2                isr_nmi
                0x00000000100001c4                isr_hardfault
                0x00000000100001c6                isr_svcall
                0x00000000100001c8                isr_pendsv
                0x00000000100001ca                isr_systick
                0x00000000100001cc                isr_irq30
                0x00000000100001cc                __unhandled_user_irq
                0x00000000100001cc                isr_irq13
                0x00000000100001cc                isr_irq27
                0x00000000100001cc                isr_irq31
                0x00000000100001cc                isr_irq5
                0x00000000100001cc                isr_irq11
                0x00000000100001cc                isr_irq23
                0x00000000100001cc                isr_irq18
                0x00000000100001cc                isr_irq28
                0x00000000100001cc                isr_irq19
                0x00000000100001cc                isr_irq0
                0x00000000100001cc                isr_irq6
                0x00000000100001cc                isr_irq22
                0x00000000100001cc                isr_irq17
                0x00000000100001cc                isr_irq14
                0x00000000100001cc                isr_irq2
                0x00000000100001cc                isr_irq10
                0x00000000100001cc                isr_irq8
                0x00000000100001cc                isr_irq24
                0x00000000100001cc                isr_irq1
                0x00000000100001cc                isr_irq7
                0x00000000100001cc                isr_irq21
                0x00000000100001cc                isr_irq20
                0x00000000100001cc                isr_irq15
                0x00000000100001cc                isr_irq25
                0x00000000100001cc                isr_irq4
                0x00000000100001cc                isr_irq16
                0x00000000100001cc                isr_irq29
                0x00000000100001cc                isr_irq26
                0x00000000100001cc                __default_isrs_end
                0x00000000100001cc                isr_irq3
                0x00000000100001cc                isr_irq12
                0x00000000100001cc                isr_irq9
                0x00000000100001d2                unhandled_user_irq_num_in_r0
 *(.binary_info_header)
 .binary_info_header
                0x00000000100001d4       0x14 CMakeFiles/ping.dir/mnt/c/Users/siddk/Downloads/PicoPiFi/pico-sdk/src/rp2_common/pico_standard_link/crt0.S.obj
                0x00000000100001e8                __binary_info_header_end = .
 *(.reset)
 .reset         0x00000000100001e8       0xa0 CMakeFiles/ping.dir/mnt/c/Users/siddk/Downloads/PicoPiFi/pico-sdk/src/rp2_common/pico_standard_link/crt0.S.obj
                0x00000000100001e8                _entry_point
 .reset         0x0000000010000288       0x30 CMakeFiles/ping.dir/mnt/c/Users/siddk/Downloads/PicoPiFi/pico-sdk/src/rp2_common/pico_standard_link/binary_info.c.obj
 *(.init)
 .init          0x00000000100002b8        0x4 /usr/lib/gcc/arm-none-eabi/10.3.1/thumb/v6-m/nofp/crti.o
                0x00000000100002b8                _init
 *(EXCLUDE_FILE(*libm.a: *libc.a:*lib_a-mem*.o *libgcc.a:) .text*)
 .text          0x00000000100002bc       0x98 /usr/lib/gcc/arm-none-eabi/10.3.1/thumb/v6-m/nofp/crtbegin.o
 .text.startup.main
                0x0000000010000354      0x274 CMakeFiles/ping.dir/ping.c.obj
                0x0000000010000354                main
 .text.gpio_set_function
                0x00000000100005c8       0x30 CMakeFiles/ping.dir/mnt/c/Users/siddk/Downloads/PicoPiFi/pico-sdk/src/rp2_common/hardware_gpio/gpio.c.obj
                0x00000000100005c8                gpio_set_function
 .text.gpio_set_pulls
                0x00000000100005f8       0x30 CMakeFiles/ping.dir/mnt/c/Users/siddk/Downloads/PicoPiFi/pico-sdk/src/rp2_common/hardware_gpio/gpio.c.obj
                0x00000000100005f8                gpio_set_pulls
 .text.gpio_set_input_hysteresis_enabled
                0x0000000010000628       0x28 CMakeFiles/ping.dir/mnt/c/Users/siddk/Downloads/PicoPiFi/pico-sdk/src/rp2_common/hardware_gpio/gpio.c.obj
                0x0000000010000628                gpio_set_input_hysteresis_enabled
 .text.gpio_init
                0x0000000010000650       0x3c CMakeFiles/ping.dir/mnt/c/Users/siddk/Downloads/PicoPiFi/pico-sdk/src/rp2_common/hardware_gpio/gpio.c.obj
                0x0000000010000650                gpio_init
 .text.running_on_fpga
                0x000000001000068c       0x10 CMakeFiles/ping.dir/mnt/c/Users/siddk/Downloads/PicoPiFi/pico-sdk/src/rp2_common/pico_platform/platform.c.obj
                0x000000001000068c                running_on_fpga
 .text.hw_claim_lock
                0x000000001000069c       0x18 CMakeFiles/ping.dir/mnt/c/Users/siddk/Downloads/PicoPiFi/pico-sdk/src/rp2_common/hardware_claim/claim.c.obj
                0x000000001000069c                hw_claim_lock
 .text.hw_claim_unlock
                0x00000000100006b4       0x14 CMakeFiles/ping.dir/mnt/c/Users/siddk/Downloads/PicoPiFi/pico-sdk/src/rp2_common/hardware_claim/claim.c.obj
                0x00000000100006b4                hw_claim_unlock
 .text.hw_claim_or_assert
                0x00000000100006c8       0x44 CMakeFiles/ping.dir/mnt/c/Users/siddk/Downloads/PicoPiFi/pico-sdk/src/rp2_common/hardware_claim/claim.c.obj
                0x00000000100006c8                hw_claim_or_assert
 .text.hw_claim_unused_from_range
                0x000000001000070c       0x9c CMakeFiles/ping.dir/mnt/c/Users/siddk/Downloads/PicoPiFi/pico-sdk/src/rp2_common/hardware_claim/claim.c.obj
                0x000000001000070c                hw_claim_unused_from_range
 .text.spin_locks_reset
                0x00000000100007a8       0x1c CMakeFiles/ping.dir/mnt/c/Users/siddk/Downloads/PicoPiFi/pico-sdk/src/rp2_common/hardware_sync/sync.c.obj
                0x00000000100007a8                spin_locks_reset
 .text.next_striped_spin_lock_num
                0x00000000100007c4       0x18 CMakeFiles/ping.dir/mnt/c/Users/siddk/Downloads/PicoPiFi/pico-sdk/src/rp2_common/hardware_sync/sync.c.obj
                0x00000000100007c4                next_striped_spin_lock_num
 .text.irq_set_enabled
                0x00000000100007dc       0x24 CMakeFiles/ping.dir/mnt/c/Users/siddk/Downloads/PicoPiFi/pico-sdk/src/rp2_common/hardware_irq/irq.c.obj
                0x00000000100007dc                irq_set_enabled
 .text.irq_get_vtable_handler
                0x0000000010000800       0x10 CMakeFiles/ping.dir/mnt/c/Users/siddk/Downloads/PicoPiFi/pico-sdk/src/rp2_common/hardware_irq/irq.c.obj
                0x0000000010000800                irq_get_vtable_handler
 .text.irq_set_exclusive_handler
                0x0000000010000810       0x54 CMakeFiles/ping.dir/mnt/c/Users/siddk/Downloads/PicoPiFi/pico-sdk/src/rp2_common/hardware_irq/irq.c.obj
                0x0000000010000810                irq_set_exclusive_handler
 .text.irq_remove_handler
                0x0000000010000864      0x1b0 CMakeFiles/ping.dir/mnt/c/Users/siddk/Downloads/PicoPiFi/pico-sdk/src/rp2_common/hardware_irq/irq.c.obj
                0x0000000010000864                irq_remove_handler
 .text.irq_add_tail_to_free_list
                0x0000000010000a14       0xb4 CMakeFiles/ping.dir/mnt/c/Users/siddk/Downloads/PicoPiFi/pico-sdk/src/rp2_common/hardware_irq/irq.c.obj
                0x0000000010000a14                irq_add_tail_to_free_list
 .text.irq_init_priorities
                0x0000000010000ac8       0x24 CMakeFiles/ping.dir/mnt/c/Users/siddk/Downloads/PicoPiFi/pico-sdk/src/rp2_common/hardware_irq/irq.c.obj
                0x0000000010000ac8                irq_init_priorities
 .text.lock_init
                0x0000000010000aec       0x10 CMakeFiles/ping.dir/mnt/c/Users/siddk/Downloads/PicoPiFi/pico-sdk/src/common/pico_sync/lock_core.c.obj
                0x0000000010000aec                lock_init
 .text.mutex_init
                0x0000000010000afc       0x1c CMakeFiles/ping.dir/mnt/c/Users/siddk/Downloads/PicoPiFi/pico-sdk/src/common/pico_sync/mutex.c.obj
                0x0000000010000afc                mutex_init
 .text.recursive_mutex_init
                0x0000000010000b18       0x1c CMakeFiles/ping.dir/mnt/c/Users/siddk/Downloads/PicoPiFi/pico-sdk/src/common/pico_sync/mutex.c.obj
                0x0000000010000b18                recursive_mutex_init
 .text.timer_pool_entry_comparator
                0x0000000010000b34       0x34 CMakeFiles/ping.dir/mnt/c/Users/siddk/Downloads/PicoPiFi/pico-sdk/src/common/pico_time/time.c.obj
                0x0000000010000b34                timer_pool_entry_comparator
 .text.sleep_until_callback
                0x0000000010000b68       0x30 CMakeFiles/ping.dir/mnt/c/Users/siddk/Downloads/PicoPiFi/pico-sdk/src/common/pico_time/time.c.obj
 .text.add_alarm_under_lock.isra.0
                0x0000000010000b98      0x100 CMakeFiles/ping.dir/mnt/c/Users/siddk/Downloads/PicoPiFi/pico-sdk/src/common/pico_time/time.c.obj
 .text.alarm_pool_alarm_callback
                0x0000000010000c98      0x1bc CMakeFiles/ping.dir/mnt/c/Users/siddk/Downloads/PicoPiFi/pico-sdk/src/common/pico_time/time.c.obj
 .text.alarm_pool_init_default
                0x0000000010000e54       0x6c CMakeFiles/ping.dir/mnt/c/Users/siddk/Downloads/PicoPiFi/pico-sdk/src/common/pico_time/time.c.obj
                0x0000000010000e54                alarm_pool_init_default
 .text.alarm_pool_add_alarm_at
                0x0000000010000ec0      0x178 CMakeFiles/ping.dir/mnt/c/Users/siddk/Downloads/PicoPiFi/pico-sdk/src/common/pico_time/time.c.obj
                0x0000000010000ec0                alarm_pool_add_alarm_at
 .text.best_effort_wfe_or_timeout
                0x0000000010001038       0xd4 CMakeFiles/ping.dir/mnt/c/Users/siddk/Downloads/PicoPiFi/pico-sdk/src/common/pico_time/time.c.obj
                0x0000000010001038                best_effort_wfe_or_timeout
 .text.hardware_alarm_irq_handler
                0x000000001000110c       0xbc CMakeFiles/ping.dir/mnt/c/Users/siddk/Downloads/PicoPiFi/pico-sdk/src/rp2_common/hardware_timer/timer.c.obj
 .text.hardware_alarm_claim
                0x00000000100011c8       0x18 CMakeFiles/ping.dir/mnt/c/Users/siddk/Downloads/PicoPiFi/pico-sdk/src/rp2_common/hardware_timer/timer.c.obj
                0x00000000100011c8                hardware_alarm_claim
 .text.time_us_64
                0x00000000100011e0       0x14 CMakeFiles/ping.dir/mnt/c/Users/siddk/Downloads/PicoPiFi/pico-sdk/src/rp2_common/hardware_timer/timer.c.obj
                0x00000000100011e0                time_us_64
 .text.busy_wait_us
                0x00000000100011f4       0x54 CMakeFiles/ping.dir/mnt/c/Users/siddk/Downloads/PicoPiFi/pico-sdk/src/rp2_common/hardware_timer/timer.c.obj
                0x00000000100011f4                busy_wait_us
 .text.hardware_alarm_set_callback
                0x0000000010001248       0x8c CMakeFiles/ping.dir/mnt/c/Users/siddk/Downloads/PicoPiFi/pico-sdk/src/rp2_common/hardware_timer/timer.c.obj
                0x0000000010001248                hardware_alarm_set_callback
 .text.hardware_alarm_set_target
                0x00000000100012d4       0xd4 CMakeFiles/ping.dir/mnt/c/Users/siddk/Downloads/PicoPiFi/pico-sdk/src/rp2_common/hardware_timer/timer.c.obj
                0x00000000100012d4                hardware_alarm_set_target
 .text.hardware_alarm_cancel
                0x00000000100013a8       0x3c CMakeFiles/ping.dir/mnt/c/Users/siddk/Downloads/PicoPiFi/pico-sdk/src/rp2_common/hardware_timer/timer.c.obj
                0x00000000100013a8                hardware_alarm_cancel
 .text.ph_merge_nodes
                0x00000000100013e4       0x68 CMakeFiles/ping.dir/mnt/c/Users/siddk/Downloads/PicoPiFi/pico-sdk/src/common/pico_util/pheap.c.obj
 .text.ph_post_alloc_init
                0x000000001000144c       0x3c CMakeFiles/ping.dir/mnt/c/Users/siddk/Downloads/PicoPiFi/pico-sdk/src/common/pico_util/pheap.c.obj
                0x000000001000144c                ph_post_alloc_init
 .text.ph_merge_two_pass
                0x0000000010001488       0x90 CMakeFiles/ping.dir/mnt/c/Users/siddk/Downloads/PicoPiFi/pico-sdk/src/common/pico_util/pheap.c.obj
                0x0000000010001488                ph_merge_two_pass
 .text.ph_remove_any_head
                0x0000000010001518      0x100 CMakeFiles/ping.dir/mnt/c/Users/siddk/Downloads/PicoPiFi/pico-sdk/src/common/pico_util/pheap.c.obj
 .text.ph_remove_head
                0x0000000010001618      0x104 CMakeFiles/ping.dir/mnt/c/Users/siddk/Downloads/PicoPiFi/pico-sdk/src/common/pico_util/pheap.c.obj
                0x0000000010001618                ph_remove_head
 .text.ph_remove_and_free_node
                0x000000001000171c       0x7c CMakeFiles/ping.dir/mnt/c/Users/siddk/Downloads/PicoPiFi/pico-sdk/src/common/pico_util/pheap.c.obj
                0x000000001000171c                ph_remove_and_free_node
 .text.uart_init
                0x0000000010001798      0x188 CMakeFiles/ping.dir/mnt/c/Users/siddk/Downloads/PicoPiFi/pico-sdk/src/rp2_common/hardware_uart/uart.c.obj
                0x0000000010001798                uart_init
 .text.clocks_init
                0x0000000010001920      0x2d0 CMakeFiles/ping.dir/mnt/c/Users/siddk/Downloads/PicoPiFi/pico-sdk/src/rp2_common/hardware_clocks/clocks.c.obj
                0x0000000010001920                clocks_init
 .text.clock_get_hz
                0x0000000010001bf0        0xc CMakeFiles/ping.dir/mnt/c/Users/siddk/Downloads/PicoPiFi/pico-sdk/src/rp2_common/hardware_clocks/clocks.c.obj
                0x0000000010001bf0                clock_get_hz
 .text.pll_init
                0x0000000010001bfc       0xa0 CMakeFiles/ping.dir/mnt/c/Users/siddk/Downloads/PicoPiFi/pico-sdk/src/rp2_common/hardware_pll/pll.c.obj
                0x0000000010001bfc                pll_init
 .text.watchdog_start_tick
                0x0000000010001c9c       0x10 CMakeFiles/ping.dir/mnt/c/Users/siddk/Downloads/PicoPiFi/pico-sdk/src/rp2_common/hardware_watchdog/watchdog.c.obj
                0x0000000010001c9c                watchdog_start_tick
 .text.xosc_init
                0x0000000010001cac       0x28 CMakeFiles/ping.dir/mnt/c/Users/siddk/Downloads/PicoPiFi/pico-sdk/src/rp2_common/hardware_xosc/xosc.c.obj
                0x0000000010001cac                xosc_init
 .text.runtime_init
                0x0000000010001cd4       0xf0 CMakeFiles/ping.dir/mnt/c/Users/siddk/Downloads/PicoPiFi/pico-sdk/src/rp2_common/pico_runtime/runtime.c.obj
                0x0000000010001cd4                runtime_init
 .text._exit    0x0000000010001dc4        0x4 CMakeFiles/ping.dir/mnt/c/Users/siddk/Downloads/PicoPiFi/pico-sdk/src/rp2_common/pico_runtime/runtime.c.obj
                0x0000000010001dc4                _exit
 .text.exit     0x0000000010001dc8        0x8 CMakeFiles/ping.dir/mnt/c/Users/siddk/Downloads/PicoPiFi/pico-sdk/src/rp2_common/pico_runtime/runtime.c.obj
                0x0000000010001dc8                exit
 .text.panic    0x0000000010001dd0       0x30 CMakeFiles/ping.dir/mnt/c/Users/siddk/Downloads/PicoPiFi/pico-sdk/src/rp2_common/pico_runtime/runtime.c.obj
                0x0000000010001dd0                panic
 .text.hard_assertion_failure
                0x0000000010001e00        0xc CMakeFiles/ping.dir/mnt/c/Users/siddk/Downloads/PicoPiFi/pico-sdk/src/rp2_common/pico_runtime/runtime.c.obj
                0x0000000010001e00                hard_assertion_failure
 .text._out_buffer
                0x0000000010001e0c        0x8 CMakeFiles/ping.dir/mnt/c/Users/siddk/Downloads/PicoPiFi/pico-sdk/src/rp2_common/pico_printf/printf.c.obj
 .text._out_null
                0x0000000010001e14        0x4 CMakeFiles/ping.dir/mnt/c/Users/siddk/Downloads/PicoPiFi/pico-sdk/src/rp2_common/pico_printf/printf.c.obj
 .text._out_rev
                0x0000000010001e18       0x9c CMakeFiles/ping.dir/mnt/c/Users/siddk/Downloads/PicoPiFi/pico-sdk/src/rp2_common/pico_printf/printf.c.obj
 .text._ntoa_format
                0x0000000010001eb4      0x1cc CMakeFiles/ping.dir/mnt/c/Users/siddk/Downloads/PicoPiFi/pico-sdk/src/rp2_common/pico_printf/printf.c.obj
 .text._out_char
                0x0000000010002080       0x10 CMakeFiles/ping.dir/mnt/c/Users/siddk/Downloads/PicoPiFi/pico-sdk/src/rp2_common/pico_printf/printf.c.obj
 .text._out_fct
                0x0000000010002090       0x10 CMakeFiles/ping.dir/mnt/c/Users/siddk/Downloads/PicoPiFi/pico-sdk/src/rp2_common/pico_printf/printf.c.obj
 .text._etoa    0x00000000100020a0      0x44c CMakeFiles/ping.dir/mnt/c/Users/siddk/Downloads/PicoPiFi/pico-sdk/src/rp2_common/pico_printf/printf.c.obj
 .text._ftoa    0x00000000100024ec      0x398 CMakeFiles/ping.dir/mnt/c/Users/siddk/Downloads/PicoPiFi/pico-sdk/src/rp2_common/pico_printf/printf.c.obj
 .text._vsnprintf
                0x0000000010002884      0xb04 CMakeFiles/ping.dir/mnt/c/Users/siddk/Downloads/PicoPiFi/pico-sdk/src/rp2_common/pico_printf/printf.c.obj
 .text.__wrap_sprintf
                0x0000000010003388       0x28 CMakeFiles/ping.dir/mnt/c/Users/siddk/Downloads/PicoPiFi/pico-sdk/src/rp2_common/pico_printf/printf.c.obj
                0x0000000010003388                __wrap_sprintf
 .text.vfctprintf
                0x00000000100033b0       0x20 CMakeFiles/ping.dir/mnt/c/Users/siddk/Downloads/PicoPiFi/pico-sdk/src/rp2_common/pico_printf/printf.c.obj
                0x00000000100033b0                vfctprintf
 .text.weak_raw_vprintf
                0x00000000100033d0       0x30 CMakeFiles/ping.dir/mnt/c/Users/siddk/Downloads/PicoPiFi/pico-sdk/src/rp2_common/pico_printf/printf.c.obj
                0x00000000100033d0                weak_raw_vprintf
 .text          0x0000000010003400       0x10 CMakeFiles/ping.dir/mnt/c/Users/siddk/Downloads/PicoPiFi/pico-sdk/src/rp2_common/pico_bit_ops/bit_ops_aeabi.S.obj
 .text.rom_func_lookup
                0x0000000010003410       0x10 CMakeFiles/ping.dir/mnt/c/Users/siddk/Downloads/PicoPiFi/pico-sdk/src/rp2_common/pico_bootrom/bootrom.c.obj
                0x0000000010003410                rom_func_lookup
 .text.rom_data_lookup
                0x0000000010003420       0x10 CMakeFiles/ping.dir/mnt/c/Users/siddk/Downloads/PicoPiFi/pico-sdk/src/rp2_common/pico_bootrom/bootrom.c.obj
                0x0000000010003420                rom_data_lookup
 .text.rom_funcs_lookup
                0x0000000010003430       0x44 CMakeFiles/ping.dir/mnt/c/Users/siddk/Downloads/PicoPiFi/pico-sdk/src/rp2_common/pico_bootrom/bootrom.c.obj
                0x0000000010003430                rom_funcs_lookup
 .text.__wrap___aeabi_idiv
                0x0000000010003474       0x50 CMakeFiles/ping.dir/mnt/c/Users/siddk/Downloads/PicoPiFi/pico-sdk/src/rp2_common/pico_divider/divider.S.obj
                0x0000000010003474                __wrap___aeabi_idivmod
                0x0000000010003474                divmod_s32s32
                0x0000000010003474                div_s32s32
                0x0000000010003474                __wrap___aeabi_idiv
                0x000000001000347c                divmod_s32s32_unsafe
                0x00000000100034a8                divmod_s32s32_savestate
 .text.__wrap___aeabi_uidiv
                0x00000000100034c4       0x4c CMakeFiles/ping.dir/mnt/c/Users/siddk/Downloads/PicoPiFi/pico-sdk/src/rp2_common/pico_divider/divider.S.obj
                0x00000000100034c4                __wrap___aeabi_uidiv
                0x00000000100034c4                __wrap___aeabi_uidivmod
                0x00000000100034c4                div_u32u32
                0x00000000100034c4                divmod_u32u32
                0x00000000100034cc                divmod_u32u32_unsafe
                0x00000000100034f4                divmod_u32u32_savestate
 .text.__wrap___aeabi_ldiv
                0x0000000010003510      0x424 CMakeFiles/ping.dir/mnt/c/Users/siddk/Downloads/PicoPiFi/pico-sdk/src/rp2_common/pico_divider/divider.S.obj
                0x0000000010003510                div_s64s64
                0x0000000010003510                divmod_s64s64
                0x0000000010003510                __wrap___aeabi_ldivmod
                0x0000000010003540                div_u64u64
                0x0000000010003540                divmod_u64u64
                0x0000000010003540                __wrap___aeabi_uldivmod
                0x0000000010003550                divmod_u64u64_savestate
                0x0000000010003570                divmod_s64s64_unsafe
                0x00000000100035f8                divmod_u64u64_unsafe
 .text.__wrap___aeabi_darithmetic
                0x0000000010003934       0x80 CMakeFiles/ping.dir/mnt/c/Users/siddk/Downloads/PicoPiFi/pico-sdk/src/rp2_common/pico_double/double_aeabi.S.obj
                0x0000000010003934                __wrap___aeabi_drsub
                0x000000001000393a                __wrap___aeabi_dsub
                0x000000001000394c                __wrap___aeabi_dadd
                0x000000001000395e                __wrap___aeabi_ddiv
                0x000000001000399a                __wrap___aeabi_dmul
 .text.__wrap___aeabi_cdcmple
                0x00000000100039b4       0x6c CMakeFiles/ping.dir/mnt/c/Users/siddk/Downloads/PicoPiFi/pico-sdk/src/rp2_common/pico_double/double_aeabi.S.obj
                0x00000000100039b4                __wrap___aeabi_cdrcmple
                0x00000000100039c4                __wrap___aeabi_cdcmple
                0x00000000100039c4                __wrap___aeabi_cdcmpeq
 .text.__wrap___aeabi_dcmplt
                0x0000000010003a20        0xc CMakeFiles/ping.dir/mnt/c/Users/siddk/Downloads/PicoPiFi/pico-sdk/src/rp2_common/pico_double/double_aeabi.S.obj
                0x0000000010003a20                __wrap___aeabi_dcmplt
 .text.__wrap___aeabi_dcmple
                0x0000000010003a2c       0x10 CMakeFiles/ping.dir/mnt/c/Users/siddk/Downloads/PicoPiFi/pico-sdk/src/rp2_common/pico_double/double_aeabi.S.obj
                0x0000000010003a2c                __wrap___aeabi_dcmple
 .text.__wrap___aeabi_dcmpge
                0x0000000010003a3c       0x10 CMakeFiles/ping.dir/mnt/c/Users/siddk/Downloads/PicoPiFi/pico-sdk/src/rp2_common/pico_double/double_aeabi.S.obj
                0x0000000010003a3c                __wrap___aeabi_dcmpge
 .text.__wrap___aeabi_dcmpgt
                0x0000000010003a4c        0xa CMakeFiles/ping.dir/mnt/c/Users/siddk/Downloads/PicoPiFi/pico-sdk/src/rp2_common/pico_double/double_aeabi.S.obj
                0x0000000010003a4c                __wrap___aeabi_dcmpgt
 .text.__wrap___aeabi_dcmpun
                0x0000000010003a56       0x1c CMakeFiles/ping.dir/mnt/c/Users/siddk/Downloads/PicoPiFi/pico-sdk/src/rp2_common/pico_double/double_aeabi.S.obj
                0x0000000010003a56                __wrap___aeabi_dcmpun
 *fill*         0x0000000010003a72        0x2 
 .text.__wrap___aeabi_i2d
                0x0000000010003a74       0x38 CMakeFiles/ping.dir/mnt/c/Users/siddk/Downloads/PicoPiFi/pico-sdk/src/rp2_common/pico_double/double_aeabi.S.obj
                0x0000000010003a74                __wrap___aeabi_ui2d
                0x0000000010003a7c                __wrap___aeabi_i2d
 .text.__wrap___aeabi_d2iz
                0x0000000010003aac       0x48 CMakeFiles/ping.dir/mnt/c/Users/siddk/Downloads/PicoPiFi/pico-sdk/src/rp2_common/pico_double/double_aeabi.S.obj
                0x0000000010003aac                __wrap___aeabi_d2iz
                0x0000000010003aac                double2int_z
 .text.__wrap___aeabi_d2uiz
                0x0000000010003af4       0x18 CMakeFiles/ping.dir/mnt/c/Users/siddk/Downloads/PicoPiFi/pico-sdk/src/rp2_common/pico_double/double_aeabi.S.obj
                0x0000000010003af4                double2uint
                0x0000000010003af4                __wrap___aeabi_d2uiz
 .text.__aeabi_double_init
                0x0000000010003b0c       0x94 CMakeFiles/ping.dir/mnt/c/Users/siddk/Downloads/PicoPiFi/pico-sdk/src/rp2_common/pico_double/double_init_rom.c.obj
                0x0000000010003b0c                __aeabi_double_init
 .text.double_table_shim_on_use_helper
                0x0000000010003ba0       0x2c CMakeFiles/ping.dir/mnt/c/Users/siddk/Downloads/PicoPiFi/pico-sdk/src/rp2_common/pico_double/double_v1_rom_shim.S.obj
                0x0000000010003ba0                double_table_shim_on_use_helper
 .text.__wrap___aeabi_dsub
                0x0000000010003bcc       0x10 CMakeFiles/ping.dir/mnt/c/Users/siddk/Downloads/PicoPiFi/pico-sdk/src/rp2_common/pico_double/double_v1_rom_shim.S.obj
                0x0000000010003bcc                drsub_shim
                0x0000000010003bd2                dsub_shim
 .text.dadd_shim
                0x0000000010003bdc      0x15c CMakeFiles/ping.dir/mnt/c/Users/siddk/Downloads/PicoPiFi/pico-sdk/src/rp2_common/pico_double/double_v1_rom_shim.S.obj
                0x0000000010003bdc                dadd_shim
 .text.dmul_shim
                0x0000000010003d38      0x15c CMakeFiles/ping.dir/mnt/c/Users/siddk/Downloads/PicoPiFi/pico-sdk/src/rp2_common/pico_double/double_v1_rom_shim.S.obj
                0x0000000010003d38                dmul_shim
 .text.ddiv_shim
                0x0000000010003e94      0x1b0 CMakeFiles/ping.dir/mnt/c/Users/siddk/Downloads/PicoPiFi/pico-sdk/src/rp2_common/pico_double/double_v1_rom_shim.S.obj
                0x0000000010003e94                ddiv_shim
 .text.double2uint_shim
                0x0000000010004044        0xe CMakeFiles/ping.dir/mnt/c/Users/siddk/Downloads/PicoPiFi/pico-sdk/src/rp2_common/pico_double/double_v1_rom_shim.S.obj
                0x0000000010004044                double2uint_shim
                0x0000000010004046                double2ufix_shim
 *fill*         0x0000000010004052        0x2 
 .text.double2uint64_shim
                0x0000000010004054       0x70 CMakeFiles/ping.dir/mnt/c/Users/siddk/Downloads/PicoPiFi/pico-sdk/src/rp2_common/pico_double/double_v1_rom_shim.S.obj
                0x0000000010004054                double2uint64_shim
                0x0000000010004056                double2ufix64_shim
                0x0000000010004076                d2fix_a
 .text.dunpacks
                0x00000000100040c4       0x3c CMakeFiles/ping.dir/mnt/c/Users/siddk/Downloads/PicoPiFi/pico-sdk/src/rp2_common/pico_double/double_v1_rom_shim.S.obj
                0x00000000100040c4                dunpacks
 .text.__aeabi_float_init
                0x0000000010004100       0x64 CMakeFiles/ping.dir/mnt/c/Users/siddk/Downloads/PicoPiFi/pico-sdk/src/rp2_common/pico_float/float_init_rom.c.obj
                0x0000000010004100                __aeabi_float_init
 .text.float_table_shim_on_use_helper
                0x0000000010004164       0x2c CMakeFiles/ping.dir/mnt/c/Users/siddk/Downloads/PicoPiFi/pico-sdk/src/rp2_common/pico_float/float_v1_rom_shim.S.obj
                0x0000000010004164                float_table_shim_on_use_helper
 .text          0x0000000010004190       0x10 CMakeFiles/ping.dir/mnt/c/Users/siddk/Downloads/PicoPiFi/pico-sdk/src/rp2_common/pico_mem_ops/mem_ops_aeabi.S.obj
                0x0000000010004190                __aeabi_mem_init
 .text.memset   0x00000000100041a0        0xc CMakeFiles/ping.dir/mnt/c/Users/siddk/Downloads/PicoPiFi/pico-sdk/src/rp2_common/pico_mem_ops/mem_ops_aeabi.S.obj
                0x00000000100041a0                __wrap_memset
 .text.memcpy   0x00000000100041ac        0xc CMakeFiles/ping.dir/mnt/c/Users/siddk/Downloads/PicoPiFi/pico-sdk/src/rp2_common/pico_mem_ops/mem_ops_aeabi.S.obj
                0x00000000100041ac                __wrap___aeabi_memcpy
                0x00000000100041ac                __wrap_memcpy
 .text.stdio_out_chars_no_crlf
                0x00000000100041b8       0x10 CMakeFiles/ping.dir/mnt/c/Users/siddk/Downloads/PicoPiFi/pico-sdk/src/rp2_common/pico_stdio/stdio.c.obj
 .text.stdio_out_chars_crlf
                0x00000000100041c8       0xb4 CMakeFiles/ping.dir/mnt/c/Users/siddk/Downloads/PicoPiFi/pico-sdk/src/rp2_common/pico_stdio/stdio.c.obj
 .text.stdio_buffered_printer
                0x000000001000427c       0x64 CMakeFiles/ping.dir/mnt/c/Users/siddk/Downloads/PicoPiFi/pico-sdk/src/rp2_common/pico_stdio/stdio.c.obj
 .text.stdio_put_string.isra.0
                0x00000000100042e0       0xfc CMakeFiles/ping.dir/mnt/c/Users/siddk/Downloads/PicoPiFi/pico-sdk/src/rp2_common/pico_stdio/stdio.c.obj
 .text.__wrap_putchar
                0x00000000100043dc       0x98 CMakeFiles/ping.dir/mnt/c/Users/siddk/Downloads/PicoPiFi/pico-sdk/src/rp2_common/pico_stdio/stdio.c.obj
                0x00000000100043dc                __wrap_putchar
 .text.__wrap_puts
                0x0000000010004474       0x3c CMakeFiles/ping.dir/mnt/c/Users/siddk/Downloads/PicoPiFi/pico-sdk/src/rp2_common/pico_stdio/stdio.c.obj
                0x0000000010004474                __wrap_puts
 .text.stdio_set_driver_enabled
                0x00000000100044b0       0x30 CMakeFiles/ping.dir/mnt/c/Users/siddk/Downloads/PicoPiFi/pico-sdk/src/rp2_common/pico_stdio/stdio.c.obj
                0x00000000100044b0                stdio_set_driver_enabled
 .text.__wrap_vprintf
                0x00000000100044e0       0xd8 CMakeFiles/ping.dir/mnt/c/Users/siddk/Downloads/PicoPiFi/pico-sdk/src/rp2_common/pico_stdio/stdio.c.obj
                0x00000000100044e0                __wrap_vprintf
 .text.__wrap_printf
                0x00000000100045b8       0x18 CMakeFiles/ping.dir/mnt/c/Users/siddk/Downloads/PicoPiFi/pico-sdk/src/rp2_common/pico_stdio/stdio.c.obj
                0x00000000100045b8                __wrap_printf
 .text.stdio_init_all
                0x00000000100045d0        0xc CMakeFiles/ping.dir/mnt/c/Users/siddk/Downloads/PicoPiFi/pico-sdk/src/rp2_common/pico_stdio/stdio.c.obj
                0x00000000100045d0                stdio_init_all
 .text.stdio_uart_out_chars
                0x00000000100045dc       0x4c CMakeFiles/ping.dir/mnt/c/Users/siddk/Downloads/PicoPiFi/pico-sdk/src/rp2_common/pico_stdio_uart/stdio_uart.c.obj
 .text.stdio_uart_in_chars
                0x0000000010004628       0x84 CMakeFiles/ping.dir/mnt/c/Users/siddk/Downloads/PicoPiFi/pico-sdk/src/rp2_common/pico_stdio_uart/stdio_uart.c.obj
                0x0000000010004628                stdio_uart_in_chars
 .text.on_uart_rx
                0x00000000100046ac       0x28 CMakeFiles/ping.dir/mnt/c/Users/siddk/Downloads/PicoPiFi/pico-sdk/src/rp2_common/pico_stdio_uart/stdio_uart.c.obj
 .text.stdio_uart_set_chars_available_callback
                0x00000000100046d4       0x8c CMakeFiles/ping.dir/mnt/c/Users/siddk/Downloads/PicoPiFi/pico-sdk/src/rp2_common/pico_stdio_uart/stdio_uart.c.obj
 .text.stdio_uart_init
                0x0000000010004760       0x48 CMakeFiles/ping.dir/mnt/c/Users/siddk/Downloads/PicoPiFi/pico-sdk/src/rp2_common/pico_stdio_uart/stdio_uart.c.obj
                0x0000000010004760                stdio_uart_init
 .text.pio_claim_unused_sm
                0x00000000100047a8       0x3c CMakeFiles/ping.dir/mnt/c/Users/siddk/Downloads/PicoPiFi/pico-sdk/src/rp2_common/hardware_pio/pio.c.obj
                0x00000000100047a8                pio_claim_unused_sm
 .text.pio_add_program
                0x00000000100047e4       0xc8 CMakeFiles/ping.dir/mnt/c/Users/siddk/Downloads/PicoPiFi/pico-sdk/src/rp2_common/hardware_pio/pio.c.obj
                0x00000000100047e4                pio_add_program
 .text.pio_sm_set_consecutive_pindirs
                0x00000000100048ac       0xb0 CMakeFiles/ping.dir/mnt/c/Users/siddk/Downloads/PicoPiFi/pico-sdk/src/rp2_common/hardware_pio/pio.c.obj
                0x00000000100048ac                pio_sm_set_consecutive_pindirs
 .text.pio_sm_init
                0x000000001000495c       0x8c CMakeFiles/ping.dir/mnt/c/Users/siddk/Downloads/PicoPiFi/pico-sdk/src/rp2_common/hardware_pio/pio.c.obj
                0x000000001000495c                pio_sm_init
 .text.dma_claim_unused_channel
                0x00000000100049e8       0x20 CMakeFiles/ping.dir/mnt/c/Users/siddk/Downloads/PicoPiFi/pico-sdk/src/rp2_common/hardware_dma/dma.c.obj
                0x00000000100049e8                dma_claim_unused_channel
 .text.io_init  0x0000000010004a08       0x10 libpicowi.a(picowi_pico.c.obj)
                0x0000000010004a08                io_init
 .text.io_set   0x0000000010004a18       0x4c libpicowi.a(picowi_pico.c.obj)
                0x0000000010004a18                io_set
 .text.io_out   0x0000000010004a64       0x14 libpicowi.a(picowi_pico.c.obj)
                0x0000000010004a64                io_out
 .text.io_in    0x0000000010004a78       0x10 libpicowi.a(picowi_pico.c.obj)
                0x0000000010004a78                io_in
 .text.ustime   0x0000000010004a88        0xc libpicowi.a(picowi_pico.c.obj)
                0x0000000010004a88                ustime
 .text.usdelay  0x0000000010004a94       0x18 libpicowi.a(picowi_pico.c.obj)
                0x0000000010004a94                usdelay
 .text.ustimeout
                0x0000000010004aac       0x24 libpicowi.a(picowi_pico.c.obj)
                0x0000000010004aac                ustimeout
 .text.wifi_core_reset
                0x0000000010004ad0      0x110 libpicowi.a(picowi_init.c.obj)
                0x0000000010004ad0                wifi_core_reset
 .text.wifi_data_load
                0x0000000010004be0       0xac libpicowi.a(picowi_init.c.obj)
                0x0000000010004be0                wifi_data_load
 .text.wifi_reg_val_wait
                0x0000000010004c8c       0x48 libpicowi.a(picowi_init.c.obj)
                0x0000000010004c8c                wifi_reg_val_wait
 .text.wifi_set_led
                0x0000000010004cd4       0x80 libpicowi.a(picowi_init.c.obj)
                0x0000000010004cd4                wifi_set_led
 .text.disp_bytes
                0x0000000010004d54       0x30 libpicowi.a(picowi_init.c.obj)
                0x0000000010004d54                disp_bytes
 .text.display  0x0000000010004d84       0x28 libpicowi.a(picowi_init.c.obj)
                0x0000000010004d84                display
 .text.wifi_init
                0x0000000010004dac      0x254 libpicowi.a(picowi_init.c.obj)
                0x0000000010004dac                wifi_init
 .text.set_display_mode
                0x0000000010005000        0xc libpicowi.a(picowi_init.c.obj)
                0x0000000010005000                set_display_mode
 .text.wifi_spi_write
                0x000000001000500c       0xc4 libpicowi.a(picowi_wifi.c.obj)
                0x000000001000500c                wifi_spi_write
 .text.wifi_data_read
                0x00000000100050d0      0x188 libpicowi.a(picowi_wifi.c.obj)
                0x00000000100050d0                wifi_data_read
 .text.wifi_reg_read
                0x0000000010005258       0x90 libpicowi.a(picowi_wifi.c.obj)
                0x0000000010005258                wifi_reg_read
 .text.wifi_data_write
                0x00000000100052e8       0xb0 libpicowi.a(picowi_wifi.c.obj)
                0x00000000100052e8                wifi_data_write
 .text.wifi_reg_write
                0x0000000010005398       0x90 libpicowi.a(picowi_wifi.c.obj)
                0x0000000010005398                wifi_reg_write
 .text.wifi_rx_event_wait
                0x0000000010005428       0x60 libpicowi.a(picowi_wifi.c.obj)
                0x0000000010005428                wifi_rx_event_wait
 .text.wifi_pio_dma_init
                0x0000000010005488       0xb8 libpicowi.a(picowi_wifi.c.obj)
                0x0000000010005488                wifi_pio_dma_init
 .text.wifi_pio_init
                0x0000000010005540      0x110 libpicowi.a(picowi_wifi.c.obj)
                0x0000000010005540                wifi_pio_init
 .text.wifi_start
                0x0000000010005650      0x1c4 libpicowi.a(picowi_wifi.c.obj)
                0x0000000010005650                wifi_start
 .text.wifi_setup
                0x0000000010005814       0x80 libpicowi.a(picowi_wifi.c.obj)
                0x0000000010005814                wifi_setup
 .text.wifi_get_irq
                0x0000000010005894       0x10 libpicowi.a(picowi_wifi.c.obj)
                0x0000000010005894                wifi_get_irq
 .text.ioctl_cmd
                0x00000000100058a4      0x2bc libpicowi.a(picowi_ioctl.c.obj)
                0x00000000100058a4                ioctl_cmd
 .text.ioctl_set_uint32
                0x0000000010005b60       0x2c libpicowi.a(picowi_ioctl.c.obj)
                0x0000000010005b60                ioctl_set_uint32
 .text.ioctl_set_data2
                0x0000000010005b8c       0x24 libpicowi.a(picowi_ioctl.c.obj)
                0x0000000010005b8c                ioctl_set_data2
 .text.ioctl_get_data
                0x0000000010005bb0       0x2c libpicowi.a(picowi_ioctl.c.obj)
                0x0000000010005bb0                ioctl_get_data
 .text.ioctl_set_data
                0x0000000010005bdc       0x2c libpicowi.a(picowi_ioctl.c.obj)
                0x0000000010005bdc                ioctl_set_data
 .text.ioctl_wr_int32
                0x0000000010005c08       0x20 libpicowi.a(picowi_ioctl.c.obj)
                0x0000000010005c08                ioctl_wr_int32
 .text.ioctl_wr_data
                0x0000000010005c28       0x1c libpicowi.a(picowi_ioctl.c.obj)
                0x0000000010005c28                ioctl_wr_data
 .text.ioctl_err_display
                0x0000000010005c44       0x60 libpicowi.a(picowi_ioctl.c.obj)
                0x0000000010005c44                ioctl_err_display
 .text.events_enable
                0x0000000010005ca4       0x80 libpicowi.a(picowi_event.c.obj)
                0x0000000010005ca4                events_enable
 .text.add_event_handler
                0x0000000010005d24       0x38 libpicowi.a(picowi_event.c.obj)
                0x0000000010005d24                add_event_handler
 .text.event_read
                0x0000000010005d5c      0x130 libpicowi.a(picowi_event.c.obj)
                0x0000000010005d5c                event_read
 .text.event_poll
                0x0000000010005e8c      0x1b8 libpicowi.a(picowi_event.c.obj)
                0x0000000010005e8c                event_poll
 .text.event_net_tx
                0x0000000010006044       0x98 libpicowi.a(picowi_event.c.obj)
                0x0000000010006044                event_net_tx
 .text.join_restart
                0x00000000100060dc      0x1c4 libpicowi.a(picowi_join.c.obj)
                0x00000000100060dc                join_restart
 .text.join_event_handler
                0x00000000100062a0       0xa8 libpicowi.a(picowi_join.c.obj)
                0x00000000100062a0                join_event_handler
 .text.join_state_poll
                0x0000000010006348      0x12c libpicowi.a(picowi_join.c.obj)
                0x0000000010006348                join_state_poll
 .text.join_start
                0x0000000010006474      0x124 libpicowi.a(picowi_join.c.obj)
                0x0000000010006474                join_start
 .text.link_check
                0x0000000010006598       0x24 libpicowi.a(picowi_join.c.obj)
                0x0000000010006598                link_check
 .text.ip_init  0x00000000100065bc       0x1c libpicowi.a(picowi_ip.c.obj)
                0x00000000100065bc                ip_init
 .text.ip_tx_eth
                0x00000000100065d8       0x68 libpicowi.a(picowi_ip.c.obj)
                0x00000000100065d8                ip_tx_eth
 .text.ip_tx_arp
                0x0000000010006640      0x184 libpicowi.a(picowi_ip.c.obj)
                0x0000000010006640                ip_tx_arp
 .text.ip_rx_arp
                0x00000000100067c4      0x174 libpicowi.a(picowi_ip.c.obj)
                0x00000000100067c4                ip_rx_arp
 .text.arp_event_handler
                0x0000000010006938       0xcc libpicowi.a(picowi_ip.c.obj)
                0x0000000010006938                arp_event_handler
 .text.ip_find_arp
                0x0000000010006a04      0x394 libpicowi.a(picowi_ip.c.obj)
                0x0000000010006a04                ip_find_arp
 .text.ip_rx_icmp
                0x0000000010006d98      0x140 libpicowi.a(picowi_ip.c.obj)
                0x0000000010006d98                ip_rx_icmp
 .text.icmp_event_handler
                0x0000000010006ed8      0x178 libpicowi.a(picowi_ip.c.obj)
                0x0000000010006ed8                icmp_event_handler
 .text.ip_add_icmp
                0x0000000010007050       0xc0 libpicowi.a(picowi_ip.c.obj)
                0x0000000010007050                ip_add_icmp
 .text.ip_tx_icmp
                0x0000000010007110      0x1e8 libpicowi.a(picowi_ip.c.obj)
                0x0000000010007110                ip_tx_icmp
 .text          0x00000000100072f8       0x5c /usr/lib/gcc/arm-none-eabi/10.3.1/../../../arm-none-eabi/lib/thumb/v6-m/nofp/libc.a(lib_a-strlen-stub.o)
                0x00000000100072f8                strlen
 *(.fini)
 .fini          0x0000000010007354        0x4 /usr/lib/gcc/arm-none-eabi/10.3.1/thumb/v6-m/nofp/crti.o
                0x0000000010007354                _fini
 .fini.__stub   0x0000000010007358       0x40 linker stubs
 *crtbegin.o(.ctors)
 *crtbegin?.o(.ctors)
 *(EXCLUDE_FILE(*crtend.o *crtend?.o) .ctors)
 *(SORT_BY_NAME(.ctors.*))
 *(.ctors)
 *crtbegin.o(.dtors)
 *crtbegin?.o(.dtors)
 *(EXCLUDE_FILE(*crtend.o *crtend?.o) .dtors)
 *(SORT_BY_NAME(.dtors.*))
 *(.dtors)
 *(.eh_frame*)
 .eh_frame      0x0000000010007398        0x0 /usr/lib/gcc/arm-none-eabi/10.3.1/thumb/v6-m/nofp/crtbegin.o
                0x0000000010007398                . = ALIGN (0x4)

.glue_7         0x0000000010007398        0x0
 .glue_7        0x0000000010007398        0x0 linker stubs

.glue_7t        0x0000000010007398        0x0
 .glue_7t       0x0000000010007398        0x0 linker stubs

.vfp11_veneer   0x0000000010007398        0x0
 .vfp11_veneer  0x0000000010007398        0x0 linker stubs

.v4_bx          0x0000000010007398        0x0
 .v4_bx         0x0000000010007398        0x0 linker stubs

.iplt           0x0000000010007398        0x0
 .iplt          0x0000000010007398        0x0 /usr/lib/gcc/arm-none-eabi/10.3.1/thumb/v6-m/nofp/crtbegin.o

.rodata         0x0000000010007398    0x37d44
 *(EXCLUDE_FILE(*libm.a: *libc.a:*lib_a-mem*.o *libgcc.a:) .rodata*)
 .rodata.main.str1.4
                0x0000000010007398       0xda CMakeFiles/ping.dir/ping.c.obj
 *fill*         0x0000000010007472        0x2 
 .rodata.hardware_alarm_claim.str1.4
                0x0000000010007474       0x22 CMakeFiles/ping.dir/mnt/c/Users/siddk/Downloads/PicoPiFi/pico-sdk/src/rp2_common/hardware_timer/timer.c.obj
 *fill*         0x0000000010007496        0x2 
 .rodata.panic.str1.4
                0x0000000010007498       0x10 CMakeFiles/ping.dir/mnt/c/Users/siddk/Downloads/PicoPiFi/pico-sdk/src/rp2_common/pico_runtime/runtime.c.obj
                                         0x12 (size before relaxing)
 .rodata.hard_assertion_failure.str1.4
                0x00000000100074a8        0xc CMakeFiles/ping.dir/mnt/c/Users/siddk/Downloads/PicoPiFi/pico-sdk/src/rp2_common/pico_runtime/runtime.c.obj
 .rodata._ftoa.str1.4
                0x00000000100074b4       0x15 CMakeFiles/ping.dir/mnt/c/Users/siddk/Downloads/PicoPiFi/pico-sdk/src/rp2_common/pico_printf/printf.c.obj
 *fill*         0x00000000100074c9        0x3 
 .rodata._vsnprintf
                0x00000000100074cc      0x1e0 CMakeFiles/ping.dir/mnt/c/Users/siddk/Downloads/PicoPiFi/pico-sdk/src/rp2_common/pico_printf/printf.c.obj
 *fill*         0x00000000100076ac        0x4 
 .rodata.pow10.0
                0x00000000100076b0       0x50 CMakeFiles/ping.dir/mnt/c/Users/siddk/Downloads/PicoPiFi/pico-sdk/src/rp2_common/pico_printf/printf.c.obj
 .rodata.str1.4
                0x0000000010007700       0x3c CMakeFiles/ping.dir/mnt/c/Users/siddk/Downloads/PicoPiFi/pico-sdk/src/rp2_common/pico_standard_link/binary_info.c.obj
 .rodata.__bi_44
                0x000000001000773c        0xc CMakeFiles/ping.dir/mnt/c/Users/siddk/Downloads/PicoPiFi/pico-sdk/src/rp2_common/pico_standard_link/binary_info.c.obj
 .rodata.__bi_75
                0x0000000010007748        0xc CMakeFiles/ping.dir/mnt/c/Users/siddk/Downloads/PicoPiFi/pico-sdk/src/rp2_common/pico_standard_link/binary_info.c.obj
 .rodata.__bi_81
                0x0000000010007754        0xc CMakeFiles/ping.dir/mnt/c/Users/siddk/Downloads/PicoPiFi/pico-sdk/src/rp2_common/pico_standard_link/binary_info.c.obj
 .rodata.crlf_str.0
                0x0000000010007760        0x2 CMakeFiles/ping.dir/mnt/c/Users/siddk/Downloads/PicoPiFi/pico-sdk/src/rp2_common/pico_stdio/stdio.c.obj
 *fill*         0x0000000010007762        0x2 
 .rodata.str1.4
                0x0000000010007764       0x2c CMakeFiles/ping.dir/mnt/c/Users/siddk/Downloads/PicoPiFi/pico-sdk/src/rp2_common/pico_stdio_uart/stdio_uart.c.obj
 .rodata.__bi_33.4
                0x0000000010007790        0xc CMakeFiles/ping.dir/mnt/c/Users/siddk/Downloads/PicoPiFi/pico-sdk/src/rp2_common/pico_stdio_uart/stdio_uart.c.obj
 .rodata.__bi_34.5
                0x000000001000779c        0x8 CMakeFiles/ping.dir/mnt/c/Users/siddk/Downloads/PicoPiFi/pico-sdk/src/rp2_common/pico_stdio_uart/stdio_uart.c.obj
 .rodata.pio_claim_unused_sm.str1.4
                0x00000000100077a4       0x24 CMakeFiles/ping.dir/mnt/c/Users/siddk/Downloads/PicoPiFi/pico-sdk/src/rp2_common/hardware_pio/pio.c.obj
 .rodata.pio_add_program.str1.4
                0x00000000100077c8       0x11 CMakeFiles/ping.dir/mnt/c/Users/siddk/Downloads/PicoPiFi/pico-sdk/src/rp2_common/hardware_pio/pio.c.obj
 *fill*         0x00000000100077d9        0x3 
 .rodata.dma_claim_unused_channel.str1.4
                0x00000000100077dc       0x1e CMakeFiles/ping.dir/mnt/c/Users/siddk/Downloads/PicoPiFi/pico-sdk/src/rp2_common/hardware_dma/dma.c.obj
 *fill*         0x00000000100077fa        0x2 
 .rodata.wifi_clm_load.str1.4
                0x00000000100077fc        0x8 libpicowi.a(picowi_init.c.obj)
 .rodata.mac_addr_str.str1.4
                0x0000000010007804       0x1e libpicowi.a(picowi_init.c.obj)
 *fill*         0x0000000010007822        0x2 
 .rodata.disp_bytes.str1.4
                0x0000000010007824        0x6 libpicowi.a(picowi_init.c.obj)
 *fill*         0x000000001000782a        0x2 
 .rodata.wifi_init.str1.4
                0x000000001000782c       0x7c libpicowi.a(picowi_init.c.obj)
 .rodata.wifi_reg_read.str1.4
                0x00000000100078a8       0x37 libpicowi.a(picowi_wifi.c.obj)
 *fill*         0x00000000100078df        0x1 
 .rodata.wifi_reg_write.str1.4
                0x00000000100078e0       0x27 libpicowi.a(picowi_wifi.c.obj)
 *fill*         0x0000000010007907        0x1 
 .rodata.wifi_start.str1.4
                0x0000000010007908       0x53 libpicowi.a(picowi_wifi.c.obj)
 *fill*         0x000000001000795b        0x1 
 .rodata.picowi_pio_program
                0x000000001000795c        0x6 libpicowi.a(picowi_wifi.c.obj)
 *fill*         0x0000000010007962        0x2 
 .rodata.picowi_pio_program_instructions
                0x0000000010007964       0x32 libpicowi.a(picowi_wifi.c.obj)
 *fill*         0x0000000010007996        0x2 
 .rodata.ioctl_cmd.str1.4
                0x0000000010007998       0x73 libpicowi.a(picowi_ioctl.c.obj)
                                         0x7b (size before relaxing)
 *fill*         0x0000000010007a0b        0x1 
 .rodata.ioctl_err_display.str1.4
                0x0000000010007a0c       0x24 libpicowi.a(picowi_ioctl.c.obj)
 .rodata.events_enable.str1.4
                0x0000000010007a30       0x12 libpicowi.a(picowi_event.c.obj)
 *fill*         0x0000000010007a42        0x2 
 .rodata.event_read.str1.4
                0x0000000010007a44       0x55 libpicowi.a(picowi_event.c.obj)
 *fill*         0x0000000010007a99        0x3 
 .rodata.event_poll.str1.4
                0x0000000010007a9c       0x4f libpicowi.a(picowi_event.c.obj)
                                         0x5c (size before relaxing)
 *fill*         0x0000000010007aeb        0x1 
 .rodata.event_net_tx.str1.4
                0x0000000010007aec       0x10 libpicowi.a(picowi_event.c.obj)
 .rodata.join_restart.str1.4
                0x0000000010007afc       0x73 libpicowi.a(picowi_join.c.obj)
 *fill*         0x0000000010007b6f        0x1 
 .rodata.join_state_poll.str1.4
                0x0000000010007b70       0x4d libpicowi.a(picowi_join.c.obj)
 *fill*         0x0000000010007bbd        0x3 
 .rodata.join_start.str1.4
                0x0000000010007bc0       0x53 libpicowi.a(picowi_join.c.obj)
 *fill*         0x0000000010007c13        0x1 
 .rodata.str1.4
                0x0000000010007c14       0xaf libpicowi.a(picowi_join.c.obj)
                                         0xb3 (size before relaxing)
 *fill*         0x0000000010007cc3        0x1 
 .rodata        0x0000000010007cc4       0x21 libpicowi.a(picowi_join.c.obj)
 *fill*         0x0000000010007ce5        0x3 
 .rodata.country_data
                0x0000000010007ce8       0x14 libpicowi.a(picowi_join.c.obj)
                0x0000000010007ce8                country_data
 .rodata.join_evts
                0x0000000010007cfc       0x60 libpicowi.a(picowi_join.c.obj)
                0x0000000010007cfc                join_evts
 .rodata.mcast_addr
                0x0000000010007d5c       0x3c libpicowi.a(picowi_join.c.obj)
                0x0000000010007d5c                mcast_addr
 .rodata.ip_tx_eth.str1.4
                0x0000000010007d98        0x3 libpicowi.a(picowi_ip.c.obj)
                                         0x23 (size before relaxing)
 *fill*         0x0000000010007d9b        0x1 
 .rodata.ip_make_arp.str1.4
                0x0000000010007d9c       0x29 libpicowi.a(picowi_ip.c.obj)
                                         0x2d (size before relaxing)
 *fill*         0x0000000010007dc5        0x3 
 .rodata.ip_rx_icmp.str1.4
                0x0000000010007dc8       0x2a libpicowi.a(picowi_ip.c.obj)
                                         0x2e (size before relaxing)
 *fill*         0x0000000010007df2        0x2 
 .rodata.fw_clm_data
                0x0000000010007df4      0x3dc libpicowi.a(fw_43439.c.obj)
                0x0000000010007df4                fw_clm_data
 .rodata.fw_clm_len
                0x00000000100081d0        0x4 libpicowi.a(fw_43439.c.obj)
                0x00000000100081d0                fw_clm_len
 .rodata.fw_firmware_data
                0x00000000100081d4    0x36c00 libpicowi.a(fw_43439.c.obj)
                0x00000000100081d4                fw_firmware_data
 .rodata.fw_firmware_len
                0x000000001003edd4        0x4 libpicowi.a(fw_43439.c.obj)
                0x000000001003edd4                fw_firmware_len
 .rodata.fw_nvram_data
                0x000000001003edd8      0x300 libpicowi.a(fw_43439.c.obj)
                0x000000001003edd8                fw_nvram_data
 .rodata.fw_nvram_len
                0x000000001003f0d8        0x4 libpicowi.a(fw_43439.c.obj)
                0x000000001003f0d8                fw_nvram_len
                0x000000001003f0dc                . = ALIGN (0x4)
 *(SORT_BY_ALIGNMENT(SORT_BY_NAME(.flashdata*)))
                0x000000001003f0dc                . = ALIGN (0x4)

.ARM.extab
 *(.ARM.extab* .gnu.linkonce.armextab.*)
                0x000000001003f0dc                __exidx_start = .

.ARM.exidx
 *(.ARM.exidx* .gnu.linkonce.armexidx.*)
                0x000000001003f0dc                __exidx_end = .
                0x000000001003f0dc                . = ALIGN (0x4)
                0x000000001003f0dc                __binary_info_start = .

.binary_info    0x000000001003f0dc       0x24
 *(.binary_info.keep.*)
 .binary_info.keep.__bi_ptr22
                0x000000001003f0dc        0x4 CMakeFiles/ping.dir/mnt/c/Users/siddk/Downloads/PicoPiFi/pico-sdk/src/rp2_common/pico_standard_link/binary_info.c.obj
 .binary_info.keep.__bi_ptr30
                0x000000001003f0e0        0x4 CMakeFiles/ping.dir/mnt/c/Users/siddk/Downloads/PicoPiFi/pico-sdk/src/rp2_common/pico_standard_link/binary_info.c.obj
 .binary_info.keep.__bi_ptr38
                0x000000001003f0e4        0x4 CMakeFiles/ping.dir/mnt/c/Users/siddk/Downloads/PicoPiFi/pico-sdk/src/rp2_common/pico_standard_link/binary_info.c.obj
 .binary_info.keep.__bi_ptr44
                0x000000001003f0e8        0x4 CMakeFiles/ping.dir/mnt/c/Users/siddk/Downloads/PicoPiFi/pico-sdk/src/rp2_common/pico_standard_link/binary_info.c.obj
 .binary_info.keep.__bi_ptr50
                0x000000001003f0ec        0x4 CMakeFiles/ping.dir/mnt/c/Users/siddk/Downloads/PicoPiFi/pico-sdk/src/rp2_common/pico_standard_link/binary_info.c.obj
 .binary_info.keep.__bi_ptr75
                0x000000001003f0f0        0x4 CMakeFiles/ping.dir/mnt/c/Users/siddk/Downloads/PicoPiFi/pico-sdk/src/rp2_common/pico_standard_link/binary_info.c.obj
 .binary_info.keep.__bi_ptr81
                0x000000001003f0f4        0x4 CMakeFiles/ping.dir/mnt/c/Users/siddk/Downloads/PicoPiFi/pico-sdk/src/rp2_common/pico_standard_link/binary_info.c.obj
 *(.binary_info.*)
 .binary_info.__bi_ptr33
                0x000000001003f0f8        0x4 CMakeFiles/ping.dir/mnt/c/Users/siddk/Downloads/PicoPiFi/pico-sdk/src/rp2_common/pico_stdio_uart/stdio_uart.c.obj
 .binary_info.__bi_ptr34
                0x000000001003f0fc        0x4 CMakeFiles/ping.dir/mnt/c/Users/siddk/Downloads/PicoPiFi/pico-sdk/src/rp2_common/pico_stdio_uart/stdio_uart.c.obj
                0x000000001003f100                __binary_info_end = .

.rel.dyn        0x000000001003f100        0x0
 .rel.iplt      0x000000001003f100        0x0 /usr/lib/gcc/arm-none-eabi/10.3.1/thumb/v6-m/nofp/crtbegin.o
                0x000000001003f100                . = ALIGN (0x4)

.ram_vector_table
                0x0000000020000000       0xc0
 *(.ram_vector_table)
 .ram_vector_table
                0x0000000020000000       0xc0 CMakeFiles/ping.dir/mnt/c/Users/siddk/Downloads/PicoPiFi/pico-sdk/src/rp2_common/pico_runtime/runtime.c.obj
                0x0000000020000000                ram_vector_table

.data           0x00000000200000c0      0x824 load address 0x000000001003f100
                0x00000000200000c0                __data_start__ = .
 *(vtable)
 *(.time_critical*)
 .time_critical.mutex_try_enter_block_until
                0x00000000200000c0       0x9c CMakeFiles/ping.dir/mnt/c/Users/siddk/Downloads/PicoPiFi/pico-sdk/src/common/pico_sync/mutex.c.obj
                0x00000000200000c0                mutex_try_enter_block_until
 .time_critical.mutex_exit
                0x000000002000015c       0x28 CMakeFiles/ping.dir/mnt/c/Users/siddk/Downloads/PicoPiFi/pico-sdk/src/common/pico_sync/mutex.c.obj
                0x000000002000015c                mutex_exit
 *(.text*)
 .text          0x0000000020000184        0x4 /usr/lib/gcc/arm-none-eabi/10.3.1/thumb/v6-m/nofp/libgcc.a(_dvmd_tls.o)
                0x0000000020000184                __aeabi_ldiv0
                0x0000000020000184                __aeabi_idiv0
 .text.__stub   0x0000000020000188       0x10 linker stubs
                0x0000000020000198                . = ALIGN (0x4)
 *(.rodata*)
                0x0000000020000198                . = ALIGN (0x4)
 *(.data*)
 .data.hostip   0x0000000020000198        0x4 CMakeFiles/ping.dir/ping.c.obj
                0x0000000020000198                hostip
 .data.myip     0x000000002000019c        0x4 CMakeFiles/ping.dir/ping.c.obj
                0x000000002000019c                myip
 .data.striped_spin_lock_num
                0x00000000200001a0        0x1 CMakeFiles/ping.dir/mnt/c/Users/siddk/Downloads/PicoPiFi/pico-sdk/src/rp2_common/hardware_sync/sync.c.obj
 *fill*         0x00000000200001a1        0x3 
 .data          0x00000000200001a4       0x48 CMakeFiles/ping.dir/mnt/c/Users/siddk/Downloads/PicoPiFi/pico-sdk/src/rp2_common/hardware_irq/irq_handler_chain.S.obj
                0x00000000200001a4                irq_handler_chain_slots
                0x00000000200001d4                irq_handler_chain_first_slot
                0x00000000200001de                irq_handler_chain_remove_tail
 .data.default_alarm_pool
                0x00000000200001ec       0x18 CMakeFiles/ping.dir/mnt/c/Users/siddk/Downloads/PicoPiFi/pico-sdk/src/common/pico_time/time.c.obj
 .data.default_alarm_pool_heap
                0x0000000020000204       0x10 CMakeFiles/ping.dir/mnt/c/Users/siddk/Downloads/PicoPiFi/pico-sdk/src/common/pico_time/time.c.obj
 *fill*         0x0000000020000214        0xc 
 .data.aeabi_bits_funcs
                0x0000000020000220       0x10 CMakeFiles/ping.dir/mnt/c/Users/siddk/Downloads/PicoPiFi/pico-sdk/src/rp2_common/pico_bit_ops/bit_ops_aeabi.S.obj
                0x0000000020000220                aeabi_bits_funcs
                0x0000000020000230                aeabi_bits_funcs_end
 .data.aeabi_mem_funcs
                0x0000000020000230       0x10 CMakeFiles/ping.dir/mnt/c/Users/siddk/Downloads/PicoPiFi/pico-sdk/src/rp2_common/pico_mem_ops/mem_ops_aeabi.S.obj
                0x0000000020000230                aeabi_mem_funcs
                0x0000000020000240                aeabi_mem_funcs_end
 .data.stdio_uart
                0x0000000020000240       0x18 CMakeFiles/ping.dir/mnt/c/Users/siddk/Downloads/PicoPiFi/pico-sdk/src/rp2_common/pico_stdio_uart/stdio_uart.c.obj
                0x0000000020000240                stdio_uart
 .data.wifi_pio
                0x0000000020000258        0x4 libpicowi.a(picowi_wifi.c.obj)
                0x0000000020000258                wifi_pio
 .data.ioctl_reqid
                0x000000002000025c        0x2 libpicowi.a(picowi_ioctl.c.obj)
                0x000000002000025c                ioctl_reqid
 .data.sd_tx_seq
                0x000000002000025e        0x1 libpicowi.a(picowi_ioctl.c.obj)
                0x000000002000025e                sd_tx_seq
 *fill*         0x000000002000025f        0x1 
 .data.tx_msg   0x0000000020000260      0x652 libpicowi.a(picowi_event.c.obj)
                0x0000000020000260                tx_msg
 *fill*         0x00000000200008b2        0x2 
 .data.p.1      0x00000000200008b4        0x4 libpicowi.a(picowi_join.c.obj)
 .data.s.2      0x00000000200008b8        0x4 libpicowi.a(picowi_join.c.obj)
 .data.bcast_mac
                0x00000000200008bc        0x6 libpicowi.a(picowi_ip.c.obj)
                0x00000000200008bc                bcast_mac
 .data.ident.1  0x00000000200008c2        0x2 libpicowi.a(picowi_ip.c.obj)
 .data.seq.0    0x00000000200008c4        0x2 libpicowi.a(picowi_ip.c.obj)
                0x00000000200008c8                . = ALIGN (0x4)
 *fill*         0x00000000200008c6        0x2 
 *(.after_data.*)
                0x00000000200008c8                . = ALIGN (0x4)
                0x00000000200008c8                PROVIDE (__mutex_array_start = .)
 *(SORT_BY_NAME(.mutex_array.*))
 *(.mutex_array)
 .mutex_array   0x00000000200008c8        0x8 CMakeFiles/ping.dir/mnt/c/Users/siddk/Downloads/PicoPiFi/pico-sdk/src/rp2_common/pico_stdio/stdio.c.obj
                0x00000000200008d0                PROVIDE (__mutex_array_end = .)
                0x00000000200008d0                . = ALIGN (0x4)
                0x00000000200008d0                PROVIDE (__preinit_array_start = .)
 *(SORT_BY_NAME(.preinit_array.*))
 .preinit_array.00001
                0x00000000200008d0        0x4 CMakeFiles/ping.dir/mnt/c/Users/siddk/Downloads/PicoPiFi/pico-sdk/src/rp2_common/pico_mem_ops/mem_ops_aeabi.S.obj
 .preinit_array.00010
                0x00000000200008d4        0x4 CMakeFiles/ping.dir/mnt/c/Users/siddk/Downloads/PicoPiFi/pico-sdk/src/rp2_common/pico_bit_ops/bit_ops_aeabi.S.obj
 .preinit_array.00020
                0x00000000200008d8        0x4 CMakeFiles/ping.dir/mnt/c/Users/siddk/Downloads/PicoPiFi/pico-sdk/src/rp2_common/pico_double/double_aeabi.S.obj
 .preinit_array.00020
                0x00000000200008dc        0x4 CMakeFiles/ping.dir/mnt/c/Users/siddk/Downloads/PicoPiFi/pico-sdk/src/rp2_common/pico_float/float_aeabi.S.obj
 *(.preinit_array)
                0x00000000200008e0                PROVIDE (__preinit_array_end = .)
                0x00000000200008e0                . = ALIGN (0x4)
                0x00000000200008e0                PROVIDE (__init_array_start = .)
 *(SORT_BY_NAME(.init_array.*))
 *(.init_array)
 .init_array    0x00000000200008e0        0x4 /usr/lib/gcc/arm-none-eabi/10.3.1/thumb/v6-m/nofp/crtbegin.o
                0x00000000200008e4                PROVIDE (__init_array_end = .)
                0x00000000200008e4                . = ALIGN (0x4)
                0x00000000200008e4                PROVIDE (__fini_array_start = .)
 *(SORT_BY_NAME(.fini_array.*))
 *(.fini_array)
                0x00000000200008e4                PROVIDE (__fini_array_end = .)
 *(.jcr)
                0x00000000200008e4                . = ALIGN (0x4)
                0x00000000200008e4                __data_end__ = .
                0x000000001003f100                __etext = LOADADDR (.data)

.tm_clone_table
                0x00000000200008e4        0x0 load address 0x000000001003f924
 .tm_clone_table
                0x00000000200008e4        0x0 /usr/lib/gcc/arm-none-eabi/10.3.1/thumb/v6-m/nofp/crtbegin.o
 .tm_clone_table
                0x00000000200008e4        0x0 /usr/lib/gcc/arm-none-eabi/10.3.1/thumb/v6-m/nofp/crtend.o

.igot.plt       0x00000000200008e4        0x0 load address 0x000000001003f924
 .igot.plt      0x00000000200008e4        0x0 /usr/lib/gcc/arm-none-eabi/10.3.1/thumb/v6-m/nofp/crtbegin.o

.uninitialized_data
                0x00000000200008e4        0x0 load address 0x000000001003f924
                0x00000000200008e4                . = ALIGN (0x4)
 *(.uninitialized_data*)

.scratch_x      0x0000000020040000        0x0 load address 0x000000001003f924
                0x0000000020040000                __scratch_x_start__ = .
 *(.scratch_x.*)
                0x0000000020040000                . = ALIGN (0x4)
                0x0000000020040000                __scratch_x_end__ = .
                0x000000001003f924                __scratch_x_source__ = LOADADDR (.scratch_x)

.scratch_y      0x0000000020041000        0x0 load address 0x000000001003f924
                0x0000000020041000                __scratch_y_start__ = .
 *(.scratch_y.*)
                0x0000000020041000                . = ALIGN (0x4)
                0x0000000020041000                __scratch_y_end__ = .
                0x000000001003f924                __scratch_y_source__ = LOADADDR (.scratch_y)

.bss            0x00000000200008e8     0x1ea4
                0x00000000200008e8                . = ALIGN (0x4)
                0x00000000200008e8                __bss_start__ = .
 *(SORT_BY_ALIGNMENT(SORT_BY_NAME(.bss*)))
 .bss.default_alarm_pool_entries
                0x00000000200008e8      0x100 CMakeFiles/ping.dir/mnt/c/Users/siddk/Downloads/PicoPiFi/pico-sdk/src/common/pico_time/time.c.obj
 .bss.sd_table  0x00000000200009e8      0x100 CMakeFiles/ping.dir/mnt/c/Users/siddk/Downloads/PicoPiFi/pico-sdk/src/rp2_common/pico_double/double_init_rom.c.obj
                0x00000000200009e8                sd_table
 .bss.sf_table  0x0000000020000ae8      0x100 CMakeFiles/ping.dir/mnt/c/Users/siddk/Downloads/PicoPiFi/pico-sdk/src/rp2_common/pico_float/float_init_rom.c.obj
                0x0000000020000ae8                sf_table
 .bss           0x0000000020000be8       0x1c /usr/lib/gcc/arm-none-eabi/10.3.1/thumb/v6-m/nofp/crtbegin.o
 .bss._used_instruction_space
                0x0000000020000c04        0x8 CMakeFiles/ping.dir/mnt/c/Users/siddk/Downloads/PicoPiFi/pico-sdk/src/rp2_common/hardware_pio/pio.c.obj
 .bss.alarm_callbacks
                0x0000000020000c0c       0x10 CMakeFiles/ping.dir/mnt/c/Users/siddk/Downloads/PicoPiFi/pico-sdk/src/rp2_common/hardware_timer/timer.c.obj
 .bss.arp_entries
                0x0000000020000c1c       0x64 libpicowi.a(picowi_ip.c.obj)
                0x0000000020000c1c                arp_entries
 .bss.arp_idx   0x0000000020000c80        0x4 libpicowi.a(picowi_ip.c.obj)
                0x0000000020000c80                arp_idx
 .bss.chars_available_callback
                0x0000000020000c84        0x4 CMakeFiles/ping.dir/mnt/c/Users/siddk/Downloads/PicoPiFi/pico-sdk/src/rp2_common/pico_stdio_uart/stdio_uart.c.obj
 .bss.chars_available_param
                0x0000000020000c88        0x4 CMakeFiles/ping.dir/mnt/c/Users/siddk/Downloads/PicoPiFi/pico-sdk/src/rp2_common/pico_stdio_uart/stdio_uart.c.obj
 .bss.configured_freq
                0x0000000020000c8c       0x28 CMakeFiles/ping.dir/mnt/c/Users/siddk/Downloads/PicoPiFi/pico-sdk/src/rp2_common/hardware_clocks/clocks.c.obj
 .bss.current_evts
                0x0000000020000cb4        0x4 libpicowi.a(picowi_event.c.obj)
                0x0000000020000cb4                current_evts
 .bss.default_alarm_pool_entry_ids_high
                0x0000000020000cb8       0x10 CMakeFiles/ping.dir/mnt/c/Users/siddk/Downloads/PicoPiFi/pico-sdk/src/common/pico_time/time.c.obj
 .bss.default_alarm_pool_heap_nodes
                0x0000000020000cc8       0x30 CMakeFiles/ping.dir/mnt/c/Users/siddk/Downloads/PicoPiFi/pico-sdk/src/common/pico_time/time.c.obj
 .bss.display_mode
                0x0000000020000cf8        0x4 libpicowi.a(picowi_init.c.obj)
                0x0000000020000cf8                display_mode
 .bss.drivers   0x0000000020000cfc        0x4 CMakeFiles/ping.dir/mnt/c/Users/siddk/Downloads/PicoPiFi/pico-sdk/src/rp2_common/pico_stdio/stdio.c.obj
 .bss.event_handlers
                0x0000000020000d00       0x50 libpicowi.a(picowi_event.c.obj)
                0x0000000020000d00                event_handlers
 .bss.event_info
                0x0000000020000d50       0x28 libpicowi.a(picowi_event.c.obj)
                0x0000000020000d50                event_info
 .bss.event_mask
                0x0000000020000d78       0x1a libpicowi.a(picowi_event.c.obj)
                0x0000000020000d78                event_mask
 *fill*         0x0000000020000d92        0x2 
 .bss.event_ports
                0x0000000020000d94       0x28 libpicowi.a(picowi_event.c.obj)
                0x0000000020000d94                event_ports
 .bss.filter    0x0000000020000dbc        0x4 CMakeFiles/ping.dir/mnt/c/Users/siddk/Downloads/PicoPiFi/pico-sdk/src/rp2_common/pico_stdio/stdio.c.obj
 .bss.ioctl_rxmsg
                0x0000000020000dc0      0x65c libpicowi.a(picowi_ioctl.c.obj)
                0x0000000020000dc0                ioctl_rxmsg
 .bss.ioctl_txmsg
                0x000000002000141c      0x65c libpicowi.a(picowi_ioctl.c.obj)
                0x000000002000141c                ioctl_txmsg
 .bss.join_ticks.0
                0x0000000020001a78        0x4 libpicowi.a(picowi_join.c.obj)
 .bss.lastaddr.1
                0x0000000020001a7c        0x4 libpicowi.a(picowi_init.c.obj)
 .bss.lazy_vsnprintf
                0x0000000020001a80        0x4 CMakeFiles/ping.dir/mnt/c/Users/siddk/Downloads/PicoPiFi/pico-sdk/src/rp2_common/pico_printf/printf.c.obj
 .bss.my_ip     0x0000000020001a84        0x4 libpicowi.a(picowi_ip.c.obj)
                0x0000000020001a84                my_ip
 .bss.my_mac    0x0000000020001a88        0x6 libpicowi.a(picowi_init.c.obj)
                0x0000000020001a88                my_mac
 *fill*         0x0000000020001a8e        0x2 
 .bss.num_handlers
                0x0000000020001a90        0x4 libpicowi.a(picowi_event.c.obj)
                0x0000000020001a90                num_handlers
 .bss.ping_data
                0x0000000020001a94       0x20 CMakeFiles/ping.dir/ping.c.obj
                0x0000000020001a94                ping_data
 .bss.ping_rx_time
                0x0000000020001ab4        0x4 libpicowi.a(picowi_ip.c.obj)
                0x0000000020001ab4                ping_rx_time
 .bss.ping_tx_time
                0x0000000020001ab8        0x4 libpicowi.a(picowi_ip.c.obj)
                0x0000000020001ab8                ping_tx_time
 .bss.pools     0x0000000020001abc       0x10 CMakeFiles/ping.dir/mnt/c/Users/siddk/Downloads/PicoPiFi/pico-sdk/src/common/pico_time/time.c.obj
 .bss.rxdata    0x0000000020001acc      0x640 libpicowi.a(picowi_event.c.obj)
                0x0000000020001acc                rxdata
 .bss.sf_clz_func
                0x000000002000210c        0x4 CMakeFiles/ping.dir/mnt/c/Users/siddk/Downloads/PicoPiFi/pico-sdk/src/rp2_common/pico_double/double_init_rom.c.obj
                0x000000002000210c                sf_clz_func
 .bss.sleep_notifier
                0x0000000020002110        0x4 CMakeFiles/ping.dir/mnt/c/Users/siddk/Downloads/PicoPiFi/pico-sdk/src/common/pico_time/time.c.obj
 .bss.target_hi
                0x0000000020002114       0x10 CMakeFiles/ping.dir/mnt/c/Users/siddk/Downloads/PicoPiFi/pico-sdk/src/rp2_common/hardware_timer/timer.c.obj
 .bss.txbuff    0x0000000020002124      0x640 libpicowi.a(picowi_ip.c.obj)
                0x0000000020002124                txbuff
 .bss.uart_char_to_line_feed
                0x0000000020002764        0x4 CMakeFiles/ping.dir/mnt/c/Users/siddk/Downloads/PicoPiFi/pico-sdk/src/rp2_common/hardware_uart/uart.c.obj
                0x0000000020002764                uart_char_to_line_feed
 .bss.uart_instance
                0x0000000020002768        0x4 CMakeFiles/ping.dir/mnt/c/Users/siddk/Downloads/PicoPiFi/pico-sdk/src/rp2_common/pico_stdio_uart/stdio_uart.c.obj
 .bss.wifi_rx_dma_chan
                0x000000002000276c        0x4 libpicowi.a(picowi_wifi.c.obj)
                0x000000002000276c                wifi_rx_dma_chan
 .bss.wifi_rx_dma_dreq
                0x0000000020002770        0x4 libpicowi.a(picowi_wifi.c.obj)
                0x0000000020002770                wifi_rx_dma_dreq
 .bss.wifi_sm   0x0000000020002774        0x4 libpicowi.a(picowi_wifi.c.obj)
                0x0000000020002774                wifi_sm
 .bss.wifi_tx_dma_chan
                0x0000000020002778        0x4 libpicowi.a(picowi_wifi.c.obj)
                0x0000000020002778                wifi_tx_dma_chan
 .bss.wifi_tx_dma_dreq
                0x000000002000277c        0x4 libpicowi.a(picowi_wifi.c.obj)
                0x000000002000277c                wifi_tx_dma_dreq
 .bss.wifi_txfifo
                0x0000000020002780        0x4 libpicowi.a(picowi_wifi.c.obj)
                0x0000000020002780                wifi_txfifo
 .bss._claimed  0x0000000020002784        0x2 CMakeFiles/ping.dir/mnt/c/Users/siddk/Downloads/PicoPiFi/pico-sdk/src/rp2_common/hardware_dma/dma.c.obj
 .bss.claimed   0x0000000020002786        0x1 CMakeFiles/ping.dir/mnt/c/Users/siddk/Downloads/PicoPiFi/pico-sdk/src/rp2_common/hardware_timer/timer.c.obj
 .bss.claimed   0x0000000020002787        0x1 CMakeFiles/ping.dir/mnt/c/Users/siddk/Downloads/PicoPiFi/pico-sdk/src/rp2_common/hardware_pio/pio.c.obj
 .bss.init.0    0x0000000020002788        0x1 libpicowi.a(picowi_init.c.obj)
 .bss.irq_hander_chain_free_slot_head
                0x0000000020002789        0x1 CMakeFiles/ping.dir/mnt/c/Users/siddk/Downloads/PicoPiFi/pico-sdk/src/rp2_common/hardware_irq/irq.c.obj
 .bss.timer_callbacks_pending
                0x000000002000278a        0x1 CMakeFiles/ping.dir/mnt/c/Users/siddk/Downloads/PicoPiFi/pico-sdk/src/rp2_common/hardware_timer/timer.c.obj
 *(COMMON)
                0x000000002000278c                . = ALIGN (0x4)
 *fill*         0x000000002000278b        0x1 
                0x000000002000278c                __bss_end__ = .

.heap           0x000000002000278c      0x800
                0x000000002000278c                __end__ = .
                0x000000002000278c                end = __end__
 *(.heap*)
 .heap          0x000000002000278c      0x800 CMakeFiles/ping.dir/mnt/c/Users/siddk/Downloads/PicoPiFi/pico-sdk/src/rp2_common/pico_standard_link/crt0.S.obj
                0x0000000020002f8c                __HeapLimit = .

.stack1_dummy   0x0000000020040000        0x0
 *(.stack1*)

.stack_dummy    0x0000000020041000      0x800
 *(.stack*)
 .stack         0x0000000020041000      0x800 CMakeFiles/ping.dir/mnt/c/Users/siddk/Downloads/PicoPiFi/pico-sdk/src/rp2_common/pico_standard_link/crt0.S.obj

.flash_end      0x000000001003f924        0x0
                0x000000001003f924                PROVIDE (__flash_binary_end = .)
                0x0000000020040000                __StackLimit = (ORIGIN (RAM) + LENGTH (RAM))
                0x0000000020041000                __StackOneTop = (ORIGIN (SCRATCH_X) + LENGTH (SCRATCH_X))
                0x0000000020042000                __StackTop = (ORIGIN (SCRATCH_Y) + LENGTH (SCRATCH_Y))
                0x0000000020041000                __StackOneBottom = (__StackOneTop - SIZEOF (.stack1_dummy))
                0x0000000020041800                __StackBottom = (__StackTop - SIZEOF (.stack_dummy))
                0x0000000020042000                PROVIDE (__stack = __StackTop)
                0x0000000000000001                ASSERT ((__StackLimit >= __HeapLimit), region RAM overflowed)
                0x0000000000000001                ASSERT (((__binary_info_header_end - __logical_binary_start) <= 0x100), Binary info must be in first 256 bytes of the binary)
LOAD CMakeFiles/ping.dir/ping.c.obj
LOAD CMakeFiles/ping.dir/mnt/c/Users/siddk/Downloads/PicoPiFi/pico-sdk/src/rp2_common/pico_stdlib/stdlib.c.obj
LOAD CMakeFiles/ping.dir/mnt/c/Users/siddk/Downloads/PicoPiFi/pico-sdk/src/rp2_common/hardware_gpio/gpio.c.obj
LOAD CMakeFiles/ping.dir/mnt/c/Users/siddk/Downloads/PicoPiFi/pico-sdk/src/rp2_common/pico_platform/platform.c.obj
LOAD CMakeFiles/ping.dir/mnt/c/Users/siddk/Downloads/PicoPiFi/pico-sdk/src/rp2_common/hardware_claim/claim.c.obj
LOAD CMakeFiles/ping.dir/mnt/c/Users/siddk/Downloads/PicoPiFi/pico-sdk/src/rp2_common/hardware_sync/sync.c.obj
LOAD CMakeFiles/ping.dir/mnt/c/Users/siddk/Downloads/PicoPiFi/pico-sdk/src/rp2_common/hardware_irq/irq.c.obj
LOAD CMakeFiles/ping.dir/mnt/c/Users/siddk/Downloads/PicoPiFi/pico-sdk/src/rp2_common/hardware_irq/irq_handler_chain.S.obj
LOAD CMakeFiles/ping.dir/mnt/c/Users/siddk/Downloads/PicoPiFi/pico-sdk/src/common/pico_sync/sem.c.obj
LOAD CMakeFiles/ping.dir/mnt/c/Users/siddk/Downloads/PicoPiFi/pico-sdk/src/common/pico_sync/lock_core.c.obj
LOAD CMakeFiles/ping.dir/mnt/c/Users/siddk/Downloads/PicoPiFi/pico-sdk/src/common/pico_sync/mutex.c.obj
LOAD CMakeFiles/ping.dir/mnt/c/Users/siddk/Downloads/PicoPiFi/pico-sdk/src/common/pico_sync/critical_section.c.obj
LOAD CMakeFiles/ping.dir/mnt/c/Users/siddk/Downloads/PicoPiFi/pico-sdk/src/common/pico_time/time.c.obj
LOAD CMakeFiles/ping.dir/mnt/c/Users/siddk/Downloads/PicoPiFi/pico-sdk/src/common/pico_time/timeout_helper.c.obj
LOAD CMakeFiles/ping.dir/mnt/c/Users/siddk/Downloads/PicoPiFi/pico-sdk/src/rp2_common/hardware_timer/timer.c.obj
LOAD CMakeFiles/ping.dir/mnt/c/Users/siddk/Downloads/PicoPiFi/pico-sdk/src/common/pico_util/datetime.c.obj
LOAD CMakeFiles/ping.dir/mnt/c/Users/siddk/Downloads/PicoPiFi/pico-sdk/src/common/pico_util/pheap.c.obj
LOAD CMakeFiles/ping.dir/mnt/c/Users/siddk/Downloads/PicoPiFi/pico-sdk/src/common/pico_util/queue.c.obj
LOAD CMakeFiles/ping.dir/mnt/c/Users/siddk/Downloads/PicoPiFi/pico-sdk/src/rp2_common/hardware_uart/uart.c.obj
LOAD CMakeFiles/ping.dir/mnt/c/Users/siddk/Downloads/PicoPiFi/pico-sdk/src/rp2_common/hardware_clocks/clocks.c.obj
LOAD CMakeFiles/ping.dir/mnt/c/Users/siddk/Downloads/PicoPiFi/pico-sdk/src/rp2_common/hardware_pll/pll.c.obj
LOAD CMakeFiles/ping.dir/mnt/c/Users/siddk/Downloads/PicoPiFi/pico-sdk/src/rp2_common/hardware_vreg/vreg.c.obj
LOAD CMakeFiles/ping.dir/mnt/c/Users/siddk/Downloads/PicoPiFi/pico-sdk/src/rp2_common/hardware_watchdog/watchdog.c.obj
LOAD CMakeFiles/ping.dir/mnt/c/Users/siddk/Downloads/PicoPiFi/pico-sdk/src/rp2_common/hardware_xosc/xosc.c.obj
LOAD CMakeFiles/ping.dir/mnt/c/Users/siddk/Downloads/PicoPiFi/pico-sdk/src/rp2_common/hardware_divider/divider.S.obj
LOAD CMakeFiles/ping.dir/mnt/c/Users/siddk/Downloads/PicoPiFi/pico-sdk/src/rp2_common/pico_runtime/runtime.c.obj
LOAD CMakeFiles/ping.dir/mnt/c/Users/siddk/Downloads/PicoPiFi/pico-sdk/src/rp2_common/pico_printf/printf.c.obj
LOAD CMakeFiles/ping.dir/mnt/c/Users/siddk/Downloads/PicoPiFi/pico-sdk/src/rp2_common/pico_bit_ops/bit_ops_aeabi.S.obj
LOAD CMakeFiles/ping.dir/mnt/c/Users/siddk/Downloads/PicoPiFi/pico-sdk/src/rp2_common/pico_bootrom/bootrom.c.obj
LOAD CMakeFiles/ping.dir/mnt/c/Users/siddk/Downloads/PicoPiFi/pico-sdk/src/rp2_common/pico_divider/divider.S.obj
LOAD CMakeFiles/ping.dir/mnt/c/Users/siddk/Downloads/PicoPiFi/pico-sdk/src/rp2_common/pico_double/double_aeabi.S.obj
LOAD CMakeFiles/ping.dir/mnt/c/Users/siddk/Downloads/PicoPiFi/pico-sdk/src/rp2_common/pico_double/double_init_rom.c.obj
LOAD CMakeFiles/ping.dir/mnt/c/Users/siddk/Downloads/PicoPiFi/pico-sdk/src/rp2_common/pico_double/double_math.c.obj
LOAD CMakeFiles/ping.dir/mnt/c/Users/siddk/Downloads/PicoPiFi/pico-sdk/src/rp2_common/pico_double/double_v1_rom_shim.S.obj
LOAD CMakeFiles/ping.dir/mnt/c/Users/siddk/Downloads/PicoPiFi/pico-sdk/src/rp2_common/pico_int64_ops/pico_int64_ops_aeabi.S.obj
LOAD CMakeFiles/ping.dir/mnt/c/Users/siddk/Downloads/PicoPiFi/pico-sdk/src/rp2_common/pico_float/float_aeabi.S.obj
LOAD CMakeFiles/ping.dir/mnt/c/Users/siddk/Downloads/PicoPiFi/pico-sdk/src/rp2_common/pico_float/float_init_rom.c.obj
LOAD CMakeFiles/ping.dir/mnt/c/Users/siddk/Downloads/PicoPiFi/pico-sdk/src/rp2_common/pico_float/float_math.c.obj
LOAD CMakeFiles/ping.dir/mnt/c/Users/siddk/Downloads/PicoPiFi/pico-sdk/src/rp2_common/pico_float/float_v1_rom_shim.S.obj
LOAD CMakeFiles/ping.dir/mnt/c/Users/siddk/Downloads/PicoPiFi/pico-sdk/src/rp2_common/pico_malloc/pico_malloc.c.obj
LOAD CMakeFiles/ping.dir/mnt/c/Users/siddk/Downloads/PicoPiFi/pico-sdk/src/rp2_common/pico_mem_ops/mem_ops_aeabi.S.obj
LOAD CMakeFiles/ping.dir/mnt/c/Users/siddk/Downloads/PicoPiFi/pico-sdk/src/rp2_common/pico_standard_link/crt0.S.obj
LOAD CMakeFiles/ping.dir/mnt/c/Users/siddk/Downloads/PicoPiFi/pico-sdk/src/rp2_common/pico_standard_link/new_delete.cpp.obj
LOAD CMakeFiles/ping.dir/mnt/c/Users/siddk/Downloads/PicoPiFi/pico-sdk/src/rp2_common/pico_standard_link/binary_info.c.obj
LOAD CMakeFiles/ping.dir/mnt/c/Users/siddk/Downloads/PicoPiFi/pico-sdk/src/rp2_common/pico_stdio/stdio.c.obj
LOAD CMakeFiles/ping.dir/mnt/c/Users/siddk/Downloads/PicoPiFi/pico-sdk/src/rp2_common/pico_stdio_uart/stdio_uart.c.obj
LOAD CMakeFiles/ping.dir/mnt/c/Users/siddk/Downloads/PicoPiFi/pico-sdk/src/rp2_common/hardware_pio/pio.c.obj
LOAD CMakeFiles/ping.dir/mnt/c/Users/siddk/Downloads/PicoPiFi/pico-sdk/src/rp2_common/hardware_dma/dma.c.obj
LOAD libpicowi.a
LOAD /tmp/ccl8dKTS.o
LOAD /usr/lib/gcc/arm-none-eabi/10.3.1/../../../arm-none-eabi/lib/thumb/v6-m/nofp/libstdc++.a
LOAD /usr/lib/gcc/arm-none-eabi/10.3.1/../../../arm-none-eabi/lib/thumb/v6-m/nofp/libm.a
START GROUP
LOAD /usr/lib/gcc/arm-none-eabi/10.3.1/thumb/v6-m/nofp/libgcc.a
LOAD /usr/lib/gcc/arm-none-eabi/10.3.1/../../../arm-none-eabi/lib/thumb/v6-m/nofp/libc.a
END GROUP
START GROUP
LOAD /usr/lib/gcc/arm-none-eabi/10.3.1/thumb/v6-m/nofp/libgcc.a
LOAD /usr/lib/gcc/arm-none-eabi/10.3.1/../../../arm-none-eabi/lib/thumb/v6-m/nofp/libc.a
LOAD /usr/lib/gcc/arm-none-eabi/10.3.1/../../../arm-none-eabi/lib/thumb/v6-m/nofp/libnosys.a
END GROUP
LOAD /usr/lib/gcc/arm-none-eabi/10.3.1/thumb/v6-m/nofp/crtend.o
LOAD /usr/lib/gcc/arm-none-eabi/10.3.1/thumb/v6-m/nofp/crtn.o
OUTPUT(ping.elf elf32-littlearm)
LOAD linker stubs

.ARM.attributes
                0x0000000000000000       0x28
 .ARM.attributes
                0x0000000000000000       0x1e /usr/lib/gcc/arm-none-eabi/10.3.1/thumb/v6-m/nofp/crti.o
 .ARM.attributes
                0x000000000000001e       0x2c /usr/lib/gcc/arm-none-eabi/10.3.1/thumb/v6-m/nofp/crtbegin.o
 .ARM.attributes
                0x000000000000004a       0x2c CMakeFiles/ping.dir/ping.c.obj
 .ARM.attributes
                0x0000000000000076       0x2c CMakeFiles/ping.dir/mnt/c/Users/siddk/Downloads/PicoPiFi/pico-sdk/src/rp2_common/hardware_gpio/gpio.c.obj
 .ARM.attributes
                0x00000000000000a2       0x2c CMakeFiles/ping.dir/mnt/c/Users/siddk/Downloads/PicoPiFi/pico-sdk/src/rp2_common/pico_platform/platform.c.obj
 .ARM.attributes
                0x00000000000000ce       0x2c CMakeFiles/ping.dir/mnt/c/Users/siddk/Downloads/PicoPiFi/pico-sdk/src/rp2_common/hardware_claim/claim.c.obj
 .ARM.attributes
                0x00000000000000fa       0x2c CMakeFiles/ping.dir/mnt/c/Users/siddk/Downloads/PicoPiFi/pico-sdk/src/rp2_common/hardware_sync/sync.c.obj
 .ARM.attributes
                0x0000000000000126       0x2c CMakeFiles/ping.dir/mnt/c/Users/siddk/Downloads/PicoPiFi/pico-sdk/src/rp2_common/hardware_irq/irq.c.obj
 .ARM.attributes
                0x0000000000000152       0x22 CMakeFiles/ping.dir/mnt/c/Users/siddk/Downloads/PicoPiFi/pico-sdk/src/rp2_common/hardware_irq/irq_handler_chain.S.obj
 .ARM.attributes
                0x0000000000000174       0x2c CMakeFiles/ping.dir/mnt/c/Users/siddk/Downloads/PicoPiFi/pico-sdk/src/common/pico_sync/lock_core.c.obj
 .ARM.attributes
                0x00000000000001a0       0x2c CMakeFiles/ping.dir/mnt/c/Users/siddk/Downloads/PicoPiFi/pico-sdk/src/common/pico_sync/mutex.c.obj
 .ARM.attributes
                0x00000000000001cc       0x2c CMakeFiles/ping.dir/mnt/c/Users/siddk/Downloads/PicoPiFi/pico-sdk/src/common/pico_time/time.c.obj
 .ARM.attributes
                0x00000000000001f8       0x2c CMakeFiles/ping.dir/mnt/c/Users/siddk/Downloads/PicoPiFi/pico-sdk/src/rp2_common/hardware_timer/timer.c.obj
 .ARM.attributes
                0x0000000000000224       0x2c CMakeFiles/ping.dir/mnt/c/Users/siddk/Downloads/PicoPiFi/pico-sdk/src/common/pico_util/pheap.c.obj
 .ARM.attributes
                0x0000000000000250       0x2c CMakeFiles/ping.dir/mnt/c/Users/siddk/Downloads/PicoPiFi/pico-sdk/src/rp2_common/hardware_uart/uart.c.obj
 .ARM.attributes
                0x000000000000027c       0x2c CMakeFiles/ping.dir/mnt/c/Users/siddk/Downloads/PicoPiFi/pico-sdk/src/rp2_common/hardware_clocks/clocks.c.obj
 .ARM.attributes
                0x00000000000002a8       0x2c CMakeFiles/ping.dir/mnt/c/Users/siddk/Downloads/PicoPiFi/pico-sdk/src/rp2_common/hardware_pll/pll.c.obj
 .ARM.attributes
                0x00000000000002d4       0x2c CMakeFiles/ping.dir/mnt/c/Users/siddk/Downloads/PicoPiFi/pico-sdk/src/rp2_common/hardware_watchdog/watchdog.c.obj
 .ARM.attributes
                0x0000000000000300       0x2c CMakeFiles/ping.dir/mnt/c/Users/siddk/Downloads/PicoPiFi/pico-sdk/src/rp2_common/hardware_xosc/xosc.c.obj
 .ARM.attributes
                0x000000000000032c       0x2c CMakeFiles/ping.dir/mnt/c/Users/siddk/Downloads/PicoPiFi/pico-sdk/src/rp2_common/pico_runtime/runtime.c.obj
 .ARM.attributes
                0x0000000000000358       0x2c CMakeFiles/ping.dir/mnt/c/Users/siddk/Downloads/PicoPiFi/pico-sdk/src/rp2_common/pico_printf/printf.c.obj
 .ARM.attributes
                0x0000000000000384       0x22 CMakeFiles/ping.dir/mnt/c/Users/siddk/Downloads/PicoPiFi/pico-sdk/src/rp2_common/pico_bit_ops/bit_ops_aeabi.S.obj
 .ARM.attributes
                0x00000000000003a6       0x2c CMakeFiles/ping.dir/mnt/c/Users/siddk/Downloads/PicoPiFi/pico-sdk/src/rp2_common/pico_bootrom/bootrom.c.obj
 .ARM.attributes
                0x00000000000003d2       0x22 CMakeFiles/ping.dir/mnt/c/Users/siddk/Downloads/PicoPiFi/pico-sdk/src/rp2_common/pico_divider/divider.S.obj
 .ARM.attributes
                0x00000000000003f4       0x22 CMakeFiles/ping.dir/mnt/c/Users/siddk/Downloads/PicoPiFi/pico-sdk/src/rp2_common/pico_double/double_aeabi.S.obj
 .ARM.attributes
                0x0000000000000416       0x2c CMakeFiles/ping.dir/mnt/c/Users/siddk/Downloads/PicoPiFi/pico-sdk/src/rp2_common/pico_double/double_init_rom.c.obj
 .ARM.attributes
                0x0000000000000442       0x22 CMakeFiles/ping.dir/mnt/c/Users/siddk/Downloads/PicoPiFi/pico-sdk/src/rp2_common/pico_double/double_v1_rom_shim.S.obj
 .ARM.attributes
                0x0000000000000464       0x22 CMakeFiles/ping.dir/mnt/c/Users/siddk/Downloads/PicoPiFi/pico-sdk/src/rp2_common/pico_float/float_aeabi.S.obj
 .ARM.attributes
                0x0000000000000486       0x2c CMakeFiles/ping.dir/mnt/c/Users/siddk/Downloads/PicoPiFi/pico-sdk/src/rp2_common/pico_float/float_init_rom.c.obj
 .ARM.attributes
                0x00000000000004b2       0x22 CMakeFiles/ping.dir/mnt/c/Users/siddk/Downloads/PicoPiFi/pico-sdk/src/rp2_common/pico_float/float_v1_rom_shim.S.obj
 .ARM.attributes
                0x00000000000004d4       0x22 CMakeFiles/ping.dir/mnt/c/Users/siddk/Downloads/PicoPiFi/pico-sdk/src/rp2_common/pico_mem_ops/mem_ops_aeabi.S.obj
 .ARM.attributes
                0x00000000000004f6       0x22 CMakeFiles/ping.dir/mnt/c/Users/siddk/Downloads/PicoPiFi/pico-sdk/src/rp2_common/pico_standard_link/crt0.S.obj
 .ARM.attributes
                0x0000000000000518       0x32 CMakeFiles/ping.dir/mnt/c/Users/siddk/Downloads/PicoPiFi/pico-sdk/src/rp2_common/pico_standard_link/binary_info.c.obj
 .ARM.attributes
                0x000000000000054a       0x2c CMakeFiles/ping.dir/mnt/c/Users/siddk/Downloads/PicoPiFi/pico-sdk/src/rp2_common/pico_stdio/stdio.c.obj
 .ARM.attributes
                0x0000000000000576       0x2c CMakeFiles/ping.dir/mnt/c/Users/siddk/Downloads/PicoPiFi/pico-sdk/src/rp2_common/pico_stdio_uart/stdio_uart.c.obj
 .ARM.attributes
                0x00000000000005a2       0x2c CMakeFiles/ping.dir/mnt/c/Users/siddk/Downloads/PicoPiFi/pico-sdk/src/rp2_common/hardware_pio/pio.c.obj
 .ARM.attributes
                0x00000000000005ce       0x2c CMakeFiles/ping.dir/mnt/c/Users/siddk/Downloads/PicoPiFi/pico-sdk/src/rp2_common/hardware_dma/dma.c.obj
 .ARM.attributes
                0x00000000000005fa       0x2c libpicowi.a(picowi_pico.c.obj)
 .ARM.attributes
                0x0000000000000626       0x2c libpicowi.a(picowi_init.c.obj)
 .ARM.attributes
                0x0000000000000652       0x2c libpicowi.a(picowi_wifi.c.obj)
 .ARM.attributes
                0x000000000000067e       0x2c libpicowi.a(picowi_ioctl.c.obj)
 .ARM.attributes
                0x00000000000006aa       0x2c libpicowi.a(picowi_event.c.obj)
 .ARM.attributes
                0x00000000000006d6       0x2c libpicowi.a(picowi_join.c.obj)
 .ARM.attributes
                0x0000000000000702       0x2c libpicowi.a(picowi_ip.c.obj)
 .ARM.attributes
                0x000000000000072e       0x32 libpicowi.a(fw_43439.c.obj)
 .ARM.attributes
                0x0000000000000760       0x22 /tmp/ccl8dKTS.o
 .ARM.attributes
                0x0000000000000782       0x1e /usr/lib/gcc/arm-none-eabi/10.3.1/thumb/v6-m/nofp/libgcc.a(_dvmd_tls.o)
 .ARM.attributes
                0x00000000000007a0       0x2c /usr/lib/gcc/arm-none-eabi/10.3.1/../../../arm-none-eabi/lib/thumb/v6-m/nofp/libc.a(lib_a-strlen-stub.o)
 .ARM.attributes
                0x00000000000007cc       0x2c /usr/lib/gcc/arm-none-eabi/10.3.1/thumb/v6-m/nofp/crtend.o

.comment        0x0000000000000000       0x33
 .comment       0x0000000000000000       0x33 /usr/lib/gcc/arm-none-eabi/10.3.1/thumb/v6-m/nofp/crtbegin.o
                                         0x34 (size before relaxing)
 .comment       0x0000000000000033       0x34 CMakeFiles/ping.dir/ping.c.obj
 .comment       0x0000000000000033       0x34 CMakeFiles/ping.dir/mnt/c/Users/siddk/Downloads/PicoPiFi/pico-sdk/src/rp2_common/hardware_gpio/gpio.c.obj
 .comment       0x0000000000000033       0x34 CMakeFiles/ping.dir/mnt/c/Users/siddk/Downloads/PicoPiFi/pico-sdk/src/rp2_common/pico_platform/platform.c.obj
 .comment       0x0000000000000033       0x34 CMakeFiles/ping.dir/mnt/c/Users/siddk/Downloads/PicoPiFi/pico-sdk/src/rp2_common/hardware_claim/claim.c.obj
 .comment       0x0000000000000033       0x34 CMakeFiles/ping.dir/mnt/c/Users/siddk/Downloads/PicoPiFi/pico-sdk/src/rp2_common/hardware_sync/sync.c.obj
 .comment       0x0000000000000033       0x34 CMakeFiles/ping.dir/mnt/c/Users/siddk/Downloads/PicoPiFi/pico-sdk/src/rp2_common/hardware_irq/irq.c.obj
 .comment       0x0000000000000033       0x34 CMakeFiles/ping.dir/mnt/c/Users/siddk/Downloads/PicoPiFi/pico-sdk/src/common/pico_sync/lock_core.c.obj
 .comment       0x0000000000000033       0x34 CMakeFiles/ping.dir/mnt/c/Users/siddk/Downloads/PicoPiFi/pico-sdk/src/common/pico_sync/mutex.c.obj
 .comment       0x0000000000000033       0x34 CMakeFiles/ping.dir/mnt/c/Users/siddk/Downloads/PicoPiFi/pico-sdk/src/common/pico_time/time.c.obj
 .comment       0x0000000000000033       0x34 CMakeFiles/ping.dir/mnt/c/Users/siddk/Downloads/PicoPiFi/pico-sdk/src/rp2_common/hardware_timer/timer.c.obj
 .comment       0x0000000000000033       0x34 CMakeFiles/ping.dir/mnt/c/Users/siddk/Downloads/PicoPiFi/pico-sdk/src/common/pico_util/pheap.c.obj
 .comment       0x0000000000000033       0x34 CMakeFiles/ping.dir/mnt/c/Users/siddk/Downloads/PicoPiFi/pico-sdk/src/rp2_common/hardware_uart/uart.c.obj
 .comment       0x0000000000000033       0x34 CMakeFiles/ping.dir/mnt/c/Users/siddk/Downloads/PicoPiFi/pico-sdk/src/rp2_common/hardware_clocks/clocks.c.obj
 .comment       0x0000000000000033       0x34 CMakeFiles/ping.dir/mnt/c/Users/siddk/Downloads/PicoPiFi/pico-sdk/src/rp2_common/hardware_pll/pll.c.obj
 .comment       0x0000000000000033       0x34 CMakeFiles/ping.dir/mnt/c/Users/siddk/Downloads/PicoPiFi/pico-sdk/src/rp2_common/hardware_watchdog/watchdog.c.obj
 .comment       0x0000000000000033       0x34 CMakeFiles/ping.dir/mnt/c/Users/siddk/Downloads/PicoPiFi/pico-sdk/src/rp2_common/hardware_xosc/xosc.c.obj
 .comment       0x0000000000000033       0x34 CMakeFiles/ping.dir/mnt/c/Users/siddk/Downloads/PicoPiFi/pico-sdk/src/rp2_common/pico_runtime/runtime.c.obj
 .comment       0x0000000000000033       0x34 CMakeFiles/ping.dir/mnt/c/Users/siddk/Downloads/PicoPiFi/pico-sdk/src/rp2_common/pico_printf/printf.c.obj
 .comment       0x0000000000000033       0x34 CMakeFiles/ping.dir/mnt/c/Users/siddk/Downloads/PicoPiFi/pico-sdk/src/rp2_common/pico_bootrom/bootrom.c.obj
 .comment       0x0000000000000033       0x34 CMakeFiles/ping.dir/mnt/c/Users/siddk/Downloads/PicoPiFi/pico-sdk/src/rp2_common/pico_double/double_init_rom.c.obj
 .comment       0x0000000000000033       0x34 CMakeFiles/ping.dir/mnt/c/Users/siddk/Downloads/PicoPiFi/pico-sdk/src/rp2_common/pico_float/float_init_rom.c.obj
 .comment       0x0000000000000033       0x34 CMakeFiles/ping.dir/mnt/c/Users/siddk/Downloads/PicoPiFi/pico-sdk/src/rp2_common/pico_standard_link/binary_info.c.obj
 .comment       0x0000000000000033       0x34 CMakeFiles/ping.dir/mnt/c/Users/siddk/Downloads/PicoPiFi/pico-sdk/src/rp2_common/pico_stdio/stdio.c.obj
 .comment       0x0000000000000033       0x34 CMakeFiles/ping.dir/mnt/c/Users/siddk/Downloads/PicoPiFi/pico-sdk/src/rp2_common/pico_stdio_uart/stdio_uart.c.obj
 .comment       0x0000000000000033       0x34 CMakeFiles/ping.dir/mnt/c/Users/siddk/Downloads/PicoPiFi/pico-sdk/src/rp2_common/hardware_pio/pio.c.obj
 .comment       0x0000000000000033       0x34 CMakeFiles/ping.dir/mnt/c/Users/siddk/Downloads/PicoPiFi/pico-sdk/src/rp2_common/hardware_dma/dma.c.obj
 .comment       0x0000000000000033       0x34 libpicowi.a(picowi_pico.c.obj)
 .comment       0x0000000000000033       0x34 libpicowi.a(picowi_init.c.obj)
 .comment       0x0000000000000033       0x34 libpicowi.a(picowi_wifi.c.obj)
 .comment       0x0000000000000033       0x34 libpicowi.a(picowi_ioctl.c.obj)
 .comment       0x0000000000000033       0x34 libpicowi.a(picowi_event.c.obj)
 .comment       0x0000000000000033       0x34 libpicowi.a(picowi_join.c.obj)
 .comment       0x0000000000000033       0x34 libpicowi.a(picowi_ip.c.obj)
 .comment       0x0000000000000033       0x34 libpicowi.a(fw_43439.c.obj)
 .comment       0x0000000000000033       0x34 /usr/lib/gcc/arm-none-eabi/10.3.1/../../../arm-none-eabi/lib/thumb/v6-m/nofp/libc.a(lib_a-strlen-stub.o)
 .comment       0x0000000000000033       0x34 /usr/lib/gcc/arm-none-eabi/10.3.1/thumb/v6-m/nofp/crtend.o

.debug_line     0x0000000000000000      0x1d2
 .debug_line    0x0000000000000000       0x60 /usr/lib/gcc/arm-none-eabi/10.3.1/thumb/v6-m/nofp/libgcc.a(_dvmd_tls.o)
 .debug_line    0x0000000000000060      0x172 /usr/lib/gcc/arm-none-eabi/10.3.1/../../../arm-none-eabi/lib/thumb/v6-m/nofp/libc.a(lib_a-strlen-stub.o)

.debug_info     0x0000000000000000      0x114
 .debug_info    0x0000000000000000       0x26 /usr/lib/gcc/arm-none-eabi/10.3.1/thumb/v6-m/nofp/libgcc.a(_dvmd_tls.o)
 .debug_info    0x0000000000000026       0xee /usr/lib/gcc/arm-none-eabi/10.3.1/../../../arm-none-eabi/lib/thumb/v6-m/nofp/libc.a(lib_a-strlen-stub.o)

.debug_abbrev   0x0000000000000000       0xa3
 .debug_abbrev  0x0000000000000000       0x14 /usr/lib/gcc/arm-none-eabi/10.3.1/thumb/v6-m/nofp/libgcc.a(_dvmd_tls.o)
 .debug_abbrev  0x0000000000000014       0x8f /usr/lib/gcc/arm-none-eabi/10.3.1/../../../arm-none-eabi/lib/thumb/v6-m/nofp/libc.a(lib_a-strlen-stub.o)

.debug_aranges  0x0000000000000000       0x40
 .debug_aranges
                0x0000000000000000       0x20 /usr/lib/gcc/arm-none-eabi/10.3.1/thumb/v6-m/nofp/libgcc.a(_dvmd_tls.o)
 .debug_aranges
                0x0000000000000020       0x20 /usr/lib/gcc/arm-none-eabi/10.3.1/../../../arm-none-eabi/lib/thumb/v6-m/nofp/libc.a(lib_a-strlen-stub.o)

.debug_str      0x0000000000000000      0x232