Archive member included to satisfy reference by file (symbol)

libpicowi.a(picowi_pico.c.obj)
                              CMakeFiles/web_cam.dir/web_cam.c.obj (io_init)
libpicowi.a(picowi_init.c.obj)
                              CMakeFiles/web_cam.dir/web_cam.c.obj (wifi_set_led)
libpicowi.a(picowi_wifi.c.obj)
                              libpicowi.a(picowi_init.c.obj) (wifi_reg_read)
libpicowi.a(picowi_ioctl.c.obj)
                              libpicowi.a(picowi_init.c.obj) (ioctl_set_uint32)
libpicowi.a(picowi_event.c.obj)
                              libpicowi.a(picowi_ioctl.c.obj) (event_read)
libpicowi.a(picowi_join.c.obj)
                              CMakeFiles/web_cam.dir/web_cam.c.obj (link_check)
libpicowi.a(picowi_ip.c.obj)  CMakeFiles/web_cam.dir/web_cam.c.obj (htons)
libpicowi.a(picowi_net.c.obj)
                              CMakeFiles/web_cam.dir/web_cam.c.obj (net_init)
libpicowi.a(picowi_tcp.c.obj)
                              libpicowi.a(picowi_net.c.obj) (tcp_sock_unused)
libpicowi.a(picowi_web.c.obj)
                              CMakeFiles/web_cam.dir/web_cam.c.obj (web_page_handler)
libpicowi.a(fw_43439.c.obj)   libpicowi.a(picowi_init.c.obj) (fw_clm_len)
libpicowi.a(picowi_udp.c.obj)
                              libpicowi.a(picowi_net.c.obj) (udp_event_handler)
libpicowi.a(picowi_dhcp.c.obj)
                              libpicowi.a(picowi_net.c.obj) (dhcp_poll)
/usr/lib/gcc/arm-none-eabi/10.3.1/thumb/v6-m/nofp/libgcc.a(_dvmd_tls.o)
                              CMakeFiles/web_cam.dir/mnt/c/Users/siddk/Downloads/PicoPiFi/pico-sdk/src/rp2_common/pico_divider/divider.S.obj (__aeabi_idiv0)
/usr/lib/gcc/arm-none-eabi/10.3.1/../../../arm-none-eabi/lib/thumb/v6-m/nofp/libc.a(lib_a-atexit.o)
                              /usr/lib/gcc/arm-none-eabi/10.3.1/../../../arm-none-eabi/lib/thumb/v6-m/nofp/crt0.o (atexit)
/usr/lib/gcc/arm-none-eabi/10.3.1/../../../arm-none-eabi/lib/thumb/v6-m/nofp/libc.a(lib_a-calloc.o)
                              CMakeFiles/web_cam.dir/mnt/c/Users/siddk/Downloads/PicoPiFi/pico-sdk/src/rp2_common/pico_malloc/pico_malloc.c.obj (calloc)
/usr/lib/gcc/arm-none-eabi/10.3.1/../../../arm-none-eabi/lib/thumb/v6-m/nofp/libc.a(lib_a-callocr.o)
                              /usr/lib/gcc/arm-none-eabi/10.3.1/../../../arm-none-eabi/lib/thumb/v6-m/nofp/libc.a(lib_a-calloc.o) (_calloc_r)
/usr/lib/gcc/arm-none-eabi/10.3.1/../../../arm-none-eabi/lib/thumb/v6-m/nofp/libc.a(lib_a-fini.o)
                              /usr/lib/gcc/arm-none-eabi/10.3.1/../../../arm-none-eabi/lib/thumb/v6-m/nofp/crt0.o (__libc_fini_array)
/usr/lib/gcc/arm-none-eabi/10.3.1/../../../arm-none-eabi/lib/thumb/v6-m/nofp/libc.a(lib_a-impure.o)
                              /usr/lib/gcc/arm-none-eabi/10.3.1/../../../arm-none-eabi/lib/thumb/v6-m/nofp/libc.a(lib_a-calloc.o) (_impure_ptr)
/usr/lib/gcc/arm-none-eabi/10.3.1/../../../arm-none-eabi/lib/thumb/v6-m/nofp/libc.a(lib_a-init.o)
                              /usr/lib/gcc/arm-none-eabi/10.3.1/../../../arm-none-eabi/lib/thumb/v6-m/nofp/crt0.o (__libc_init_array)
/usr/lib/gcc/arm-none-eabi/10.3.1/../../../arm-none-eabi/lib/thumb/v6-m/nofp/libc.a(lib_a-malloc.o)
                              CMakeFiles/web_cam.dir/mnt/c/Users/siddk/Downloads/PicoPiFi/pico-sdk/src/rp2_common/pico_malloc/pico_malloc.c.obj (malloc)
/usr/lib/gcc/arm-none-eabi/10.3.1/../../../arm-none-eabi/lib/thumb/v6-m/nofp/libc.a(lib_a-mallocr.o)
                              /usr/lib/gcc/arm-none-eabi/10.3.1/../../../arm-none-eabi/lib/thumb/v6-m/nofp/libc.a(lib_a-callocr.o) (_malloc_r)
/usr/lib/gcc/arm-none-eabi/10.3.1/../../../arm-none-eabi/lib/thumb/v6-m/nofp/libc.a(lib_a-memcmp.o)
                              libpicowi.a(picowi_web.c.obj) (memcmp)
/usr/lib/gcc/arm-none-eabi/10.3.1/../../../arm-none-eabi/lib/thumb/v6-m/nofp/libc.a(lib_a-mlock.o)
                              /usr/lib/gcc/arm-none-eabi/10.3.1/../../../arm-none-eabi/lib/thumb/v6-m/nofp/libc.a(lib_a-mallocr.o) (__malloc_lock)
/usr/lib/gcc/arm-none-eabi/10.3.1/../../../arm-none-eabi/lib/thumb/v6-m/nofp/libc.a(lib_a-perror.o)
                              CMakeFiles/web_cam.dir/web_cam.c.obj (perror)
/usr/lib/gcc/arm-none-eabi/10.3.1/../../../arm-none-eabi/lib/thumb/v6-m/nofp/libc.a(lib_a-realloc.o)
                              CMakeFiles/web_cam.dir/mnt/c/Users/siddk/Downloads/PicoPiFi/pico-sdk/src/rp2_common/pico_malloc/pico_malloc.c.obj (realloc)
/usr/lib/gcc/arm-none-eabi/10.3.1/../../../arm-none-eabi/lib/thumb/v6-m/nofp/libc.a(lib_a-reallocr.o)
                              /usr/lib/gcc/arm-none-eabi/10.3.1/../../../arm-none-eabi/lib/thumb/v6-m/nofp/libc.a(lib_a-realloc.o) (_realloc_r)
/usr/lib/gcc/arm-none-eabi/10.3.1/../../../arm-none-eabi/lib/thumb/v6-m/nofp/libc.a(lib_a-sbrkr.o)
                              /usr/lib/gcc/arm-none-eabi/10.3.1/../../../arm-none-eabi/lib/thumb/v6-m/nofp/libc.a(lib_a-mallocr.o) (_sbrk_r)
[...]
Memory Configuration

Name             Origin             Length             Attributes
FLASH            0x0000000010000000 0x0000000000200000 xr
RAM              0x0000000020000000 0x0000000000040000 xrw
SCRATCH_X        0x0000000020040000 0x0000000000001000 xrw
SCRATCH_Y        0x0000000020041000 0x0000000000001000 xrw
*default*        0x0000000000000000 0xffffffffffffffff

Linker script and memory map

LOAD /usr/lib/gcc/arm-none-eabi/10.3.1/thumb/v6-m/nofp/crti.o
LOAD /usr/lib/gcc/arm-none-eabi/10.3.1/thumb/v6-m/nofp/crtbegin.o
LOAD /usr/lib/gcc/arm-none-eabi/10.3.1/../../../arm-none-eabi/lib/thumb/v6-m/nofp/crt0.o

.flash_begin    0x0000000010000000        0x0
                0x0000000010000000                __flash_binary_start = .

.boot2          0x0000000010000000      0x100
                0x0000000010000000                __boot2_start__ = .
 *(.boot2)
 .boot2         0x0000000010000000      0x100 /tmp/ccN0p9CT.o
                0x0000000010000100                __boot2_end__ = .
                0x0000000000000001                ASSERT (((__boot2_end__ - __boot2_start__) == 0x100), ERROR: Pico second stage bootloader must be 256 bytes in size)

.text           0x0000000010000100     0xbb70
                0x0000000010000100                __logical_binary_start = .
 *(.vectors)
 .vectors       0x0000000010000100       0xd4 CMakeFiles/web_cam.dir/mnt/c/Users/siddk/Downloads/PicoPiFi/pico-sdk/src/rp2_common/pico_standard_link/crt0.S.obj
                0x0000000010000100                __vectors
                0x0000000010000100                __VECTOR_TABLE
                0x00000000100001c0                isr_invalid
                0x00000000100001c0                __default_isrs_start
                0x00000000100001c2                isr_nmi
                0x00000000100001c4                isr_hardfault
                0x00000000100001c6                isr_svcall
                0x00000000100001c8                isr_pendsv
                0x00000000100001ca                isr_systick
                0x00000000100001cc                isr_irq30
                0x00000000100001cc                __unhandled_user_irq
                0x00000000100001cc                isr_irq13
                0x00000000100001cc                isr_irq27
                0x00000000100001cc                isr_irq31
                0x00000000100001cc                isr_irq5
                0x00000000100001cc                isr_irq11
                0x00000000100001cc                isr_irq23
                0x00000000100001cc                isr_irq18
                0x00000000100001cc                isr_irq28
                0x00000000100001cc                isr_irq19
                0x00000000100001cc                isr_irq0
                0x00000000100001cc                isr_irq6
                0x00000000100001cc                isr_irq22
                0x00000000100001cc                isr_irq17
                0x00000000100001cc                isr_irq14
                0x00000000100001cc                isr_irq2
                0x00000000100001cc                isr_irq10
                0x00000000100001cc                isr_irq8
                0x00000000100001cc                isr_irq24
                0x00000000100001cc                isr_irq1
                0x00000000100001cc                isr_irq7
                0x00000000100001cc                isr_irq21
                0x00000000100001cc                isr_irq20
                0x00000000100001cc                isr_irq15
                0x00000000100001cc                isr_irq25
                0x00000000100001cc                isr_irq4
                0x00000000100001cc                isr_irq16
                0x00000000100001cc                isr_irq29
                0x00000000100001cc                isr_irq26
                0x00000000100001cc                __default_isrs_end
                0x00000000100001cc                isr_irq3
                0x00000000100001cc                isr_irq12
                0x00000000100001cc                isr_irq9
                0x00000000100001d2                unhandled_user_irq_num_in_r0
 *(.binary_info_header)
 .binary_info_header
                0x00000000100001d4       0x14 CMakeFiles/web_cam.dir/mnt/c/Users/siddk/Downloads/PicoPiFi/pico-sdk/src/rp2_common/pico_standard_link/crt0.S.obj
                0x00000000100001e8                __binary_info_header_end = .
 *(.reset)
 .reset         0x00000000100001e8       0xa0 CMakeFiles/web_cam.dir/mnt/c/Users/siddk/Downloads/PicoPiFi/pico-sdk/src/rp2_common/pico_standard_link/crt0.S.obj
                0x00000000100001e8                _entry_point
 .reset         0x0000000010000288       0x30 CMakeFiles/web_cam.dir/mnt/c/Users/siddk/Downloads/PicoPiFi/pico-sdk/src/rp2_common/pico_standard_link/binary_info.c.obj
 *(.init)
 .init          0x00000000100002b8        0x4 /usr/lib/gcc/arm-none-eabi/10.3.1/thumb/v6-m/nofp/crti.o
                0x00000000100002b8                _init
 *(EXCLUDE_FILE(*libm.a: *libc.a:*lib_a-mem*.o *libgcc.a:) .text*)
 .text          0x00000000100002bc       0x98 /usr/lib/gcc/arm-none-eabi/10.3.1/thumb/v6-m/nofp/crtbegin.o
 .text.web_root_handler
                0x0000000010000354       0x58 CMakeFiles/web_cam.dir/web_cam.c.obj
                0x0000000010000354                web_root_handler
 .text.web_favicon_handler
                0x00000000100003ac       0x3c CMakeFiles/web_cam.dir/web_cam.c.obj
                0x00000000100003ac                web_favicon_handler
 .text.web_cam_handler
                0x00000000100003e8      0x110 CMakeFiles/web_cam.dir/web_cam.c.obj
                0x00000000100003e8                web_cam_handler
 .text.web_video_handler
                0x00000000100004f8       0xcc CMakeFiles/web_cam.dir/web_cam.c.obj
                0x00000000100004f8                web_video_handler
 .text.startup.main
                0x00000000100005c4      0x138 CMakeFiles/web_cam.dir/web_cam.c.obj
                0x00000000100005c4                main
 .text.cam_sensor_init
                0x00000000100006fc      0x148 CMakeFiles/web_cam.dir/camera/cam_2640.c.obj
                0x00000000100006fc                cam_sensor_init
 .text.cam_init
                0x0000000010000844      0x234 CMakeFiles/web_cam.dir/camera/cam_2640.c.obj
                0x0000000010000844                cam_init
 .text.cam_capture_single
                0x0000000010000a78      0x268 CMakeFiles/web_cam.dir/camera/cam_2640.c.obj
                0x0000000010000a78                cam_capture_single
 .text.gpio_set_function
                0x0000000010000ce0       0x30 CMakeFiles/web_cam.dir/mnt/c/Users/siddk/Downloads/PicoPiFi/pico-sdk/src/rp2_common/hardware_gpio/gpio.c.obj
                0x0000000010000ce0                gpio_set_function
 .text.gpio_set_pulls
                0x0000000010000d10       0x30 CMakeFiles/web_cam.dir/mnt/c/Users/siddk/Downloads/PicoPiFi/pico-sdk/src/rp2_common/hardware_gpio/gpio.c.obj
                0x0000000010000d10                gpio_set_pulls
 .text.gpio_set_input_hysteresis_enabled
                0x0000000010000d40       0x28 CMakeFiles/web_cam.dir/mnt/c/Users/siddk/Downloads/PicoPiFi/pico-sdk/src/rp2_common/hardware_gpio/gpio.c.obj
                0x0000000010000d40                gpio_set_input_hysteresis_enabled
 .text.gpio_init
                0x0000000010000d68       0x3c CMakeFiles/web_cam.dir/mnt/c/Users/siddk/Downloads/PicoPiFi/pico-sdk/src/rp2_common/hardware_gpio/gpio.c.obj
                0x0000000010000d68                gpio_init
 .text.running_on_fpga
                0x0000000010000da4       0x10 CMakeFiles/web_cam.dir/mnt/c/Users/siddk/Downloads/PicoPiFi/pico-sdk/src/rp2_common/pico_platform/platform.c.obj
                0x0000000010000da4                running_on_fpga
 .text.hw_claim_lock
                0x0000000010000db4       0x18 CMakeFiles/web_cam.dir/mnt/c/Users/siddk/Downloads/PicoPiFi/pico-sdk/src/rp2_common/hardware_claim/claim.c.obj
                0x0000000010000db4                hw_claim_lock
 .text.hw_claim_unlock
                0x0000000010000dcc       0x14 CMakeFiles/web_cam.dir/mnt/c/Users/siddk/Downloads/PicoPiFi/pico-sdk/src/rp2_common/hardware_claim/claim.c.obj
                0x0000000010000dcc                hw_claim_unlock
 .text.hw_claim_or_assert
                0x0000000010000de0       0x44 CMakeFiles/web_cam.dir/mnt/c/Users/siddk/Downloads/PicoPiFi/pico-sdk/src/rp2_common/hardware_claim/claim.c.obj
                0x0000000010000de0                hw_claim_or_assert
 .text.hw_claim_unused_from_range
                0x0000000010000e24       0x9c CMakeFiles/web_cam.dir/mnt/c/Users/siddk/Downloads/PicoPiFi/pico-sdk/src/rp2_common/hardware_claim/claim.c.obj
                0x0000000010000e24                hw_claim_unused_from_range
 .text.spin_locks_reset
                0x0000000010000ec0       0x1c CMakeFiles/web_cam.dir/mnt/c/Users/siddk/Downloads/PicoPiFi/pico-sdk/src/rp2_common/hardware_sync/sync.c.obj
                0x0000000010000ec0                spin_locks_reset
 .text.next_striped_spin_lock_num
                0x0000000010000edc       0x18 CMakeFiles/web_cam.dir/mnt/c/Users/siddk/Downloads/PicoPiFi/pico-sdk/src/rp2_common/hardware_sync/sync.c.obj
                0x0000000010000edc                next_striped_spin_lock_num
 .text.irq_set_enabled
                0x0000000010000ef4       0x24 CMakeFiles/web_cam.dir/mnt/c/Users/siddk/Downloads/PicoPiFi/pico-sdk/src/rp2_common/hardware_irq/irq.c.obj
                0x0000000010000ef4                irq_set_enabled
 .text.irq_get_vtable_handler
                0x0000000010000f18       0x10 CMakeFiles/web_cam.dir/mnt/c/Users/siddk/Downloads/PicoPiFi/pico-sdk/src/rp2_common/hardware_irq/irq.c.obj
                0x0000000010000f18                irq_get_vtable_handler
 .text.irq_set_exclusive_handler
                0x0000000010000f28       0x54 CMakeFiles/web_cam.dir/mnt/c/Users/siddk/Downloads/PicoPiFi/pico-sdk/src/rp2_common/hardware_irq/irq.c.obj
                0x0000000010000f28                irq_set_exclusive_handler
 .text.irq_remove_handler
                0x0000000010000f7c      0x1b0 CMakeFiles/web_cam.dir/mnt/c/Users/siddk/Downloads/PicoPiFi/pico-sdk/src/rp2_common/hardware_irq/irq.c.obj
                0x0000000010000f7c                irq_remove_handler
 .text.irq_add_tail_to_free_list
                0x000000001000112c       0xb4 CMakeFiles/web_cam.dir/mnt/c/Users/siddk/Downloads/PicoPiFi/pico-sdk/src/rp2_common/hardware_irq/irq.c.obj
                0x000000001000112c                irq_add_tail_to_free_list
 .text.irq_init_priorities
                0x00000000100011e0       0x24 CMakeFiles/web_cam.dir/mnt/c/Users/siddk/Downloads/PicoPiFi/pico-sdk/src/rp2_common/hardware_irq/irq.c.obj
                0x00000000100011e0                irq_init_priorities
 .text.lock_init
                0x0000000010001204       0x10 CMakeFiles/web_cam.dir/mnt/c/Users/siddk/Downloads/PicoPiFi/pico-sdk/src/common/pico_sync/lock_core.c.obj
                0x0000000010001204                lock_init
 .text.mutex_init
                0x0000000010001214       0x1c CMakeFiles/web_cam.dir/mnt/c/Users/siddk/Downloads/PicoPiFi/pico-sdk/src/common/pico_sync/mutex.c.obj
                0x0000000010001214                mutex_init
 .text.recursive_mutex_init
                0x0000000010001230       0x1c CMakeFiles/web_cam.dir/mnt/c/Users/siddk/Downloads/PicoPiFi/pico-sdk/src/common/pico_sync/mutex.c.obj
                0x0000000010001230                recursive_mutex_init
 .text.timer_pool_entry_comparator
                0x000000001000124c       0x34 CMakeFiles/web_cam.dir/mnt/c/Users/siddk/Downloads/PicoPiFi/pico-sdk/src/common/pico_time/time.c.obj
                0x000000001000124c                timer_pool_entry_comparator
 .text.sleep_until_callback
                0x0000000010001280       0x30 CMakeFiles/web_cam.dir/mnt/c/Users/siddk/Downloads/PicoPiFi/pico-sdk/src/common/pico_time/time.c.obj
 .text.add_alarm_under_lock.isra.0
                0x00000000100012b0      0x100 CMakeFiles/web_cam.dir/mnt/c/Users/siddk/Downloads/PicoPiFi/pico-sdk/src/common/pico_time/time.c.obj
 .text.alarm_pool_alarm_callback
                0x00000000100013b0      0x1bc CMakeFiles/web_cam.dir/mnt/c/Users/siddk/Downloads/PicoPiFi/pico-sdk/src/common/pico_time/time.c.obj
 .text.alarm_pool_init_default
                0x000000001000156c       0x6c CMakeFiles/web_cam.dir/mnt/c/Users/siddk/Downloads/PicoPiFi/pico-sdk/src/common/pico_time/time.c.obj
                0x000000001000156c                alarm_pool_init_default
 .text.alarm_pool_add_alarm_at
                0x00000000100015d8      0x178 CMakeFiles/web_cam.dir/mnt/c/Users/siddk/Downloads/PicoPiFi/pico-sdk/src/common/pico_time/time.c.obj
                0x00000000100015d8                alarm_pool_add_alarm_at
 .text.sleep_until
                0x0000000010001750       0xc4 CMakeFiles/web_cam.dir/mnt/c/Users/siddk/Downloads/PicoPiFi/pico-sdk/src/common/pico_time/time.c.obj
                0x0000000010001750                sleep_until
 .text.sleep_us
                0x0000000010001814       0x24 CMakeFiles/web_cam.dir/mnt/c/Users/siddk/Downloads/PicoPiFi/pico-sdk/src/common/pico_time/time.c.obj
                0x0000000010001814                sleep_us
 .text.sleep_ms
                0x0000000010001838       0x34 CMakeFiles/web_cam.dir/mnt/c/Users/siddk/Downloads/PicoPiFi/pico-sdk/src/common/pico_time/time.c.obj
                0x0000000010001838                sleep_ms
 .text.best_effort_wfe_or_timeout
                0x000000001000186c       0xd4 CMakeFiles/web_cam.dir/mnt/c/Users/siddk/Downloads/PicoPiFi/pico-sdk/src/common/pico_time/time.c.obj
                0x000000001000186c                best_effort_wfe_or_timeout
 .text.hardware_alarm_irq_handler
                0x0000000010001940       0xbc CMakeFiles/web_cam.dir/mnt/c/Users/siddk/Downloads/PicoPiFi/pico-sdk/src/rp2_common/hardware_timer/timer.c.obj
 .text.hardware_alarm_claim
                0x00000000100019fc       0x18 CMakeFiles/web_cam.dir/mnt/c/Users/siddk/Downloads/PicoPiFi/pico-sdk/src/rp2_common/hardware_timer/timer.c.obj
                0x00000000100019fc                hardware_alarm_claim
 .text.time_us_64
                0x0000000010001a14       0x14 CMakeFiles/web_cam.dir/mnt/c/Users/siddk/Downloads/PicoPiFi/pico-sdk/src/rp2_common/hardware_timer/timer.c.obj
                0x0000000010001a14                time_us_64
 .text.busy_wait_us
                0x0000000010001a28       0x54 CMakeFiles/web_cam.dir/mnt/c/Users/siddk/Downloads/PicoPiFi/pico-sdk/src/rp2_common/hardware_timer/timer.c.obj
                0x0000000010001a28                busy_wait_us
 .text.busy_wait_until
                0x0000000010001a7c       0x20 CMakeFiles/web_cam.dir/mnt/c/Users/siddk/Downloads/PicoPiFi/pico-sdk/src/rp2_common/hardware_timer/timer.c.obj
                0x0000000010001a7c                busy_wait_until
 .text.hardware_alarm_set_callback
                0x0000000010001a9c       0x8c CMakeFiles/web_cam.dir/mnt/c/Users/siddk/Downloads/PicoPiFi/pico-sdk/src/rp2_common/hardware_timer/timer.c.obj
                0x0000000010001a9c                hardware_alarm_set_callback
 .text.hardware_alarm_set_target
                0x0000000010001b28       0xd4 CMakeFiles/web_cam.dir/mnt/c/Users/siddk/Downloads/PicoPiFi/pico-sdk/src/rp2_common/hardware_timer/timer.c.obj
                0x0000000010001b28                hardware_alarm_set_target
 .text.hardware_alarm_cancel
                0x0000000010001bfc       0x3c CMakeFiles/web_cam.dir/mnt/c/Users/siddk/Downloads/PicoPiFi/pico-sdk/src/rp2_common/hardware_timer/timer.c.obj
                0x0000000010001bfc                hardware_alarm_cancel
 .text.ph_merge_nodes
                0x0000000010001c38       0x68 CMakeFiles/web_cam.dir/mnt/c/Users/siddk/Downloads/PicoPiFi/pico-sdk/src/common/pico_util/pheap.c.obj
 .text.ph_post_alloc_init
                0x0000000010001ca0       0x3c CMakeFiles/web_cam.dir/mnt/c/Users/siddk/Downloads/PicoPiFi/pico-sdk/src/common/pico_util/pheap.c.obj
                0x0000000010001ca0                ph_post_alloc_init
 .text.ph_merge_two_pass
                0x0000000010001cdc       0x90 CMakeFiles/web_cam.dir/mnt/c/Users/siddk/Downloads/PicoPiFi/pico-sdk/src/common/pico_util/pheap.c.obj
                0x0000000010001cdc                ph_merge_two_pass
 .text.ph_remove_any_head
                0x0000000010001d6c      0x100 CMakeFiles/web_cam.dir/mnt/c/Users/siddk/Downloads/PicoPiFi/pico-sdk/src/common/pico_util/pheap.c.obj
 .text.ph_remove_head
                0x0000000010001e6c      0x104 CMakeFiles/web_cam.dir/mnt/c/Users/siddk/Downloads/PicoPiFi/pico-sdk/src/common/pico_util/pheap.c.obj
                0x0000000010001e6c                ph_remove_head
 .text.ph_remove_and_free_node
                0x0000000010001f70       0x7c CMakeFiles/web_cam.dir/mnt/c/Users/siddk/Downloads/PicoPiFi/pico-sdk/src/common/pico_util/pheap.c.obj
                0x0000000010001f70                ph_remove_and_free_node
 .text.uart_init
                0x0000000010001fec      0x188 CMakeFiles/web_cam.dir/mnt/c/Users/siddk/Downloads/PicoPiFi/pico-sdk/src/rp2_common/hardware_uart/uart.c.obj
                0x0000000010001fec                uart_init
 .text.clocks_init
                0x0000000010002174      0x2d0 CMakeFiles/web_cam.dir/mnt/c/Users/siddk/Downloads/PicoPiFi/pico-sdk/src/rp2_common/hardware_clocks/clocks.c.obj
                0x0000000010002174                clocks_init
 .text.clock_get_hz
                0x0000000010002444        0xc CMakeFiles/web_cam.dir/mnt/c/Users/siddk/Downloads/PicoPiFi/pico-sdk/src/rp2_common/hardware_clocks/clocks.c.obj
                0x0000000010002444                clock_get_hz
 .text.pll_init
                0x0000000010002450       0xa0 CMakeFiles/web_cam.dir/mnt/c/Users/siddk/Downloads/PicoPiFi/pico-sdk/src/rp2_common/hardware_pll/pll.c.obj
                0x0000000010002450                pll_init
 .text.watchdog_start_tick
                0x00000000100024f0       0x10 CMakeFiles/web_cam.dir/mnt/c/Users/siddk/Downloads/PicoPiFi/pico-sdk/src/rp2_common/hardware_watchdog/watchdog.c.obj
                0x00000000100024f0                watchdog_start_tick
 .text.xosc_init
                0x0000000010002500       0x28 CMakeFiles/web_cam.dir/mnt/c/Users/siddk/Downloads/PicoPiFi/pico-sdk/src/rp2_common/hardware_xosc/xosc.c.obj
                0x0000000010002500                xosc_init
 .text.runtime_init
                0x0000000010002528       0xf0 CMakeFiles/web_cam.dir/mnt/c/Users/siddk/Downloads/PicoPiFi/pico-sdk/src/rp2_common/pico_runtime/runtime.c.obj
                0x0000000010002528                runtime_init
 .text._exit    0x0000000010002618        0x4 CMakeFiles/web_cam.dir/mnt/c/Users/siddk/Downloads/PicoPiFi/pico-sdk/src/rp2_common/pico_runtime/runtime.c.obj
                0x0000000010002618                _exit
 .text._sbrk    0x000000001000261c       0x34 CMakeFiles/web_cam.dir/mnt/c/Users/siddk/Downloads/PicoPiFi/pico-sdk/src/rp2_common/pico_runtime/runtime.c.obj
                0x000000001000261c                _sbrk
 .text.exit     0x0000000010002650        0x8 CMakeFiles/web_cam.dir/mnt/c/Users/siddk/Downloads/PicoPiFi/pico-sdk/src/rp2_common/pico_runtime/runtime.c.obj
                0x0000000010002650                exit
 .text.panic    0x0000000010002658       0x30 CMakeFiles/web_cam.dir/mnt/c/Users/siddk/Downloads/PicoPiFi/pico-sdk/src/rp2_common/pico_runtime/runtime.c.obj
                0x0000000010002658                panic
 .text.hard_assertion_failure
                0x0000000010002688        0xc CMakeFiles/web_cam.dir/mnt/c/Users/siddk/Downloads/PicoPiFi/pico-sdk/src/rp2_common/pico_runtime/runtime.c.obj
                0x0000000010002688                hard_assertion_failure
 .text._out_buffer
                0x0000000010002694        0x8 CMakeFiles/web_cam.dir/mnt/c/Users/siddk/Downloads/PicoPiFi/pico-sdk/src/rp2_common/pico_printf/printf.c.obj
 .text._out_null
                0x000000001000269c        0x4 CMakeFiles/web_cam.dir/mnt/c/Users/siddk/Downloads/PicoPiFi/pico-sdk/src/rp2_common/pico_printf/printf.c.obj
 .text._out_rev
                0x00000000100026a0       0x9c CMakeFiles/web_cam.dir/mnt/c/Users/siddk/Downloads/PicoPiFi/pico-sdk/src/rp2_common/pico_printf/printf.c.obj
 .text._ntoa_format
                0x000000001000273c      0x1cc CMakeFiles/web_cam.dir/mnt/c/Users/siddk/Downloads/PicoPiFi/pico-sdk/src/rp2_common/pico_printf/printf.c.obj
 .text._out_char
                0x0000000010002908       0x10 CMakeFiles/web_cam.dir/mnt/c/Users/siddk/Downloads/PicoPiFi/pico-sdk/src/rp2_common/pico_printf/printf.c.obj
 .text._out_fct
                0x0000000010002918       0x10 CMakeFiles/web_cam.dir/mnt/c/Users/siddk/Downloads/PicoPiFi/pico-sdk/src/rp2_common/pico_printf/printf.c.obj
 .text._etoa    0x0000000010002928      0x44c CMakeFiles/web_cam.dir/mnt/c/Users/siddk/Downloads/PicoPiFi/pico-sdk/src/rp2_common/pico_printf/printf.c.obj
 .text._ftoa    0x0000000010002d74      0x398 CMakeFiles/web_cam.dir/mnt/c/Users/siddk/Downloads/PicoPiFi/pico-sdk/src/rp2_common/pico_printf/printf.c.obj
 .text._vsnprintf
                0x000000001000310c      0xb04 CMakeFiles/web_cam.dir/mnt/c/Users/siddk/Downloads/PicoPiFi/pico-sdk/src/rp2_common/pico_printf/printf.c.obj
 .text.__wrap_sprintf
                0x0000000010003c10       0x28 CMakeFiles/web_cam.dir/mnt/c/Users/siddk/Downloads/PicoPiFi/pico-sdk/src/rp2_common/pico_printf/printf.c.obj
                0x0000000010003c10                __wrap_sprintf
 .text.vfctprintf
                0x0000000010003c38       0x20 CMakeFiles/web_cam.dir/mnt/c/Users/siddk/Downloads/PicoPiFi/pico-sdk/src/rp2_common/pico_printf/printf.c.obj
                0x0000000010003c38                vfctprintf
 .text.weak_raw_vprintf
                0x0000000010003c58       0x30 CMakeFiles/web_cam.dir/mnt/c/Users/siddk/Downloads/PicoPiFi/pico-sdk/src/rp2_common/pico_printf/printf.c.obj
                0x0000000010003c58                weak_raw_vprintf
 .text          0x0000000010003c88       0x10 CMakeFiles/web_cam.dir/mnt/c/Users/siddk/Downloads/PicoPiFi/pico-sdk/src/rp2_common/pico_bit_ops/bit_ops_aeabi.S.obj
 .text.rom_func_lookup
                0x0000000010003c98       0x10 CMakeFiles/web_cam.dir/mnt/c/Users/siddk/Downloads/PicoPiFi/pico-sdk/src/rp2_common/pico_bootrom/bootrom.c.obj
                0x0000000010003c98                rom_func_lookup
 .text.rom_data_lookup
                0x0000000010003ca8       0x10 CMakeFiles/web_cam.dir/mnt/c/Users/siddk/Downloads/PicoPiFi/pico-sdk/src/rp2_common/pico_bootrom/bootrom.c.obj
                0x0000000010003ca8                rom_data_lookup
 .text.rom_funcs_lookup
                0x0000000010003cb8       0x44 CMakeFiles/web_cam.dir/mnt/c/Users/siddk/Downloads/PicoPiFi/pico-sdk/src/rp2_common/pico_bootrom/bootrom.c.obj
                0x0000000010003cb8                rom_funcs_lookup
 .text.__wrap___aeabi_idiv
                0x0000000010003cfc       0x50 CMakeFiles/web_cam.dir/mnt/c/Users/siddk/Downloads/PicoPiFi/pico-sdk/src/rp2_common/pico_divider/divider.S.obj
                0x0000000010003cfc                __wrap___aeabi_idivmod
                0x0000000010003cfc                divmod_s32s32
                0x0000000010003cfc                div_s32s32
                0x0000000010003cfc                __wrap___aeabi_idiv
                0x0000000010003d04                divmod_s32s32_unsafe
                0x0000000010003d30                divmod_s32s32_savestate
 .text.__wrap___aeabi_uidiv
                0x0000000010003d4c       0x4c CMakeFiles/web_cam.dir/mnt/c/Users/siddk/Downloads/PicoPiFi/pico-sdk/src/rp2_common/pico_divider/divider.S.obj
                0x0000000010003d4c                __wrap___aeabi_uidiv
                0x0000000010003d4c                __wrap___aeabi_uidivmod
                0x0000000010003d4c                div_u32u32
                0x0000000010003d4c                divmod_u32u32
                0x0000000010003d54                divmod_u32u32_unsafe
                0x0000000010003d7c                divmod_u32u32_savestate
 .text.__wrap___aeabi_ldiv
                0x0000000010003d98      0x424 CMakeFiles/web_cam.dir/mnt/c/Users/siddk/Downloads/PicoPiFi/pico-sdk/src/rp2_common/pico_divider/divider.S.obj
                0x0000000010003d98                div_s64s64
                0x0000000010003d98                divmod_s64s64
                0x0000000010003d98                __wrap___aeabi_ldivmod
                0x0000000010003dc8                div_u64u64
                0x0000000010003dc8                divmod_u64u64
                0x0000000010003dc8                __wrap___aeabi_uldivmod
                0x0000000010003dd8                divmod_u64u64_savestate
                0x0000000010003df8                divmod_s64s64_unsafe
                0x0000000010003e80                divmod_u64u64_unsafe
 .text.__wrap___aeabi_darithmetic
                0x00000000100041bc       0x80 CMakeFiles/web_cam.dir/mnt/c/Users/siddk/Downloads/PicoPiFi/pico-sdk/src/rp2_common/pico_double/double_aeabi.S.obj
                0x00000000100041bc                __wrap___aeabi_drsub
                0x00000000100041c2                __wrap___aeabi_dsub
                0x00000000100041d4                __wrap___aeabi_dadd
                0x00000000100041e6                __wrap___aeabi_ddiv
                0x0000000010004222                __wrap___aeabi_dmul
 .text.__wrap___aeabi_cdcmple
                0x000000001000423c       0x6c CMakeFiles/web_cam.dir/mnt/c/Users/siddk/Downloads/PicoPiFi/pico-sdk/src/rp2_common/pico_double/double_aeabi.S.obj
                0x000000001000423c                __wrap___aeabi_cdrcmple
                0x000000001000424c                __wrap___aeabi_cdcmple
                0x000000001000424c                __wrap___aeabi_cdcmpeq
 .text.__wrap___aeabi_dcmplt
                0x00000000100042a8        0xc CMakeFiles/web_cam.dir/mnt/c/Users/siddk/Downloads/PicoPiFi/pico-sdk/src/rp2_common/pico_double/double_aeabi.S.obj
                0x00000000100042a8                __wrap___aeabi_dcmplt
 .text.__wrap___aeabi_dcmple
                0x00000000100042b4       0x10 CMakeFiles/web_cam.dir/mnt/c/Users/siddk/Downloads/PicoPiFi/pico-sdk/src/rp2_common/pico_double/double_aeabi.S.obj
                0x00000000100042b4                __wrap___aeabi_dcmple
 .text.__wrap___aeabi_dcmpge
                0x00000000100042c4       0x10 CMakeFiles/web_cam.dir/mnt/c/Users/siddk/Downloads/PicoPiFi/pico-sdk/src/rp2_common/pico_double/double_aeabi.S.obj
                0x00000000100042c4                __wrap___aeabi_dcmpge
 .text.__wrap___aeabi_dcmpgt
                0x00000000100042d4        0xa CMakeFiles/web_cam.dir/mnt/c/Users/siddk/Downloads/PicoPiFi/pico-sdk/src/rp2_common/pico_double/double_aeabi.S.obj
                0x00000000100042d4                __wrap___aeabi_dcmpgt
 .text.__wrap___aeabi_dcmpun
                0x00000000100042de       0x1c CMakeFiles/web_cam.dir/mnt/c/Users/siddk/Downloads/PicoPiFi/pico-sdk/src/rp2_common/pico_double/double_aeabi.S.obj
                0x00000000100042de                __wrap___aeabi_dcmpun
 *fill*         0x00000000100042fa        0x2 
 .text.__wrap___aeabi_i2d
                0x00000000100042fc       0x38 CMakeFiles/web_cam.dir/mnt/c/Users/siddk/Downloads/PicoPiFi/pico-sdk/src/rp2_common/pico_double/double_aeabi.S.obj
                0x00000000100042fc                __wrap___aeabi_ui2d
                0x0000000010004304                __wrap___aeabi_i2d
 .text.__wrap___aeabi_d2iz
                0x0000000010004334       0x48 CMakeFiles/web_cam.dir/mnt/c/Users/siddk/Downloads/PicoPiFi/pico-sdk/src/rp2_common/pico_double/double_aeabi.S.obj
                0x0000000010004334                __wrap___aeabi_d2iz
                0x0000000010004334                double2int_z
 .text.__wrap___aeabi_d2uiz
                0x000000001000437c       0x18 CMakeFiles/web_cam.dir/mnt/c/Users/siddk/Downloads/PicoPiFi/pico-sdk/src/rp2_common/pico_double/double_aeabi.S.obj
                0x000000001000437c                double2uint
                0x000000001000437c                __wrap___aeabi_d2uiz
 .text.__aeabi_double_init
                0x0000000010004394       0x94 CMakeFiles/web_cam.dir/mnt/c/Users/siddk/Downloads/PicoPiFi/pico-sdk/src/rp2_common/pico_double/double_init_rom.c.obj
                0x0000000010004394                __aeabi_double_init
 .text.double_table_shim_on_use_helper
                0x0000000010004428       0x2c CMakeFiles/web_cam.dir/mnt/c/Users/siddk/Downloads/PicoPiFi/pico-sdk/src/rp2_common/pico_double/double_v1_rom_shim.S.obj
                0x0000000010004428                double_table_shim_on_use_helper
 .text.__wrap___aeabi_dsub
                0x0000000010004454       0x10 CMakeFiles/web_cam.dir/mnt/c/Users/siddk/Downloads/PicoPiFi/pico-sdk/src/rp2_common/pico_double/double_v1_rom_shim.S.obj
                0x0000000010004454                drsub_shim
                0x000000001000445a                dsub_shim
 .text.dadd_shim
                0x0000000010004464      0x15c CMakeFiles/web_cam.dir/mnt/c/Users/siddk/Downloads/PicoPiFi/pico-sdk/src/rp2_common/pico_double/double_v1_rom_shim.S.obj
                0x0000000010004464                dadd_shim
 .text.dmul_shim
                0x00000000100045c0      0x15c CMakeFiles/web_cam.dir/mnt/c/Users/siddk/Downloads/PicoPiFi/pico-sdk/src/rp2_common/pico_double/double_v1_rom_shim.S.obj
                0x00000000100045c0                dmul_shim
 .text.ddiv_shim
                0x000000001000471c      0x1b0 CMakeFiles/web_cam.dir/mnt/c/Users/siddk/Downloads/PicoPiFi/pico-sdk/src/rp2_common/pico_double/double_v1_rom_shim.S.obj
                0x000000001000471c                ddiv_shim
 .text.double2uint_shim
                0x00000000100048cc        0xe CMakeFiles/web_cam.dir/mnt/c/Users/siddk/Downloads/PicoPiFi/pico-sdk/src/rp2_common/pico_double/double_v1_rom_shim.S.obj
                0x00000000100048cc                double2uint_shim
                0x00000000100048ce                double2ufix_shim
 *fill*         0x00000000100048da        0x2 
 .text.double2uint64_shim
                0x00000000100048dc       0x70 CMakeFiles/web_cam.dir/mnt/c/Users/siddk/Downloads/PicoPiFi/pico-sdk/src/rp2_common/pico_double/double_v1_rom_shim.S.obj
                0x00000000100048dc                double2uint64_shim
                0x00000000100048de                double2ufix64_shim
                0x00000000100048fe                d2fix_a
 .text.dunpacks
                0x000000001000494c       0x3c CMakeFiles/web_cam.dir/mnt/c/Users/siddk/Downloads/PicoPiFi/pico-sdk/src/rp2_common/pico_double/double_v1_rom_shim.S.obj
                0x000000001000494c                dunpacks
 .text.__aeabi_lmul
                0x0000000010004988       0x32 CMakeFiles/web_cam.dir/mnt/c/Users/siddk/Downloads/PicoPiFi/pico-sdk/src/rp2_common/pico_int64_ops/pico_int64_ops_aeabi.S.obj
                0x0000000010004988                __wrap___aeabi_lmul
 *fill*         0x00000000100049ba        0x2 
 .text.__aeabi_float_init
                0x00000000100049bc       0x64 CMakeFiles/web_cam.dir/mnt/c/Users/siddk/Downloads/PicoPiFi/pico-sdk/src/rp2_common/pico_float/float_init_rom.c.obj
                0x00000000100049bc                __aeabi_float_init
 .text.float_table_shim_on_use_helper
                0x0000000010004a20       0x2c CMakeFiles/web_cam.dir/mnt/c/Users/siddk/Downloads/PicoPiFi/pico-sdk/src/rp2_common/pico_float/float_v1_rom_shim.S.obj
                0x0000000010004a20                float_table_shim_on_use_helper
 .text          0x0000000010004a4c       0x10 CMakeFiles/web_cam.dir/mnt/c/Users/siddk/Downloads/PicoPiFi/pico-sdk/src/rp2_common/pico_mem_ops/mem_ops_aeabi.S.obj
                0x0000000010004a4c                __aeabi_mem_init
 .text.memset   0x0000000010004a5c        0xc CMakeFiles/web_cam.dir/mnt/c/Users/siddk/Downloads/PicoPiFi/pico-sdk/src/rp2_common/pico_mem_ops/mem_ops_aeabi.S.obj
                0x0000000010004a5c                __wrap_memset
 .text.memcpy   0x0000000010004a68        0xc CMakeFiles/web_cam.dir/mnt/c/Users/siddk/Downloads/PicoPiFi/pico-sdk/src/rp2_common/pico_mem_ops/mem_ops_aeabi.S.obj
                0x0000000010004a68                __wrap___aeabi_memcpy
                0x0000000010004a68                __wrap_memcpy
 .text.stdio_out_chars_no_crlf
                0x0000000010004a74       0x10 CMakeFiles/web_cam.dir/mnt/c/Users/siddk/Downloads/PicoPiFi/pico-sdk/src/rp2_common/pico_stdio/stdio.c.obj
 .text.stdio_out_chars_crlf
                0x0000000010004a84       0xb4 CMakeFiles/web_cam.dir/mnt/c/Users/siddk/Downloads/PicoPiFi/pico-sdk/src/rp2_common/pico_stdio/stdio.c.obj
 .text.stdio_buffered_printer
                0x0000000010004b38       0x64 CMakeFiles/web_cam.dir/mnt/c/Users/siddk/Downloads/PicoPiFi/pico-sdk/src/rp2_common/pico_stdio/stdio.c.obj
 .text.stdio_put_string.isra.0
                0x0000000010004b9c       0xfc CMakeFiles/web_cam.dir/mnt/c/Users/siddk/Downloads/PicoPiFi/pico-sdk/src/rp2_common/pico_stdio/stdio.c.obj
 .text.__wrap_putchar
                0x0000000010004c98       0x98 CMakeFiles/web_cam.dir/mnt/c/Users/siddk/Downloads/PicoPiFi/pico-sdk/src/rp2_common/pico_stdio/stdio.c.obj
                0x0000000010004c98                __wrap_putchar
 .text.__wrap_puts
                0x0000000010004d30       0x3c CMakeFiles/web_cam.dir/mnt/c/Users/siddk/Downloads/PicoPiFi/pico-sdk/src/rp2_common/pico_stdio/stdio.c.obj
                0x0000000010004d30                __wrap_puts
 .text._read    0x0000000010004d6c       0x94 CMakeFiles/web_cam.dir/mnt/c/Users/siddk/Downloads/PicoPiFi/pico-sdk/src/rp2_common/pico_stdio/stdio.c.obj
                0x0000000010004d6c                _read
 .text._write   0x0000000010004e00       0xac CMakeFiles/web_cam.dir/mnt/c/Users/siddk/Downloads/PicoPiFi/pico-sdk/src/rp2_common/pico_stdio/stdio.c.obj
                0x0000000010004e00                _write
 .text._close   0x0000000010004eac        0x8 CMakeFiles/web_cam.dir/mnt/c/Users/siddk/Downloads/PicoPiFi/pico-sdk/src/rp2_common/pico_stdio/stdio.c.obj
                0x0000000010004eac                _close
 .text._lseek   0x0000000010004eb4        0x8 CMakeFiles/web_cam.dir/mnt/c/Users/siddk/Downloads/PicoPiFi/pico-sdk/src/rp2_common/pico_stdio/stdio.c.obj
                0x0000000010004eb4                _lseek
 .text.stdio_set_driver_enabled
                0x0000000010004ebc       0x30 CMakeFiles/web_cam.dir/mnt/c/Users/siddk/Downloads/PicoPiFi/pico-sdk/src/rp2_common/pico_stdio/stdio.c.obj
                0x0000000010004ebc                stdio_set_driver_enabled
 .text.__wrap_vprintf
                0x0000000010004eec       0xd8 CMakeFiles/web_cam.dir/mnt/c/Users/siddk/Downloads/PicoPiFi/pico-sdk/src/rp2_common/pico_stdio/stdio.c.obj
                0x0000000010004eec                __wrap_vprintf
 .text.__wrap_printf
                0x0000000010004fc4       0x18 CMakeFiles/web_cam.dir/mnt/c/Users/siddk/Downloads/PicoPiFi/pico-sdk/src/rp2_common/pico_stdio/stdio.c.obj
                0x0000000010004fc4                __wrap_printf
 .text.stdio_init_all
                0x0000000010004fdc        0xc CMakeFiles/web_cam.dir/mnt/c/Users/siddk/Downloads/PicoPiFi/pico-sdk/src/rp2_common/pico_stdio/stdio.c.obj
                0x0000000010004fdc                stdio_init_all
 .text.stdio_uart_out_chars
                0x0000000010004fe8       0x4c CMakeFiles/web_cam.dir/mnt/c/Users/siddk/Downloads/PicoPiFi/pico-sdk/src/rp2_common/pico_stdio_uart/stdio_uart.c.obj
 .text.stdio_uart_in_chars
                0x0000000010005034       0x84 CMakeFiles/web_cam.dir/mnt/c/Users/siddk/Downloads/PicoPiFi/pico-sdk/src/rp2_common/pico_stdio_uart/stdio_uart.c.obj
                0x0000000010005034                stdio_uart_in_chars
 .text.on_uart_rx
                0x00000000100050b8       0x28 CMakeFiles/web_cam.dir/mnt/c/Users/siddk/Downloads/PicoPiFi/pico-sdk/src/rp2_common/pico_stdio_uart/stdio_uart.c.obj
 .text.stdio_uart_set_chars_available_callback
                0x00000000100050e0       0x8c CMakeFiles/web_cam.dir/mnt/c/Users/siddk/Downloads/PicoPiFi/pico-sdk/src/rp2_common/pico_stdio_uart/stdio_uart.c.obj
 .text.stdio_uart_init
                0x000000001000516c       0x48 CMakeFiles/web_cam.dir/mnt/c/Users/siddk/Downloads/PicoPiFi/pico-sdk/src/rp2_common/pico_stdio_uart/stdio_uart.c.obj
                0x000000001000516c                stdio_uart_init
 .text.pio_claim_unused_sm
                0x00000000100051b4       0x3c CMakeFiles/web_cam.dir/mnt/c/Users/siddk/Downloads/PicoPiFi/pico-sdk/src/rp2_common/hardware_pio/pio.c.obj
                0x00000000100051b4                pio_claim_unused_sm
 .text.pio_add_program
                0x00000000100051f0       0xc8 CMakeFiles/web_cam.dir/mnt/c/Users/siddk/Downloads/PicoPiFi/pico-sdk/src/rp2_common/hardware_pio/pio.c.obj
                0x00000000100051f0                pio_add_program
 .text.pio_sm_set_consecutive_pindirs
                0x00000000100052b8       0xb0 CMakeFiles/web_cam.dir/mnt/c/Users/siddk/Downloads/PicoPiFi/pico-sdk/src/rp2_common/hardware_pio/pio.c.obj
                0x00000000100052b8                pio_sm_set_consecutive_pindirs
 .text.pio_sm_init
                0x0000000010005368       0x8c CMakeFiles/web_cam.dir/mnt/c/Users/siddk/Downloads/PicoPiFi/pico-sdk/src/rp2_common/hardware_pio/pio.c.obj
                0x0000000010005368                pio_sm_init
 .text.dma_claim_unused_channel
                0x00000000100053f4       0x20 CMakeFiles/web_cam.dir/mnt/c/Users/siddk/Downloads/PicoPiFi/pico-sdk/src/rp2_common/hardware_dma/dma.c.obj
                0x00000000100053f4                dma_claim_unused_channel
 .text.i2c_set_baudrate
                0x0000000010005414       0xc4 CMakeFiles/web_cam.dir/mnt/c/Users/siddk/Downloads/PicoPiFi/pico-sdk/src/rp2_common/hardware_i2c/i2c.c.obj
                0x0000000010005414                i2c_set_baudrate
 .text.i2c_init
                0x00000000100054d8       0x54 CMakeFiles/web_cam.dir/mnt/c/Users/siddk/Downloads/PicoPiFi/pico-sdk/src/rp2_common/hardware_i2c/i2c.c.obj
                0x00000000100054d8                i2c_init
 .text.i2c_write_blocking
                0x000000001000552c       0xd0 CMakeFiles/web_cam.dir/mnt/c/Users/siddk/Downloads/PicoPiFi/pico-sdk/src/rp2_common/hardware_i2c/i2c.c.obj
                0x000000001000552c                i2c_write_blocking
 .text.i2c_read_blocking
                0x00000000100055fc       0xac CMakeFiles/web_cam.dir/mnt/c/Users/siddk/Downloads/PicoPiFi/pico-sdk/src/rp2_common/hardware_i2c/i2c.c.obj
                0x00000000100055fc                i2c_read_blocking
 .text.spi_init
                0x00000000100056a8      0x138 CMakeFiles/web_cam.dir/mnt/c/Users/siddk/Downloads/PicoPiFi/pico-sdk/src/rp2_common/hardware_spi/spi.c.obj
                0x00000000100056a8                spi_init
 .text.io_init  0x00000000100057e0       0x10 libpicowi.a(picowi_pico.c.obj)
                0x00000000100057e0                io_init
 .text.io_set   0x00000000100057f0       0x4c libpicowi.a(picowi_pico.c.obj)
                0x00000000100057f0                io_set
 .text.io_out   0x000000001000583c       0x14 libpicowi.a(picowi_pico.c.obj)
                0x000000001000583c                io_out
 .text.io_in    0x0000000010005850       0x10 libpicowi.a(picowi_pico.c.obj)
                0x0000000010005850                io_in
 .text.ustime   0x0000000010005860        0xc libpicowi.a(picowi_pico.c.obj)
                0x0000000010005860                ustime
 .text.usdelay  0x000000001000586c       0x18 libpicowi.a(picowi_pico.c.obj)
                0x000000001000586c                usdelay
 .text.ustimeout
                0x0000000010005884       0x24 libpicowi.a(picowi_pico.c.obj)
                0x0000000010005884                ustimeout
 .text.wifi_core_reset
                0x00000000100058a8      0x110 libpicowi.a(picowi_init.c.obj)
                0x00000000100058a8                wifi_core_reset
 .text.wifi_data_load
                0x00000000100059b8       0xac libpicowi.a(picowi_init.c.obj)
                0x00000000100059b8                wifi_data_load
 .text.wifi_reg_val_wait
                0x0000000010005a64       0x48 libpicowi.a(picowi_init.c.obj)
                0x0000000010005a64                wifi_reg_val_wait
 .text.wifi_set_led
                0x0000000010005aac       0x80 libpicowi.a(picowi_init.c.obj)
                0x0000000010005aac                wifi_set_led
 .text.disp_bytes
                0x0000000010005b2c       0x30 libpicowi.a(picowi_init.c.obj)
                0x0000000010005b2c                disp_bytes
 .text.display  0x0000000010005b5c       0x28 libpicowi.a(picowi_init.c.obj)
                0x0000000010005b5c                display
 .text.wifi_init
                0x0000000010005b84      0x254 libpicowi.a(picowi_init.c.obj)
                0x0000000010005b84                wifi_init
 .text.set_display_mode
                0x0000000010005dd8        0xc libpicowi.a(picowi_init.c.obj)
                0x0000000010005dd8                set_display_mode
 .text.wifi_spi_write
                0x0000000010005de4       0xc4 libpicowi.a(picowi_wifi.c.obj)
                0x0000000010005de4                wifi_spi_write
 .text.wifi_data_read
                0x0000000010005ea8      0x188 libpicowi.a(picowi_wifi.c.obj)
                0x0000000010005ea8                wifi_data_read
 .text.wifi_reg_read
                0x0000000010006030       0x90 libpicowi.a(picowi_wifi.c.obj)
                0x0000000010006030                wifi_reg_read
 .text.wifi_data_write
                0x00000000100060c0       0xb0 libpicowi.a(picowi_wifi.c.obj)
                0x00000000100060c0                wifi_data_write
 .text.wifi_reg_write
                0x0000000010006170       0x90 libpicowi.a(picowi_wifi.c.obj)
                0x0000000010006170                wifi_reg_write
 .text.wifi_rx_event_wait
                0x0000000010006200       0x60 libpicowi.a(picowi_wifi.c.obj)
                0x0000000010006200                wifi_rx_event_wait
 .text.wifi_pio_dma_init
                0x0000000010006260       0xb8 libpicowi.a(picowi_wifi.c.obj)
                0x0000000010006260                wifi_pio_dma_init
 .text.wifi_pio_init
                0x0000000010006318      0x110 libpicowi.a(picowi_wifi.c.obj)
                0x0000000010006318                wifi_pio_init
 .text.wifi_start
                0x0000000010006428      0x1c4 libpicowi.a(picowi_wifi.c.obj)
                0x0000000010006428                wifi_start
 .text.wifi_setup
                0x00000000100065ec       0x80 libpicowi.a(picowi_wifi.c.obj)
                0x00000000100065ec                wifi_setup
 .text.wifi_get_irq
                0x000000001000666c       0x10 libpicowi.a(picowi_wifi.c.obj)
                0x000000001000666c                wifi_get_irq
 .text.ioctl_cmd
                0x000000001000667c      0x2bc libpicowi.a(picowi_ioctl.c.obj)
                0x000000001000667c                ioctl_cmd
 .text.ioctl_set_uint32
                0x0000000010006938       0x2c libpicowi.a(picowi_ioctl.c.obj)
                0x0000000010006938                ioctl_set_uint32
 .text.ioctl_set_data2
                0x0000000010006964       0x24 libpicowi.a(picowi_ioctl.c.obj)
                0x0000000010006964                ioctl_set_data2
 .text.ioctl_get_data
                0x0000000010006988       0x2c libpicowi.a(picowi_ioctl.c.obj)
                0x0000000010006988                ioctl_get_data
 .text.ioctl_set_data
                0x00000000100069b4       0x2c libpicowi.a(picowi_ioctl.c.obj)
                0x00000000100069b4                ioctl_set_data
 .text.ioctl_wr_int32
                0x00000000100069e0       0x20 libpicowi.a(picowi_ioctl.c.obj)
                0x00000000100069e0                ioctl_wr_int32
 .text.ioctl_wr_data
                0x0000000010006a00       0x1c libpicowi.a(picowi_ioctl.c.obj)
                0x0000000010006a00                ioctl_wr_data
 .text.ioctl_err_display
                0x0000000010006a1c       0x60 libpicowi.a(picowi_ioctl.c.obj)
                0x0000000010006a1c                ioctl_err_display
 .text.events_enable
                0x0000000010006a7c       0x80 libpicowi.a(picowi_event.c.obj)
                0x0000000010006a7c                events_enable
 .text.add_event_handler
                0x0000000010006afc       0x38 libpicowi.a(picowi_event.c.obj)
                0x0000000010006afc                add_event_handler
 .text.add_server_event_handler
                0x0000000010006b34       0x38 libpicowi.a(picowi_event.c.obj)
                0x0000000010006b34                add_server_event_handler
 .text.event_read
                0x0000000010006b6c      0x130 libpicowi.a(picowi_event.c.obj)
                0x0000000010006b6c                event_read
 .text.event_poll
                0x0000000010006c9c      0x1b8 libpicowi.a(picowi_event.c.obj)
                0x0000000010006c9c                event_poll
 .text.event_net_tx
                0x0000000010006e54       0x98 libpicowi.a(picowi_event.c.obj)
                0x0000000010006e54                event_net_tx
 .text.join_restart
                0x0000000010006eec      0x1c4 libpicowi.a(picowi_join.c.obj)
                0x0000000010006eec                join_restart
 .text.join_event_handler
                0x00000000100070b0       0xa8 libpicowi.a(picowi_join.c.obj)
                0x00000000100070b0                join_event_handler
 .text.join_state_poll
                0x0000000010007158      0x12c libpicowi.a(picowi_join.c.obj)
                0x0000000010007158                join_state_poll
 .text.join_start
                0x0000000010007284      0x124 libpicowi.a(picowi_join.c.obj)
                0x0000000010007284                join_start
 .text.link_check
                0x00000000100073a8       0x24 libpicowi.a(picowi_join.c.obj)
                0x00000000100073a8                link_check
 .text.ip_init  0x00000000100073cc       0x1c libpicowi.a(picowi_ip.c.obj)
                0x00000000100073cc                ip_init
 .text.ip_tx_eth
                0x00000000100073e8       0x68 libpicowi.a(picowi_ip.c.obj)
                0x00000000100073e8                ip_tx_eth
 .text.ip_add_eth
                0x0000000010007450       0x28 libpicowi.a(picowi_ip.c.obj)
                0x0000000010007450                ip_add_eth
 .text.ip_tx_arp
                0x0000000010007478      0x184 libpicowi.a(picowi_ip.c.obj)
                0x0000000010007478                ip_tx_arp
 .text.ip_rx_arp
                0x00000000100075fc      0x174 libpicowi.a(picowi_ip.c.obj)
                0x00000000100075fc                ip_rx_arp
 .text.arp_event_handler
                0x0000000010007770       0xcc libpicowi.a(picowi_ip.c.obj)
                0x0000000010007770                arp_event_handler
 .text.ip_check_frame
                0x000000001000783c       0xe0 libpicowi.a(picowi_ip.c.obj)
                0x000000001000783c                ip_check_frame
 .text.ip_add_hdr
                0x000000001000791c       0xd0 libpicowi.a(picowi_ip.c.obj)
                0x000000001000791c                ip_add_hdr
 .text.ip_add_data
                0x00000000100079ec       0x14 libpicowi.a(picowi_ip.c.obj)
                0x00000000100079ec                ip_add_data
 .text.print_ip_addr
                0x0000000010007a00       0x1c libpicowi.a(picowi_ip.c.obj)
                0x0000000010007a00                print_ip_addr
 .text.ip_addr_str
                0x0000000010007a1c       0x24 libpicowi.a(picowi_ip.c.obj)
                0x0000000010007a1c                ip_addr_str
 .text.ip_cpy   0x0000000010007a40       0x14 libpicowi.a(picowi_ip.c.obj)
                0x0000000010007a40                ip_cpy
 .text.htons    0x0000000010007a54        0x8 libpicowi.a(picowi_ip.c.obj)
                0x0000000010007a54                htons
 .text.htonl    0x0000000010007a5c        0x4 libpicowi.a(picowi_ip.c.obj)
                0x0000000010007a5c                htonl
 .text.add_csum
                0x0000000010007a60       0x5c libpicowi.a(picowi_ip.c.obj)
                0x0000000010007a60                add_csum
 .text.net_init
                0x0000000010007abc       0x64 libpicowi.a(picowi_net.c.obj)
                0x0000000010007abc                net_init
 .text.net_join
                0x0000000010007b20       0x34 libpicowi.a(picowi_net.c.obj)
                0x0000000010007b20                net_join
 .text.net_event_poll
                0x0000000010007b54       0x3c libpicowi.a(picowi_net.c.obj)
                0x0000000010007b54                net_event_poll
 .text.net_state_poll
                0x0000000010007b90       0x5c libpicowi.a(picowi_net.c.obj)
                0x0000000010007b90                net_state_poll
 .text.socket   0x0000000010007bec       0x34 libpicowi.a(picowi_net.c.obj)
                0x0000000010007bec                socket
 .text.bind     0x0000000010007c20       0x80 libpicowi.a(picowi_net.c.obj)
                0x0000000010007c20                bind
 .text.listen   0x0000000010007ca0       0x54 libpicowi.a(picowi_net.c.obj)
                0x0000000010007ca0                listen
 .text.net_socket_ptr
                0x0000000010007cf4       0x10 libpicowi.a(picowi_net.c.obj)
                0x0000000010007cf4                net_socket_ptr
 .text.tcp_sock_unused
                0x0000000010007d04       0xe4 libpicowi.a(picowi_tcp.c.obj)
                0x0000000010007d04                tcp_sock_unused
 .text.tcp_sock_set
                0x0000000010007de8       0x50 libpicowi.a(picowi_tcp.c.obj)
                0x0000000010007de8                tcp_sock_set
 .text.tcp_sock_match
                0x0000000010007e38      0x4ac libpicowi.a(picowi_tcp.c.obj)
                0x0000000010007e38                tcp_sock_match
 .text.tcp_sock_add_tx_data
                0x00000000100082e4       0x80 libpicowi.a(picowi_tcp.c.obj)
                0x00000000100082e4                tcp_sock_add_tx_data
 .text.tcp_new_state
                0x0000000010008364       0x8c libpicowi.a(picowi_tcp.c.obj)
                0x0000000010008364                tcp_new_state
 .text.tcp_sock_close
                0x00000000100083f0       0x1c libpicowi.a(picowi_tcp.c.obj)
                0x00000000100083f0                tcp_sock_close
 .text.tcp_checksum
                0x000000001000840c       0xd0 libpicowi.a(picowi_tcp.c.obj)
                0x000000001000840c                tcp_checksum
 .text.tcp_add_hdr_data
                0x00000000100084dc       0xd4 libpicowi.a(picowi_tcp.c.obj)
                0x00000000100084dc                tcp_add_hdr_data
 .text.tcp_print_hdr
                0x00000000100085b0      0x1f4 libpicowi.a(picowi_tcp.c.obj)
                0x00000000100085b0                tcp_print_hdr
 .text.tcp_tx   0x00000000100087a4       0xa4 libpicowi.a(picowi_tcp.c.obj)
                0x00000000100087a4                tcp_tx
 .text.tcp_sock_send
                0x0000000010008848      0x158 libpicowi.a(picowi_tcp.c.obj)
                0x0000000010008848                tcp_sock_send
 .text.tcp_sock_rx
                0x00000000100089a0      0xf88 libpicowi.a(picowi_tcp.c.obj)
                0x00000000100089a0                tcp_sock_rx
 .text.tcp_socks_poll
                0x0000000010009928      0x118 libpicowi.a(picowi_tcp.c.obj)
                0x0000000010009928                tcp_socks_poll
 .text.tcp_server_event_handler
                0x0000000010009a40      0x294 libpicowi.a(picowi_tcp.c.obj)
                0x0000000010009a40                tcp_server_event_handler
 .text.web_page_handler
                0x0000000010009cd4       0x28 libpicowi.a(picowi_web.c.obj)
                0x0000000010009cd4                web_page_handler
 .text.web_page_rx
                0x0000000010009cfc       0xf0 libpicowi.a(picowi_web.c.obj)
                0x0000000010009cfc                web_page_rx
 .text.web_resp_add_data
                0x0000000010009dec        0x8 libpicowi.a(picowi_web.c.obj)
                0x0000000010009dec                web_resp_add_data
 .text.web_resp_add_str
                0x0000000010009df4       0x18 libpicowi.a(picowi_web.c.obj)
                0x0000000010009df4                web_resp_add_str
 .text.web_resp_add_content_len
                0x0000000010009e0c       0x60 libpicowi.a(picowi_web.c.obj)
                0x0000000010009e0c                web_resp_add_content_len
 .text.udp_event_handler
                0x0000000010009e6c      0x26c libpicowi.a(picowi_udp.c.obj)
                0x0000000010009e6c                udp_event_handler
 .text.udp_sock_unused
                0x000000001000a0d8       0xe4 libpicowi.a(picowi_udp.c.obj)
                0x000000001000a0d8                udp_sock_unused
 .text.udp_sock_set
                0x000000001000a1bc       0x50 libpicowi.a(picowi_udp.c.obj)
                0x000000001000a1bc                udp_sock_set
 .text.udp_add_hdr_data
                0x000000001000a20c       0x94 libpicowi.a(picowi_udp.c.obj)
                0x000000001000a20c                udp_add_hdr_data
 .text.udp_print_hdr
                0x000000001000a2a0       0x5c libpicowi.a(picowi_udp.c.obj)
                0x000000001000a2a0                udp_print_hdr
 .text.dhcp_tx  0x000000001000a2fc      0x150 libpicowi.a(picowi_dhcp.c.obj)
                0x000000001000a2fc                dhcp_tx
 .text.dhcp_poll
                0x000000001000a44c       0xa4 libpicowi.a(picowi_dhcp.c.obj)
                0x000000001000a44c                dhcp_poll
 .text.dhcp_get_opt_data
                0x000000001000a4f0       0x58 libpicowi.a(picowi_dhcp.c.obj)
                0x000000001000a4f0                dhcp_get_opt_data
 .text.dhcp_rx  0x000000001000a548      0x1e4 libpicowi.a(picowi_dhcp.c.obj)
                0x000000001000a548                dhcp_rx
 .text.dhcp_event_handler
                0x000000001000a72c       0xf8 libpicowi.a(picowi_dhcp.c.obj)
                0x000000001000a72c                dhcp_event_handler
 .text          0x000000001000a824      0x574 /usr/lib/gcc/arm-none-eabi/10.3.1/../../../arm-none-eabi/lib/thumb/v6-m/nofp/libc.a(lib_a-mallocr.o)
                0x000000001000a824                _malloc_r
 .text          0x000000001000ad98        0x8 /usr/lib/gcc/arm-none-eabi/10.3.1/../../../arm-none-eabi/lib/thumb/v6-m/nofp/libc.a(lib_a-mlock.o)
                0x000000001000ad98                __malloc_lock
                0x000000001000ad9c                __malloc_unlock
 .text          0x000000001000ada0      0x114 /usr/lib/gcc/arm-none-eabi/10.3.1/../../../arm-none-eabi/lib/thumb/v6-m/nofp/libc.a(lib_a-perror.o)
                0x000000001000ada0                _perror_r
                0x000000001000aea0                perror
 .text          0x000000001000aeb4       0x24 /usr/lib/gcc/arm-none-eabi/10.3.1/../../../arm-none-eabi/lib/thumb/v6-m/nofp/libc.a(lib_a-sbrkr.o)
                0x000000001000aeb4                _sbrk_r
 .text          0x000000001000aed8      0x2e8 /usr/lib/gcc/arm-none-eabi/10.3.1/../../../arm-none-eabi/lib/thumb/v6-m/nofp/libc.a(lib_a-strerror.o)
                0x000000001000aed8                _strerror_r
                0x000000001000b190                strerror
                0x000000001000b1a8                strerror_l
 .text          0x000000001000b1c0       0x5c /usr/lib/gcc/arm-none-eabi/10.3.1/../../../arm-none-eabi/lib/thumb/v6-m/nofp/libc.a(lib_a-strlen-stub.o)
                0x000000001000b1c0                strlen
 .text          0x000000001000b21c       0x14 /usr/lib/gcc/arm-none-eabi/10.3.1/../../../arm-none-eabi/lib/thumb/v6-m/nofp/libc.a(lib_a-strtok.o)
                0x000000001000b21c                strtok
 .text          0x000000001000b230       0x78 /usr/lib/gcc/arm-none-eabi/10.3.1/../../../arm-none-eabi/lib/thumb/v6-m/nofp/libc.a(lib_a-strtok_r.o)
                0x000000001000b230                __strtok_r
                0x000000001000b29c                strtok_r
 .text          0x000000001000b2a8        0x4 /usr/lib/gcc/arm-none-eabi/10.3.1/../../../arm-none-eabi/lib/thumb/v6-m/nofp/libc.a(lib_a-u_strerr.o)
                0x000000001000b2a8                _user_strerror
 .text          0x000000001000b2ac       0x28 /usr/lib/gcc/arm-none-eabi/10.3.1/../../../arm-none-eabi/lib/thumb/v6-m/nofp/libc.a(lib_a-writer.o)
                0x000000001000b2ac                _write_r
 .text          0x000000001000b2d4      0x1c0 /usr/lib/gcc/arm-none-eabi/10.3.1/../../../arm-none-eabi/lib/thumb/v6-m/nofp/libc.a(lib_a-fflush.o)
                0x000000001000b2d4                __sflush_r
                0x000000001000b414                _fflush_r
                0x000000001000b440                fflush
 .text          0x000000001000b494       0x38 /usr/lib/gcc/arm-none-eabi/10.3.1/../../../arm-none-eabi/lib/thumb/v6-m/nofp/libc.a(lib_a-fileno.o)
                0x000000001000b494                fileno
 .text          0x000000001000b4cc      0x248 /usr/lib/gcc/arm-none-eabi/10.3.1/../../../arm-none-eabi/lib/thumb/v6-m/nofp/libc.a(lib_a-findfp.o)
                0x000000001000b4d0                _cleanup_r
                0x000000001000b5cc                __sfmoreglue
                0x000000001000b5fc                __sfp
                0x000000001000b6ac                _cleanup
                0x000000001000b6c4                __sinit
                0x000000001000b6d4                __sfp_lock_acquire
                0x000000001000b6d8                __sfp_lock_release
                0x000000001000b6dc                __sinit_lock_acquire
                0x000000001000b6e0                __sinit_lock_release
                0x000000001000b6e4                __fp_lock_all
                0x000000001000b6fc                __fp_unlock_all
 .text          0x000000001000b714      0x260 /usr/lib/gcc/arm-none-eabi/10.3.1/../../../arm-none-eabi/lib/thumb/v6-m/nofp/libc.a(lib_a-freer.o)
                0x000000001000b714                _malloc_trim_r
                0x000000001000b7b0                _free_r
 .text          0x000000001000b974       0x88 /usr/lib/gcc/arm-none-eabi/10.3.1/../../../arm-none-eabi/lib/thumb/v6-m/nofp/libc.a(lib_a-fwalk.o)
                0x000000001000b974                _fwalk
                0x000000001000b9b4                _fwalk_reent
 .text          0x000000001000b9fc       0xa4 /usr/lib/gcc/arm-none-eabi/10.3.1/../../../arm-none-eabi/lib/thumb/v6-m/nofp/libc.a(lib_a-stdio.o)
                0x000000001000b9fc                __sread
                0x000000001000ba24                __seofread
                0x000000001000ba28                __swrite
                0x000000001000ba68                __sseek
                0x000000001000ba94                __sclose
 .text          0x000000001000baa0       0x24 /usr/lib/gcc/arm-none-eabi/10.3.1/../../../arm-none-eabi/lib/thumb/v6-m/nofp/libc.a(lib_a-closer.o)
                0x000000001000baa0                _close_r
 .text          0x000000001000bac4       0xe8 /usr/lib/gcc/arm-none-eabi/10.3.1/../../../arm-none-eabi/lib/thumb/v6-m/nofp/libc.a(lib_a-fclose.o)
                0x000000001000bb34                _fclose_r
                0x000000001000bb6c                fclose
 .text          0x000000001000bbac       0x28 /usr/lib/gcc/arm-none-eabi/10.3.1/../../../arm-none-eabi/lib/thumb/v6-m/nofp/libc.a(lib_a-lseekr.o)
                0x000000001000bbac                _lseek_r
 .text          0x000000001000bbd4       0x28 /usr/lib/gcc/arm-none-eabi/10.3.1/../../../arm-none-eabi/lib/thumb/v6-m/nofp/libc.a(lib_a-readr.o)
                0x000000001000bbd4                _read_r
 *(.fini)
 .fini          0x000000001000bbfc        0x4 /usr/lib/gcc/arm-none-eabi/10.3.1/thumb/v6-m/nofp/crti.o
                0x000000001000bbfc                _fini
 .fini.__stub   0x000000001000bc00       0x70 linker stubs
 *crtbegin.o(.ctors)
 *crtbegin?.o(.ctors)
 *(EXCLUDE_FILE(*crtend.o *crtend?.o) .ctors)
 *(SORT_BY_NAME(.ctors.*))
 *(.ctors)
 *crtbegin.o(.dtors)
 *crtbegin?.o(.dtors)
 *(EXCLUDE_FILE(*crtend.o *crtend?.o) .dtors)
 *(SORT_BY_NAME(.dtors.*))
 *(.dtors)
 *(.eh_frame*)
 .eh_frame      0x000000001000bc70        0x0 /usr/lib/gcc/arm-none-eabi/10.3.1/thumb/v6-m/nofp/crtbegin.o
                0x000000001000bc70                . = ALIGN (0x4)

.glue_7         0x000000001000bc70        0x0
 .glue_7        0x000000001000bc70        0x0 linker stubs

.glue_7t        0x000000001000bc70        0x0
 .glue_7t       0x000000001000bc70        0x0 linker stubs

.vfp11_veneer   0x000000001000bc70        0x0
 .vfp11_veneer  0x000000001000bc70        0x0 linker stubs

.v4_bx          0x000000001000bc70        0x0
 .v4_bx         0x000000001000bc70        0x0 linker stubs

.iplt           0x000000001000bc70        0x0
 .iplt          0x000000001000bc70        0x0 /usr/lib/gcc/arm-none-eabi/10.3.1/thumb/v6-m/nofp/crtbegin.o

.rodata         0x000000001000bc70    0x38e98
 *(EXCLUDE_FILE(*libm.a: *libc.a:*lib_a-mem*.o *libgcc.a:) .rodata*)
 .rodata.web_root_handler.str1.4
                0x000000001000bc70       0xd4 CMakeFiles/web_cam.dir/web_cam.c.obj
 .rodata.web_favicon_handler.str1.4
                0x000000001000bd44       0x70 CMakeFiles/web_cam.dir/web_cam.c.obj
                                         0x74 (size before relaxing)
 .rodata.web_cam_handler.str1.4
                0x000000001000bdb4       0xd6 CMakeFiles/web_cam.dir/web_cam.c.obj
 *fill*         0x000000001000be8a        0x2 
 .rodata.web_video_handler.str1.4
                0x000000001000be8c       0xcf CMakeFiles/web_cam.dir/web_cam.c.obj
                                         0xd3 (size before relaxing)
 *fill*         0x000000001000bf5b        0x1 
 .rodata.main.str1.4
                0x000000001000bf5c       0x7e CMakeFiles/web_cam.dir/web_cam.c.obj
 *fill*         0x000000001000bfda        0x2 
 .rodata.cam_init.str1.4
                0x000000001000bfdc       0x2d CMakeFiles/web_cam.dir/camera/cam_2640.c.obj
 *fill*         0x000000001000c009        0x3 
 .rodata.cam_capture_single.str1.4
                0x000000001000c00c       0x39 CMakeFiles/web_cam.dir/camera/cam_2640.c.obj
 *fill*         0x000000001000c045        0x3 
 .rodata.ov2640_jpeg
                0x000000001000c048       0x12 CMakeFiles/web_cam.dir/camera/cam_2640.c.obj
                0x000000001000c048                ov2640_jpeg
 *fill*         0x000000001000c05a        0x2 
 .rodata.ov2640_jpeg_init
                0x000000001000c05c      0x178 CMakeFiles/web_cam.dir/camera/cam_2640.c.obj
                0x000000001000c05c                ov2640_jpeg_init
 .rodata.ov2640_yuv422
                0x000000001000c1d4       0x14 CMakeFiles/web_cam.dir/camera/cam_2640.c.obj
                0x000000001000c1d4                ov2640_yuv422
 .rodata.setres_jpeg
                0x000000001000c1e8       0x52 CMakeFiles/web_cam.dir/camera/cam_2640.c.obj
                0x000000001000c1e8                setres_jpeg
 *fill*         0x000000001000c23a        0x6 
 .rodata.at_the_end_of_time
                0x000000001000c240        0x8 CMakeFiles/web_cam.dir/mnt/c/Users/siddk/Downloads/PicoPiFi/pico-sdk/src/common/pico_time/time.c.obj
                0x000000001000c240                at_the_end_of_time
 .rodata.hardware_alarm_claim.str1.4
                0x000000001000c248       0x22 CMakeFiles/web_cam.dir/mnt/c/Users/siddk/Downloads/PicoPiFi/pico-sdk/src/rp2_common/hardware_timer/timer.c.obj
 *fill*         0x000000001000c26a        0x2 
 .rodata.panic.str1.4
                0x000000001000c26c       0x10 CMakeFiles/web_cam.dir/mnt/c/Users/siddk/Downloads/PicoPiFi/pico-sdk/src/rp2_common/pico_runtime/runtime.c.obj
                                         0x12 (size before relaxing)
 .rodata.hard_assertion_failure.str1.4
                0x000000001000c27c        0xc CMakeFiles/web_cam.dir/mnt/c/Users/siddk/Downloads/PicoPiFi/pico-sdk/src/rp2_common/pico_runtime/runtime.c.obj
 .rodata._ftoa.str1.4
                0x000000001000c288       0x15 CMakeFiles/web_cam.dir/mnt/c/Users/siddk/Downloads/PicoPiFi/pico-sdk/src/rp2_common/pico_printf/printf.c.obj
 *fill*         0x000000001000c29d        0x3 
 .rodata._vsnprintf
                0x000000001000c2a0      0x1e0 CMakeFiles/web_cam.dir/mnt/c/Users/siddk/Downloads/PicoPiFi/pico-sdk/src/rp2_common/pico_printf/printf.c.obj
 .rodata.pow10.0
                0x000000001000c480       0x50 CMakeFiles/web_cam.dir/mnt/c/Users/siddk/Downloads/PicoPiFi/pico-sdk/src/rp2_common/pico_printf/printf.c.obj
 .rodata.str1.4
                0x000000001000c4d0       0x3c CMakeFiles/web_cam.dir/mnt/c/Users/siddk/Downloads/PicoPiFi/pico-sdk/src/rp2_common/pico_standard_link/binary_info.c.obj
 .rodata.__bi_44
                0x000000001000c50c        0xc CMakeFiles/web_cam.dir/mnt/c/Users/siddk/Downloads/PicoPiFi/pico-sdk/src/rp2_common/pico_standard_link/binary_info.c.obj
 .rodata.__bi_75
                0x000000001000c518        0xc CMakeFiles/web_cam.dir/mnt/c/Users/siddk/Downloads/PicoPiFi/pico-sdk/src/rp2_common/pico_standard_link/binary_info.c.obj
 .rodata.__bi_81
                0x000000001000c524        0xc CMakeFiles/web_cam.dir/mnt/c/Users/siddk/Downloads/PicoPiFi/pico-sdk/src/rp2_common/pico_standard_link/binary_info.c.obj
 .rodata.crlf_str.0
                0x000000001000c530        0x2 CMakeFiles/web_cam.dir/mnt/c/Users/siddk/Downloads/PicoPiFi/pico-sdk/src/rp2_common/pico_stdio/stdio.c.obj
 *fill*         0x000000001000c532        0x2 
 .rodata.str1.4
                0x000000001000c534       0x2c CMakeFiles/web_cam.dir/mnt/c/Users/siddk/Downloads/PicoPiFi/pico-sdk/src/rp2_common/pico_stdio_uart/stdio_uart.c.obj
 .rodata.__bi_33.4
                0x000000001000c560        0xc CMakeFiles/web_cam.dir/mnt/c/Users/siddk/Downloads/PicoPiFi/pico-sdk/src/rp2_common/pico_stdio_uart/stdio_uart.c.obj
 .rodata.__bi_34.5
                0x000000001000c56c        0x8 CMakeFiles/web_cam.dir/mnt/c/Users/siddk/Downloads/PicoPiFi/pico-sdk/src/rp2_common/pico_stdio_uart/stdio_uart.c.obj
 .rodata.pio_claim_unused_sm.str1.4
                0x000000001000c574       0x24 CMakeFiles/web_cam.dir/mnt/c/Users/siddk/Downloads/PicoPiFi/pico-sdk/src/rp2_common/hardware_pio/pio.c.obj
 .rodata.pio_add_program.str1.4
                0x000000001000c598       0x11 CMakeFiles/web_cam.dir/mnt/c/Users/siddk/Downloads/PicoPiFi/pico-sdk/src/rp2_common/hardware_pio/pio.c.obj
 *fill*         0x000000001000c5a9        0x3 
 .rodata.dma_claim_unused_channel.str1.4
                0x000000001000c5ac       0x1e CMakeFiles/web_cam.dir/mnt/c/Users/siddk/Downloads/PicoPiFi/pico-sdk/src/rp2_common/hardware_dma/dma.c.obj
 *fill*         0x000000001000c5ca        0x2 
 .rodata.wifi_clm_load.str1.4
                0x000000001000c5cc        0x8 libpicowi.a(picowi_init.c.obj)
 .rodata.mac_addr_str.str1.4
                0x000000001000c5d4       0x1e libpicowi.a(picowi_init.c.obj)
 *fill*         0x000000001000c5f2        0x2 
 .rodata.disp_bytes.str1.4
                0x000000001000c5f4        0x6 libpicowi.a(picowi_init.c.obj)
 *fill*         0x000000001000c5fa        0x2 
 .rodata.wifi_init.str1.4
                0x000000001000c5fc       0x7c libpicowi.a(picowi_init.c.obj)
 .rodata.wifi_reg_read.str1.4
                0x000000001000c678       0x37 libpicowi.a(picowi_wifi.c.obj)
 *fill*         0x000000001000c6af        0x1 
 .rodata.wifi_reg_write.str1.4
                0x000000001000c6b0       0x27 libpicowi.a(picowi_wifi.c.obj)
 *fill*         0x000000001000c6d7        0x1 
 .rodata.wifi_start.str1.4
                0x000000001000c6d8       0x53 libpicowi.a(picowi_wifi.c.obj)
 *fill*         0x000000001000c72b        0x1 
 .rodata.picowi_pio_program
                0x000000001000c72c        0x6 libpicowi.a(picowi_wifi.c.obj)
 *fill*         0x000000001000c732        0x2 
 .rodata.picowi_pio_program_instructions
                0x000000001000c734       0x32 libpicowi.a(picowi_wifi.c.obj)
 *fill*         0x000000001000c766        0x2 
 .rodata.ioctl_cmd.str1.4
                0x000000001000c768       0x73 libpicowi.a(picowi_ioctl.c.obj)
                                         0x7b (size before relaxing)
 *fill*         0x000000001000c7db        0x1 
 .rodata.ioctl_err_display.str1.4
                0x000000001000c7dc       0x24 libpicowi.a(picowi_ioctl.c.obj)
 .rodata.events_enable.str1.4
                0x000000001000c800       0x12 libpicowi.a(picowi_event.c.obj)
 *fill*         0x000000001000c812        0x2 
 .rodata.event_read.str1.4
                0x000000001000c814       0x55 libpicowi.a(picowi_event.c.obj)
 *fill*         0x000000001000c869        0x3 
 .rodata.event_poll.str1.4
                0x000000001000c86c       0x4f libpicowi.a(picowi_event.c.obj)
                                         0x5c (size before relaxing)
 *fill*         0x000000001000c8bb        0x1 
 .rodata.event_net_tx.str1.4
                0x000000001000c8bc       0x10 libpicowi.a(picowi_event.c.obj)
 .rodata.join_restart.str1.4
                0x000000001000c8cc       0x73 libpicowi.a(picowi_join.c.obj)
 *fill*         0x000000001000c93f        0x1 
 .rodata.join_state_poll.str1.4
                0x000000001000c940       0x4d libpicowi.a(picowi_join.c.obj)
 *fill*         0x000000001000c98d        0x3 
 .rodata.join_start.str1.4
                0x000000001000c990       0x53 libpicowi.a(picowi_join.c.obj)
 *fill*         0x000000001000c9e3        0x1 
 .rodata.str1.4
                0x000000001000c9e4       0xaf libpicowi.a(picowi_join.c.obj)
                                         0xb3 (size before relaxing)
 *fill*         0x000000001000ca93        0x1 
 .rodata        0x000000001000ca94       0x21 libpicowi.a(picowi_join.c.obj)
 *fill*         0x000000001000cab5        0x3 
 .rodata.country_data
                0x000000001000cab8       0x14 libpicowi.a(picowi_join.c.obj)
                0x000000001000cab8                country_data
 .rodata.join_evts
                0x000000001000cacc       0x60 libpicowi.a(picowi_join.c.obj)
                0x000000001000cacc                join_evts
 .rodata.mcast_addr
                0x000000001000cb2c       0x3c libpicowi.a(picowi_join.c.obj)
                0x000000001000cb2c                mcast_addr
 .rodata.ip_tx_eth.str1.4
                0x000000001000cb68        0x3 libpicowi.a(picowi_ip.c.obj)
                                         0x23 (size before relaxing)
 *fill*         0x000000001000cb6b        0x1 
 .rodata.ip_make_arp.str1.4
                0x000000001000cb6c       0x29 libpicowi.a(picowi_ip.c.obj)
                                         0x2d (size before relaxing)
 *fill*         0x000000001000cb95        0x3 
 .rodata.net_init.str1.4
                0x000000001000cb98       0x4d libpicowi.a(picowi_net.c.obj)
 *fill*         0x000000001000cbe5        0x3 
 .rodata.net_join.str1.4
                0x000000001000cbe8       0x3c libpicowi.a(picowi_net.c.obj)
 .rodata.net_state_poll.str1.4
                0x000000001000cc24       0x25 libpicowi.a(picowi_net.c.obj)
 *fill*         0x000000001000cc49        0x3 
 .rodata.tcp_new_state.str1.4
                0x000000001000cc4c       0x1e libpicowi.a(picowi_tcp.c.obj)
 *fill*         0x000000001000cc6a        0x2 
 .rodata.tcp_print_hdr.str1.4
                0x000000001000cc6c       0x6d libpicowi.a(picowi_tcp.c.obj)
                                         0x71 (size before relaxing)
 *fill*         0x000000001000ccd9        0x3 
 .rodata.tcp_tx.str1.4
                0x000000001000ccdc        0xd libpicowi.a(picowi_tcp.c.obj)
 *fill*         0x000000001000cce9        0x3 
 .rodata.tcp_sock_rx
                0x000000001000ccec       0x5c libpicowi.a(picowi_tcp.c.obj)
 .rodata.tcp_server_event_handler.str1.4
                0x000000001000cd48        0xd libpicowi.a(picowi_tcp.c.obj)
 *fill*         0x000000001000cd55        0x3 
 .rodata.str1.4
                0x000000001000cd58       0xbe libpicowi.a(picowi_tcp.c.obj)
                                         0xc2 (size before relaxing)
 *fill*         0x000000001000ce16        0x2 
 .rodata        0x000000001000ce18        0x2 libpicowi.a(picowi_tcp.c.obj)
 *fill*         0x000000001000ce1a        0x2 
 .rodata.web_resp_add_content_len.str1.4
                0x000000001000ce1c       0x15 libpicowi.a(picowi_web.c.obj)
 *fill*         0x000000001000ce31        0x3 
 .rodata.fw_clm_data
                0x000000001000ce34      0x3dc libpicowi.a(fw_43439.c.obj)
                0x000000001000ce34                fw_clm_data
 .rodata.fw_clm_len
                0x000000001000d210        0x4 libpicowi.a(fw_43439.c.obj)
                0x000000001000d210                fw_clm_len
 .rodata.fw_firmware_data
                0x000000001000d214    0x36c00 libpicowi.a(fw_43439.c.obj)
                0x000000001000d214                fw_firmware_data
 .rodata.fw_firmware_len
                0x0000000010043e14        0x4 libpicowi.a(fw_43439.c.obj)
                0x0000000010043e14                fw_firmware_len
 .rodata.fw_nvram_data
                0x0000000010043e18      0x300 libpicowi.a(fw_43439.c.obj)
                0x0000000010043e18                fw_nvram_data
 .rodata.fw_nvram_len
                0x0000000010044118        0x4 libpicowi.a(fw_43439.c.obj)
                0x0000000010044118                fw_nvram_len
 .rodata.udp_event_handler.str1.4
                0x000000001004411c       0x24 libpicowi.a(picowi_udp.c.obj)
                                         0x2c (size before relaxing)
 .rodata.dhcp_add_hdr_data.str1.4
                0x0000000010044140        0x5 libpicowi.a(picowi_dhcp.c.obj)
 *fill*         0x0000000010044145        0x3 
 .rodata.dhcp_tx.str1.4
                0x0000000010044148       0x10 libpicowi.a(picowi_dhcp.c.obj)
                                         0x14 (size before relaxing)
 .rodata.dhcp_rx.str1.4
                0x0000000010044158       0x30 libpicowi.a(picowi_dhcp.c.obj)
                                         0x32 (size before relaxing)
 .rodata.dhcp_event_handler.str1.4
                0x0000000010044188        0x4 libpicowi.a(picowi_dhcp.c.obj)
 .rodata.str1.4
                0x0000000010044188       0x3b libpicowi.a(picowi_dhcp.c.obj)
 *fill*         0x00000000100441c3        0x1 
 .rodata        0x00000000100441c4        0x4 /usr/lib/gcc/arm-none-eabi/10.3.1/../../../arm-none-eabi/lib/thumb/v6-m/nofp/libc.a(lib_a-impure.o)
                0x00000000100441c4                _global_impure_ptr
 .rodata.str1.4
                0x00000000100441c8        0x3 /usr/lib/gcc/arm-none-eabi/10.3.1/../../../arm-none-eabi/lib/thumb/v6-m/nofp/libc.a(lib_a-perror.o)
                                          0x6 (size before relaxing)
 *fill*         0x00000000100441cb        0x1 
 .rodata.str1.4
                0x00000000100441cc      0x700 /usr/lib/gcc/arm-none-eabi/10.3.1/../../../arm-none-eabi/lib/thumb/v6-m/nofp/libc.a(lib_a-strerror.o)
                                        0x701 (size before relaxing)
 .rodata        0x00000000100448cc      0x23c /usr/lib/gcc/arm-none-eabi/10.3.1/../../../arm-none-eabi/lib/thumb/v6-m/nofp/libc.a(lib_a-strerror.o)
                0x0000000010044b08                . = ALIGN (0x4)
 *(SORT_BY_ALIGNMENT(SORT_BY_NAME(.flashdata*)))
                0x0000000010044b08                . = ALIGN (0x4)

.ARM.extab
 *(.ARM.extab* .gnu.linkonce.armextab.*)
                0x0000000010044b08                __exidx_start = .

.ARM.exidx
 *(.ARM.exidx* .gnu.linkonce.armexidx.*)
                0x0000000010044b08                __exidx_end = .
                0x0000000010044b08                . = ALIGN (0x4)
                0x0000000010044b08                __binary_info_start = .

.binary_info    0x0000000010044b08       0x24
 *(.binary_info.keep.*)
 .binary_info.keep.__bi_ptr22
                0x0000000010044b08        0x4 CMakeFiles/web_cam.dir/mnt/c/Users/siddk/Downloads/PicoPiFi/pico-sdk/src/rp2_common/pico_standard_link/binary_info.c.obj
 .binary_info.keep.__bi_ptr30
                0x0000000010044b0c        0x4 CMakeFiles/web_cam.dir/mnt/c/Users/siddk/Downloads/PicoPiFi/pico-sdk/src/rp2_common/pico_standard_link/binary_info.c.obj
 .binary_info.keep.__bi_ptr38
                0x0000000010044b10        0x4 CMakeFiles/web_cam.dir/mnt/c/Users/siddk/Downloads/PicoPiFi/pico-sdk/src/rp2_common/pico_standard_link/binary_info.c.obj
 .binary_info.keep.__bi_ptr44
                0x0000000010044b14        0x4 CMakeFiles/web_cam.dir/mnt/c/Users/siddk/Downloads/PicoPiFi/pico-sdk/src/rp2_common/pico_standard_link/binary_info.c.obj
 .binary_info.keep.__bi_ptr50
                0x0000000010044b18        0x4 CMakeFiles/web_cam.dir/mnt/c/Users/siddk/Downloads/PicoPiFi/pico-sdk/src/rp2_common/pico_standard_link/binary_info.c.obj
 .binary_info.keep.__bi_ptr75
                0x0000000010044b1c        0x4 CMakeFiles/web_cam.dir/mnt/c/Users/siddk/Downloads/PicoPiFi/pico-sdk/src/rp2_common/pico_standard_link/binary_info.c.obj
 .binary_info.keep.__bi_ptr81
                0x0000000010044b20        0x4 CMakeFiles/web_cam.dir/mnt/c/Users/siddk/Downloads/PicoPiFi/pico-sdk/src/rp2_common/pico_standard_link/binary_info.c.obj
 *(.binary_info.*)
 .binary_info.__bi_ptr33
                0x0000000010044b24        0x4 CMakeFiles/web_cam.dir/mnt/c/Users/siddk/Downloads/PicoPiFi/pico-sdk/src/rp2_common/pico_stdio_uart/stdio_uart.c.obj
 .binary_info.__bi_ptr34
                0x0000000010044b28        0x4 CMakeFiles/web_cam.dir/mnt/c/Users/siddk/Downloads/PicoPiFi/pico-sdk/src/rp2_common/pico_stdio_uart/stdio_uart.c.obj
                0x0000000010044b2c                __binary_info_end = .

.rel.dyn        0x0000000010044b2c        0x0
 .rel.iplt      0x0000000010044b2c        0x0 /usr/lib/gcc/arm-none-eabi/10.3.1/thumb/v6-m/nofp/crtbegin.o
                0x0000000010044b2c                . = ALIGN (0x4)

.ram_vector_table
                0x0000000020000000       0xc0
 *(.ram_vector_table)
 .ram_vector_table
                0x0000000020000000       0xc0 CMakeFiles/web_cam.dir/mnt/c/Users/siddk/Downloads/PicoPiFi/pico-sdk/src/rp2_common/pico_runtime/runtime.c.obj
                0x0000000020000000                ram_vector_table

.data           0x00000000200000c0     0x11fc load address 0x0000000010044b2c
                0x00000000200000c0                __data_start__ = .
 *(vtable)
 *(.time_critical*)
 .time_critical.mutex_try_enter_block_until
                0x00000000200000c0       0x9c CMakeFiles/web_cam.dir/mnt/c/Users/siddk/Downloads/PicoPiFi/pico-sdk/src/common/pico_sync/mutex.c.obj
                0x00000000200000c0                mutex_try_enter_block_until
 .time_critical.mutex_exit
                0x000000002000015c       0x28 CMakeFiles/web_cam.dir/mnt/c/Users/siddk/Downloads/PicoPiFi/pico-sdk/src/common/pico_sync/mutex.c.obj
                0x000000002000015c                mutex_exit
 .time_critical.spi_write_blocking
                0x0000000020000184       0x4c CMakeFiles/web_cam.dir/mnt/c/Users/siddk/Downloads/PicoPiFi/pico-sdk/src/rp2_common/hardware_spi/spi.c.obj
                0x0000000020000184                spi_write_blocking
 .time_critical.spi_read_blocking
                0x00000000200001d0       0x74 CMakeFiles/web_cam.dir/mnt/c/Users/siddk/Downloads/PicoPiFi/pico-sdk/src/rp2_common/hardware_spi/spi.c.obj
                0x00000000200001d0                spi_read_blocking
 *(.text*)
 .text          0x0000000020000244        0x4 /usr/lib/gcc/arm-none-eabi/10.3.1/thumb/v6-m/nofp/libgcc.a(_dvmd_tls.o)
                0x0000000020000244                __aeabi_ldiv0
                0x0000000020000244                __aeabi_idiv0
 .text          0x0000000020000248       0x48 /usr/lib/gcc/arm-none-eabi/10.3.1/../../../arm-none-eabi/lib/thumb/v6-m/nofp/libc.a(lib_a-memcmp.o)
                0x0000000020000248                memcmp
 .text.__stub   0x0000000020000290       0x10 linker stubs
                0x00000000200002a0                . = ALIGN (0x4)
 *(.rodata*)
                0x00000000200002a0                . = ALIGN (0x4)
 *(.data*)
 .data.count.6  0x00000000200002a0        0x4 CMakeFiles/web_cam.dir/web_cam.c.obj
 .data.dlen.0   0x00000000200002a4        0x4 CMakeFiles/web_cam.dir/web_cam.c.obj
 .data.striped_spin_lock_num
                0x00000000200002a8        0x1 CMakeFiles/web_cam.dir/mnt/c/Users/siddk/Downloads/PicoPiFi/pico-sdk/src/rp2_common/hardware_sync/sync.c.obj
 *fill*         0x00000000200002a9        0x3 
 .data          0x00000000200002ac       0x48 CMakeFiles/web_cam.dir/mnt/c/Users/siddk/Downloads/PicoPiFi/pico-sdk/src/rp2_common/hardware_irq/irq_handler_chain.S.obj
                0x00000000200002ac                irq_handler_chain_slots
                0x00000000200002dc                irq_handler_chain_first_slot
                0x00000000200002e6                irq_handler_chain_remove_tail
 .data.default_alarm_pool
                0x00000000200002f4       0x18 CMakeFiles/web_cam.dir/mnt/c/Users/siddk/Downloads/PicoPiFi/pico-sdk/src/common/pico_time/time.c.obj
 .data.default_alarm_pool_heap
                0x000000002000030c       0x10 CMakeFiles/web_cam.dir/mnt/c/Users/siddk/Downloads/PicoPiFi/pico-sdk/src/common/pico_time/time.c.obj
 *fill*         0x000000002000031c        0x4 
 .data.aeabi_bits_funcs
                0x0000000020000320       0x10 CMakeFiles/web_cam.dir/mnt/c/Users/siddk/Downloads/PicoPiFi/pico-sdk/src/rp2_common/pico_bit_ops/bit_ops_aeabi.S.obj
                0x0000000020000320                aeabi_bits_funcs
                0x0000000020000330                aeabi_bits_funcs_end
 .data.aeabi_mem_funcs
                0x0000000020000330       0x10 CMakeFiles/web_cam.dir/mnt/c/Users/siddk/Downloads/PicoPiFi/pico-sdk/src/rp2_common/pico_mem_ops/mem_ops_aeabi.S.obj
                0x0000000020000330                aeabi_mem_funcs
                0x0000000020000340                aeabi_mem_funcs_end
 .data.stdio_uart
                0x0000000020000340       0x18 CMakeFiles/web_cam.dir/mnt/c/Users/siddk/Downloads/PicoPiFi/pico-sdk/src/rp2_common/pico_stdio_uart/stdio_uart.c.obj
                0x0000000020000340                stdio_uart
 .data.i2c0_inst
                0x0000000020000358        0x8 CMakeFiles/web_cam.dir/mnt/c/Users/siddk/Downloads/PicoPiFi/pico-sdk/src/rp2_common/hardware_i2c/i2c.c.obj
                0x0000000020000358                i2c0_inst
 .data.wifi_pio
                0x0000000020000360        0x4 libpicowi.a(picowi_wifi.c.obj)
                0x0000000020000360                wifi_pio
 .data.ioctl_reqid
                0x0000000020000364        0x2 libpicowi.a(picowi_ioctl.c.obj)
                0x0000000020000364                ioctl_reqid
 .data.sd_tx_seq
                0x0000000020000366        0x1 libpicowi.a(picowi_ioctl.c.obj)
                0x0000000020000366                sd_tx_seq
 *fill*         0x0000000020000367        0x1 
 .data.tx_msg   0x0000000020000368      0x652 libpicowi.a(picowi_event.c.obj)
                0x0000000020000368                tx_msg
 *fill*         0x00000000200009ba        0x2 
 .data.p.1      0x00000000200009bc        0x4 libpicowi.a(picowi_join.c.obj)
 .data.s.2      0x00000000200009c0        0x4 libpicowi.a(picowi_join.c.obj)
 .data.bcast_ip
                0x00000000200009c4        0x4 libpicowi.a(picowi_ip.c.obj)
                0x00000000200009c4                bcast_ip
 .data.bcast_mac
                0x00000000200009c8        0x6 libpicowi.a(picowi_ip.c.obj)
                0x00000000200009c8                bcast_mac
 .data.ident.1  0x00000000200009ce        0x2 libpicowi.a(picowi_ip.c.obj)
 .data.accept_socket
                0x00000000200009d0        0x4 libpicowi.a(picowi_tcp.c.obj)
                0x00000000200009d0                accept_socket
 .data.tcflags  0x00000000200009d4       0x18 libpicowi.a(picowi_tcp.c.obj)
                0x00000000200009d4                tcflags
 .data.tstate_strings
                0x00000000200009ec       0x38 libpicowi.a(picowi_tcp.c.obj)
                0x00000000200009ec                tstate_strings
 .data.dhcp_disco_opts
                0x0000000020000a24        0xa libpicowi.a(picowi_dhcp.c.obj)
                0x0000000020000a24                dhcp_disco_opts
 *fill*         0x0000000020000a2e        0x2 
 .data.dhcp_req_opts
                0x0000000020000a30        0xa libpicowi.a(picowi_dhcp.c.obj)
                0x0000000020000a30                dhcp_req_opts
 *fill*         0x0000000020000a3a        0x2 
 .data.dhcp_typestrs
                0x0000000020000a3c       0x20 libpicowi.a(picowi_dhcp.c.obj)
                0x0000000020000a3c                dhcp_typestrs
 .data.trans.1  0x0000000020000a5c        0x4 libpicowi.a(picowi_dhcp.c.obj)
 .data          0x0000000020000a60      0x430 /usr/lib/gcc/arm-none-eabi/10.3.1/../../../arm-none-eabi/lib/thumb/v6-m/nofp/libc.a(lib_a-impure.o)
                0x0000000020000a60                _impure_ptr
 .data          0x0000000020000e90      0x410 /usr/lib/gcc/arm-none-eabi/10.3.1/../../../arm-none-eabi/lib/thumb/v6-m/nofp/libc.a(lib_a-mallocr.o)
                0x0000000020000e90                __malloc_sbrk_base
                0x0000000020000e94                __malloc_trim_threshold
                0x0000000020000e98                __malloc_av_
                0x00000000200012a0                . = ALIGN (0x4)
 *(.after_data.*)
                0x00000000200012a0                . = ALIGN (0x4)
                0x00000000200012a0                PROVIDE (__mutex_array_start = .)
 *(SORT_BY_NAME(.mutex_array.*))
 *(.mutex_array)
 .mutex_array   0x00000000200012a0        0x8 CMakeFiles/web_cam.dir/mnt/c/Users/siddk/Downloads/PicoPiFi/pico-sdk/src/rp2_common/pico_stdio/stdio.c.obj
                0x00000000200012a8                PROVIDE (__mutex_array_end = .)
                0x00000000200012a8                . = ALIGN (0x4)
                0x00000000200012a8                PROVIDE (__preinit_array_start = .)
 *(SORT_BY_NAME(.preinit_array.*))
 .preinit_array.00001
                0x00000000200012a8        0x4 CMakeFiles/web_cam.dir/mnt/c/Users/siddk/Downloads/PicoPiFi/pico-sdk/src/rp2_common/pico_mem_ops/mem_ops_aeabi.S.obj
 .preinit_array.00010
                0x00000000200012ac        0x4 CMakeFiles/web_cam.dir/mnt/c/Users/siddk/Downloads/PicoPiFi/pico-sdk/src/rp2_common/pico_bit_ops/bit_ops_aeabi.S.obj
 .preinit_array.00020
                0x00000000200012b0        0x4 CMakeFiles/web_cam.dir/mnt/c/Users/siddk/Downloads/PicoPiFi/pico-sdk/src/rp2_common/pico_double/double_aeabi.S.obj
 .preinit_array.00020
                0x00000000200012b4        0x4 CMakeFiles/web_cam.dir/mnt/c/Users/siddk/Downloads/PicoPiFi/pico-sdk/src/rp2_common/pico_float/float_aeabi.S.obj
 *(.preinit_array)
                0x00000000200012b8                PROVIDE (__preinit_array_end = .)
                0x00000000200012b8                . = ALIGN (0x4)
                0x00000000200012b8                PROVIDE (__init_array_start = .)
 *(SORT_BY_NAME(.init_array.*))
 *(.init_array)
 .init_array    0x00000000200012b8        0x4 /usr/lib/gcc/arm-none-eabi/10.3.1/thumb/v6-m/nofp/crtbegin.o
                0x00000000200012bc                PROVIDE (__init_array_end = .)
                0x00000000200012bc                . = ALIGN (0x4)
                0x00000000200012bc                PROVIDE (__fini_array_start = .)
 *(SORT_BY_NAME(.fini_array.*))
 *(.fini_array)
                0x00000000200012bc                PROVIDE (__fini_array_end = .)
 *(.jcr)
                0x00000000200012bc                . = ALIGN (0x4)
                0x00000000200012bc                __data_end__ = .
                0x0000000010044b2c                __etext = LOADADDR (.data)

.tm_clone_table
                0x00000000200012bc        0x0 load address 0x0000000010045d28
 .tm_clone_table
                0x00000000200012bc        0x0 /usr/lib/gcc/arm-none-eabi/10.3.1/thumb/v6-m/nofp/crtbegin.o
 .tm_clone_table
                0x00000000200012bc        0x0 /usr/lib/gcc/arm-none-eabi/10.3.1/thumb/v6-m/nofp/crtend.o

.igot.plt       0x00000000200012bc        0x0 load address 0x0000000010045d28
 .igot.plt      0x00000000200012bc        0x0 /usr/lib/gcc/arm-none-eabi/10.3.1/thumb/v6-m/nofp/crtbegin.o

.uninitialized_data
                0x00000000200012bc        0x0 load address 0x0000000010045d28
                0x00000000200012bc                . = ALIGN (0x4)
 *(.uninitialized_data*)

.scratch_x      0x0000000020040000        0x0 load address 0x0000000010045d28
                0x0000000020040000                __scratch_x_start__ = .
 *(.scratch_x.*)
                0x0000000020040000                . = ALIGN (0x4)
                0x0000000020040000                __scratch_x_end__ = .
                0x0000000010045d28                __scratch_x_source__ = LOADADDR (.scratch_x)

.scratch_y      0x0000000020041000        0x0 load address 0x0000000010045d28
                0x0000000020041000                __scratch_y_start__ = .
 *(.scratch_y.*)
                0x0000000020041000                . = ALIGN (0x4)
                0x0000000020041000                __scratch_y_end__ = .
                0x0000000010045d28                __scratch_y_source__ = LOADADDR (.scratch_y)

.bss            0x00000000200012c0    0x2be3c
                0x00000000200012c0                . = ALIGN (0x4)
                0x00000000200012c0                __bss_start__ = .
 *(SORT_BY_ALIGNMENT(SORT_BY_NAME(.bss*)))
 .bss.default_alarm_pool_entries
                0x00000000200012c0      0x100 CMakeFiles/web_cam.dir/mnt/c/Users/siddk/Downloads/PicoPiFi/pico-sdk/src/common/pico_time/time.c.obj
 .bss.sd_table  0x00000000200013c0      0x100 CMakeFiles/web_cam.dir/mnt/c/Users/siddk/Downloads/PicoPiFi/pico-sdk/src/rp2_common/pico_double/double_init_rom.c.obj
                0x00000000200013c0                sd_table
 .bss.sf_table  0x00000000200014c0      0x100 CMakeFiles/web_cam.dir/mnt/c/Users/siddk/Downloads/PicoPiFi/pico-sdk/src/rp2_common/pico_float/float_init_rom.c.obj
                0x00000000200014c0                sf_table
 .bss           0x00000000200015c0       0x1c /usr/lib/gcc/arm-none-eabi/10.3.1/thumb/v6-m/nofp/crtbegin.o
 .bss           0x00000000200015dc       0x34 /usr/lib/gcc/arm-none-eabi/10.3.1/../../../arm-none-eabi/lib/thumb/v6-m/nofp/libc.a(lib_a-mallocr.o)
                0x00000000200015dc                __malloc_top_pad
                0x00000000200015e0                __malloc_current_mallinfo
                0x0000000020001608                __malloc_max_sbrked_mem
                0x000000002000160c                __malloc_max_total_mem
 .bss           0x0000000020001610        0x4 /usr/lib/gcc/arm-none-eabi/10.3.1/../../../arm-none-eabi/lib/thumb/v6-m/nofp/libc.a(lib_a-reent.o)
                0x0000000020001610                errno
 .bss._used_instruction_space
                0x0000000020001614        0x8 CMakeFiles/web_cam.dir/mnt/c/Users/siddk/Downloads/PicoPiFi/pico-sdk/src/rp2_common/hardware_pio/pio.c.obj
 .bss.alarm_callbacks
                0x000000002000161c       0x10 CMakeFiles/web_cam.dir/mnt/c/Users/siddk/Downloads/PicoPiFi/pico-sdk/src/rp2_common/hardware_timer/timer.c.obj
 .bss.arp_entries
                0x000000002000162c       0x64 libpicowi.a(picowi_ip.c.obj)
                0x000000002000162c                arp_entries
 .bss.arp_idx   0x0000000020001690        0x4 libpicowi.a(picowi_ip.c.obj)
                0x0000000020001690                arp_idx
 .bss.cam_data  0x0000000020001694    0x28000 CMakeFiles/web_cam.dir/camera/cam_2640.c.obj
                0x0000000020001694                cam_data
 .bss.captime.4
                0x0000000020029694        0x4 CMakeFiles/web_cam.dir/web_cam.c.obj
 .bss.chars_available_callback
                0x0000000020029698        0x4 CMakeFiles/web_cam.dir/mnt/c/Users/siddk/Downloads/PicoPiFi/pico-sdk/src/rp2_common/pico_stdio_uart/stdio_uart.c.obj
 .bss.chars_available_param
                0x000000002002969c        0x4 CMakeFiles/web_cam.dir/mnt/c/Users/siddk/Downloads/PicoPiFi/pico-sdk/src/rp2_common/pico_stdio_uart/stdio_uart.c.obj
 .bss.configured_freq
                0x00000000200296a0       0x28 CMakeFiles/web_cam.dir/mnt/c/Users/siddk/Downloads/PicoPiFi/pico-sdk/src/rp2_common/hardware_clocks/clocks.c.obj
 .bss.current_evts
                0x00000000200296c8        0x4 libpicowi.a(picowi_event.c.obj)
                0x00000000200296c8                current_evts
 .bss.default_alarm_pool_entry_ids_high
                0x00000000200296cc       0x10 CMakeFiles/web_cam.dir/mnt/c/Users/siddk/Downloads/PicoPiFi/pico-sdk/src/common/pico_time/time.c.obj
 .bss.default_alarm_pool_heap_nodes
                0x00000000200296dc       0x30 CMakeFiles/web_cam.dir/mnt/c/Users/siddk/Downloads/PicoPiFi/pico-sdk/src/common/pico_time/time.c.obj
 .bss.dhcp_complete
                0x000000002002970c        0x4 libpicowi.a(picowi_dhcp.c.obj)
                0x000000002002970c                dhcp_complete
 .bss.dhcp_state
                0x0000000020029710        0x4 libpicowi.a(picowi_dhcp.c.obj)
                0x0000000020029710                dhcp_state
 .bss.dhcp_ticks.0
                0x0000000020029714        0x4 libpicowi.a(picowi_dhcp.c.obj)
 .bss.display_mode
                0x0000000020029718        0x4 libpicowi.a(picowi_init.c.obj)
                0x0000000020029718                display_mode
 .bss.dlen.3    0x000000002002971c        0x4 CMakeFiles/web_cam.dir/web_cam.c.obj
 .bss.dns_ip    0x0000000020029720        0x4 libpicowi.a(picowi_dhcp.c.obj)
                0x0000000020029720                dns_ip
 .bss.drivers   0x0000000020029724        0x4 CMakeFiles/web_cam.dir/mnt/c/Users/siddk/Downloads/PicoPiFi/pico-sdk/src/rp2_common/pico_stdio/stdio.c.obj
 .bss.event_handlers
                0x0000000020029728       0x50 libpicowi.a(picowi_event.c.obj)
                0x0000000020029728                event_handlers
 .bss.event_info
                0x0000000020029778       0x28 libpicowi.a(picowi_event.c.obj)
                0x0000000020029778                event_info
 .bss.event_mask
                0x00000000200297a0       0x1a libpicowi.a(picowi_event.c.obj)
                0x00000000200297a0                event_mask
 *fill*         0x00000000200297ba        0x2 
 .bss.event_ports
                0x00000000200297bc       0x28 libpicowi.a(picowi_event.c.obj)
                0x00000000200297bc                event_ports
 .bss.filter    0x00000000200297e4        0x4 CMakeFiles/web_cam.dir/mnt/c/Users/siddk/Downloads/PicoPiFi/pico-sdk/src/rp2_common/pico_stdio/stdio.c.obj
 .bss.heap_end.0
                0x00000000200297e8        0x4 CMakeFiles/web_cam.dir/mnt/c/Users/siddk/Downloads/PicoPiFi/pico-sdk/src/rp2_common/pico_runtime/runtime.c.obj