Archive member included to satisfy reference by file (symbol)

libpicowi.a(picowi_pico.c.obj)
                              CMakeFiles/web_server_usb_rndis.dir/web_server_usb_rndis.c.obj (io_init)
libpicowi.a(picowi_init.c.obj)
                              CMakeFiles/web_server_usb_rndis.dir/web_server_usb_rndis.c.obj (wifi_set_led)
libpicowi.a(picowi_wifi.c.obj)
                              libpicowi.a(picowi_init.c.obj) (wifi_reg_read)
libpicowi.a(picowi_ioctl.c.obj)
                              libpicowi.a(picowi_init.c.obj) (ioctl_set_uint32)
libpicowi.a(picowi_event.c.obj)
                              CMakeFiles/web_server_usb_rndis.dir/web_server_usb_rndis.c.obj (add_event_handler)
libpicowi.a(picowi_join.c.obj)
                              CMakeFiles/web_server_usb_rndis.dir/web_server_usb_rndis.c.obj (link_check)
libpicowi.a(picowi_net.c.obj)
                              CMakeFiles/web_server_usb_rndis.dir/web_server_usb_rndis.c.obj (net_init)
libpicowi.a(picowi_tcp.c.obj)
                              libpicowi.a(picowi_net.c.obj) (tcp_sock_unused)
libpicowi.a(picowi_web.c.obj)
                              libpicowi.a(picowi_tcp.c.obj) (web_page_rx)
libpicowi.a(fw_43439.c.obj)   libpicowi.a(picowi_init.c.obj) (fw_clm_len)
libpicowi.a(picowi_ip.c.obj)  libpicowi.a(picowi_net.c.obj) (ip_init)
libpicowi.a(picowi_udp.c.obj)
                              libpicowi.a(picowi_net.c.obj) (udp_event_handler)
libpicowi.a(picowi_dhcp.c.obj)
                              libpicowi.a(picowi_net.c.obj) (dhcp_poll)
libcherryusblib.a(usb_dc_rp2040.c.obj)
                              CMakeFiles/web_server_usb_rndis.dir/src/cdc_rndis_device.c.obj (usbd_ep_start_write)
libcherryusblib.a(usbd_cdc.c.obj)
                              CMakeFiles/web_server_usb_rndis.dir/src/cdc_rndis_device.c.obj (usbd_cdc_acm_init_intf)
libcherryusblib.a(usbd_rndis.c.obj)
                              CMakeFiles/web_server_usb_rndis.dir/web_server_usb_rndis.c.obj (usbd_rndis_eth_tx)
libcherryusblib.a(usbd_core.c.obj)
                              libcherryusblib.a(usb_dc_rp2040.c.obj) (usbd_event_reset_handler)
/usr/lib/gcc/arm-none-eabi/10.3.1/thumb/v6-m/nofp/libgcc.a(_dvmd_tls.o)
                              CMakeFiles/web_server_usb_rndis.dir/mnt/c/Users/siddk/Downloads/PicoPiFi/pico-sdk/src/rp2_common/pico_divider/divider.S.obj (__aeabi_idiv0)
/usr/lib/gcc/arm-none-eabi/10.3.1/../../../arm-none-eabi/lib/thumb/v6-m/nofp/libc.a(lib_a-atexit.o)
                              /usr/lib/gcc/arm-none-eabi/10.3.1/../../../arm-none-eabi/lib/thumb/v6-m/nofp/crt0.o (atexit)
/usr/lib/gcc/arm-none-eabi/10.3.1/../../../arm-none-eabi/lib/thumb/v6-m/nofp/libc.a(lib_a-calloc.o)
                              CMakeFiles/web_server_usb_rndis.dir/mnt/c/Users/siddk/Downloads/PicoPiFi/pico-sdk/src/rp2_common/pico_malloc/pico_malloc.c.obj (calloc)
/usr/lib/gcc/arm-none-eabi/10.3.1/../../../arm-none-eabi/lib/thumb/v6-m/nofp/libc.a(lib_a-callocr.o)
                              /usr/lib/gcc/arm-none-eabi/10.3.1/../../../arm-none-eabi/lib/thumb/v6-m/nofp/libc.a(lib_a-calloc.o) (_calloc_r)
/usr/lib/gcc/arm-none-eabi/10.3.1/../../../arm-none-eabi/lib/thumb/v6-m/nofp/libc.a(lib_a-fini.o)
                              /usr/lib/gcc/arm-none-eabi/10.3.1/../../../arm-none-eabi/lib/thumb/v6-m/nofp/crt0.o (__libc_fini_array)
/usr/lib/gcc/arm-none-eabi/10.3.1/../../../arm-none-eabi/lib/thumb/v6-m/nofp/libc.a(lib_a-impure.o)
                              /usr/lib/gcc/arm-none-eabi/10.3.1/../../../arm-none-eabi/lib/thumb/v6-m/nofp/libc.a(lib_a-calloc.o) (_impure_ptr)
/usr/lib/gcc/arm-none-eabi/10.3.1/../../../arm-none-eabi/lib/thumb/v6-m/nofp/libc.a(lib_a-init.o)
                              /usr/lib/gcc/arm-none-eabi/10.3.1/../../../arm-none-eabi/lib/thumb/v6-m/nofp/crt0.o (__libc_init_array)
/usr/lib/gcc/arm-none-eabi/10.3.1/../../../arm-none-eabi/lib/thumb/v6-m/nofp/libc.a(lib_a-malloc.o)
                              CMakeFiles/web_server_usb_rndis.dir/mnt/c/Users/siddk/Downloads/PicoPiFi/pico-sdk/src/rp2_common/pico_malloc/pico_malloc.c.obj (malloc)
/usr/lib/gcc/arm-none-eabi/10.3.1/../../../arm-none-eabi/lib/thumb/v6-m/nofp/libc.a(lib_a-mallocr.o)
                              /usr/lib/gcc/arm-none-eabi/10.3.1/../../../arm-none-eabi/lib/thumb/v6-m/nofp/libc.a(lib_a-callocr.o) (_malloc_r)
/usr/lib/gcc/arm-none-eabi/10.3.1/../../../arm-none-eabi/lib/thumb/v6-m/nofp/libc.a(lib_a-memcmp.o)
                              libpicowi.a(picowi_web.c.obj) (memcmp)
/usr/lib/gcc/arm-none-eabi/10.3.1/../../../arm-none-eabi/lib/thumb/v6-m/nofp/libc.a(lib_a-mlock.o)
                              /usr/lib/gcc/arm-none-eabi/10.3.1/../../../arm-none-eabi/lib/thumb/v6-m/nofp/libc.a(lib_a-mallocr.o) (__malloc_lock)
/usr/lib/gcc/arm-none-eabi/10.3.1/../../../arm-none-eabi/lib/thumb/v6-m/nofp/libc.a(lib_a-realloc.o)
[...]
Memory Configuration

Name             Origin             Length             Attributes
FLASH            0x0000000010000000 0x0000000000200000 xr
RAM              0x0000000020000000 0x0000000000040000 xrw
SCRATCH_X        0x0000000020040000 0x0000000000001000 xrw
SCRATCH_Y        0x0000000020041000 0x0000000000001000 xrw
*default*        0x0000000000000000 0xffffffffffffffff

Linker script and memory map

LOAD /usr/lib/gcc/arm-none-eabi/10.3.1/thumb/v6-m/nofp/crti.o
LOAD /usr/lib/gcc/arm-none-eabi/10.3.1/thumb/v6-m/nofp/crtbegin.o
LOAD /usr/lib/gcc/arm-none-eabi/10.3.1/../../../arm-none-eabi/lib/thumb/v6-m/nofp/crt0.o

.flash_begin    0x0000000010000000        0x0
                0x0000000010000000                __flash_binary_start = .

.boot2          0x0000000010000000      0x100
                0x0000000010000000                __boot2_start__ = .
 *(.boot2)
 .boot2         0x0000000010000000      0x100 /tmp/ccqKd8bs.o
                0x0000000010000100                __boot2_end__ = .
                0x0000000000000001                ASSERT (((__boot2_end__ - __boot2_start__) == 0x100), ERROR: Pico second stage bootloader must be 256 bytes in size)

.text           0x0000000010000100     0xa370
                0x0000000010000100                __logical_binary_start = .
 *(.vectors)
 .vectors       0x0000000010000100       0xd4 CMakeFiles/web_server_usb_rndis.dir/mnt/c/Users/siddk/Downloads/PicoPiFi/pico-sdk/src/rp2_common/pico_standard_link/crt0.S.obj
                0x0000000010000100                __vectors
                0x0000000010000100                __VECTOR_TABLE
                0x00000000100001c0                isr_invalid
                0x00000000100001c0                __default_isrs_start
                0x00000000100001c2                isr_nmi
                0x00000000100001c4                isr_hardfault
                0x00000000100001c6                isr_svcall
                0x00000000100001c8                isr_pendsv
                0x00000000100001ca                isr_systick
                0x00000000100001cc                isr_irq30
                0x00000000100001cc                __unhandled_user_irq
                0x00000000100001cc                isr_irq13
                0x00000000100001cc                isr_irq27
                0x00000000100001cc                isr_irq31
                0x00000000100001cc                isr_irq11
                0x00000000100001cc                isr_irq23
                0x00000000100001cc                isr_irq18
                0x00000000100001cc                isr_irq28
                0x00000000100001cc                isr_irq19
                0x00000000100001cc                isr_irq0
                0x00000000100001cc                isr_irq6
                0x00000000100001cc                isr_irq22
                0x00000000100001cc                isr_irq17
                0x00000000100001cc                isr_irq14
                0x00000000100001cc                isr_irq2
                0x00000000100001cc                isr_irq10
                0x00000000100001cc                isr_irq8
                0x00000000100001cc                isr_irq24
                0x00000000100001cc                isr_irq1
                0x00000000100001cc                isr_irq7
                0x00000000100001cc                isr_irq21
                0x00000000100001cc                isr_irq20
                0x00000000100001cc                isr_irq15
                0x00000000100001cc                isr_irq25
                0x00000000100001cc                isr_irq4
                0x00000000100001cc                isr_irq16
                0x00000000100001cc                isr_irq29
                0x00000000100001cc                isr_irq26
                0x00000000100001cc                __default_isrs_end
                0x00000000100001cc                isr_irq3
                0x00000000100001cc                isr_irq12
                0x00000000100001cc                isr_irq9
                0x00000000100001d2                unhandled_user_irq_num_in_r0
 *(.binary_info_header)
 .binary_info_header
                0x00000000100001d4       0x14 CMakeFiles/web_server_usb_rndis.dir/mnt/c/Users/siddk/Downloads/PicoPiFi/pico-sdk/src/rp2_common/pico_standard_link/crt0.S.obj
                0x00000000100001e8                __binary_info_header_end = .
 *(.reset)
 .reset         0x00000000100001e8       0xa0 CMakeFiles/web_server_usb_rndis.dir/mnt/c/Users/siddk/Downloads/PicoPiFi/pico-sdk/src/rp2_common/pico_standard_link/crt0.S.obj
                0x00000000100001e8                _entry_point
 .reset         0x0000000010000288       0x30 CMakeFiles/web_server_usb_rndis.dir/mnt/c/Users/siddk/Downloads/PicoPiFi/pico-sdk/src/rp2_common/pico_standard_link/binary_info.c.obj
 *(.init)
 .init          0x00000000100002b8        0x4 /usr/lib/gcc/arm-none-eabi/10.3.1/thumb/v6-m/nofp/crti.o
                0x00000000100002b8                _init
 *(EXCLUDE_FILE(*libm.a: *libc.a:*lib_a-mem*.o *libgcc.a:) .text*)
 .text          0x00000000100002bc       0x98 /usr/lib/gcc/arm-none-eabi/10.3.1/thumb/v6-m/nofp/crtbegin.o
 .text.simple_eth_event_handler
                0x0000000010000354       0x70 CMakeFiles/web_server_usb_rndis.dir/web_server_usb_rndis.c.obj
                0x0000000010000354                simple_eth_event_handler
 .text.startup.main
                0x00000000100003c4       0xb4 CMakeFiles/web_server_usb_rndis.dir/web_server_usb_rndis.c.obj
                0x00000000100003c4                main
 .text.usbd_cdc_acm_bulk_out
                0x0000000010000478       0xfc CMakeFiles/web_server_usb_rndis.dir/src/cdc_rndis_device.c.obj
                0x0000000010000478                usbd_cdc_acm_bulk_out
 .text.usbd_event_handler
                0x0000000010000574       0x40 CMakeFiles/web_server_usb_rndis.dir/src/cdc_rndis_device.c.obj
                0x0000000010000574                usbd_event_handler
 .text.usbd_cdc_acm_bulk_in
                0x00000000100005b4       0x24 CMakeFiles/web_server_usb_rndis.dir/src/cdc_rndis_device.c.obj
                0x00000000100005b4                usbd_cdc_acm_bulk_in
 .text.usbd_rndis_data_recv_done
                0x00000000100005d8        0x4 CMakeFiles/web_server_usb_rndis.dir/src/cdc_rndis_device.c.obj
                0x00000000100005d8                usbd_rndis_data_recv_done
 .text.cdc_rndis_init
                0x00000000100005dc      0x11c CMakeFiles/web_server_usb_rndis.dir/src/cdc_rndis_device.c.obj
                0x00000000100005dc                cdc_rndis_init
 .text.usbd_cdc_acm_set_dtr
                0x00000000100006f8       0x14 CMakeFiles/web_server_usb_rndis.dir/src/cdc_rndis_device.c.obj
                0x00000000100006f8                usbd_cdc_acm_set_dtr
 .text.pbuf_free.part.0
                0x000000001000070c       0xb0 CMakeFiles/web_server_usb_rndis.dir/mnt/c/Users/siddk/Downloads/PicoPiFi/pico-sdk/lib/lwip/src/core/pbuf.c.obj
 .text.pbuf_alloc
                0x00000000100007bc      0x124 CMakeFiles/web_server_usb_rndis.dir/mnt/c/Users/siddk/Downloads/PicoPiFi/pico-sdk/lib/lwip/src/core/pbuf.c.obj
                0x00000000100007bc                pbuf_alloc
 .text.pbuf_take
                0x00000000100008e0       0x80 CMakeFiles/web_server_usb_rndis.dir/mnt/c/Users/siddk/Downloads/PicoPiFi/pico-sdk/lib/lwip/src/core/pbuf.c.obj
                0x00000000100008e0                pbuf_take
 .text.mem_free
                0x0000000010000960      0x15c CMakeFiles/web_server_usb_rndis.dir/mnt/c/Users/siddk/Downloads/PicoPiFi/pico-sdk/lib/lwip/src/core/mem.c.obj
                0x0000000010000960                mem_free
 .text.mem_malloc
                0x0000000010000abc      0x19c CMakeFiles/web_server_usb_rndis.dir/mnt/c/Users/siddk/Downloads/PicoPiFi/pico-sdk/lib/lwip/src/core/mem.c.obj
                0x0000000010000abc                mem_malloc
 .text.memp_malloc
                0x0000000010000c58       0x50 CMakeFiles/web_server_usb_rndis.dir/mnt/c/Users/siddk/Downloads/PicoPiFi/pico-sdk/lib/lwip/src/core/memp.c.obj
                0x0000000010000c58                memp_malloc
 .text.memp_free
                0x0000000010000ca8       0x38 CMakeFiles/web_server_usb_rndis.dir/mnt/c/Users/siddk/Downloads/PicoPiFi/pico-sdk/lib/lwip/src/core/memp.c.obj
                0x0000000010000ca8                memp_free
 .text.gpio_set_function
                0x0000000010000ce0       0x30 CMakeFiles/web_server_usb_rndis.dir/mnt/c/Users/siddk/Downloads/PicoPiFi/pico-sdk/src/rp2_common/hardware_gpio/gpio.c.obj
                0x0000000010000ce0                gpio_set_function
 .text.gpio_set_pulls
                0x0000000010000d10       0x30 CMakeFiles/web_server_usb_rndis.dir/mnt/c/Users/siddk/Downloads/PicoPiFi/pico-sdk/src/rp2_common/hardware_gpio/gpio.c.obj
                0x0000000010000d10                gpio_set_pulls
 .text.gpio_set_input_hysteresis_enabled
                0x0000000010000d40       0x28 CMakeFiles/web_server_usb_rndis.dir/mnt/c/Users/siddk/Downloads/PicoPiFi/pico-sdk/src/rp2_common/hardware_gpio/gpio.c.obj
                0x0000000010000d40                gpio_set_input_hysteresis_enabled
 .text.gpio_init
                0x0000000010000d68       0x3c CMakeFiles/web_server_usb_rndis.dir/mnt/c/Users/siddk/Downloads/PicoPiFi/pico-sdk/src/rp2_common/hardware_gpio/gpio.c.obj
                0x0000000010000d68                gpio_init
 .text.running_on_fpga
                0x0000000010000da4       0x10 CMakeFiles/web_server_usb_rndis.dir/mnt/c/Users/siddk/Downloads/PicoPiFi/pico-sdk/src/rp2_common/pico_platform/platform.c.obj
                0x0000000010000da4                running_on_fpga
 .text.hw_claim_lock
                0x0000000010000db4       0x18 CMakeFiles/web_server_usb_rndis.dir/mnt/c/Users/siddk/Downloads/PicoPiFi/pico-sdk/src/rp2_common/hardware_claim/claim.c.obj
                0x0000000010000db4                hw_claim_lock
 .text.hw_claim_unlock
                0x0000000010000dcc       0x14 CMakeFiles/web_server_usb_rndis.dir/mnt/c/Users/siddk/Downloads/PicoPiFi/pico-sdk/src/rp2_common/hardware_claim/claim.c.obj
                0x0000000010000dcc                hw_claim_unlock
 .text.hw_claim_or_assert
                0x0000000010000de0       0x44 CMakeFiles/web_server_usb_rndis.dir/mnt/c/Users/siddk/Downloads/PicoPiFi/pico-sdk/src/rp2_common/hardware_claim/claim.c.obj
                0x0000000010000de0                hw_claim_or_assert
 .text.hw_claim_unused_from_range
                0x0000000010000e24       0x9c CMakeFiles/web_server_usb_rndis.dir/mnt/c/Users/siddk/Downloads/PicoPiFi/pico-sdk/src/rp2_common/hardware_claim/claim.c.obj
                0x0000000010000e24                hw_claim_unused_from_range
 .text.spin_locks_reset
                0x0000000010000ec0       0x1c CMakeFiles/web_server_usb_rndis.dir/mnt/c/Users/siddk/Downloads/PicoPiFi/pico-sdk/src/rp2_common/hardware_sync/sync.c.obj
                0x0000000010000ec0                spin_locks_reset
 .text.next_striped_spin_lock_num
                0x0000000010000edc       0x18 CMakeFiles/web_server_usb_rndis.dir/mnt/c/Users/siddk/Downloads/PicoPiFi/pico-sdk/src/rp2_common/hardware_sync/sync.c.obj
                0x0000000010000edc                next_striped_spin_lock_num
 .text.irq_set_enabled
                0x0000000010000ef4       0x24 CMakeFiles/web_server_usb_rndis.dir/mnt/c/Users/siddk/Downloads/PicoPiFi/pico-sdk/src/rp2_common/hardware_irq/irq.c.obj
                0x0000000010000ef4                irq_set_enabled
 .text.irq_get_vtable_handler
                0x0000000010000f18       0x10 CMakeFiles/web_server_usb_rndis.dir/mnt/c/Users/siddk/Downloads/PicoPiFi/pico-sdk/src/rp2_common/hardware_irq/irq.c.obj
                0x0000000010000f18                irq_get_vtable_handler
 .text.irq_set_exclusive_handler
                0x0000000010000f28       0x54 CMakeFiles/web_server_usb_rndis.dir/mnt/c/Users/siddk/Downloads/PicoPiFi/pico-sdk/src/rp2_common/hardware_irq/irq.c.obj
                0x0000000010000f28                irq_set_exclusive_handler
 .text.irq_remove_handler
                0x0000000010000f7c      0x1b0 CMakeFiles/web_server_usb_rndis.dir/mnt/c/Users/siddk/Downloads/PicoPiFi/pico-sdk/src/rp2_common/hardware_irq/irq.c.obj
                0x0000000010000f7c                irq_remove_handler
 .text.irq_add_tail_to_free_list
                0x000000001000112c       0xb4 CMakeFiles/web_server_usb_rndis.dir/mnt/c/Users/siddk/Downloads/PicoPiFi/pico-sdk/src/rp2_common/hardware_irq/irq.c.obj
                0x000000001000112c                irq_add_tail_to_free_list
 .text.irq_init_priorities
                0x00000000100011e0       0x24 CMakeFiles/web_server_usb_rndis.dir/mnt/c/Users/siddk/Downloads/PicoPiFi/pico-sdk/src/rp2_common/hardware_irq/irq.c.obj
                0x00000000100011e0                irq_init_priorities
 .text.lock_init
                0x0000000010001204       0x10 CMakeFiles/web_server_usb_rndis.dir/mnt/c/Users/siddk/Downloads/PicoPiFi/pico-sdk/src/common/pico_sync/lock_core.c.obj
                0x0000000010001204                lock_init
 .text.mutex_init
                0x0000000010001214       0x1c CMakeFiles/web_server_usb_rndis.dir/mnt/c/Users/siddk/Downloads/PicoPiFi/pico-sdk/src/common/pico_sync/mutex.c.obj
                0x0000000010001214                mutex_init
 .text.recursive_mutex_init
                0x0000000010001230       0x1c CMakeFiles/web_server_usb_rndis.dir/mnt/c/Users/siddk/Downloads/PicoPiFi/pico-sdk/src/common/pico_sync/mutex.c.obj
                0x0000000010001230                recursive_mutex_init
 .text.timer_pool_entry_comparator
                0x000000001000124c       0x34 CMakeFiles/web_server_usb_rndis.dir/mnt/c/Users/siddk/Downloads/PicoPiFi/pico-sdk/src/common/pico_time/time.c.obj
                0x000000001000124c                timer_pool_entry_comparator
 .text.sleep_until_callback
                0x0000000010001280       0x30 CMakeFiles/web_server_usb_rndis.dir/mnt/c/Users/siddk/Downloads/PicoPiFi/pico-sdk/src/common/pico_time/time.c.obj
 .text.add_alarm_under_lock.isra.0
                0x00000000100012b0      0x100 CMakeFiles/web_server_usb_rndis.dir/mnt/c/Users/siddk/Downloads/PicoPiFi/pico-sdk/src/common/pico_time/time.c.obj
 .text.alarm_pool_alarm_callback
                0x00000000100013b0      0x1bc CMakeFiles/web_server_usb_rndis.dir/mnt/c/Users/siddk/Downloads/PicoPiFi/pico-sdk/src/common/pico_time/time.c.obj
 .text.alarm_pool_init_default
                0x000000001000156c       0x6c CMakeFiles/web_server_usb_rndis.dir/mnt/c/Users/siddk/Downloads/PicoPiFi/pico-sdk/src/common/pico_time/time.c.obj
                0x000000001000156c                alarm_pool_init_default
 .text.alarm_pool_add_alarm_at
                0x00000000100015d8      0x178 CMakeFiles/web_server_usb_rndis.dir/mnt/c/Users/siddk/Downloads/PicoPiFi/pico-sdk/src/common/pico_time/time.c.obj
                0x00000000100015d8                alarm_pool_add_alarm_at
 .text.best_effort_wfe_or_timeout
                0x0000000010001750       0xd4 CMakeFiles/web_server_usb_rndis.dir/mnt/c/Users/siddk/Downloads/PicoPiFi/pico-sdk/src/common/pico_time/time.c.obj
                0x0000000010001750                best_effort_wfe_or_timeout
 .text.hardware_alarm_irq_handler
                0x0000000010001824       0xbc CMakeFiles/web_server_usb_rndis.dir/mnt/c/Users/siddk/Downloads/PicoPiFi/pico-sdk/src/rp2_common/hardware_timer/timer.c.obj
 .text.hardware_alarm_claim
                0x00000000100018e0       0x18 CMakeFiles/web_server_usb_rndis.dir/mnt/c/Users/siddk/Downloads/PicoPiFi/pico-sdk/src/rp2_common/hardware_timer/timer.c.obj
                0x00000000100018e0                hardware_alarm_claim
 .text.time_us_64
                0x00000000100018f8       0x14 CMakeFiles/web_server_usb_rndis.dir/mnt/c/Users/siddk/Downloads/PicoPiFi/pico-sdk/src/rp2_common/hardware_timer/timer.c.obj
                0x00000000100018f8                time_us_64
 .text.busy_wait_us
                0x000000001000190c       0x54 CMakeFiles/web_server_usb_rndis.dir/mnt/c/Users/siddk/Downloads/PicoPiFi/pico-sdk/src/rp2_common/hardware_timer/timer.c.obj
                0x000000001000190c                busy_wait_us
 .text.hardware_alarm_set_callback
                0x0000000010001960       0x8c CMakeFiles/web_server_usb_rndis.dir/mnt/c/Users/siddk/Downloads/PicoPiFi/pico-sdk/src/rp2_common/hardware_timer/timer.c.obj
                0x0000000010001960                hardware_alarm_set_callback
 .text.hardware_alarm_set_target
                0x00000000100019ec       0xd4 CMakeFiles/web_server_usb_rndis.dir/mnt/c/Users/siddk/Downloads/PicoPiFi/pico-sdk/src/rp2_common/hardware_timer/timer.c.obj
                0x00000000100019ec                hardware_alarm_set_target
 .text.hardware_alarm_cancel
                0x0000000010001ac0       0x3c CMakeFiles/web_server_usb_rndis.dir/mnt/c/Users/siddk/Downloads/PicoPiFi/pico-sdk/src/rp2_common/hardware_timer/timer.c.obj
                0x0000000010001ac0                hardware_alarm_cancel
 .text.ph_merge_nodes
                0x0000000010001afc       0x68 CMakeFiles/web_server_usb_rndis.dir/mnt/c/Users/siddk/Downloads/PicoPiFi/pico-sdk/src/common/pico_util/pheap.c.obj
 .text.ph_post_alloc_init
                0x0000000010001b64       0x3c CMakeFiles/web_server_usb_rndis.dir/mnt/c/Users/siddk/Downloads/PicoPiFi/pico-sdk/src/common/pico_util/pheap.c.obj
                0x0000000010001b64                ph_post_alloc_init
 .text.ph_merge_two_pass
                0x0000000010001ba0       0x90 CMakeFiles/web_server_usb_rndis.dir/mnt/c/Users/siddk/Downloads/PicoPiFi/pico-sdk/src/common/pico_util/pheap.c.obj
                0x0000000010001ba0                ph_merge_two_pass
 .text.ph_remove_any_head
                0x0000000010001c30      0x100 CMakeFiles/web_server_usb_rndis.dir/mnt/c/Users/siddk/Downloads/PicoPiFi/pico-sdk/src/common/pico_util/pheap.c.obj
 .text.ph_remove_head
                0x0000000010001d30      0x104 CMakeFiles/web_server_usb_rndis.dir/mnt/c/Users/siddk/Downloads/PicoPiFi/pico-sdk/src/common/pico_util/pheap.c.obj
                0x0000000010001d30                ph_remove_head
 .text.ph_remove_and_free_node
                0x0000000010001e34       0x7c CMakeFiles/web_server_usb_rndis.dir/mnt/c/Users/siddk/Downloads/PicoPiFi/pico-sdk/src/common/pico_util/pheap.c.obj
                0x0000000010001e34                ph_remove_and_free_node
 .text.uart_init
                0x0000000010001eb0      0x188 CMakeFiles/web_server_usb_rndis.dir/mnt/c/Users/siddk/Downloads/PicoPiFi/pico-sdk/src/rp2_common/hardware_uart/uart.c.obj
                0x0000000010001eb0                uart_init
 .text.clocks_init
                0x0000000010002038      0x2d0 CMakeFiles/web_server_usb_rndis.dir/mnt/c/Users/siddk/Downloads/PicoPiFi/pico-sdk/src/rp2_common/hardware_clocks/clocks.c.obj
                0x0000000010002038                clocks_init
 .text.clock_get_hz
                0x0000000010002308        0xc CMakeFiles/web_server_usb_rndis.dir/mnt/c/Users/siddk/Downloads/PicoPiFi/pico-sdk/src/rp2_common/hardware_clocks/clocks.c.obj
                0x0000000010002308                clock_get_hz
 .text.pll_init
                0x0000000010002314       0xa0 CMakeFiles/web_server_usb_rndis.dir/mnt/c/Users/siddk/Downloads/PicoPiFi/pico-sdk/src/rp2_common/hardware_pll/pll.c.obj
                0x0000000010002314                pll_init
 .text.watchdog_start_tick
                0x00000000100023b4       0x10 CMakeFiles/web_server_usb_rndis.dir/mnt/c/Users/siddk/Downloads/PicoPiFi/pico-sdk/src/rp2_common/hardware_watchdog/watchdog.c.obj
                0x00000000100023b4                watchdog_start_tick
 .text.xosc_init
                0x00000000100023c4       0x28 CMakeFiles/web_server_usb_rndis.dir/mnt/c/Users/siddk/Downloads/PicoPiFi/pico-sdk/src/rp2_common/hardware_xosc/xosc.c.obj
                0x00000000100023c4                xosc_init
 .text.runtime_init
                0x00000000100023ec       0xf0 CMakeFiles/web_server_usb_rndis.dir/mnt/c/Users/siddk/Downloads/PicoPiFi/pico-sdk/src/rp2_common/pico_runtime/runtime.c.obj
                0x00000000100023ec                runtime_init
 .text._exit    0x00000000100024dc        0x4 CMakeFiles/web_server_usb_rndis.dir/mnt/c/Users/siddk/Downloads/PicoPiFi/pico-sdk/src/rp2_common/pico_runtime/runtime.c.obj
                0x00000000100024dc                _exit
 .text.exit     0x00000000100024e0        0x8 CMakeFiles/web_server_usb_rndis.dir/mnt/c/Users/siddk/Downloads/PicoPiFi/pico-sdk/src/rp2_common/pico_runtime/runtime.c.obj
                0x00000000100024e0                exit
 .text.panic    0x00000000100024e8       0x30 CMakeFiles/web_server_usb_rndis.dir/mnt/c/Users/siddk/Downloads/PicoPiFi/pico-sdk/src/rp2_common/pico_runtime/runtime.c.obj
                0x00000000100024e8                panic
 .text.hard_assertion_failure
                0x0000000010002518        0xc CMakeFiles/web_server_usb_rndis.dir/mnt/c/Users/siddk/Downloads/PicoPiFi/pico-sdk/src/rp2_common/pico_runtime/runtime.c.obj
                0x0000000010002518                hard_assertion_failure
 .text._out_buffer
                0x0000000010002524        0x8 CMakeFiles/web_server_usb_rndis.dir/mnt/c/Users/siddk/Downloads/PicoPiFi/pico-sdk/src/rp2_common/pico_printf/printf.c.obj
 .text._out_null
                0x000000001000252c        0x4 CMakeFiles/web_server_usb_rndis.dir/mnt/c/Users/siddk/Downloads/PicoPiFi/pico-sdk/src/rp2_common/pico_printf/printf.c.obj
 .text._out_rev
                0x0000000010002530       0x9c CMakeFiles/web_server_usb_rndis.dir/mnt/c/Users/siddk/Downloads/PicoPiFi/pico-sdk/src/rp2_common/pico_printf/printf.c.obj
 .text._ntoa_format
                0x00000000100025cc      0x1cc CMakeFiles/web_server_usb_rndis.dir/mnt/c/Users/siddk/Downloads/PicoPiFi/pico-sdk/src/rp2_common/pico_printf/printf.c.obj
 .text._out_char
                0x0000000010002798       0x10 CMakeFiles/web_server_usb_rndis.dir/mnt/c/Users/siddk/Downloads/PicoPiFi/pico-sdk/src/rp2_common/pico_printf/printf.c.obj
 .text._out_fct
                0x00000000100027a8       0x10 CMakeFiles/web_server_usb_rndis.dir/mnt/c/Users/siddk/Downloads/PicoPiFi/pico-sdk/src/rp2_common/pico_printf/printf.c.obj
 .text._etoa    0x00000000100027b8      0x44c CMakeFiles/web_server_usb_rndis.dir/mnt/c/Users/siddk/Downloads/PicoPiFi/pico-sdk/src/rp2_common/pico_printf/printf.c.obj
 .text._ftoa    0x0000000010002c04      0x398 CMakeFiles/web_server_usb_rndis.dir/mnt/c/Users/siddk/Downloads/PicoPiFi/pico-sdk/src/rp2_common/pico_printf/printf.c.obj
 .text._vsnprintf
                0x0000000010002f9c      0xb04 CMakeFiles/web_server_usb_rndis.dir/mnt/c/Users/siddk/Downloads/PicoPiFi/pico-sdk/src/rp2_common/pico_printf/printf.c.obj
 .text.__wrap_sprintf
                0x0000000010003aa0       0x28 CMakeFiles/web_server_usb_rndis.dir/mnt/c/Users/siddk/Downloads/PicoPiFi/pico-sdk/src/rp2_common/pico_printf/printf.c.obj
                0x0000000010003aa0                __wrap_sprintf
 .text.vfctprintf
                0x0000000010003ac8       0x20 CMakeFiles/web_server_usb_rndis.dir/mnt/c/Users/siddk/Downloads/PicoPiFi/pico-sdk/src/rp2_common/pico_printf/printf.c.obj
                0x0000000010003ac8                vfctprintf
 .text.weak_raw_vprintf
                0x0000000010003ae8       0x30 CMakeFiles/web_server_usb_rndis.dir/mnt/c/Users/siddk/Downloads/PicoPiFi/pico-sdk/src/rp2_common/pico_printf/printf.c.obj
                0x0000000010003ae8                weak_raw_vprintf
 .text          0x0000000010003b18       0x10 CMakeFiles/web_server_usb_rndis.dir/mnt/c/Users/siddk/Downloads/PicoPiFi/pico-sdk/src/rp2_common/pico_bit_ops/bit_ops_aeabi.S.obj
 .text.rom_func_lookup
                0x0000000010003b28       0x10 CMakeFiles/web_server_usb_rndis.dir/mnt/c/Users/siddk/Downloads/PicoPiFi/pico-sdk/src/rp2_common/pico_bootrom/bootrom.c.obj
                0x0000000010003b28                rom_func_lookup
 .text.rom_data_lookup
                0x0000000010003b38       0x10 CMakeFiles/web_server_usb_rndis.dir/mnt/c/Users/siddk/Downloads/PicoPiFi/pico-sdk/src/rp2_common/pico_bootrom/bootrom.c.obj
                0x0000000010003b38                rom_data_lookup
 .text.rom_funcs_lookup
                0x0000000010003b48       0x44 CMakeFiles/web_server_usb_rndis.dir/mnt/c/Users/siddk/Downloads/PicoPiFi/pico-sdk/src/rp2_common/pico_bootrom/bootrom.c.obj
                0x0000000010003b48                rom_funcs_lookup
 .text.__wrap___aeabi_idiv
                0x0000000010003b8c       0x50 CMakeFiles/web_server_usb_rndis.dir/mnt/c/Users/siddk/Downloads/PicoPiFi/pico-sdk/src/rp2_common/pico_divider/divider.S.obj
                0x0000000010003b8c                __wrap___aeabi_idivmod
                0x0000000010003b8c                divmod_s32s32
                0x0000000010003b8c                div_s32s32
                0x0000000010003b8c                __wrap___aeabi_idiv
                0x0000000010003b94                divmod_s32s32_unsafe
                0x0000000010003bc0                divmod_s32s32_savestate
 .text.__wrap___aeabi_uidiv
                0x0000000010003bdc       0x4c CMakeFiles/web_server_usb_rndis.dir/mnt/c/Users/siddk/Downloads/PicoPiFi/pico-sdk/src/rp2_common/pico_divider/divider.S.obj
                0x0000000010003bdc                __wrap___aeabi_uidiv
                0x0000000010003bdc                __wrap___aeabi_uidivmod
                0x0000000010003bdc                div_u32u32
                0x0000000010003bdc                divmod_u32u32
                0x0000000010003be4                divmod_u32u32_unsafe
                0x0000000010003c0c                divmod_u32u32_savestate
 .text.__wrap___aeabi_ldiv
                0x0000000010003c28      0x424 CMakeFiles/web_server_usb_rndis.dir/mnt/c/Users/siddk/Downloads/PicoPiFi/pico-sdk/src/rp2_common/pico_divider/divider.S.obj
                0x0000000010003c28                div_s64s64
                0x0000000010003c28                divmod_s64s64
                0x0000000010003c28                __wrap___aeabi_ldivmod
                0x0000000010003c58                div_u64u64
                0x0000000010003c58                divmod_u64u64
                0x0000000010003c58                __wrap___aeabi_uldivmod
                0x0000000010003c68                divmod_u64u64_savestate
                0x0000000010003c88                divmod_s64s64_unsafe
                0x0000000010003d10                divmod_u64u64_unsafe
 .text.__wrap___aeabi_darithmetic
                0x000000001000404c       0x80 CMakeFiles/web_server_usb_rndis.dir/mnt/c/Users/siddk/Downloads/PicoPiFi/pico-sdk/src/rp2_common/pico_double/double_aeabi.S.obj
                0x000000001000404c                __wrap___aeabi_drsub
                0x0000000010004052                __wrap___aeabi_dsub
                0x0000000010004064                __wrap___aeabi_dadd
                0x0000000010004076                __wrap___aeabi_ddiv
                0x00000000100040b2                __wrap___aeabi_dmul
 .text.__wrap___aeabi_cdcmple
                0x00000000100040cc       0x6c CMakeFiles/web_server_usb_rndis.dir/mnt/c/Users/siddk/Downloads/PicoPiFi/pico-sdk/src/rp2_common/pico_double/double_aeabi.S.obj
                0x00000000100040cc                __wrap___aeabi_cdrcmple
                0x00000000100040dc                __wrap___aeabi_cdcmple
                0x00000000100040dc                __wrap___aeabi_cdcmpeq
 .text.__wrap___aeabi_dcmplt
                0x0000000010004138        0xc CMakeFiles/web_server_usb_rndis.dir/mnt/c/Users/siddk/Downloads/PicoPiFi/pico-sdk/src/rp2_common/pico_double/double_aeabi.S.obj
                0x0000000010004138                __wrap___aeabi_dcmplt
 .text.__wrap___aeabi_dcmple
                0x0000000010004144       0x10 CMakeFiles/web_server_usb_rndis.dir/mnt/c/Users/siddk/Downloads/PicoPiFi/pico-sdk/src/rp2_common/pico_double/double_aeabi.S.obj
                0x0000000010004144                __wrap___aeabi_dcmple
 .text.__wrap___aeabi_dcmpge
                0x0000000010004154       0x10 CMakeFiles/web_server_usb_rndis.dir/mnt/c/Users/siddk/Downloads/PicoPiFi/pico-sdk/src/rp2_common/pico_double/double_aeabi.S.obj
                0x0000000010004154                __wrap___aeabi_dcmpge
 .text.__wrap___aeabi_dcmpgt
                0x0000000010004164        0xa CMakeFiles/web_server_usb_rndis.dir/mnt/c/Users/siddk/Downloads/PicoPiFi/pico-sdk/src/rp2_common/pico_double/double_aeabi.S.obj
                0x0000000010004164                __wrap___aeabi_dcmpgt
 .text.__wrap___aeabi_dcmpun
                0x000000001000416e       0x1c CMakeFiles/web_server_usb_rndis.dir/mnt/c/Users/siddk/Downloads/PicoPiFi/pico-sdk/src/rp2_common/pico_double/double_aeabi.S.obj
                0x000000001000416e                __wrap___aeabi_dcmpun
 *fill*         0x000000001000418a        0x2 
 .text.__wrap___aeabi_i2d
                0x000000001000418c       0x38 CMakeFiles/web_server_usb_rndis.dir/mnt/c/Users/siddk/Downloads/PicoPiFi/pico-sdk/src/rp2_common/pico_double/double_aeabi.S.obj
                0x000000001000418c                __wrap___aeabi_ui2d
                0x0000000010004194                __wrap___aeabi_i2d
 .text.__wrap___aeabi_d2iz
                0x00000000100041c4       0x48 CMakeFiles/web_server_usb_rndis.dir/mnt/c/Users/siddk/Downloads/PicoPiFi/pico-sdk/src/rp2_common/pico_double/double_aeabi.S.obj
                0x00000000100041c4                __wrap___aeabi_d2iz
                0x00000000100041c4                double2int_z
 .text.__wrap___aeabi_d2uiz
                0x000000001000420c       0x18 CMakeFiles/web_server_usb_rndis.dir/mnt/c/Users/siddk/Downloads/PicoPiFi/pico-sdk/src/rp2_common/pico_double/double_aeabi.S.obj
                0x000000001000420c                double2uint
                0x000000001000420c                __wrap___aeabi_d2uiz
 .text.__aeabi_double_init
                0x0000000010004224       0x94 CMakeFiles/web_server_usb_rndis.dir/mnt/c/Users/siddk/Downloads/PicoPiFi/pico-sdk/src/rp2_common/pico_double/double_init_rom.c.obj
                0x0000000010004224                __aeabi_double_init
 .text.double_table_shim_on_use_helper
                0x00000000100042b8       0x2c CMakeFiles/web_server_usb_rndis.dir/mnt/c/Users/siddk/Downloads/PicoPiFi/pico-sdk/src/rp2_common/pico_double/double_v1_rom_shim.S.obj
                0x00000000100042b8                double_table_shim_on_use_helper
 .text.__wrap___aeabi_dsub
                0x00000000100042e4       0x10 CMakeFiles/web_server_usb_rndis.dir/mnt/c/Users/siddk/Downloads/PicoPiFi/pico-sdk/src/rp2_common/pico_double/double_v1_rom_shim.S.obj
                0x00000000100042e4                drsub_shim
                0x00000000100042ea                dsub_shim
 .text.dadd_shim
                0x00000000100042f4      0x15c CMakeFiles/web_server_usb_rndis.dir/mnt/c/Users/siddk/Downloads/PicoPiFi/pico-sdk/src/rp2_common/pico_double/double_v1_rom_shim.S.obj
                0x00000000100042f4                dadd_shim
 .text.dmul_shim
                0x0000000010004450      0x15c CMakeFiles/web_server_usb_rndis.dir/mnt/c/Users/siddk/Downloads/PicoPiFi/pico-sdk/src/rp2_common/pico_double/double_v1_rom_shim.S.obj
                0x0000000010004450                dmul_shim
 .text.ddiv_shim
                0x00000000100045ac      0x1b0 CMakeFiles/web_server_usb_rndis.dir/mnt/c/Users/siddk/Downloads/PicoPiFi/pico-sdk/src/rp2_common/pico_double/double_v1_rom_shim.S.obj
                0x00000000100045ac                ddiv_shim
 .text.double2uint_shim
                0x000000001000475c        0xe CMakeFiles/web_server_usb_rndis.dir/mnt/c/Users/siddk/Downloads/PicoPiFi/pico-sdk/src/rp2_common/pico_double/double_v1_rom_shim.S.obj
                0x000000001000475c                double2uint_shim
                0x000000001000475e                double2ufix_shim
 *fill*         0x000000001000476a        0x2 
 .text.double2uint64_shim
                0x000000001000476c       0x70 CMakeFiles/web_server_usb_rndis.dir/mnt/c/Users/siddk/Downloads/PicoPiFi/pico-sdk/src/rp2_common/pico_double/double_v1_rom_shim.S.obj
                0x000000001000476c                double2uint64_shim
                0x000000001000476e                double2ufix64_shim
                0x000000001000478e                d2fix_a
 .text.dunpacks
                0x00000000100047dc       0x3c CMakeFiles/web_server_usb_rndis.dir/mnt/c/Users/siddk/Downloads/PicoPiFi/pico-sdk/src/rp2_common/pico_double/double_v1_rom_shim.S.obj
                0x00000000100047dc                dunpacks
 .text.__aeabi_float_init
                0x0000000010004818       0x64 CMakeFiles/web_server_usb_rndis.dir/mnt/c/Users/siddk/Downloads/PicoPiFi/pico-sdk/src/rp2_common/pico_float/float_init_rom.c.obj
                0x0000000010004818                __aeabi_float_init
 .text.float_table_shim_on_use_helper
                0x000000001000487c       0x2c CMakeFiles/web_server_usb_rndis.dir/mnt/c/Users/siddk/Downloads/PicoPiFi/pico-sdk/src/rp2_common/pico_float/float_v1_rom_shim.S.obj
                0x000000001000487c                float_table_shim_on_use_helper
 .text          0x00000000100048a8       0x10 CMakeFiles/web_server_usb_rndis.dir/mnt/c/Users/siddk/Downloads/PicoPiFi/pico-sdk/src/rp2_common/pico_mem_ops/mem_ops_aeabi.S.obj
                0x00000000100048a8                __aeabi_mem_init
 .text.memset   0x00000000100048b8        0xc CMakeFiles/web_server_usb_rndis.dir/mnt/c/Users/siddk/Downloads/PicoPiFi/pico-sdk/src/rp2_common/pico_mem_ops/mem_ops_aeabi.S.obj
                0x00000000100048b8                __wrap_memset
 .text.memcpy   0x00000000100048c4        0xc CMakeFiles/web_server_usb_rndis.dir/mnt/c/Users/siddk/Downloads/PicoPiFi/pico-sdk/src/rp2_common/pico_mem_ops/mem_ops_aeabi.S.obj
                0x00000000100048c4                __wrap___aeabi_memcpy
                0x00000000100048c4                __wrap_memcpy
 .text.stdio_out_chars_no_crlf
                0x00000000100048d0       0x10 CMakeFiles/web_server_usb_rndis.dir/mnt/c/Users/siddk/Downloads/PicoPiFi/pico-sdk/src/rp2_common/pico_stdio/stdio.c.obj
 .text.stdio_out_chars_crlf
                0x00000000100048e0       0xb4 CMakeFiles/web_server_usb_rndis.dir/mnt/c/Users/siddk/Downloads/PicoPiFi/pico-sdk/src/rp2_common/pico_stdio/stdio.c.obj
 .text.stdio_buffered_printer
                0x0000000010004994       0x64 CMakeFiles/web_server_usb_rndis.dir/mnt/c/Users/siddk/Downloads/PicoPiFi/pico-sdk/src/rp2_common/pico_stdio/stdio.c.obj
 .text.stdio_put_string.isra.0
                0x00000000100049f8       0xfc CMakeFiles/web_server_usb_rndis.dir/mnt/c/Users/siddk/Downloads/PicoPiFi/pico-sdk/src/rp2_common/pico_stdio/stdio.c.obj
 .text.__wrap_putchar
                0x0000000010004af4       0x98 CMakeFiles/web_server_usb_rndis.dir/mnt/c/Users/siddk/Downloads/PicoPiFi/pico-sdk/src/rp2_common/pico_stdio/stdio.c.obj
                0x0000000010004af4                __wrap_putchar
 .text.__wrap_puts
                0x0000000010004b8c       0x3c CMakeFiles/web_server_usb_rndis.dir/mnt/c/Users/siddk/Downloads/PicoPiFi/pico-sdk/src/rp2_common/pico_stdio/stdio.c.obj
                0x0000000010004b8c                __wrap_puts
 .text.stdio_set_driver_enabled
                0x0000000010004bc8       0x30 CMakeFiles/web_server_usb_rndis.dir/mnt/c/Users/siddk/Downloads/PicoPiFi/pico-sdk/src/rp2_common/pico_stdio/stdio.c.obj
                0x0000000010004bc8                stdio_set_driver_enabled
 .text.__wrap_vprintf
                0x0000000010004bf8       0xd8 CMakeFiles/web_server_usb_rndis.dir/mnt/c/Users/siddk/Downloads/PicoPiFi/pico-sdk/src/rp2_common/pico_stdio/stdio.c.obj
                0x0000000010004bf8                __wrap_vprintf
 .text.__wrap_printf
                0x0000000010004cd0       0x18 CMakeFiles/web_server_usb_rndis.dir/mnt/c/Users/siddk/Downloads/PicoPiFi/pico-sdk/src/rp2_common/pico_stdio/stdio.c.obj
                0x0000000010004cd0                __wrap_printf
 .text.stdio_init_all
                0x0000000010004ce8        0xc CMakeFiles/web_server_usb_rndis.dir/mnt/c/Users/siddk/Downloads/PicoPiFi/pico-sdk/src/rp2_common/pico_stdio/stdio.c.obj
                0x0000000010004ce8                stdio_init_all
 .text.stdio_uart_out_chars
                0x0000000010004cf4       0x4c CMakeFiles/web_server_usb_rndis.dir/mnt/c/Users/siddk/Downloads/PicoPiFi/pico-sdk/src/rp2_common/pico_stdio_uart/stdio_uart.c.obj
 .text.stdio_uart_in_chars
                0x0000000010004d40       0x84 CMakeFiles/web_server_usb_rndis.dir/mnt/c/Users/siddk/Downloads/PicoPiFi/pico-sdk/src/rp2_common/pico_stdio_uart/stdio_uart.c.obj
                0x0000000010004d40                stdio_uart_in_chars
 .text.on_uart_rx
                0x0000000010004dc4       0x28 CMakeFiles/web_server_usb_rndis.dir/mnt/c/Users/siddk/Downloads/PicoPiFi/pico-sdk/src/rp2_common/pico_stdio_uart/stdio_uart.c.obj
 .text.stdio_uart_set_chars_available_callback
                0x0000000010004dec       0x8c CMakeFiles/web_server_usb_rndis.dir/mnt/c/Users/siddk/Downloads/PicoPiFi/pico-sdk/src/rp2_common/pico_stdio_uart/stdio_uart.c.obj
 .text.stdio_uart_init
                0x0000000010004e78       0x48 CMakeFiles/web_server_usb_rndis.dir/mnt/c/Users/siddk/Downloads/PicoPiFi/pico-sdk/src/rp2_common/pico_stdio_uart/stdio_uart.c.obj
                0x0000000010004e78                stdio_uart_init
 .text.pio_claim_unused_sm
                0x0000000010004ec0       0x3c CMakeFiles/web_server_usb_rndis.dir/mnt/c/Users/siddk/Downloads/PicoPiFi/pico-sdk/src/rp2_common/hardware_pio/pio.c.obj
                0x0000000010004ec0                pio_claim_unused_sm
 .text.pio_add_program
                0x0000000010004efc       0xc8 CMakeFiles/web_server_usb_rndis.dir/mnt/c/Users/siddk/Downloads/PicoPiFi/pico-sdk/src/rp2_common/hardware_pio/pio.c.obj
                0x0000000010004efc                pio_add_program
 .text.pio_sm_set_consecutive_pindirs
                0x0000000010004fc4       0xb0 CMakeFiles/web_server_usb_rndis.dir/mnt/c/Users/siddk/Downloads/PicoPiFi/pico-sdk/src/rp2_common/hardware_pio/pio.c.obj
                0x0000000010004fc4                pio_sm_set_consecutive_pindirs
 .text.pio_sm_init
                0x0000000010005074       0x8c CMakeFiles/web_server_usb_rndis.dir/mnt/c/Users/siddk/Downloads/PicoPiFi/pico-sdk/src/rp2_common/hardware_pio/pio.c.obj
                0x0000000010005074                pio_sm_init
 .text.dma_claim_unused_channel
                0x0000000010005100       0x20 CMakeFiles/web_server_usb_rndis.dir/mnt/c/Users/siddk/Downloads/PicoPiFi/pico-sdk/src/rp2_common/hardware_dma/dma.c.obj
                0x0000000010005100                dma_claim_unused_channel
 .text.io_init  0x0000000010005120       0x10 libpicowi.a(picowi_pico.c.obj)
                0x0000000010005120                io_init
 .text.io_set   0x0000000010005130       0x4c libpicowi.a(picowi_pico.c.obj)
                0x0000000010005130                io_set
 .text.io_out   0x000000001000517c       0x14 libpicowi.a(picowi_pico.c.obj)
                0x000000001000517c                io_out
 .text.io_in    0x0000000010005190       0x10 libpicowi.a(picowi_pico.c.obj)
                0x0000000010005190                io_in
 .text.usdelay  0x00000000100051a0       0x18 libpicowi.a(picowi_pico.c.obj)
                0x00000000100051a0                usdelay
 .text.ustimeout
                0x00000000100051b8       0x24 libpicowi.a(picowi_pico.c.obj)
                0x00000000100051b8                ustimeout
 .text.wifi_core_reset
                0x00000000100051dc      0x110 libpicowi.a(picowi_init.c.obj)
                0x00000000100051dc                wifi_core_reset
 .text.wifi_data_load
                0x00000000100052ec       0xac libpicowi.a(picowi_init.c.obj)
                0x00000000100052ec                wifi_data_load
 .text.wifi_reg_val_wait
                0x0000000010005398       0x48 libpicowi.a(picowi_init.c.obj)
                0x0000000010005398                wifi_reg_val_wait
 .text.wifi_set_led
                0x00000000100053e0       0x80 libpicowi.a(picowi_init.c.obj)
                0x00000000100053e0                wifi_set_led
 .text.disp_bytes
                0x0000000010005460       0x30 libpicowi.a(picowi_init.c.obj)
                0x0000000010005460                disp_bytes
 .text.display  0x0000000010005490       0x28 libpicowi.a(picowi_init.c.obj)
                0x0000000010005490                display
 .text.wifi_init
                0x00000000100054b8      0x254 libpicowi.a(picowi_init.c.obj)
                0x00000000100054b8                wifi_init
 .text.set_display_mode
                0x000000001000570c        0xc libpicowi.a(picowi_init.c.obj)
                0x000000001000570c                set_display_mode
 .text.wifi_spi_write
                0x0000000010005718       0xc4 libpicowi.a(picowi_wifi.c.obj)
                0x0000000010005718                wifi_spi_write
 .text.wifi_data_read
                0x00000000100057dc      0x188 libpicowi.a(picowi_wifi.c.obj)
                0x00000000100057dc                wifi_data_read
 .text.wifi_reg_read
                0x0000000010005964       0x90 libpicowi.a(picowi_wifi.c.obj)
                0x0000000010005964                wifi_reg_read
 .text.wifi_data_write
                0x00000000100059f4       0xb0 libpicowi.a(picowi_wifi.c.obj)
                0x00000000100059f4                wifi_data_write
 .text.wifi_reg_write
                0x0000000010005aa4       0x90 libpicowi.a(picowi_wifi.c.obj)
                0x0000000010005aa4                wifi_reg_write
 .text.wifi_rx_event_wait
                0x0000000010005b34       0x60 libpicowi.a(picowi_wifi.c.obj)
                0x0000000010005b34                wifi_rx_event_wait
 .text.wifi_pio_dma_init
                0x0000000010005b94       0xb8 libpicowi.a(picowi_wifi.c.obj)
                0x0000000010005b94                wifi_pio_dma_init
 .text.wifi_pio_init
                0x0000000010005c4c      0x110 libpicowi.a(picowi_wifi.c.obj)
                0x0000000010005c4c                wifi_pio_init
 .text.wifi_start
                0x0000000010005d5c      0x1c4 libpicowi.a(picowi_wifi.c.obj)
                0x0000000010005d5c                wifi_start
 .text.wifi_setup
                0x0000000010005f20       0x80 libpicowi.a(picowi_wifi.c.obj)
                0x0000000010005f20                wifi_setup
 .text.wifi_get_irq
                0x0000000010005fa0       0x10 libpicowi.a(picowi_wifi.c.obj)
                0x0000000010005fa0                wifi_get_irq
 .text.ioctl_cmd
                0x0000000010005fb0      0x2bc libpicowi.a(picowi_ioctl.c.obj)
                0x0000000010005fb0                ioctl_cmd
 .text.ioctl_set_uint32
                0x000000001000626c       0x2c libpicowi.a(picowi_ioctl.c.obj)
                0x000000001000626c                ioctl_set_uint32
 .text.ioctl_set_data2
                0x0000000010006298       0x24 libpicowi.a(picowi_ioctl.c.obj)
                0x0000000010006298                ioctl_set_data2
 .text.ioctl_get_data
                0x00000000100062bc       0x2c libpicowi.a(picowi_ioctl.c.obj)
                0x00000000100062bc                ioctl_get_data
 .text.ioctl_set_data
                0x00000000100062e8       0x2c libpicowi.a(picowi_ioctl.c.obj)
                0x00000000100062e8                ioctl_set_data
 .text.ioctl_wr_int32
                0x0000000010006314       0x20 libpicowi.a(picowi_ioctl.c.obj)
                0x0000000010006314                ioctl_wr_int32
 .text.ioctl_wr_data
                0x0000000010006334       0x1c libpicowi.a(picowi_ioctl.c.obj)
                0x0000000010006334                ioctl_wr_data
 .text.ioctl_err_display
                0x0000000010006350       0x60 libpicowi.a(picowi_ioctl.c.obj)
                0x0000000010006350                ioctl_err_display
 .text.events_enable
                0x00000000100063b0       0x80 libpicowi.a(picowi_event.c.obj)
                0x00000000100063b0                events_enable
 .text.add_event_handler
                0x0000000010006430       0x38 libpicowi.a(picowi_event.c.obj)
                0x0000000010006430                add_event_handler
 .text.event_read
                0x0000000010006468      0x130 libpicowi.a(picowi_event.c.obj)
                0x0000000010006468                event_read
 .text.event_poll
                0x0000000010006598      0x1b8 libpicowi.a(picowi_event.c.obj)
                0x0000000010006598                event_poll
 .text.event_net_tx
                0x0000000010006750       0x98 libpicowi.a(picowi_event.c.obj)
                0x0000000010006750                event_net_tx
 .text.join_restart
                0x00000000100067e8      0x1c4 libpicowi.a(picowi_join.c.obj)
                0x00000000100067e8                join_restart
 .text.join_event_handler
                0x00000000100069ac       0xa8 libpicowi.a(picowi_join.c.obj)
                0x00000000100069ac                join_event_handler
 .text.join_state_poll
                0x0000000010006a54      0x12c libpicowi.a(picowi_join.c.obj)
                0x0000000010006a54                join_state_poll
 .text.join_start
                0x0000000010006b80      0x124 libpicowi.a(picowi_join.c.obj)
                0x0000000010006b80                join_start
 .text.link_check
                0x0000000010006ca4       0x24 libpicowi.a(picowi_join.c.obj)
                0x0000000010006ca4                link_check
 .text.net_init
                0x0000000010006cc8       0x64 libpicowi.a(picowi_net.c.obj)
                0x0000000010006cc8                net_init
 .text.net_join
                0x0000000010006d2c       0x34 libpicowi.a(picowi_net.c.obj)
                0x0000000010006d2c                net_join
 .text.net_event_poll
                0x0000000010006d60       0x3c libpicowi.a(picowi_net.c.obj)
                0x0000000010006d60                net_event_poll
 .text.net_state_poll
                0x0000000010006d9c       0x5c libpicowi.a(picowi_net.c.obj)
                0x0000000010006d9c                net_state_poll
 .text.ip_init  0x0000000010006df8       0x1c libpicowi.a(picowi_ip.c.obj)
                0x0000000010006df8                ip_init
 .text.ip_tx_eth
                0x0000000010006e14       0x68 libpicowi.a(picowi_ip.c.obj)
                0x0000000010006e14                ip_tx_eth
 .text.ip_add_eth
                0x0000000010006e7c       0x28 libpicowi.a(picowi_ip.c.obj)
                0x0000000010006e7c                ip_add_eth
 .text.ip_tx_arp
                0x0000000010006ea4      0x184 libpicowi.a(picowi_ip.c.obj)
                0x0000000010006ea4                ip_tx_arp
 .text.ip_rx_arp
                0x0000000010007028      0x174 libpicowi.a(picowi_ip.c.obj)
                0x0000000010007028                ip_rx_arp
 .text.arp_event_handler
                0x000000001000719c       0xcc libpicowi.a(picowi_ip.c.obj)
                0x000000001000719c                arp_event_handler
 .text.ip_check_frame
                0x0000000010007268       0xe0 libpicowi.a(picowi_ip.c.obj)
                0x0000000010007268                ip_check_frame
 .text.ip_add_hdr
                0x0000000010007348       0xd0 libpicowi.a(picowi_ip.c.obj)
                0x0000000010007348                ip_add_hdr
 .text.ip_add_data
                0x0000000010007418       0x14 libpicowi.a(picowi_ip.c.obj)
                0x0000000010007418                ip_add_data
 .text.print_ip_addr
                0x000000001000742c       0x1c libpicowi.a(picowi_ip.c.obj)
                0x000000001000742c                print_ip_addr
 .text.ip_addr_str
                0x0000000010007448       0x24 libpicowi.a(picowi_ip.c.obj)
                0x0000000010007448                ip_addr_str
 .text.ip_cpy   0x000000001000746c       0x14 libpicowi.a(picowi_ip.c.obj)
                0x000000001000746c                ip_cpy
 .text.htons    0x0000000010007480        0x8 libpicowi.a(picowi_ip.c.obj)
                0x0000000010007480                htons
 .text.htonl    0x0000000010007488        0x4 libpicowi.a(picowi_ip.c.obj)
                0x0000000010007488                htonl
 .text.add_csum
                0x000000001000748c       0x5c libpicowi.a(picowi_ip.c.obj)
                0x000000001000748c                add_csum
 .text.udp_event_handler
                0x00000000100074e8      0x26c libpicowi.a(picowi_udp.c.obj)
                0x00000000100074e8                udp_event_handler
 .text.udp_add_hdr_data
                0x0000000010007754       0x94 libpicowi.a(picowi_udp.c.obj)
                0x0000000010007754                udp_add_hdr_data
 .text.udp_print_hdr
                0x00000000100077e8       0x5c libpicowi.a(picowi_udp.c.obj)
                0x00000000100077e8                udp_print_hdr
 .text.dhcp_tx  0x0000000010007844      0x150 libpicowi.a(picowi_dhcp.c.obj)
                0x0000000010007844                dhcp_tx
 .text.dhcp_poll
                0x0000000010007994       0xa4 libpicowi.a(picowi_dhcp.c.obj)
                0x0000000010007994                dhcp_poll
 .text.dhcp_get_opt_data
                0x0000000010007a38       0x58 libpicowi.a(picowi_dhcp.c.obj)
                0x0000000010007a38                dhcp_get_opt_data
 .text.dhcp_rx  0x0000000010007a90      0x1e4 libpicowi.a(picowi_dhcp.c.obj)
                0x0000000010007a90                dhcp_rx
 .text.dhcp_event_handler
                0x0000000010007c74       0xf8 libpicowi.a(picowi_dhcp.c.obj)
                0x0000000010007c74                dhcp_event_handler
 .text          0x0000000010007d6c      0xb28 libcherryusblib.a(usb_dc_rp2040.c.obj)
                0x00000000100080b8                usb_dc_init
                0x000000001000814c                usb_dc_deinit
                0x0000000010008150                usbd_set_address
                0x0000000010008160                usbd_get_port_speed
                0x0000000010008164                usbd_ep_open
                0x0000000010008280                usbd_ep_close
                0x0000000010008304                usbd_ep_set_stall
                0x0000000010008358                usbd_ep_clear_stall
                0x00000000100083b8                usbd_ep_is_stalled
                0x00000000100083bc                usbd_ep_start_write
                0x0000000010008524                usbd_ep_start_read
                0x00000000100086bc                isr_irq5
 .text          0x0000000010008894       0xfc libcherryusblib.a(usbd_cdc.c.obj)
                0x0000000010008894                usbd_cdc_acm_init_intf
                0x00000000100088a8                usbd_cdc_acm_set_line_coding
                0x00000000100088ac                usbd_cdc_acm_get_line_coding
                0x00000000100088cc                usbd_cdc_acm_set_rts
                0x00000000100088d0                usbd_cdc_acm_send_break
 .text          0x0000000010008990      0xae4 libcherryusblib.a(usbd_rndis.c.obj)
                0x0000000010008990                rndis_int_in
                0x00000000100089cc                rndis_bulk_out
                0x0000000010008a10                rndis_bulk_in
                0x0000000010008e40                usbd_rndis_eth_rx
                0x0000000010009104                usbd_rndis_eth_tx
                0x00000000100093f0                usbd_rndis_init_intf
 .text          0x0000000010009474      0xf5c libcherryusblib.a(usbd_core.c.obj)
                0x0000000010009474                usbd_event_ep0_in_complete_handler
                0x0000000010009da4                usbd_event_ep0_out_complete_handler
                0x0000000010009e0c                usbd_event_connect_handler
                0x0000000010009e30                usbd_event_disconnect_handler
                0x0000000010009e54                usbd_event_resume_handler
                0x0000000010009e78                usbd_event_suspend_handler
                0x0000000010009e9c                usbd_event_reset_handler
                0x0000000010009f60                usbd_event_ep0_setup_complete_handler
                0x000000001000a070                usbd_event_ep_in_complete_handler
                0x000000001000a0a0                usbd_event_ep_out_complete_handler
                0x000000001000a0d0                usbd_desc_register
                0x000000001000a118                usbd_msosv1_desc_register
                0x000000001000a12c                usbd_msosv2_desc_register
                0x000000001000a140                usbd_bos_desc_register
                0x000000001000a154                usbd_add_interface
                0x000000001000a194                usbd_add_endpoint
                0x000000001000a1f0                usbd_get_ep_mps
                0x000000001000a240                usbd_get_ep_mult
                0x000000001000a290                usb_device_is_configured
                0x000000001000a2b4                usbd_initialize
                0x000000001000a33c                usbd_deinitialize
 .text          0x000000001000a3d0       0x5c /usr/lib/gcc/arm-none-eabi/10.3.1/../../../arm-none-eabi/lib/thumb/v6-m/nofp/libc.a(lib_a-strlen-stub.o)
                0x000000001000a3d0                strlen
 *(.fini)
 .fini          0x000000001000a42c        0x4 /usr/lib/gcc/arm-none-eabi/10.3.1/thumb/v6-m/nofp/crti.o
                0x000000001000a42c                _fini
 .fini.__stub   0x000000001000a430       0x40 linker stubs
 *crtbegin.o(.ctors)
 *crtbegin?.o(.ctors)
 *(EXCLUDE_FILE(*crtend.o *crtend?.o) .ctors)
 *(SORT_BY_NAME(.ctors.*))
 *(.ctors)
 *crtbegin.o(.dtors)
 *crtbegin?.o(.dtors)
 *(EXCLUDE_FILE(*crtend.o *crtend?.o) .dtors)
 *(SORT_BY_NAME(.dtors.*))
 *(.dtors)
 *(.eh_frame*)
 .eh_frame      0x000000001000a470        0x0 /usr/lib/gcc/arm-none-eabi/10.3.1/thumb/v6-m/nofp/crtbegin.o
                0x000000001000a470                . = ALIGN (0x4)

.glue_7         0x000000001000a470        0x0
 .glue_7        0x000000001000a470        0x0 linker stubs

.glue_7t        0x000000001000a470        0x0
 .glue_7t       0x000000001000a470        0x0 linker stubs

.vfp11_veneer   0x000000001000a470        0x0
 .vfp11_veneer  0x000000001000a470        0x0 linker stubs

.v4_bx          0x000000001000a470        0x0
 .v4_bx         0x000000001000a470        0x0 linker stubs

.iplt           0x000000001000a470        0x0
 .iplt          0x000000001000a470        0x0 /usr/lib/gcc/arm-none-eabi/10.3.1/thumb/v6-m/nofp/crtbegin.o

.rodata         0x000000001000a470    0x38698
 *(EXCLUDE_FILE(*libm.a: *libc.a:*lib_a-mem*.o *libgcc.a:) .rodata*)
 .rodata.main.str1.4
                0x000000001000a470       0x11 CMakeFiles/web_server_usb_rndis.dir/web_server_usb_rndis.c.obj
 *fill*         0x000000001000a481        0x3 
 .rodata.cdc_descriptor
                0x000000001000a484      0x19a CMakeFiles/web_server_usb_rndis.dir/src/cdc_rndis_device.c.obj
 *fill*         0x000000001000a61e        0x2 
 .rodata.pbuf_free.part.0.str1.4
                0x000000001000a620       0x4e CMakeFiles/web_server_usb_rndis.dir/mnt/c/Users/siddk/Downloads/PicoPiFi/pico-sdk/lib/lwip/src/core/pbuf.c.obj
 *fill*         0x000000001000a66e        0x2 
 .rodata.pbuf_alloc.str1.4
                0x000000001000a670       0x1b CMakeFiles/web_server_usb_rndis.dir/mnt/c/Users/siddk/Downloads/PicoPiFi/pico-sdk/lib/lwip/src/core/pbuf.c.obj
 *fill*         0x000000001000a68b        0x1 
 .rodata.pbuf_take.str1.4
                0x000000001000a68c       0x2e CMakeFiles/web_server_usb_rndis.dir/mnt/c/Users/siddk/Downloads/PicoPiFi/pico-sdk/lib/lwip/src/core/pbuf.c.obj
 *fill*         0x000000001000a6ba        0x2 
 .rodata.mem_free.str1.4
                0x000000001000a6bc       0xfe CMakeFiles/web_server_usb_rndis.dir/mnt/c/Users/siddk/Downloads/PicoPiFi/pico-sdk/lib/lwip/src/core/mem.c.obj
 *fill*         0x000000001000a7ba        0x2 
 .rodata.mem_trim.str1.4
                0x000000001000a7bc       0x49 CMakeFiles/web_server_usb_rndis.dir/mnt/c/Users/siddk/Downloads/PicoPiFi/pico-sdk/lib/lwip/src/core/mem.c.obj
 *fill*         0x000000001000a805        0x3 
 .rodata.mem_malloc.str1.4
                0x000000001000a808       0x83 CMakeFiles/web_server_usb_rndis.dir/mnt/c/Users/siddk/Downloads/PicoPiFi/pico-sdk/lib/lwip/src/core/mem.c.obj
 *fill*         0x000000001000a88b        0x1 
 .rodata.memp_malloc_pool.str1.4
                0x000000001000a88c       0x37 CMakeFiles/web_server_usb_rndis.dir/mnt/c/Users/siddk/Downloads/PicoPiFi/pico-sdk/lib/lwip/src/core/memp.c.obj
 *fill*         0x000000001000a8c3        0x1 
 .rodata.memp_free_pool.str1.4
                0x000000001000a8c4       0x20 CMakeFiles/web_server_usb_rndis.dir/mnt/c/Users/siddk/Downloads/PicoPiFi/pico-sdk/lib/lwip/src/core/memp.c.obj
 .rodata.memp_FRAG_PBUF
                0x000000001000a8e4       0x10 CMakeFiles/web_server_usb_rndis.dir/mnt/c/Users/siddk/Downloads/PicoPiFi/pico-sdk/lib/lwip/src/core/memp.c.obj
                0x000000001000a8e4                memp_FRAG_PBUF
 .rodata.memp_PBUF
                0x000000001000a8f4       0x10 CMakeFiles/web_server_usb_rndis.dir/mnt/c/Users/siddk/Downloads/PicoPiFi/pico-sdk/lib/lwip/src/core/memp.c.obj
                0x000000001000a8f4                memp_PBUF
 .rodata.memp_PBUF_POOL
                0x000000001000a904       0x10 CMakeFiles/web_server_usb_rndis.dir/mnt/c/Users/siddk/Downloads/PicoPiFi/pico-sdk/lib/lwip/src/core/memp.c.obj
                0x000000001000a904                memp_PBUF_POOL
 .rodata.memp_REASSDATA
                0x000000001000a914       0x10 CMakeFiles/web_server_usb_rndis.dir/mnt/c/Users/siddk/Downloads/PicoPiFi/pico-sdk/lib/lwip/src/core/memp.c.obj
                0x000000001000a914                memp_REASSDATA
 .rodata.memp_SYS_TIMEOUT
                0x000000001000a924       0x10 CMakeFiles/web_server_usb_rndis.dir/mnt/c/Users/siddk/Downloads/PicoPiFi/pico-sdk/lib/lwip/src/core/memp.c.obj
                0x000000001000a924                memp_SYS_TIMEOUT
 .rodata.memp_UDP_PCB
                0x000000001000a934       0x10 CMakeFiles/web_server_usb_rndis.dir/mnt/c/Users/siddk/Downloads/PicoPiFi/pico-sdk/lib/lwip/src/core/memp.c.obj
                0x000000001000a934                memp_UDP_PCB
 .rodata.memp_pools
                0x000000001000a944       0x18 CMakeFiles/web_server_usb_rndis.dir/mnt/c/Users/siddk/Downloads/PicoPiFi/pico-sdk/lib/lwip/src/core/memp.c.obj
                0x000000001000a944                memp_pools
 .rodata.hardware_alarm_claim.str1.4
                0x000000001000a95c       0x22 CMakeFiles/web_server_usb_rndis.dir/mnt/c/Users/siddk/Downloads/PicoPiFi/pico-sdk/src/rp2_common/hardware_timer/timer.c.obj
 *fill*         0x000000001000a97e        0x2 
 .rodata.panic.str1.4
                0x000000001000a980       0x10 CMakeFiles/web_server_usb_rndis.dir/mnt/c/Users/siddk/Downloads/PicoPiFi/pico-sdk/src/rp2_common/pico_runtime/runtime.c.obj
                                         0x12 (size before relaxing)
 .rodata.hard_assertion_failure.str1.4
                0x000000001000a990        0xc CMakeFiles/web_server_usb_rndis.dir/mnt/c/Users/siddk/Downloads/PicoPiFi/pico-sdk/src/rp2_common/pico_runtime/runtime.c.obj
 .rodata._ftoa.str1.4
                0x000000001000a99c       0x15 CMakeFiles/web_server_usb_rndis.dir/mnt/c/Users/siddk/Downloads/PicoPiFi/pico-sdk/src/rp2_common/pico_printf/printf.c.obj
 *fill*         0x000000001000a9b1        0x3 
 .rodata._vsnprintf
                0x000000001000a9b4      0x1e0 CMakeFiles/web_server_usb_rndis.dir/mnt/c/Users/siddk/Downloads/PicoPiFi/pico-sdk/src/rp2_common/pico_printf/printf.c.obj
 *fill*         0x000000001000ab94        0x4 
 .rodata.pow10.0
                0x000000001000ab98       0x50 CMakeFiles/web_server_usb_rndis.dir/mnt/c/Users/siddk/Downloads/PicoPiFi/pico-sdk/src/rp2_common/pico_printf/printf.c.obj
 .rodata.str1.4
                0x000000001000abe8       0x4c CMakeFiles/web_server_usb_rndis.dir/mnt/c/Users/siddk/Downloads/PicoPiFi/pico-sdk/src/rp2_common/pico_standard_link/binary_info.c.obj
 .rodata.__bi_44
                0x000000001000ac34        0xc CMakeFiles/web_server_usb_rndis.dir/mnt/c/Users/siddk/Downloads/PicoPiFi/pico-sdk/src/rp2_common/pico_standard_link/binary_info.c.obj
 .rodata.__bi_75
                0x000000001000ac40        0xc CMakeFiles/web_server_usb_rndis.dir/mnt/c/Users/siddk/Downloads/PicoPiFi/pico-sdk/src/rp2_common/pico_standard_link/binary_info.c.obj
 .rodata.__bi_81
                0x000000001000ac4c        0xc CMakeFiles/web_server_usb_rndis.dir/mnt/c/Users/siddk/Downloads/PicoPiFi/pico-sdk/src/rp2_common/pico_standard_link/binary_info.c.obj
 .rodata.crlf_str.0
                0x000000001000ac58        0x2 CMakeFiles/web_server_usb_rndis.dir/mnt/c/Users/siddk/Downloads/PicoPiFi/pico-sdk/src/rp2_common/pico_stdio/stdio.c.obj
 *fill*         0x000000001000ac5a        0x2 
 .rodata.str1.4
                0x000000001000ac5c       0x2c CMakeFiles/web_server_usb_rndis.dir/mnt/c/Users/siddk/Downloads/PicoPiFi/pico-sdk/src/rp2_common/pico_stdio_uart/stdio_uart.c.obj
 .rodata.__bi_33.4
                0x000000001000ac88        0xc CMakeFiles/web_server_usb_rndis.dir/mnt/c/Users/siddk/Downloads/PicoPiFi/pico-sdk/src/rp2_common/pico_stdio_uart/stdio_uart.c.obj
 .rodata.__bi_34.5
                0x000000001000ac94        0x8 CMakeFiles/web_server_usb_rndis.dir/mnt/c/Users/siddk/Downloads/PicoPiFi/pico-sdk/src/rp2_common/pico_stdio_uart/stdio_uart.c.obj
 .rodata.pio_claim_unused_sm.str1.4
                0x000000001000ac9c       0x24 CMakeFiles/web_server_usb_rndis.dir/mnt/c/Users/siddk/Downloads/PicoPiFi/pico-sdk/src/rp2_common/hardware_pio/pio.c.obj
 .rodata.pio_add_program.str1.4
                0x000000001000acc0       0x11 CMakeFiles/web_server_usb_rndis.dir/mnt/c/Users/siddk/Downloads/PicoPiFi/pico-sdk/src/rp2_common/hardware_pio/pio.c.obj
 *fill*         0x000000001000acd1        0x3 
 .rodata.dma_claim_unused_channel.str1.4
                0x000000001000acd4       0x1e CMakeFiles/web_server_usb_rndis.dir/mnt/c/Users/siddk/Downloads/PicoPiFi/pico-sdk/src/rp2_common/hardware_dma/dma.c.obj
 *fill*         0x000000001000acf2        0x2 
 .rodata.wifi_clm_load.str1.4
                0x000000001000acf4        0x8 libpicowi.a(picowi_init.c.obj)
 .rodata.mac_addr_str.str1.4
                0x000000001000acfc       0x1e libpicowi.a(picowi_init.c.obj)
 *fill*         0x000000001000ad1a        0x2 
 .rodata.disp_bytes.str1.4
                0x000000001000ad1c        0x6 libpicowi.a(picowi_init.c.obj)
 *fill*         0x000000001000ad22        0x2 
 .rodata.wifi_init.str1.4
                0x000000001000ad24       0x7c libpicowi.a(picowi_init.c.obj)
 .rodata.wifi_reg_read.str1.4
                0x000000001000ada0       0x37 libpicowi.a(picowi_wifi.c.obj)
 *fill*         0x000000001000add7        0x1 
 .rodata.wifi_reg_write.str1.4
                0x000000001000add8       0x27 libpicowi.a(picowi_wifi.c.obj)
 *fill*         0x000000001000adff        0x1 
 .rodata.wifi_start.str1.4
                0x000000001000ae00       0x53 libpicowi.a(picowi_wifi.c.obj)
 *fill*         0x000000001000ae53        0x1 
 .rodata.picowi_pio_program
                0x000000001000ae54        0x6 libpicowi.a(picowi_wifi.c.obj)
 *fill*         0x000000001000ae5a        0x2 
 .rodata.picowi_pio_program_instructions
                0x000000001000ae5c       0x32 libpicowi.a(picowi_wifi.c.obj)
 *fill*         0x000000001000ae8e        0x2 
 .rodata.ioctl_cmd.str1.4
                0x000000001000ae90       0x73 libpicowi.a(picowi_ioctl.c.obj)
                                         0x7b (size before relaxing)
 *fill*         0x000000001000af03        0x1 
 .rodata.ioctl_err_display.str1.4
                0x000000001000af04       0x24 libpicowi.a(picowi_ioctl.c.obj)
 .rodata.events_enable.str1.4
                0x000000001000af28       0x12 libpicowi.a(picowi_event.c.obj)
 *fill*         0x000000001000af3a        0x2 
 .rodata.event_read.str1.4
                0x000000001000af3c       0x55 libpicowi.a(picowi_event.c.obj)
 *fill*         0x000000001000af91        0x3 
 .rodata.event_poll.str1.4
                0x000000001000af94       0x4f libpicowi.a(picowi_event.c.obj)
                                         0x5c (size before relaxing)
 *fill*         0x000000001000afe3        0x1 
 .rodata.event_net_tx.str1.4
                0x000000001000afe4       0x10 libpicowi.a(picowi_event.c.obj)
 .rodata.join_restart.str1.4
                0x000000001000aff4       0x73 libpicowi.a(picowi_join.c.obj)
 *fill*         0x000000001000b067        0x1 
 .rodata.join_state_poll.str1.4
                0x000000001000b068       0x4d libpicowi.a(picowi_join.c.obj)
 *fill*         0x000000001000b0b5        0x3 
 .rodata.join_start.str1.4
                0x000000001000b0b8       0x53 libpicowi.a(picowi_join.c.obj)
 *fill*         0x000000001000b10b        0x1 
 .rodata.str1.4
                0x000000001000b10c       0xaf libpicowi.a(picowi_join.c.obj)
                                         0xb3 (size before relaxing)
 *fill*         0x000000001000b1bb        0x1 
 .rodata        0x000000001000b1bc       0x21 libpicowi.a(picowi_join.c.obj)
 *fill*         0x000000001000b1dd        0x3 
 .rodata.country_data
                0x000000001000b1e0       0x14 libpicowi.a(picowi_join.c.obj)
                0x000000001000b1e0                country_data
 .rodata.join_evts
                0x000000001000b1f4       0x60 libpicowi.a(picowi_join.c.obj)
                0x000000001000b1f4                join_evts
 .rodata.mcast_addr
                0x000000001000b254       0x3c libpicowi.a(picowi_join.c.obj)
                0x000000001000b254                mcast_addr
 .rodata.net_init.str1.4
                0x000000001000b290       0x4d libpicowi.a(picowi_net.c.obj)
 *fill*         0x000000001000b2dd        0x3 
 .rodata.net_join.str1.4
                0x000000001000b2e0       0x3c libpicowi.a(picowi_net.c.obj)
 .rodata.net_state_poll.str1.4
                0x000000001000b31c       0x25 libpicowi.a(picowi_net.c.obj)
 *fill*         0x000000001000b341        0x3 
 .rodata.fw_clm_data
                0x000000001000b344      0x3dc libpicowi.a(fw_43439.c.obj)
                0x000000001000b344                fw_clm_data
 .rodata.fw_clm_len
                0x000000001000b720        0x4 libpicowi.a(fw_43439.c.obj)
                0x000000001000b720                fw_clm_len
 .rodata.fw_firmware_data
                0x000000001000b724    0x36c00 libpicowi.a(fw_43439.c.obj)
                0x000000001000b724                fw_firmware_data
 .rodata.fw_firmware_len
                0x0000000010042324        0x4 libpicowi.a(fw_43439.c.obj)
                0x0000000010042324                fw_firmware_len
 .rodata.fw_nvram_data
                0x0000000010042328      0x300 libpicowi.a(fw_43439.c.obj)
                0x0000000010042328                fw_nvram_data
 .rodata.fw_nvram_len
                0x0000000010042628        0x4 libpicowi.a(fw_43439.c.obj)
                0x0000000010042628                fw_nvram_len
 .rodata.ip_tx_eth.str1.4
                0x000000001004262c        0x3 libpicowi.a(picowi_ip.c.obj)
                                         0x23 (size before relaxing)
 *fill*         0x000000001004262f        0x1 
 .rodata.ip_make_arp.str1.4
                0x0000000010042630       0x29 libpicowi.a(picowi_ip.c.obj)
                                         0x2d (size before relaxing)
 *fill*         0x0000000010042659        0x3 
 .rodata.udp_event_handler.str1.4
                0x000000001004265c       0x2c libpicowi.a(picowi_udp.c.obj)
 .rodata.dhcp_add_hdr_data.str1.4
                0x0000000010042688        0x5 libpicowi.a(picowi_dhcp.c.obj)
 *fill*         0x000000001004268d        0x3 
 .rodata.dhcp_tx.str1.4
                0x0000000010042690       0x10 libpicowi.a(picowi_dhcp.c.obj)
                                         0x14 (size before relaxing)
 .rodata.dhcp_rx.str1.4
                0x00000000100426a0       0x30 libpicowi.a(picowi_dhcp.c.obj)
                                         0x32 (size before relaxing)
 .rodata.dhcp_event_handler.str1.4
                0x00000000100426d0        0x4 libpicowi.a(picowi_dhcp.c.obj)
 .rodata.str1.4
                0x00000000100426d0       0x3b libpicowi.a(picowi_dhcp.c.obj)
 *fill*         0x000000001004270b        0x1 
 .rodata.str1.4
                0x000000001004270c       0xbc libcherryusblib.a(usb_dc_rp2040.c.obj)
 .rodata.str1.4
                0x00000000100427c8       0x42 libcherryusblib.a(usbd_cdc.c.obj)
                                         0x5e (size before relaxing)
 *fill*         0x000000001004280a        0x2 
 .rodata.str1.4
                0x000000001004280c       0x88 libcherryusblib.a(usbd_rndis.c.obj)
                                         0xa0 (size before relaxing)
 .rodata        0x0000000010042894      0x100 libcherryusblib.a(usbd_rndis.c.obj)
                0x0000000010042920                oid_supported_list
 .rodata.str1.4
                0x0000000010042994      0x14a libcherryusblib.a(usbd_core.c.obj)
                                        0x172 (size before relaxing)
 *fill*         0x0000000010042ade        0x2 
 .rodata        0x0000000010042ae0       0x28 libcherryusblib.a(usbd_core.c.obj)
                0x0000000010042b08                . = ALIGN (0x4)
 *(SORT_BY_ALIGNMENT(SORT_BY_NAME(.flashdata*)))
                0x0000000010042b08                . = ALIGN (0x4)

.ARM.extab
 *(.ARM.extab* .gnu.linkonce.armextab.*)
                0x0000000010042b08                __exidx_start = .

.ARM.exidx
 *(.ARM.exidx* .gnu.linkonce.armexidx.*)
                0x0000000010042b08                __exidx_end = .
                0x0000000010042b08                . = ALIGN (0x4)
                0x0000000010042b08                __binary_info_start = .

.binary_info    0x0000000010042b08       0x24
 *(.binary_info.keep.*)
 .binary_info.keep.__bi_ptr22
                0x0000000010042b08        0x4 CMakeFiles/web_server_usb_rndis.dir/mnt/c/Users/siddk/Downloads/PicoPiFi/pico-sdk/src/rp2_common/pico_standard_link/binary_info.c.obj
 .binary_info.keep.__bi_ptr30
                0x0000000010042b0c        0x4 CMakeFiles/web_server_usb_rndis.dir/mnt/c/Users/siddk/Downloads/PicoPiFi/pico-sdk/src/rp2_common/pico_standard_link/binary_info.c.obj
 .binary_info.keep.__bi_ptr38
                0x0000000010042b10        0x4 CMakeFiles/web_server_usb_rndis.dir/mnt/c/Users/siddk/Downloads/PicoPiFi/pico-sdk/src/rp2_common/pico_standard_link/binary_info.c.obj
 .binary_info.keep.__bi_ptr44
                0x0000000010042b14        0x4 CMakeFiles/web_server_usb_rndis.dir/mnt/c/Users/siddk/Downloads/PicoPiFi/pico-sdk/src/rp2_common/pico_standard_link/binary_info.c.obj
 .binary_info.keep.__bi_ptr50
                0x0000000010042b18        0x4 CMakeFiles/web_server_usb_rndis.dir/mnt/c/Users/siddk/Downloads/PicoPiFi/pico-sdk/src/rp2_common/pico_standard_link/binary_info.c.obj
 .binary_info.keep.__bi_ptr75
                0x0000000010042b1c        0x4 CMakeFiles/web_server_usb_rndis.dir/mnt/c/Users/siddk/Downloads/PicoPiFi/pico-sdk/src/rp2_common/pico_standard_link/binary_info.c.obj
 .binary_info.keep.__bi_ptr81
                0x0000000010042b20        0x4 CMakeFiles/web_server_usb_rndis.dir/mnt/c/Users/siddk/Downloads/PicoPiFi/pico-sdk/src/rp2_common/pico_standard_link/binary_info.c.obj
 *(.binary_info.*)
 .binary_info.__bi_ptr33
                0x0000000010042b24        0x4 CMakeFiles/web_server_usb_rndis.dir/mnt/c/Users/siddk/Downloads/PicoPiFi/pico-sdk/src/rp2_common/pico_stdio_uart/stdio_uart.c.obj
 .binary_info.__bi_ptr34
                0x0000000010042b28        0x4 CMakeFiles/web_server_usb_rndis.dir/mnt/c/Users/siddk/Downloads/PicoPiFi/pico-sdk/src/rp2_common/pico_stdio_uart/stdio_uart.c.obj
                0x0000000010042b2c                __binary_info_end = .

.rel.dyn        0x0000000010042b2c        0x0
 .rel.iplt      0x0000000010042b2c        0x0 /usr/lib/gcc/arm-none-eabi/10.3.1/thumb/v6-m/nofp/crtbegin.o
                0x0000000010042b2c                . = ALIGN (0x4)

.ram_vector_table
                0x0000000020000000       0xc0
 *(.ram_vector_table)
 .ram_vector_table
                0x0000000020000000       0xc0 CMakeFiles/web_server_usb_rndis.dir/mnt/c/Users/siddk/Downloads/PicoPiFi/pico-sdk/src/rp2_common/pico_runtime/runtime.c.obj
                0x0000000020000000                ram_vector_table

.data           0x00000000200000c0      0x880 load address 0x0000000010042b2c
                0x00000000200000c0                __data_start__ = .
 *(vtable)
 *(.time_critical*)
 .time_critical.mutex_try_enter_block_until
                0x00000000200000c0       0x9c CMakeFiles/web_server_usb_rndis.dir/mnt/c/Users/siddk/Downloads/PicoPiFi/pico-sdk/src/common/pico_sync/mutex.c.obj
                0x00000000200000c0                mutex_try_enter_block_until
 .time_critical.mutex_exit
                0x000000002000015c       0x28 CMakeFiles/web_server_usb_rndis.dir/mnt/c/Users/siddk/Downloads/PicoPiFi/pico-sdk/src/common/pico_sync/mutex.c.obj
                0x000000002000015c                mutex_exit
 *(.text*)
 .text          0x0000000020000184        0x4 /usr/lib/gcc/arm-none-eabi/10.3.1/thumb/v6-m/nofp/libgcc.a(_dvmd_tls.o)
                0x0000000020000184                __aeabi_ldiv0
                0x0000000020000184                __aeabi_idiv0
 .text.__stub   0x0000000020000188       0x10 linker stubs
                0x0000000020000198                . = ALIGN (0x4)
 *(.rodata*)
                0x0000000020000198                . = ALIGN (0x4)
 *(.data*)
 .data.cdc_in_ep2
                0x0000000020000198        0x8 CMakeFiles/web_server_usb_rndis.dir/src/cdc_rndis_device.c.obj
                0x0000000020000198                cdc_in_ep2
 .data.cdc_in_ep3
                0x00000000200001a0        0x8 CMakeFiles/web_server_usb_rndis.dir/src/cdc_rndis_device.c.obj
                0x00000000200001a0                cdc_in_ep3
 .data.cdc_in_ep4
                0x00000000200001a8        0x8 CMakeFiles/web_server_usb_rndis.dir/src/cdc_rndis_device.c.obj
                0x00000000200001a8                cdc_in_ep4
 .data.cdc_out_ep2
                0x00000000200001b0        0x8 CMakeFiles/web_server_usb_rndis.dir/src/cdc_rndis_device.c.obj
                0x00000000200001b0                cdc_out_ep2
 .data.cdc_out_ep3
                0x00000000200001b8        0x8 CMakeFiles/web_server_usb_rndis.dir/src/cdc_rndis_device.c.obj
                0x00000000200001b8                cdc_out_ep3
 .data.cdc_out_ep4
                0x00000000200001c0        0x8 CMakeFiles/web_server_usb_rndis.dir/src/cdc_rndis_device.c.obj
                0x00000000200001c0                cdc_out_ep4
 .data.striped_spin_lock_num
                0x00000000200001c8        0x1 CMakeFiles/web_server_usb_rndis.dir/mnt/c/Users/siddk/Downloads/PicoPiFi/pico-sdk/src/rp2_common/hardware_sync/sync.c.obj
 *fill*         0x00000000200001c9        0x3 
 .data          0x00000000200001cc       0x48 CMakeFiles/web_server_usb_rndis.dir/mnt/c/Users/siddk/Downloads/PicoPiFi/pico-sdk/src/rp2_common/hardware_irq/irq_handler_chain.S.obj
                0x00000000200001cc                irq_handler_chain_slots
                0x00000000200001fc                irq_handler_chain_first_slot
                0x0000000020000206                irq_handler_chain_remove_tail
 .data.default_alarm_pool
                0x0000000020000214       0x18 CMakeFiles/web_server_usb_rndis.dir/mnt/c/Users/siddk/Downloads/PicoPiFi/pico-sdk/src/common/pico_time/time.c.obj
 .data.default_alarm_pool_heap
                0x000000002000022c       0x10 CMakeFiles/web_server_usb_rndis.dir/mnt/c/Users/siddk/Downloads/PicoPiFi/pico-sdk/src/common/pico_time/time.c.obj
 *fill*         0x000000002000023c        0x4 
 .data.aeabi_bits_funcs
                0x0000000020000240       0x10 CMakeFiles/web_server_usb_rndis.dir/mnt/c/Users/siddk/Downloads/PicoPiFi/pico-sdk/src/rp2_common/pico_bit_ops/bit_ops_aeabi.S.obj
                0x0000000020000240                aeabi_bits_funcs
                0x0000000020000250                aeabi_bits_funcs_end
 .data.aeabi_mem_funcs
                0x0000000020000250       0x10 CMakeFiles/web_server_usb_rndis.dir/mnt/c/Users/siddk/Downloads/PicoPiFi/pico-sdk/src/rp2_common/pico_mem_ops/mem_ops_aeabi.S.obj
                0x0000000020000250                aeabi_mem_funcs
                0x0000000020000260                aeabi_mem_funcs_end
 .data.stdio_uart
                0x0000000020000260       0x18 CMakeFiles/web_server_usb_rndis.dir/mnt/c/Users/siddk/Downloads/PicoPiFi/pico-sdk/src/rp2_common/pico_stdio_uart/stdio_uart.c.obj
                0x0000000020000260                stdio_uart
 .data.wifi_pio
                0x0000000020000278        0x4 libpicowi.a(picowi_wifi.c.obj)
                0x0000000020000278                wifi_pio
 .data.ioctl_reqid
                0x000000002000027c        0x2 libpicowi.a(picowi_ioctl.c.obj)
                0x000000002000027c                ioctl_reqid
 .data.sd_tx_seq
                0x000000002000027e        0x1 libpicowi.a(picowi_ioctl.c.obj)
                0x000000002000027e                sd_tx_seq
 *fill*         0x000000002000027f        0x1 
 .data.tx_msg   0x0000000020000280      0x652 libpicowi.a(picowi_event.c.obj)
                0x0000000020000280                tx_msg
 *fill*         0x00000000200008d2        0x2 
 .data.p.1      0x00000000200008d4        0x4 libpicowi.a(picowi_join.c.obj)
 .data.s.2      0x00000000200008d8        0x4 libpicowi.a(picowi_join.c.obj)
 .data.bcast_ip
                0x00000000200008dc        0x4 libpicowi.a(picowi_ip.c.obj)
                0x00000000200008dc                bcast_ip
 .data.bcast_mac
                0x00000000200008e0        0x6 libpicowi.a(picowi_ip.c.obj)
                0x00000000200008e0                bcast_mac
 .data.ident.1  0x00000000200008e6        0x2 libpicowi.a(picowi_ip.c.obj)
 .data.dhcp_disco_opts
                0x00000000200008e8        0xa libpicowi.a(picowi_dhcp.c.obj)
                0x00000000200008e8                dhcp_disco_opts
 *fill*         0x00000000200008f2        0x2 
 .data.dhcp_req_opts
                0x00000000200008f4        0xa libpicowi.a(picowi_dhcp.c.obj)
                0x00000000200008f4                dhcp_req_opts
 *fill*         0x00000000200008fe        0x2 
 .data.dhcp_typestrs
                0x0000000020000900       0x20 libpicowi.a(picowi_dhcp.c.obj)
                0x0000000020000900                dhcp_typestrs
 .data.trans.1  0x0000000020000920        0x4 libpicowi.a(picowi_dhcp.c.obj)
                0x0000000020000924                . = ALIGN (0x4)
 *(.after_data.*)
                0x0000000020000924                . = ALIGN (0x4)
                0x0000000020000924                PROVIDE (__mutex_array_start = .)
 *(SORT_BY_NAME(.mutex_array.*))
 *(.mutex_array)
 .mutex_array   0x0000000020000924        0x8 CMakeFiles/web_server_usb_rndis.dir/mnt/c/Users/siddk/Downloads/PicoPiFi/pico-sdk/src/rp2_common/pico_stdio/stdio.c.obj
                0x000000002000092c                PROVIDE (__mutex_array_end = .)
                0x000000002000092c                . = ALIGN (0x4)
                0x000000002000092c                PROVIDE (__preinit_array_start = .)
 *(SORT_BY_NAME(.preinit_array.*))
 .preinit_array.00001
                0x000000002000092c        0x4 CMakeFiles/web_server_usb_rndis.dir/mnt/c/Users/siddk/Downloads/PicoPiFi/pico-sdk/src/rp2_common/pico_mem_ops/mem_ops_aeabi.S.obj
 .preinit_array.00010
                0x0000000020000930        0x4 CMakeFiles/web_server_usb_rndis.dir/mnt/c/Users/siddk/Downloads/PicoPiFi/pico-sdk/src/rp2_common/pico_bit_ops/bit_ops_aeabi.S.obj
 .preinit_array.00020
                0x0000000020000934        0x4 CMakeFiles/web_server_usb_rndis.dir/mnt/c/Users/siddk/Downloads/PicoPiFi/pico-sdk/src/rp2_common/pico_double/double_aeabi.S.obj
 .preinit_array.00020
                0x0000000020000938        0x4 CMakeFiles/web_server_usb_rndis.dir/mnt/c/Users/siddk/Downloads/PicoPiFi/pico-sdk/src/rp2_common/pico_float/float_aeabi.S.obj
 *(.preinit_array)
                0x000000002000093c                PROVIDE (__preinit_array_end = .)
                0x000000002000093c                . = ALIGN (0x4)
                0x000000002000093c                PROVIDE (__init_array_start = .)
 *(SORT_BY_NAME(.init_array.*))
 *(.init_array)
 .init_array    0x000000002000093c        0x4 /usr/lib/gcc/arm-none-eabi/10.3.1/thumb/v6-m/nofp/crtbegin.o
                0x0000000020000940                PROVIDE (__init_array_end = .)
                0x0000000020000940                . = ALIGN (0x4)
                0x0000000020000940                PROVIDE (__fini_array_start = .)
 *(SORT_BY_NAME(.fini_array.*))
 *(.fini_array)
                0x0000000020000940                PROVIDE (__fini_array_end = .)
 *(.jcr)
                0x0000000020000940                . = ALIGN (0x4)
                0x0000000020000940                __data_end__ = .
                0x0000000010042b2c                __etext = LOADADDR (.data)

.tm_clone_table
                0x0000000020000940        0x0 load address 0x00000000100433ac
 .tm_clone_table
                0x0000000020000940        0x0 /usr/lib/gcc/arm-none-eabi/10.3.1/thumb/v6-m/nofp/crtbegin.o
 .tm_clone_table
                0x0000000020000940        0x0 /usr/lib/gcc/arm-none-eabi/10.3.1/thumb/v6-m/nofp/crtend.o

.igot.plt       0x0000000020000940        0x0 load address 0x00000000100433ac
 .igot.plt      0x0000000020000940        0x0 /usr/lib/gcc/arm-none-eabi/10.3.1/thumb/v6-m/nofp/crtbegin.o

.uninitialized_data
                0x0000000020000940        0x0 load address 0x00000000100433ac
                0x0000000020000940                . = ALIGN (0x4)
 *(.uninitialized_data*)

.scratch_x      0x0000000020040000        0x0 load address 0x00000000100433ac
                0x0000000020040000                __scratch_x_start__ = .
 *(.scratch_x.*)
                0x0000000020040000                . = ALIGN (0x4)
                0x0000000020040000                __scratch_x_end__ = .
                0x00000000100433ac                __scratch_x_source__ = LOADADDR (.scratch_x)

.scratch_y      0x0000000020041000        0x0 load address 0x00000000100433ac
                0x0000000020041000                __scratch_y_start__ = .
 *(.scratch_y.*)
                0x0000000020041000                . = ALIGN (0x4)
                0x0000000020041000                __scratch_y_end__ = .
                0x00000000100433ac                __scratch_y_source__ = LOADADDR (.scratch_y)

.bss            0x0000000020000940     0xea60
                0x0000000020000940                . = ALIGN (0x4)
                0x0000000020000940                __bss_start__ = .
 *(SORT_BY_ALIGNMENT(SORT_BY_NAME(.bss*)))
 .bss           0x0000000020000940      0xd44 libcherryusblib.a(usbd_rndis.c.obj)
                0x0000000020000940                g_usbd_rndis
                0x0000000020000964                g_rndis_rx_data_length
                0x0000000020000968                g_rndis_tx_data_length
                0x0000000020000984                g_rndis_rx_data_buffer
                0x0000000020000988                NOTIFY_RESPONSE_AVAILABLE
                0x0000000020000990                rndis_encapsulated_resp_buffer
 *fill*         0x0000000020001684        0x4 
 .bss.default_alarm_pool_entries
                0x0000000020001688      0x100 CMakeFiles/web_server_usb_rndis.dir/mnt/c/Users/siddk/Downloads/PicoPiFi/pico-sdk/src/common/pico_time/time.c.obj
 .bss.sd_table  0x0000000020001788      0x100 CMakeFiles/web_server_usb_rndis.dir/mnt/c/Users/siddk/Downloads/PicoPiFi/pico-sdk/src/rp2_common/pico_double/double_init_rom.c.obj
                0x0000000020001788                sd_table
 .bss.sf_table  0x0000000020001888      0x100 CMakeFiles/web_server_usb_rndis.dir/mnt/c/Users/siddk/Downloads/PicoPiFi/pico-sdk/src/rp2_common/pico_float/float_init_rom.c.obj
                0x0000000020001888                sf_table
 .bss           0x0000000020001988       0x1c /usr/lib/gcc/arm-none-eabi/10.3.1/thumb/v6-m/nofp/crtbegin.o
 .bss           0x00000000200019a4      0x490 libcherryusblib.a(usb_dc_rp2040.c.obj)
                0x00000000200019a8                g_rp2040_udc
 .bss           0x0000000020001e34      0x53c libcherryusblib.a(usbd_core.c.obj)
                0x0000000020001e34                g_usbdev_bus
                0x0000000020001e3c                g_usbd_core
 .bss._used_instruction_space
                0x0000000020002370        0x8 CMakeFiles/web_server_usb_rndis.dir/mnt/c/Users/siddk/Downloads/PicoPiFi/pico-sdk/src/rp2_common/hardware_pio/pio.c.obj
 .bss.alarm_callbacks
                0x0000000020002378       0x10 CMakeFiles/web_server_usb_rndis.dir/mnt/c/Users/siddk/Downloads/PicoPiFi/pico-sdk/src/rp2_common/hardware_timer/timer.c.obj
 .bss.arp_entries
                0x0000000020002388       0x64 libpicowi.a(picowi_ip.c.obj)
                0x0000000020002388                arp_entries
 .bss.arp_idx   0x00000000200023ec        0x4 libpicowi.a(picowi_ip.c.obj)
                0x00000000200023ec                arp_idx
 .bss.chars_available_callback
                0x00000000200023f0        0x4 CMakeFiles/web_server_usb_rndis.dir/mnt/c/Users/siddk/Downloads/PicoPiFi/pico-sdk/src/rp2_common/pico_stdio_uart/stdio_uart.c.obj
 .bss.chars_available_param
                0x00000000200023f4        0x4 CMakeFiles/web_server_usb_rndis.dir/mnt/c/Users/siddk/Downloads/PicoPiFi/pico-sdk/src/rp2_common/pico_stdio_uart/stdio_uart.c.obj
 .bss.configured_freq
                0x00000000200023f8       0x28 CMakeFiles/web_server_usb_rndis.dir/mnt/c/Users/siddk/Downloads/PicoPiFi/pico-sdk/src/rp2_common/hardware_clocks/clocks.c.obj
 .bss.current_evts
                0x0000000020002420        0x4 libpicowi.a(picowi_event.c.obj)
                0x0000000020002420                current_evts
 .bss.default_alarm_pool_entry_ids_high
                0x0000000020002424       0x10 CMakeFiles/web_server_usb_rndis.dir/mnt/c/Users/siddk/Downloads/PicoPiFi/pico-sdk/src/common/pico_time/time.c.obj
 .bss.default_alarm_pool_heap_nodes
                0x0000000020002434       0x30 CMakeFiles/web_server_usb_rndis.dir/mnt/c/Users/siddk/Downloads/PicoPiFi/pico-sdk/src/common/pico_time/time.c.obj
 .bss.dhcp_complete
                0x0000000020002464        0x4 libpicowi.a(picowi_dhcp.c.obj)
                0x0000000020002464                dhcp_complete
 .bss.dhcp_state
                0x0000000020002468        0x4 libpicowi.a(picowi_dhcp.c.obj)
                0x0000000020002468                dhcp_state
 .bss.dhcp_ticks.0
                0x000000002000246c        0x4 libpicowi.a(picowi_dhcp.c.obj)
 .bss.display_mode
                0x0000000020002470        0x4 libpicowi.a(picowi_init.c.obj)
                0x0000000020002470                display_mode
 .bss.dns_ip    0x0000000020002474        0x4 libpicowi.a(picowi_dhcp.c.obj)
                0x0000000020002474                dns_ip
 .bss.drivers   0x0000000020002478        0x4 CMakeFiles/web_server_usb_rndis.dir/mnt/c/Users/siddk/Downloads/PicoPiFi/pico-sdk/src/rp2_common/pico_stdio/stdio.c.obj
 .bss.event_handlers
                0x000000002000247c       0x50 libpicowi.a(picowi_event.c.obj)
                0x000000002000247c                event_handlers
 .bss.event_info
                0x00000000200024cc       0x28 libpicowi.a(picowi_event.c.obj)
                0x00000000200024cc                event_info
 .bss.event_mask
                0x00000000200024f4       0x1a libpicowi.a(picowi_event.c.obj)
                0x00000000200024f4                event_mask
 *fill*         0x000000002000250e        0x2 
 .bss.event_ports
                0x0000000020002510       0x28 libpicowi.a(picowi_event.c.obj)
                0x0000000020002510                event_ports
 .bss.filter    0x0000000020002538        0x4 CMakeFiles/web_server_usb_rndis.dir/mnt/c/Users/siddk/Downloads/PicoPiFi/pico-sdk/src/rp2_common/pico_stdio/stdio.c.obj
 .bss.host_mac  0x000000002000253c        0x6 libpicowi.a(picowi_dhcp.c.obj)
                0x000000002000253c                host_mac
 *fill*         0x0000000020002542        0x2 
 .bss.intf0     0x0000000020002544       0x1c CMakeFiles/web_server_usb_rndis.dir/src/cdc_rndis_device.c.obj
                0x0000000020002544                intf0
 .bss.intf1     0x0000000020002560       0x1c CMakeFiles/web_server_usb_rndis.dir/src/cdc_rndis_device.c.obj
                0x0000000020002560                intf1
 .bss.intf2     0x000000002000257c       0x1c CMakeFiles/web_server_usb_rndis.dir/src/cdc_rndis_device.c.obj
                0x000000002000257c                intf2
 .bss.intf3     0x0000000020002598       0x1c CMakeFiles/web_server_usb_rndis.dir/src/cdc_rndis_device.c.obj
                0x0000000020002598                intf3
 .bss.intf4     0x00000000200025b4       0x1c CMakeFiles/web_server_usb_rndis.dir/src/cdc_rndis_device.c.obj
                0x00000000200025b4                intf4
 .bss.intf5     0x00000000200025d0       0x1c CMakeFiles/web_server_usb_rndis.dir/src/cdc_rndis_device.c.obj
                0x00000000200025d0                intf5
 .bss.intf6     0x00000000200025ec       0x1c CMakeFiles/web_server_usb_rndis.dir/src/cdc_rndis_device.c.obj
                0x00000000200025ec                intf6
 .bss.intf7     0x0000000020002608       0x1c CMakeFiles/web_server_usb_rndis.dir/src/cdc_rndis_device.c.obj
                0x0000000020002608                intf7
 .bss.ioctl_rxmsg
                0x0000000020002624      0x65c libpicowi.a(picowi_ioctl.c.obj)
                0x0000000020002624                ioctl_rxmsg
 .bss.ioctl_txmsg
                0x0000000020002c80      0x65c libpicowi.a(picowi_ioctl.c.obj)
                0x0000000020002c80                ioctl_txmsg
 .bss.join_ticks.0
                0x00000000200032dc        0x4 libpicowi.a(picowi_join.c.obj)
 .bss.lastaddr.1
                0x00000000200032e0        0x4 libpicowi.a(picowi_init.c.obj)
 .bss.lazy_vsnprintf
                0x00000000200032e4        0x4 CMakeFiles/web_server_usb_rndis.dir/mnt/c/Users/siddk/Downloads/PicoPiFi/pico-sdk/src/rp2_common/pico_printf/printf.c.obj
 .bss.lfree     0x00000000200032e8        0x4 CMakeFiles/web_server_usb_rndis.dir/mnt/c/Users/siddk/Downloads/PicoPiFi/pico-sdk/lib/lwip/src/core/mem.c.obj
 .bss.lwip_stats
                0x00000000200032ec       0xb4 CMakeFiles/web_server_usb_rndis.dir/mnt/c/Users/siddk/Downloads/PicoPiFi/pico-sdk/lib/lwip/src/core/stats.c.obj
                0x00000000200032ec                lwip_stats
 .bss.memp_memory_FRAG_PBUF_base
                0x00000000200033a0      0x16b CMakeFiles/web_server_usb_rndis.dir/mnt/c/Users/siddk/Downloads/PicoPiFi/pico-sdk/lib/lwip/src/core/memp.c.obj
                0x00000000200033a0                memp_memory_FRAG_PBUF_base
 *fill*         0x000000002000350b        0x1 
 .bss.memp_memory_PBUF_POOL_base
                0x000000002000350c     0x5fc3 CMakeFiles/web_server_usb_rndis.dir/mnt/c/Users/siddk/Downloads/PicoPiFi/pico-sdk/lib/lwip/src/core/memp.c.obj
                0x000000002000350c                memp_memory_PBUF_POOL_base
 *fill*         0x00000000200094cf        0x1 
 .bss.memp_memory_PBUF_base
                0x00000000200094d0      0x103 CMakeFiles/web_server_usb_rndis.dir/mnt/c/Users/siddk/Downloads/PicoPiFi/pico-sdk/lib/lwip/src/core/memp.c.obj
                0x00000000200094d0                memp_memory_PBUF_base
 *fill*         0x00000000200095d3        0x1 
 .bss.memp_memory_REASSDATA_base
                0x00000000200095d4       0xa3 CMakeFiles/web_server_usb_rndis.dir/mnt/c/Users/siddk/Downloads/PicoPiFi/pico-sdk/lib/lwip/src/core/memp.c.obj
                0x00000000200095d4                memp_memory_REASSDATA_base
 *fill*         0x0000000020009677        0x1 
 .bss.memp_memory_SYS_TIMEOUT_base
                0x0000000020009678       0x23 CMakeFiles/web_server_usb_rndis.dir/mnt/c/Users/siddk/Downloads/PicoPiFi/pico-sdk/lib/lwip/src/core/memp.c.obj
                0x0000000020009678                memp_memory_SYS_TIMEOUT_base
 *fill*         0x000000002000969b        0x1 
 .bss.memp_memory_UDP_PCB_base
                0x000000002000969c       0x83 CMakeFiles/web_server_usb_rndis.dir/mnt/c/Users/siddk/Downloads/PicoPiFi/pico-sdk/lib/lwip/src/core/memp.c.obj
                0x000000002000969c                memp_memory_UDP_PCB_base
 *fill*         0x000000002000971f        0x1 
 .bss.memp_stats_FRAG_PBUF
                0x0000000020009720        0xa CMakeFiles/web_server_usb_rndis.dir/mnt/c/Users/siddk/Downloads/PicoPiFi/pico-sdk/lib/lwip/src/core/memp.c.obj
 *fill*         0x000000002000972a        0x2 
 .bss.memp_stats_PBUF
                0x000000002000972c        0xa CMakeFiles/web_server_usb_rndis.dir/mnt/c/Users/siddk/Downloads/PicoPiFi/pico-sdk/lib/lwip/src/core/memp.c.obj
 *fill*         0x0000000020009736        0x2 
 .bss.memp_stats_PBUF_POOL
                0x0000000020009738        0xa CMakeFiles/web_server_usb_rndis.dir/mnt/c/Users/siddk/Downloads/PicoPiFi/pico-sdk/lib/lwip/src/core/memp.c.obj
 *fill*         0x0000000020009742        0x2 
 .bss.memp_stats_REASSDATA
                0x0000000020009744        0xa CMakeFiles/web_server_usb_rndis.dir/mnt/c/Users/siddk/Downloads/PicoPiFi/pico-sdk/lib/lwip/src/core/memp.c.obj
 *fill*         0x000000002000974e        0x2 
 .bss.memp_stats_SYS_TIMEOUT
                0x0000000020009750        0xa CMakeFiles/web_server_usb_rndis.dir/mnt/c/Users/siddk/Downloads/PicoPiFi/pico-sdk/lib/lwip/src/core/memp.c.obj
 *fill*         0x000000002000975a        0x2 
 .bss.memp_stats_UDP_PCB
                0x000000002000975c        0xa CMakeFiles/web_server_usb_rndis.dir/mnt/c/Users/siddk/Downloads/PicoPiFi/pico-sdk/lib/lwip/src/core/memp.c.obj
 *fill*         0x0000000020009766        0x2 
 .bss.memp_tab_FRAG_PBUF
                0x0000000020009768        0x4 CMakeFiles/web_server_usb_rndis.dir/mnt/c/Users/siddk/Downloads/PicoPiFi/pico-sdk/lib/lwip/src/core/memp.c.obj
 .bss.memp_tab_PBUF
                0x000000002000976c        0x4 CMakeFiles/web_server_usb_rndis.dir/mnt/c/Users/siddk/Downloads/PicoPiFi/pico-sdk/lib/lwip/src/core/memp.c.obj
 .bss.memp_tab_PBUF_POOL
                0x0000000020009770        0x4 CMakeFiles/web_server_usb_rndis.dir/mnt/c/Users/siddk/Downloads/PicoPiFi/pico-sdk/lib/lwip/src/core/memp.c.obj
 .bss.memp_tab_REASSDATA